[2026-04-19T23:11:56.092+0100][0.012s][info][gc,init] CardTable entry size: 512
[2026-04-19T23:11:56.092+0100][0.013s][info][gc     ] Using G1
[2026-04-19T23:11:56.093+0100][0.013s][info][gc,init] Version: 21.0.6+7-LTS (release)
[2026-04-19T23:11:56.093+0100][0.013s][info][gc,init] CPUs: 8 total, 8 available
[2026-04-19T23:11:56.093+0100][0.013s][info][gc,init] Memory: 8192M
[2026-04-19T23:11:56.093+0100][0.013s][info][gc,init] Large Page Support: Disabled
[2026-04-19T23:11:56.093+0100][0.013s][info][gc,init] NUMA Support: Disabled
[2026-04-19T23:11:56.093+0100][0.013s][info][gc,init] Compressed Oops: Enabled (Zero based)
[2026-04-19T23:11:56.093+0100][0.013s][info][gc,init] Heap Region Size: 1M
[2026-04-19T23:11:56.093+0100][0.013s][info][gc,init] Heap Min Capacity: 8M
[2026-04-19T23:11:56.093+0100][0.013s][info][gc,init] Heap Initial Capacity: 128M
[2026-04-19T23:11:56.093+0100][0.013s][info][gc,init] Heap Max Capacity: 2G
[2026-04-19T23:11:56.093+0100][0.013s][info][gc,init] Pre-touch: Disabled
[2026-04-19T23:11:56.093+0100][0.013s][info][gc,init] Parallel Workers: 8
[2026-04-19T23:11:56.093+0100][0.013s][info][gc,init] Concurrent Workers: 2
[2026-04-19T23:11:56.093+0100][0.013s][info][gc,init] Concurrent Refinement Workers: 8
[2026-04-19T23:11:56.093+0100][0.013s][info][gc,init] Periodic GC: Disabled
[2026-04-19T23:11:56.121+0100][0.042s][info][gc,metaspace] CDS archive(s) mapped at: [0x0000007000000000-0x0000007000c90000-0x0000007000c90000), size 13172736, SharedBaseAddress: 0x0000007000000000, ArchiveRelocationMode: 1.
[2026-04-19T23:11:56.121+0100][0.042s][info][gc,metaspace] Compressed class space mapped at: 0x0000007001000000-0x0000007041000000, reserved size: 1073741824
[2026-04-19T23:11:56.121+0100][0.042s][info][gc,metaspace] Narrow klass base: 0x0000007000000000, Narrow klass shift: 0, Narrow klass range: 0x100000000
[2026-04-19T23:11:56.202+0100][0,122s][info][gc,start    ] GC(0) Pause Young (Normal) (G1 Evacuation Pause)
[2026-04-19T23:11:56.202+0100][0,122s][info][gc,task     ] GC(0) Using 3 workers of 8 for evacuation
[2026-04-19T23:11:56.204+0100][0,125s][info][gc,phases   ] GC(0)   Pre Evacuate Collection Set: 0,1ms
[2026-04-19T23:11:56.204+0100][0,125s][info][gc,phases   ] GC(0)   Merge Heap Roots: 0,0ms
[2026-04-19T23:11:56.205+0100][0,125s][info][gc,phases   ] GC(0)   Evacuate Collection Set: 1,9ms
[2026-04-19T23:11:56.205+0100][0,125s][info][gc,phases   ] GC(0)   Post Evacuate Collection Set: 0,1ms
[2026-04-19T23:11:56.205+0100][0,125s][info][gc,phases   ] GC(0)   Other: 0,1ms
[2026-04-19T23:11:56.205+0100][0,125s][info][gc,heap     ] GC(0) Eden regions: 23->0(39)
[2026-04-19T23:11:56.205+0100][0,125s][info][gc,heap     ] GC(0) Survivor regions: 0->3(3)
[2026-04-19T23:11:56.205+0100][0,125s][info][gc,heap     ] GC(0) Old regions: 2->3
[2026-04-19T23:11:56.205+0100][0,125s][info][gc,heap     ] GC(0) Humongous regions: 0->0
[2026-04-19T23:11:56.205+0100][0,125s][info][gc,metaspace] GC(0) Metaspace: 237K(448K)->237K(448K) NonClass: 225K(320K)->225K(320K) Class: 11K(128K)->11K(128K)
[2026-04-19T23:11:56.205+0100][0,125s][info][gc          ] GC(0) Pause Young (Normal) (G1 Evacuation Pause) 24M->4M(130M) 2,975ms
[2026-04-19T23:11:56.205+0100][0,125s][info][gc,cpu      ] GC(0) User=0,00s Sys=0,00s Real=0,00s
[2026-04-19T23:11:56.244+0100][0,165s][info][gc,start    ] GC(1) Pause Young (Normal) (G1 Evacuation Pause)
[2026-04-19T23:11:56.245+0100][0,165s][info][gc,task     ] GC(1) Using 3 workers of 8 for evacuation
[2026-04-19T23:11:56.247+0100][0,167s][info][gc,phases   ] GC(1)   Pre Evacuate Collection Set: 0,1ms
[2026-04-19T23:11:56.247+0100][0,167s][info][gc,phases   ] GC(1)   Merge Heap Roots: 0,1ms
[2026-04-19T23:11:56.247+0100][0,167s][info][gc,phases   ] GC(1)   Evacuate Collection Set: 1,6ms
[2026-04-19T23:11:56.247+0100][0,167s][info][gc,phases   ] GC(1)   Post Evacuate Collection Set: 0,1ms
[2026-04-19T23:11:56.247+0100][0,167s][info][gc,phases   ] GC(1)   Other: 0,1ms
[2026-04-19T23:11:56.247+0100][0,167s][info][gc,heap     ] GC(1) Eden regions: 39->0(72)
[2026-04-19T23:11:56.247+0100][0,167s][info][gc,heap     ] GC(1) Survivor regions: 3->4(6)
[2026-04-19T23:11:56.247+0100][0,167s][info][gc,heap     ] GC(1) Old regions: 3->3
[2026-04-19T23:11:56.247+0100][0,167s][info][gc,heap     ] GC(1) Humongous regions: 0->0
[2026-04-19T23:11:56.247+0100][0,167s][info][gc,metaspace] GC(1) Metaspace: 238K(448K)->238K(448K) NonClass: 226K(320K)->226K(320K) Class: 11K(128K)->11K(128K)
[2026-04-19T23:11:56.247+0100][0,167s][info][gc          ] GC(1) Pause Young (Normal) (G1 Evacuation Pause) 43M->5M(130M) 2,264ms
[2026-04-19T23:11:56.247+0100][0,167s][info][gc,cpu      ] GC(1) User=0,00s Sys=0,00s Real=0,00s
[2026-04-19T23:11:56.309+0100][0,229s][info][gc,start    ] GC(2) Pause Young (Normal) (G1 Evacuation Pause)
[2026-04-19T23:11:56.309+0100][0,229s][info][gc,task     ] GC(2) Using 3 workers of 8 for evacuation
[2026-04-19T23:11:56.310+0100][0,231s][info][gc,phases   ] GC(2)   Pre Evacuate Collection Set: 0,1ms
[2026-04-19T23:11:56.310+0100][0,231s][info][gc,phases   ] GC(2)   Merge Heap Roots: 0,0ms
[2026-04-19T23:11:56.310+0100][0,231s][info][gc,phases   ] GC(2)   Evacuate Collection Set: 1,3ms
[2026-04-19T23:11:56.310+0100][0,231s][info][gc,phases   ] GC(2)   Post Evacuate Collection Set: 0,1ms
[2026-04-19T23:11:56.310+0100][0,231s][info][gc,phases   ] GC(2)   Other: 0,0ms
[2026-04-19T23:11:56.310+0100][0,231s][info][gc,heap     ] GC(2) Eden regions: 72->0(72)
[2026-04-19T23:11:56.310+0100][0,231s][info][gc,heap     ] GC(2) Survivor regions: 4->4(10)
[2026-04-19T23:11:56.310+0100][0,231s][info][gc,heap     ] GC(2) Old regions: 3->3
[2026-04-19T23:11:56.310+0100][0,231s][info][gc,heap     ] GC(2) Humongous regions: 0->0
[2026-04-19T23:11:56.310+0100][0,231s][info][gc,metaspace] GC(2) Metaspace: 238K(448K)->238K(448K) NonClass: 226K(320K)->226K(320K) Class: 11K(128K)->11K(128K)
[2026-04-19T23:11:56.310+0100][0,231s][info][gc          ] GC(2) Pause Young (Normal) (G1 Evacuation Pause) 77M->4M(130M) 1,662ms
[2026-04-19T23:11:56.310+0100][0,231s][info][gc,cpu      ] GC(2) User=0,00s Sys=0,00s Real=0,01s
[2026-04-19T23:11:56.370+0100][0,290s][info][gc,start    ] GC(3) Pause Young (Normal) (G1 Evacuation Pause)
[2026-04-19T23:11:56.371+0100][0,291s][info][gc,task     ] GC(3) Using 3 workers of 8 for evacuation
[2026-04-19T23:11:56.372+0100][0,293s][info][gc,phases   ] GC(3)   Pre Evacuate Collection Set: 0,1ms
[2026-04-19T23:11:56.372+0100][0,293s][info][gc,phases   ] GC(3)   Merge Heap Roots: 0,0ms
[2026-04-19T23:11:56.372+0100][0,293s][info][gc,phases   ] GC(3)   Evacuate Collection Set: 1,6ms
[2026-04-19T23:11:56.372+0100][0,293s][info][gc,phases   ] GC(3)   Post Evacuate Collection Set: 0,1ms
[2026-04-19T23:11:56.372+0100][0,293s][info][gc,phases   ] GC(3)   Other: 0,1ms
[2026-04-19T23:11:56.372+0100][0,293s][info][gc,heap     ] GC(3) Eden regions: 72->0(72)
[2026-04-19T23:11:56.372+0100][0,293s][info][gc,heap     ] GC(3) Survivor regions: 4->4(10)
[2026-04-19T23:11:56.372+0100][0,293s][info][gc,heap     ] GC(3) Old regions: 3->3
[2026-04-19T23:11:56.372+0100][0,293s][info][gc,heap     ] GC(3) Humongous regions: 0->0
[2026-04-19T23:11:56.372+0100][0,293s][info][gc,metaspace] GC(3) Metaspace: 238K(448K)->238K(448K) NonClass: 226K(320K)->226K(320K) Class: 11K(128K)->11K(128K)
[2026-04-19T23:11:56.373+0100][0,293s][info][gc          ] GC(3) Pause Young (Normal) (G1 Evacuation Pause) 76M->5M(130M) 2,495ms
[2026-04-19T23:11:56.373+0100][0,293s][info][gc,cpu      ] GC(3) User=0,00s Sys=0,00s Real=0,00s
[2026-04-19T23:11:56.430+0100][0,351s][info][gc,start    ] GC(4) Pause Young (Normal) (G1 Evacuation Pause)
[2026-04-19T23:11:56.430+0100][0,351s][info][gc,task     ] GC(4) Using 3 workers of 8 for evacuation
[2026-04-19T23:11:56.432+0100][0,352s][info][gc,phases   ] GC(4)   Pre Evacuate Collection Set: 0,1ms
[2026-04-19T23:11:56.432+0100][0,352s][info][gc,phases   ] GC(4)   Merge Heap Roots: 0,0ms
[2026-04-19T23:11:56.432+0100][0,352s][info][gc,phases   ] GC(4)   Evacuate Collection Set: 1,2ms
[2026-04-19T23:11:56.432+0100][0,352s][info][gc,phases   ] GC(4)   Post Evacuate Collection Set: 0,1ms
[2026-04-19T23:11:56.432+0100][0,352s][info][gc,phases   ] GC(4)   Other: 0,0ms
[2026-04-19T23:11:56.432+0100][0,352s][info][gc,heap     ] GC(4) Eden regions: 72->0(93)
[2026-04-19T23:11:56.432+0100][0,352s][info][gc,heap     ] GC(4) Survivor regions: 4->4(10)
[2026-04-19T23:11:56.432+0100][0,352s][info][gc,heap     ] GC(4) Old regions: 3->3
[2026-04-19T23:11:56.432+0100][0,352s][info][gc,heap     ] GC(4) Humongous regions: 0->0
[2026-04-19T23:11:56.432+0100][0,352s][info][gc,metaspace] GC(4) Metaspace: 238K(448K)->238K(448K) NonClass: 226K(320K)->226K(320K) Class: 11K(128K)->11K(128K)
[2026-04-19T23:11:56.432+0100][0,352s][info][gc          ] GC(4) Pause Young (Normal) (G1 Evacuation Pause) 77M->4M(163M) 1,593ms
[2026-04-19T23:11:56.432+0100][0,352s][info][gc,cpu      ] GC(4) User=0,00s Sys=0,00s Real=0,00s
[2026-04-19T23:11:56.514+0100][0,435s][info][gc,start    ] GC(5) Pause Young (Normal) (G1 Evacuation Pause)
[2026-04-19T23:11:56.514+0100][0,435s][info][gc,task     ] GC(5) Using 3 workers of 8 for evacuation
[2026-04-19T23:11:56.515+0100][0,436s][info][gc,phases   ] GC(5)   Pre Evacuate Collection Set: 0,1ms
[2026-04-19T23:11:56.515+0100][0,436s][info][gc,phases   ] GC(5)   Merge Heap Roots: 0,0ms
[2026-04-19T23:11:56.515+0100][0,436s][info][gc,phases   ] GC(5)   Evacuate Collection Set: 1,1ms
[2026-04-19T23:11:56.515+0100][0,436s][info][gc,phases   ] GC(5)   Post Evacuate Collection Set: 0,1ms
[2026-04-19T23:11:56.515+0100][0,436s][info][gc,phases   ] GC(5)   Other: 0,0ms
[2026-04-19T23:11:56.515+0100][0,436s][info][gc,heap     ] GC(5) Eden regions: 93->0(93)
[2026-04-19T23:11:56.515+0100][0,436s][info][gc,heap     ] GC(5) Survivor regions: 4->4(13)
[2026-04-19T23:11:56.515+0100][0,436s][info][gc,heap     ] GC(5) Old regions: 3->3
[2026-04-19T23:11:56.515+0100][0,436s][info][gc,heap     ] GC(5) Humongous regions: 0->0
[2026-04-19T23:11:56.515+0100][0,436s][info][gc,metaspace] GC(5) Metaspace: 238K(448K)->238K(448K) NonClass: 226K(320K)->226K(320K) Class: 11K(128K)->11K(128K)
[2026-04-19T23:11:56.515+0100][0,436s][info][gc          ] GC(5) Pause Young (Normal) (G1 Evacuation Pause) 97M->5M(163M) 1,447ms
[2026-04-19T23:11:56.515+0100][0,436s][info][gc,cpu      ] GC(5) User=0,00s Sys=0,00s Real=0,00s
[2026-04-19T23:11:56.588+0100][0,508s][info][gc,start    ] GC(6) Pause Young (Normal) (G1 Evacuation Pause)
[2026-04-19T23:11:56.588+0100][0,508s][info][gc,task     ] GC(6) Using 3 workers of 8 for evacuation
[2026-04-19T23:11:56.589+0100][0,510s][info][gc,phases   ] GC(6)   Pre Evacuate Collection Set: 0,0ms
[2026-04-19T23:11:56.589+0100][0,510s][info][gc,phases   ] GC(6)   Merge Heap Roots: 0,0ms
[2026-04-19T23:11:56.589+0100][0,510s][info][gc,phases   ] GC(6)   Evacuate Collection Set: 1,1ms
[2026-04-19T23:11:56.589+0100][0,510s][info][gc,phases   ] GC(6)   Post Evacuate Collection Set: 0,1ms
[2026-04-19T23:11:56.589+0100][0,510s][info][gc,phases   ] GC(6)   Other: 0,0ms
[2026-04-19T23:11:56.589+0100][0,510s][info][gc,heap     ] GC(6) Eden regions: 93->0(93)
[2026-04-19T23:11:56.589+0100][0,510s][info][gc,heap     ] GC(6) Survivor regions: 4->4(13)
[2026-04-19T23:11:56.589+0100][0,510s][info][gc,heap     ] GC(6) Old regions: 3->3
[2026-04-19T23:11:56.589+0100][0,510s][info][gc,heap     ] GC(6) Humongous regions: 0->0
[2026-04-19T23:11:56.589+0100][0,510s][info][gc,metaspace] GC(6) Metaspace: 238K(448K)->238K(448K) NonClass: 226K(320K)->226K(320K) Class: 11K(128K)->11K(128K)
[2026-04-19T23:11:56.589+0100][0,510s][info][gc          ] GC(6) Pause Young (Normal) (G1 Evacuation Pause) 98M->4M(163M) 1,464ms
[2026-04-19T23:11:56.589+0100][0,510s][info][gc,cpu      ] GC(6) User=0,01s Sys=0,00s Real=0,00s
[2026-04-19T23:11:56.658+0100][0,578s][info][gc,start    ] GC(7) Pause Young (Normal) (G1 Evacuation Pause)
[2026-04-19T23:11:56.658+0100][0,578s][info][gc,task     ] GC(7) Using 3 workers of 8 for evacuation
[2026-04-19T23:11:56.659+0100][0,580s][info][gc,phases   ] GC(7)   Pre Evacuate Collection Set: 0,0ms
[2026-04-19T23:11:56.659+0100][0,580s][info][gc,phases   ] GC(7)   Merge Heap Roots: 0,0ms
[2026-04-19T23:11:56.659+0100][0,580s][info][gc,phases   ] GC(7)   Evacuate Collection Set: 1,1ms
[2026-04-19T23:11:56.659+0100][0,580s][info][gc,phases   ] GC(7)   Post Evacuate Collection Set: 0,1ms
[2026-04-19T23:11:56.659+0100][0,580s][info][gc,phases   ] GC(7)   Other: 0,0ms
[2026-04-19T23:11:56.659+0100][0,580s][info][gc,heap     ] GC(7) Eden regions: 93->0(93)
[2026-04-19T23:11:56.659+0100][0,580s][info][gc,heap     ] GC(7) Survivor regions: 4->4(13)
[2026-04-19T23:11:56.659+0100][0,580s][info][gc,heap     ] GC(7) Old regions: 3->3
[2026-04-19T23:11:56.659+0100][0,580s][info][gc,heap     ] GC(7) Humongous regions: 0->0
[2026-04-19T23:11:56.659+0100][0,580s][info][gc,metaspace] GC(7) Metaspace: 238K(448K)->238K(448K) NonClass: 226K(320K)->226K(320K) Class: 11K(128K)->11K(128K)
[2026-04-19T23:11:56.659+0100][0,580s][info][gc          ] GC(7) Pause Young (Normal) (G1 Evacuation Pause) 97M->4M(163M) 1,417ms
[2026-04-19T23:11:56.659+0100][0,580s][info][gc,cpu      ] GC(7) User=0,01s Sys=0,00s Real=0,00s
[2026-04-19T23:11:56.735+0100][0,656s][info][gc,start    ] GC(8) Pause Young (Normal) (G1 Evacuation Pause)
[2026-04-19T23:11:56.735+0100][0,656s][info][gc,task     ] GC(8) Using 3 workers of 8 for evacuation
[2026-04-19T23:11:56.737+0100][0,657s][info][gc,phases   ] GC(8)   Pre Evacuate Collection Set: 0,0ms
[2026-04-19T23:11:56.737+0100][0,657s][info][gc,phases   ] GC(8)   Merge Heap Roots: 0,0ms
[2026-04-19T23:11:56.737+0100][0,657s][info][gc,phases   ] GC(8)   Evacuate Collection Set: 1,2ms
[2026-04-19T23:11:56.737+0100][0,657s][info][gc,phases   ] GC(8)   Post Evacuate Collection Set: 0,1ms
[2026-04-19T23:11:56.737+0100][0,657s][info][gc,phases   ] GC(8)   Other: 0,0ms
[2026-04-19T23:11:56.737+0100][0,657s][info][gc,heap     ] GC(8) Eden regions: 93->0(113)
[2026-04-19T23:11:56.737+0100][0,657s][info][gc,heap     ] GC(8) Survivor regions: 4->4(13)
[2026-04-19T23:11:56.737+0100][0,657s][info][gc,heap     ] GC(8) Old regions: 3->3
[2026-04-19T23:11:56.737+0100][0,657s][info][gc,heap     ] GC(8) Humongous regions: 0->0
[2026-04-19T23:11:56.737+0100][0,657s][info][gc,metaspace] GC(8) Metaspace: 238K(448K)->238K(448K) NonClass: 226K(320K)->226K(320K) Class: 11K(128K)->11K(128K)
[2026-04-19T23:11:56.737+0100][0,657s][info][gc          ] GC(8) Pause Young (Normal) (G1 Evacuation Pause) 97M->4M(196M) 1,540ms
[2026-04-19T23:11:56.737+0100][0,657s][info][gc,cpu      ] GC(8) User=0,01s Sys=0,00s Real=0,00s
[2026-04-19T23:11:56.821+0100][0,741s][info][gc,start    ] GC(9) Pause Young (Normal) (G1 Evacuation Pause)
[2026-04-19T23:11:56.821+0100][0,741s][info][gc,task     ] GC(9) Using 4 workers of 8 for evacuation
[2026-04-19T23:11:56.822+0100][0,743s][info][gc,phases   ] GC(9)   Pre Evacuate Collection Set: 0,0ms
[2026-04-19T23:11:56.822+0100][0,743s][info][gc,phases   ] GC(9)   Merge Heap Roots: 0,0ms
[2026-04-19T23:11:56.822+0100][0,743s][info][gc,phases   ] GC(9)   Evacuate Collection Set: 1,0ms
[2026-04-19T23:11:56.822+0100][0,743s][info][gc,phases   ] GC(9)   Post Evacuate Collection Set: 0,1ms
[2026-04-19T23:11:56.822+0100][0,743s][info][gc,phases   ] GC(9)   Other: 0,1ms
[2026-04-19T23:11:56.822+0100][0,743s][info][gc,heap     ] GC(9) Eden regions: 113->0(113)
[2026-04-19T23:11:56.822+0100][0,743s][info][gc,heap     ] GC(9) Survivor regions: 4->4(15)
[2026-04-19T23:11:56.822+0100][0,743s][info][gc,heap     ] GC(9) Old regions: 3->3
[2026-04-19T23:11:56.822+0100][0,743s][info][gc,heap     ] GC(9) Humongous regions: 0->0
[2026-04-19T23:11:56.822+0100][0,743s][info][gc,metaspace] GC(9) Metaspace: 238K(448K)->238K(448K) NonClass: 226K(320K)->226K(320K) Class: 11K(128K)->11K(128K)
[2026-04-19T23:11:56.822+0100][0,743s][info][gc          ] GC(9) Pause Young (Normal) (G1 Evacuation Pause) 117M->5M(196M) 1,424ms
[2026-04-19T23:11:56.822+0100][0,743s][info][gc,cpu      ] GC(9) User=0,00s Sys=0,00s Real=0,00s
[2026-04-19T23:11:56.907+0100][0,828s][info][gc,start    ] GC(10) Pause Young (Normal) (G1 Evacuation Pause)
[2026-04-19T23:11:56.907+0100][0,828s][info][gc,task     ] GC(10) Using 4 workers of 8 for evacuation
[2026-04-19T23:11:56.908+0100][0,829s][info][gc,phases   ] GC(10)   Pre Evacuate Collection Set: 0,1ms
[2026-04-19T23:11:56.908+0100][0,829s][info][gc,phases   ] GC(10)   Merge Heap Roots: 0,0ms
[2026-04-19T23:11:56.908+0100][0,829s][info][gc,phases   ] GC(10)   Evacuate Collection Set: 0,9ms
[2026-04-19T23:11:56.908+0100][0,829s][info][gc,phases   ] GC(10)   Post Evacuate Collection Set: 0,1ms
[2026-04-19T23:11:56.908+0100][0,829s][info][gc,phases   ] GC(10)   Other: 0,0ms
[2026-04-19T23:11:56.908+0100][0,829s][info][gc,heap     ] GC(10) Eden regions: 113->0(113)
[2026-04-19T23:11:56.908+0100][0,829s][info][gc,heap     ] GC(10) Survivor regions: 4->4(15)
[2026-04-19T23:11:56.908+0100][0,829s][info][gc,heap     ] GC(10) Old regions: 3->3
[2026-04-19T23:11:56.908+0100][0,829s][info][gc,heap     ] GC(10) Humongous regions: 0->0
[2026-04-19T23:11:56.909+0100][0,829s][info][gc,metaspace] GC(10) Metaspace: 238K(448K)->238K(448K) NonClass: 226K(320K)->226K(320K) Class: 11K(128K)->11K(128K)
[2026-04-19T23:11:56.909+0100][0,829s][info][gc          ] GC(10) Pause Young (Normal) (G1 Evacuation Pause) 118M->5M(196M) 1,292ms
[2026-04-19T23:11:56.909+0100][0,829s][info][gc,cpu      ] GC(10) User=0,01s Sys=0,00s Real=0,00s
[2026-04-19T23:11:56.991+0100][0,911s][info][gc,start    ] GC(11) Pause Young (Normal) (G1 Evacuation Pause)
[2026-04-19T23:11:56.991+0100][0,911s][info][gc,task     ] GC(11) Using 4 workers of 8 for evacuation
[2026-04-19T23:11:56.992+0100][0,913s][info][gc,phases   ] GC(11)   Pre Evacuate Collection Set: 0,1ms
[2026-04-19T23:11:56.992+0100][0,913s][info][gc,phases   ] GC(11)   Merge Heap Roots: 0,0ms
[2026-04-19T23:11:56.992+0100][0,913s][info][gc,phases   ] GC(11)   Evacuate Collection Set: 1,1ms
[2026-04-19T23:11:56.992+0100][0,913s][info][gc,phases   ] GC(11)   Post Evacuate Collection Set: 0,1ms
[2026-04-19T23:11:56.992+0100][0,913s][info][gc,phases   ] GC(11)   Other: 0,0ms
[2026-04-19T23:11:56.992+0100][0,913s][info][gc,heap     ] GC(11) Eden regions: 113->0(113)
[2026-04-19T23:11:56.992+0100][0,913s][info][gc,heap     ] GC(11) Survivor regions: 4->4(15)
[2026-04-19T23:11:56.992+0100][0,913s][info][gc,heap     ] GC(11) Old regions: 3->3
[2026-04-19T23:11:56.992+0100][0,913s][info][gc,heap     ] GC(11) Humongous regions: 0->0
[2026-04-19T23:11:56.992+0100][0,913s][info][gc,metaspace] GC(11) Metaspace: 238K(448K)->238K(448K) NonClass: 226K(320K)->226K(320K) Class: 11K(128K)->11K(128K)
[2026-04-19T23:11:56.992+0100][0,913s][info][gc          ] GC(11) Pause Young (Normal) (G1 Evacuation Pause) 118M->5M(196M) 1,411ms
[2026-04-19T23:11:56.992+0100][0,913s][info][gc,cpu      ] GC(11) User=0,00s Sys=0,00s Real=0,00s
[2026-04-19T23:11:57.075+0100][0,995s][info][gc,start    ] GC(12) Pause Young (Normal) (G1 Evacuation Pause)
[2026-04-19T23:11:57.075+0100][0,995s][info][gc,task     ] GC(12) Using 4 workers of 8 for evacuation
[2026-04-19T23:11:57.076+0100][0,997s][info][gc,phases   ] GC(12)   Pre Evacuate Collection Set: 0,1ms
[2026-04-19T23:11:57.076+0100][0,997s][info][gc,phases   ] GC(12)   Merge Heap Roots: 0,0ms
[2026-04-19T23:11:57.076+0100][0,997s][info][gc,phases   ] GC(12)   Evacuate Collection Set: 0,9ms
[2026-04-19T23:11:57.076+0100][0,997s][info][gc,phases   ] GC(12)   Post Evacuate Collection Set: 0,1ms
[2026-04-19T23:11:57.076+0100][0,997s][info][gc,phases   ] GC(12)   Other: 0,0ms
[2026-04-19T23:11:57.076+0100][0,997s][info][gc,heap     ] GC(12) Eden regions: 113->0(113)
[2026-04-19T23:11:57.076+0100][0,997s][info][gc,heap     ] GC(12) Survivor regions: 4->4(15)
[2026-04-19T23:11:57.076+0100][0,997s][info][gc,heap     ] GC(12) Old regions: 3->3
[2026-04-19T23:11:57.076+0100][0,997s][info][gc,heap     ] GC(12) Humongous regions: 0->0
[2026-04-19T23:11:57.076+0100][0,997s][info][gc,metaspace] GC(12) Metaspace: 238K(448K)->238K(448K) NonClass: 226K(320K)->226K(320K) Class: 11K(128K)->11K(128K)
[2026-04-19T23:11:57.076+0100][0,997s][info][gc          ] GC(12) Pause Young (Normal) (G1 Evacuation Pause) 118M->5M(196M) 1,338ms
[2026-04-19T23:11:57.076+0100][0,997s][info][gc,cpu      ] GC(12) User=0,00s Sys=0,00s Real=0,00s
[2026-04-19T23:11:57.159+0100][1,079s][info][gc,start    ] GC(13) Pause Young (Normal) (G1 Evacuation Pause)
[2026-04-19T23:11:57.159+0100][1,079s][info][gc,task     ] GC(13) Using 4 workers of 8 for evacuation
[2026-04-19T23:11:57.160+0100][1,081s][info][gc,phases   ] GC(13)   Pre Evacuate Collection Set: 0,1ms
[2026-04-19T23:11:57.160+0100][1,081s][info][gc,phases   ] GC(13)   Merge Heap Roots: 0,0ms
[2026-04-19T23:11:57.160+0100][1,081s][info][gc,phases   ] GC(13)   Evacuate Collection Set: 0,9ms
[2026-04-19T23:11:57.160+0100][1,081s][info][gc,phases   ] GC(13)   Post Evacuate Collection Set: 0,1ms
[2026-04-19T23:11:57.160+0100][1,081s][info][gc,phases   ] GC(13)   Other: 0,0ms
[2026-04-19T23:11:57.160+0100][1,081s][info][gc,heap     ] GC(13) Eden regions: 113->0(113)
[2026-04-19T23:11:57.160+0100][1,081s][info][gc,heap     ] GC(13) Survivor regions: 4->4(15)
[2026-04-19T23:11:57.160+0100][1,081s][info][gc,heap     ] GC(13) Old regions: 3->3
[2026-04-19T23:11:57.160+0100][1,081s][info][gc,heap     ] GC(13) Humongous regions: 0->0
[2026-04-19T23:11:57.160+0100][1,081s][info][gc,metaspace] GC(13) Metaspace: 238K(448K)->238K(448K) NonClass: 226K(320K)->226K(320K) Class: 11K(128K)->11K(128K)
[2026-04-19T23:11:57.160+0100][1,081s][info][gc          ] GC(13) Pause Young (Normal) (G1 Evacuation Pause) 118M->5M(196M) 1,233ms
[2026-04-19T23:11:57.160+0100][1,081s][info][gc,cpu      ] GC(13) User=0,01s Sys=0,00s Real=0,01s
[2026-04-19T23:11:57.243+0100][1,163s][info][gc,start    ] GC(14) Pause Young (Normal) (G1 Evacuation Pause)
[2026-04-19T23:11:57.243+0100][1,163s][info][gc,task     ] GC(14) Using 4 workers of 8 for evacuation
[2026-04-19T23:11:57.244+0100][1,164s][info][gc,phases   ] GC(14)   Pre Evacuate Collection Set: 0,0ms
[2026-04-19T23:11:57.244+0100][1,164s][info][gc,phases   ] GC(14)   Merge Heap Roots: 0,0ms
[2026-04-19T23:11:57.244+0100][1,164s][info][gc,phases   ] GC(14)   Evacuate Collection Set: 0,9ms
[2026-04-19T23:11:57.244+0100][1,164s][info][gc,phases   ] GC(14)   Post Evacuate Collection Set: 0,1ms
[2026-04-19T23:11:57.244+0100][1,164s][info][gc,phases   ] GC(14)   Other: 0,0ms
[2026-04-19T23:11:57.244+0100][1,164s][info][gc,heap     ] GC(14) Eden regions: 113->0(113)
[2026-04-19T23:11:57.244+0100][1,164s][info][gc,heap     ] GC(14) Survivor regions: 4->4(15)
[2026-04-19T23:11:57.244+0100][1,164s][info][gc,heap     ] GC(14) Old regions: 3->3
[2026-04-19T23:11:57.244+0100][1,164s][info][gc,heap     ] GC(14) Humongous regions: 0->0
[2026-04-19T23:11:57.244+0100][1,164s][info][gc,metaspace] GC(14) Metaspace: 238K(448K)->238K(448K) NonClass: 226K(320K)->226K(320K) Class: 11K(128K)->11K(128K)
[2026-04-19T23:11:57.244+0100][1,165s][info][gc          ] GC(14) Pause Young (Normal) (G1 Evacuation Pause) 118M->5M(196M) 1,272ms
[2026-04-19T23:11:57.244+0100][1,165s][info][gc,cpu      ] GC(14) User=0,00s Sys=0,00s Real=0,00s
[2026-04-19T23:11:57.326+0100][1,247s][info][gc,start    ] GC(15) Pause Young (Normal) (G1 Evacuation Pause)
[2026-04-19T23:11:57.326+0100][1,247s][info][gc,task     ] GC(15) Using 4 workers of 8 for evacuation
[2026-04-19T23:11:57.327+0100][1,248s][info][gc,phases   ] GC(15)   Pre Evacuate Collection Set: 0,0ms
[2026-04-19T23:11:57.328+0100][1,248s][info][gc,phases   ] GC(15)   Merge Heap Roots: 0,0ms
[2026-04-19T23:11:57.328+0100][1,248s][info][gc,phases   ] GC(15)   Evacuate Collection Set: 1,0ms
[2026-04-19T23:11:57.328+0100][1,248s][info][gc,phases   ] GC(15)   Post Evacuate Collection Set: 0,1ms
[2026-04-19T23:11:57.328+0100][1,248s][info][gc,phases   ] GC(15)   Other: 0,0ms
[2026-04-19T23:11:57.328+0100][1,248s][info][gc,heap     ] GC(15) Eden regions: 113->0(115)
[2026-04-19T23:11:57.328+0100][1,248s][info][gc,heap     ] GC(15) Survivor regions: 4->2(15)
[2026-04-19T23:11:57.328+0100][1,248s][info][gc,heap     ] GC(15) Old regions: 3->5
[2026-04-19T23:11:57.328+0100][1,248s][info][gc,heap     ] GC(15) Humongous regions: 0->0
[2026-04-19T23:11:57.328+0100][1,248s][info][gc,metaspace] GC(15) Metaspace: 238K(448K)->238K(448K) NonClass: 226K(320K)->226K(320K) Class: 11K(128K)->11K(128K)
[2026-04-19T23:11:57.328+0100][1,248s][info][gc          ] GC(15) Pause Young (Normal) (G1 Evacuation Pause) 118M->5M(196M) 1,350ms
[2026-04-19T23:11:57.328+0100][1,248s][info][gc,cpu      ] GC(15) User=0,00s Sys=0,00s Real=0,00s
[2026-04-19T23:11:57.391+0100][1,311s][info][gc,heap,exit] Heap
[2026-04-19T23:11:57.391+0100][1,311s][info][gc,heap,exit]  garbage-first heap   total 200704K, used 93369K [0x0000000780000000, 0x0000000800000000)
[2026-04-19T23:11:57.391+0100][1,311s][info][gc,heap,exit]   region size 1024K, 88 young (90112K), 2 survivors (2048K)
[2026-04-19T23:11:57.391+0100][1,311s][info][gc,heap,exit]  Metaspace       used 381K, committed 576K, reserved 1114112K
[2026-04-19T23:11:57.391+0100][1,311s][info][gc,heap,exit]   class space    used 26K, committed 128K, reserved 1048576K
