[2026-04-19T22:10:15.768+0100][0.010s][info][gc,init] CardTable entry size: 512
[2026-04-19T22:10:15.768+0100][0.010s][info][gc     ] Using G1
[2026-04-19T22:10:15.768+0100][0.011s][info][gc,init] Version: 21.0.6+7-LTS (release)
[2026-04-19T22:10:15.768+0100][0.011s][info][gc,init] CPUs: 8 total, 8 available
[2026-04-19T22:10:15.768+0100][0.011s][info][gc,init] Memory: 8192M
[2026-04-19T22:10:15.768+0100][0.011s][info][gc,init] Large Page Support: Disabled
[2026-04-19T22:10:15.768+0100][0.011s][info][gc,init] NUMA Support: Disabled
[2026-04-19T22:10:15.768+0100][0.011s][info][gc,init] Compressed Oops: Enabled (Zero based)
[2026-04-19T22:10:15.768+0100][0.011s][info][gc,init] Heap Region Size: 1M
[2026-04-19T22:10:15.768+0100][0.011s][info][gc,init] Heap Min Capacity: 8M
[2026-04-19T22:10:15.768+0100][0.011s][info][gc,init] Heap Initial Capacity: 128M
[2026-04-19T22:10:15.768+0100][0.011s][info][gc,init] Heap Max Capacity: 2G
[2026-04-19T22:10:15.768+0100][0.011s][info][gc,init] Pre-touch: Disabled
[2026-04-19T22:10:15.768+0100][0.011s][info][gc,init] Parallel Workers: 8
[2026-04-19T22:10:15.768+0100][0.011s][info][gc,init] Concurrent Workers: 2
[2026-04-19T22:10:15.768+0100][0.011s][info][gc,init] Concurrent Refinement Workers: 8
[2026-04-19T22:10:15.768+0100][0.011s][info][gc,init] Periodic GC: Disabled
[2026-04-19T22:10:15.798+0100][0.041s][info][gc,metaspace] CDS archive(s) mapped at: [0x0000000400000000-0x0000000400c90000-0x0000000400c90000), size 13172736, SharedBaseAddress: 0x0000000400000000, ArchiveRelocationMode: 1.
[2026-04-19T22:10:15.798+0100][0.041s][info][gc,metaspace] Compressed class space mapped at: 0x0000000401000000-0x0000000441000000, reserved size: 1073741824
[2026-04-19T22:10:15.798+0100][0.041s][info][gc,metaspace] Narrow klass base: 0x0000000400000000, Narrow klass shift: 0, Narrow klass range: 0x100000000
[2026-04-19T22:10:15.864+0100][0.107s][info][gc,start    ] GC(0) Pause Young (Normal) (G1 Evacuation Pause)
[2026-04-19T22:10:15.865+0100][0.107s][info][gc,task     ] GC(0) Using 3 workers of 8 for evacuation
[2026-04-19T22:10:15.867+0100][0.109s][info][gc,phases   ] GC(0)   Pre Evacuate Collection Set: 0.1ms
[2026-04-19T22:10:15.867+0100][0.110s][info][gc,phases   ] GC(0)   Merge Heap Roots: 0.0ms
[2026-04-19T22:10:15.867+0100][0.110s][info][gc,phases   ] GC(0)   Evacuate Collection Set: 2.0ms
[2026-04-19T22:10:15.867+0100][0.110s][info][gc,phases   ] GC(0)   Post Evacuate Collection Set: 0.2ms
[2026-04-19T22:10:15.867+0100][0.110s][info][gc,phases   ] GC(0)   Other: 0.1ms
[2026-04-19T22:10:15.867+0100][0.110s][info][gc,heap     ] GC(0) Eden regions: 23->0(39)
[2026-04-19T22:10:15.867+0100][0.110s][info][gc,heap     ] GC(0) Survivor regions: 0->3(3)
[2026-04-19T22:10:15.867+0100][0.110s][info][gc,heap     ] GC(0) Old regions: 2->3
[2026-04-19T22:10:15.867+0100][0.110s][info][gc,heap     ] GC(0) Humongous regions: 0->0
[2026-04-19T22:10:15.867+0100][0.110s][info][gc,metaspace] GC(0) Metaspace: 238K(448K)->238K(448K) NonClass: 226K(320K)->226K(320K) Class: 11K(128K)->11K(128K)
[2026-04-19T22:10:15.867+0100][0.110s][info][gc          ] GC(0) Pause Young (Normal) (G1 Evacuation Pause) 24M->4M(130M) 2.510ms
[2026-04-19T22:10:15.867+0100][0.110s][info][gc,cpu      ] GC(0) User=0.01s Sys=0.00s Real=0.00s
[2026-04-19T22:10:15.903+0100][0.146s][info][gc,start    ] GC(1) Pause Young (Normal) (G1 Evacuation Pause)
[2026-04-19T22:10:15.903+0100][0.146s][info][gc,task     ] GC(1) Using 3 workers of 8 for evacuation
[2026-04-19T22:10:15.905+0100][0.147s][info][gc,phases   ] GC(1)   Pre Evacuate Collection Set: 0.0ms
[2026-04-19T22:10:15.905+0100][0.147s][info][gc,phases   ] GC(1)   Merge Heap Roots: 0.0ms
[2026-04-19T22:10:15.905+0100][0.147s][info][gc,phases   ] GC(1)   Evacuate Collection Set: 1.1ms
[2026-04-19T22:10:15.905+0100][0.147s][info][gc,phases   ] GC(1)   Post Evacuate Collection Set: 0.1ms
[2026-04-19T22:10:15.905+0100][0.147s][info][gc,phases   ] GC(1)   Other: 0.0ms
[2026-04-19T22:10:15.905+0100][0.147s][info][gc,heap     ] GC(1) Eden regions: 39->0(72)
[2026-04-19T22:10:15.905+0100][0.147s][info][gc,heap     ] GC(1) Survivor regions: 3->4(6)
[2026-04-19T22:10:15.905+0100][0.147s][info][gc,heap     ] GC(1) Old regions: 3->3
[2026-04-19T22:10:15.905+0100][0.147s][info][gc,heap     ] GC(1) Humongous regions: 0->0
[2026-04-19T22:10:15.905+0100][0.147s][info][gc,metaspace] GC(1) Metaspace: 239K(448K)->239K(448K) NonClass: 227K(320K)->227K(320K) Class: 11K(128K)->11K(128K)
[2026-04-19T22:10:15.905+0100][0.147s][info][gc          ] GC(1) Pause Young (Normal) (G1 Evacuation Pause) 43M->4M(130M) 1.407ms
[2026-04-19T22:10:15.905+0100][0.147s][info][gc,cpu      ] GC(1) User=0.00s Sys=0.00s Real=0.00s
[2026-04-19T22:10:15.961+0100][0.204s][info][gc,start    ] GC(2) Pause Young (Normal) (G1 Evacuation Pause)
[2026-04-19T22:10:15.961+0100][0.204s][info][gc,task     ] GC(2) Using 3 workers of 8 for evacuation
[2026-04-19T22:10:15.963+0100][0.205s][info][gc,phases   ] GC(2)   Pre Evacuate Collection Set: 0.1ms
[2026-04-19T22:10:15.963+0100][0.205s][info][gc,phases   ] GC(2)   Merge Heap Roots: 0.0ms
[2026-04-19T22:10:15.963+0100][0.205s][info][gc,phases   ] GC(2)   Evacuate Collection Set: 1.2ms
[2026-04-19T22:10:15.963+0100][0.205s][info][gc,phases   ] GC(2)   Post Evacuate Collection Set: 0.1ms
[2026-04-19T22:10:15.963+0100][0.205s][info][gc,phases   ] GC(2)   Other: 0.0ms
[2026-04-19T22:10:15.963+0100][0.205s][info][gc,heap     ] GC(2) Eden regions: 72->0(72)
[2026-04-19T22:10:15.963+0100][0.205s][info][gc,heap     ] GC(2) Survivor regions: 4->4(10)
[2026-04-19T22:10:15.963+0100][0.205s][info][gc,heap     ] GC(2) Old regions: 3->3
[2026-04-19T22:10:15.963+0100][0.205s][info][gc,heap     ] GC(2) Humongous regions: 0->0
[2026-04-19T22:10:15.963+0100][0.205s][info][gc,metaspace] GC(2) Metaspace: 239K(448K)->239K(448K) NonClass: 227K(320K)->227K(320K) Class: 11K(128K)->11K(128K)
[2026-04-19T22:10:15.963+0100][0.205s][info][gc          ] GC(2) Pause Young (Normal) (G1 Evacuation Pause) 76M->4M(130M) 1.652ms
[2026-04-19T22:10:15.963+0100][0.205s][info][gc,cpu      ] GC(2) User=0.01s Sys=0.00s Real=0.00s
[2026-04-19T22:10:16.019+0100][0.262s][info][gc,start    ] GC(3) Pause Young (Normal) (G1 Evacuation Pause)
[2026-04-19T22:10:16.019+0100][0.262s][info][gc,task     ] GC(3) Using 3 workers of 8 for evacuation
[2026-04-19T22:10:16.020+0100][0.263s][info][gc,phases   ] GC(3)   Pre Evacuate Collection Set: 0.0ms
[2026-04-19T22:10:16.020+0100][0.263s][info][gc,phases   ] GC(3)   Merge Heap Roots: 0.0ms
[2026-04-19T22:10:16.020+0100][0.263s][info][gc,phases   ] GC(3)   Evacuate Collection Set: 1.1ms
[2026-04-19T22:10:16.020+0100][0.263s][info][gc,phases   ] GC(3)   Post Evacuate Collection Set: 0.1ms
[2026-04-19T22:10:16.020+0100][0.263s][info][gc,phases   ] GC(3)   Other: 0.0ms
[2026-04-19T22:10:16.020+0100][0.263s][info][gc,heap     ] GC(3) Eden regions: 72->0(72)
[2026-04-19T22:10:16.020+0100][0.263s][info][gc,heap     ] GC(3) Survivor regions: 4->4(10)
[2026-04-19T22:10:16.020+0100][0.263s][info][gc,heap     ] GC(3) Old regions: 3->3
[2026-04-19T22:10:16.020+0100][0.263s][info][gc,heap     ] GC(3) Humongous regions: 0->0
[2026-04-19T22:10:16.020+0100][0.263s][info][gc,metaspace] GC(3) Metaspace: 239K(448K)->239K(448K) NonClass: 227K(320K)->227K(320K) Class: 11K(128K)->11K(128K)
[2026-04-19T22:10:16.020+0100][0.263s][info][gc          ] GC(3) Pause Young (Normal) (G1 Evacuation Pause) 76M->4M(130M) 1.454ms
[2026-04-19T22:10:16.020+0100][0.263s][info][gc,cpu      ] GC(3) User=0.01s Sys=0.00s Real=0.01s
[2026-04-19T22:10:16.075+0100][0.318s][info][gc,start    ] GC(4) Pause Young (Normal) (G1 Evacuation Pause)
[2026-04-19T22:10:16.075+0100][0.318s][info][gc,task     ] GC(4) Using 3 workers of 8 for evacuation
[2026-04-19T22:10:16.077+0100][0.320s][info][gc,phases   ] GC(4)   Pre Evacuate Collection Set: 0.1ms
[2026-04-19T22:10:16.077+0100][0.320s][info][gc,phases   ] GC(4)   Merge Heap Roots: 0.0ms
[2026-04-19T22:10:16.077+0100][0.320s][info][gc,phases   ] GC(4)   Evacuate Collection Set: 1.1ms
[2026-04-19T22:10:16.077+0100][0.320s][info][gc,phases   ] GC(4)   Post Evacuate Collection Set: 0.1ms
[2026-04-19T22:10:16.077+0100][0.320s][info][gc,phases   ] GC(4)   Other: 0.0ms
[2026-04-19T22:10:16.077+0100][0.320s][info][gc,heap     ] GC(4) Eden regions: 72->0(90)
[2026-04-19T22:10:16.077+0100][0.320s][info][gc,heap     ] GC(4) Survivor regions: 4->4(10)
[2026-04-19T22:10:16.077+0100][0.320s][info][gc,heap     ] GC(4) Old regions: 3->3
[2026-04-19T22:10:16.077+0100][0.320s][info][gc,heap     ] GC(4) Humongous regions: 0->0
[2026-04-19T22:10:16.077+0100][0.320s][info][gc,metaspace] GC(4) Metaspace: 239K(448K)->239K(448K) NonClass: 227K(320K)->227K(320K) Class: 11K(128K)->11K(128K)
[2026-04-19T22:10:16.077+0100][0.320s][info][gc          ] GC(4) Pause Young (Normal) (G1 Evacuation Pause) 76M->4M(157M) 1.548ms
[2026-04-19T22:10:16.077+0100][0.320s][info][gc,cpu      ] GC(4) User=0.00s Sys=0.00s Real=0.00s
[2026-04-19T22:10:16.145+0100][0.388s][info][gc,start    ] GC(5) Pause Young (Normal) (G1 Evacuation Pause)
[2026-04-19T22:10:16.146+0100][0.388s][info][gc,task     ] GC(5) Using 3 workers of 8 for evacuation
[2026-04-19T22:10:16.147+0100][0.390s][info][gc,phases   ] GC(5)   Pre Evacuate Collection Set: 0.1ms
[2026-04-19T22:10:16.147+0100][0.390s][info][gc,phases   ] GC(5)   Merge Heap Roots: 0.0ms
[2026-04-19T22:10:16.147+0100][0.390s][info][gc,phases   ] GC(5)   Evacuate Collection Set: 1.1ms
[2026-04-19T22:10:16.147+0100][0.390s][info][gc,phases   ] GC(5)   Post Evacuate Collection Set: 0.1ms
[2026-04-19T22:10:16.147+0100][0.390s][info][gc,phases   ] GC(5)   Other: 0.0ms
[2026-04-19T22:10:16.147+0100][0.390s][info][gc,heap     ] GC(5) Eden regions: 90->0(90)
[2026-04-19T22:10:16.147+0100][0.390s][info][gc,heap     ] GC(5) Survivor regions: 4->4(12)
[2026-04-19T22:10:16.147+0100][0.390s][info][gc,heap     ] GC(5) Old regions: 3->3
[2026-04-19T22:10:16.147+0100][0.390s][info][gc,heap     ] GC(5) Humongous regions: 0->0
[2026-04-19T22:10:16.147+0100][0.390s][info][gc,metaspace] GC(5) Metaspace: 239K(448K)->239K(448K) NonClass: 227K(320K)->227K(320K) Class: 11K(128K)->11K(128K)
[2026-04-19T22:10:16.147+0100][0.390s][info][gc          ] GC(5) Pause Young (Normal) (G1 Evacuation Pause) 94M->5M(157M) 1.476ms
[2026-04-19T22:10:16.147+0100][0.390s][info][gc,cpu      ] GC(5) User=0.00s Sys=0.01s Real=0.00s
[2026-04-19T22:10:16.223+0100][0.466s][info][gc,start    ] GC(6) Pause Young (Normal) (G1 Evacuation Pause)
[2026-04-19T22:10:16.224+0100][0.466s][info][gc,task     ] GC(6) Using 3 workers of 8 for evacuation
[2026-04-19T22:10:16.225+0100][0.468s][info][gc,phases   ] GC(6)   Pre Evacuate Collection Set: 0.1ms
[2026-04-19T22:10:16.225+0100][0.468s][info][gc,phases   ] GC(6)   Merge Heap Roots: 0.0ms
[2026-04-19T22:10:16.225+0100][0.468s][info][gc,phases   ] GC(6)   Evacuate Collection Set: 1.3ms
[2026-04-19T22:10:16.225+0100][0.468s][info][gc,phases   ] GC(6)   Post Evacuate Collection Set: 0.3ms
[2026-04-19T22:10:16.225+0100][0.468s][info][gc,phases   ] GC(6)   Other: 0.0ms
[2026-04-19T22:10:16.225+0100][0.468s][info][gc,heap     ] GC(6) Eden regions: 90->0(90)
[2026-04-19T22:10:16.225+0100][0.468s][info][gc,heap     ] GC(6) Survivor regions: 4->4(12)
[2026-04-19T22:10:16.225+0100][0.468s][info][gc,heap     ] GC(6) Old regions: 3->3
[2026-04-19T22:10:16.225+0100][0.468s][info][gc,heap     ] GC(6) Humongous regions: 0->0
[2026-04-19T22:10:16.225+0100][0.468s][info][gc,metaspace] GC(6) Metaspace: 239K(448K)->239K(448K) NonClass: 227K(320K)->227K(320K) Class: 11K(128K)->11K(128K)
[2026-04-19T22:10:16.225+0100][0.468s][info][gc          ] GC(6) Pause Young (Normal) (G1 Evacuation Pause) 95M->4M(157M) 1.956ms
[2026-04-19T22:10:16.225+0100][0.468s][info][gc,cpu      ] GC(6) User=0.00s Sys=0.00s Real=0.00s
[2026-04-19T22:10:16.291+0100][0.534s][info][gc,start    ] GC(7) Pause Young (Normal) (G1 Evacuation Pause)
[2026-04-19T22:10:16.291+0100][0.534s][info][gc,task     ] GC(7) Using 3 workers of 8 for evacuation
[2026-04-19T22:10:16.292+0100][0.535s][info][gc,phases   ] GC(7)   Pre Evacuate Collection Set: 0.0ms
[2026-04-19T22:10:16.292+0100][0.535s][info][gc,phases   ] GC(7)   Merge Heap Roots: 0.0ms
[2026-04-19T22:10:16.292+0100][0.535s][info][gc,phases   ] GC(7)   Evacuate Collection Set: 1.1ms
[2026-04-19T22:10:16.292+0100][0.535s][info][gc,phases   ] GC(7)   Post Evacuate Collection Set: 0.1ms
[2026-04-19T22:10:16.292+0100][0.535s][info][gc,phases   ] GC(7)   Other: 0.0ms
[2026-04-19T22:10:16.292+0100][0.535s][info][gc,heap     ] GC(7) Eden regions: 90->0(90)
[2026-04-19T22:10:16.292+0100][0.535s][info][gc,heap     ] GC(7) Survivor regions: 4->4(12)
[2026-04-19T22:10:16.292+0100][0.535s][info][gc,heap     ] GC(7) Old regions: 3->3
[2026-04-19T22:10:16.292+0100][0.535s][info][gc,heap     ] GC(7) Humongous regions: 0->0
[2026-04-19T22:10:16.292+0100][0.535s][info][gc,metaspace] GC(7) Metaspace: 239K(448K)->239K(448K) NonClass: 227K(320K)->227K(320K) Class: 11K(128K)->11K(128K)
[2026-04-19T22:10:16.292+0100][0.535s][info][gc          ] GC(7) Pause Young (Normal) (G1 Evacuation Pause) 94M->5M(157M) 1.398ms
[2026-04-19T22:10:16.292+0100][0.535s][info][gc,cpu      ] GC(7) User=0.01s Sys=0.00s Real=0.00s
[2026-04-19T22:10:16.358+0100][0.601s][info][gc,start    ] GC(8) Pause Young (Normal) (G1 Evacuation Pause)
[2026-04-19T22:10:16.358+0100][0.601s][info][gc,task     ] GC(8) Using 3 workers of 8 for evacuation
[2026-04-19T22:10:16.359+0100][0.602s][info][gc,phases   ] GC(8)   Pre Evacuate Collection Set: 0.1ms
[2026-04-19T22:10:16.360+0100][0.602s][info][gc,phases   ] GC(8)   Merge Heap Roots: 0.0ms
[2026-04-19T22:10:16.360+0100][0.602s][info][gc,phases   ] GC(8)   Evacuate Collection Set: 1.1ms
[2026-04-19T22:10:16.360+0100][0.602s][info][gc,phases   ] GC(8)   Post Evacuate Collection Set: 0.2ms
[2026-04-19T22:10:16.360+0100][0.602s][info][gc,phases   ] GC(8)   Other: 0.0ms
[2026-04-19T22:10:16.360+0100][0.602s][info][gc,heap     ] GC(8) Eden regions: 90->0(109)
[2026-04-19T22:10:16.360+0100][0.602s][info][gc,heap     ] GC(8) Survivor regions: 4->4(12)
[2026-04-19T22:10:16.360+0100][0.602s][info][gc,heap     ] GC(8) Old regions: 3->3
[2026-04-19T22:10:16.360+0100][0.602s][info][gc,heap     ] GC(8) Humongous regions: 0->0
[2026-04-19T22:10:16.360+0100][0.602s][info][gc,metaspace] GC(8) Metaspace: 239K(448K)->239K(448K) NonClass: 227K(320K)->227K(320K) Class: 11K(128K)->11K(128K)
[2026-04-19T22:10:16.360+0100][0.602s][info][gc          ] GC(8) Pause Young (Normal) (G1 Evacuation Pause) 95M->5M(189M) 1.539ms
[2026-04-19T22:10:16.360+0100][0.602s][info][gc,cpu      ] GC(8) User=0.01s Sys=0.00s Real=0.01s
[2026-04-19T22:10:16.447+0100][0.690s][info][gc,start    ] GC(9) Pause Young (Normal) (G1 Evacuation Pause)
[2026-04-19T22:10:16.447+0100][0.690s][info][gc,task     ] GC(9) Using 4 workers of 8 for evacuation
[2026-04-19T22:10:16.448+0100][0.691s][info][gc,phases   ] GC(9)   Pre Evacuate Collection Set: 0.1ms
[2026-04-19T22:10:16.448+0100][0.691s][info][gc,phases   ] GC(9)   Merge Heap Roots: 0.0ms
[2026-04-19T22:10:16.448+0100][0.691s][info][gc,phases   ] GC(9)   Evacuate Collection Set: 0.9ms
[2026-04-19T22:10:16.448+0100][0.691s][info][gc,phases   ] GC(9)   Post Evacuate Collection Set: 0.1ms
[2026-04-19T22:10:16.448+0100][0.691s][info][gc,phases   ] GC(9)   Other: 0.1ms
[2026-04-19T22:10:16.448+0100][0.691s][info][gc,heap     ] GC(9) Eden regions: 109->0(109)
[2026-04-19T22:10:16.448+0100][0.691s][info][gc,heap     ] GC(9) Survivor regions: 4->4(15)
[2026-04-19T22:10:16.448+0100][0.691s][info][gc,heap     ] GC(9) Old regions: 3->3
[2026-04-19T22:10:16.448+0100][0.691s][info][gc,heap     ] GC(9) Humongous regions: 0->0
[2026-04-19T22:10:16.448+0100][0.691s][info][gc,metaspace] GC(9) Metaspace: 239K(448K)->239K(448K) NonClass: 227K(320K)->227K(320K) Class: 11K(128K)->11K(128K)
[2026-04-19T22:10:16.448+0100][0.691s][info][gc          ] GC(9) Pause Young (Normal) (G1 Evacuation Pause) 114M->5M(189M) 1.310ms
[2026-04-19T22:10:16.448+0100][0.691s][info][gc,cpu      ] GC(9) User=0.01s Sys=0.00s Real=0.00s
[2026-04-19T22:10:16.529+0100][0.772s][info][gc,start    ] GC(10) Pause Young (Normal) (G1 Evacuation Pause)
[2026-04-19T22:10:16.529+0100][0.772s][info][gc,task     ] GC(10) Using 4 workers of 8 for evacuation
[2026-04-19T22:10:16.530+0100][0.773s][info][gc,phases   ] GC(10)   Pre Evacuate Collection Set: 0.1ms
[2026-04-19T22:10:16.530+0100][0.773s][info][gc,phases   ] GC(10)   Merge Heap Roots: 0.0ms
[2026-04-19T22:10:16.530+0100][0.773s][info][gc,phases   ] GC(10)   Evacuate Collection Set: 0.9ms
[2026-04-19T22:10:16.530+0100][0.773s][info][gc,phases   ] GC(10)   Post Evacuate Collection Set: 0.1ms
[2026-04-19T22:10:16.530+0100][0.773s][info][gc,phases   ] GC(10)   Other: 0.0ms
[2026-04-19T22:10:16.530+0100][0.773s][info][gc,heap     ] GC(10) Eden regions: 109->0(109)
[2026-04-19T22:10:16.530+0100][0.773s][info][gc,heap     ] GC(10) Survivor regions: 4->4(15)
[2026-04-19T22:10:16.530+0100][0.773s][info][gc,heap     ] GC(10) Old regions: 3->3
[2026-04-19T22:10:16.530+0100][0.773s][info][gc,heap     ] GC(10) Humongous regions: 0->0
[2026-04-19T22:10:16.530+0100][0.773s][info][gc,metaspace] GC(10) Metaspace: 239K(448K)->239K(448K) NonClass: 227K(320K)->227K(320K) Class: 11K(128K)->11K(128K)
[2026-04-19T22:10:16.530+0100][0.773s][info][gc          ] GC(10) Pause Young (Normal) (G1 Evacuation Pause) 114M->5M(189M) 1.225ms
[2026-04-19T22:10:16.530+0100][0.773s][info][gc,cpu      ] GC(10) User=0.01s Sys=0.00s Real=0.01s
[2026-04-19T22:10:16.608+0100][0.851s][info][gc,start    ] GC(11) Pause Young (Normal) (G1 Evacuation Pause)
[2026-04-19T22:10:16.609+0100][0.851s][info][gc,task     ] GC(11) Using 4 workers of 8 for evacuation
[2026-04-19T22:10:16.610+0100][0.852s][info][gc,phases   ] GC(11)   Pre Evacuate Collection Set: 0.1ms
[2026-04-19T22:10:16.610+0100][0.852s][info][gc,phases   ] GC(11)   Merge Heap Roots: 0.0ms
[2026-04-19T22:10:16.610+0100][0.852s][info][gc,phases   ] GC(11)   Evacuate Collection Set: 0.9ms
[2026-04-19T22:10:16.610+0100][0.852s][info][gc,phases   ] GC(11)   Post Evacuate Collection Set: 0.1ms
[2026-04-19T22:10:16.610+0100][0.852s][info][gc,phases   ] GC(11)   Other: 0.0ms
[2026-04-19T22:10:16.610+0100][0.852s][info][gc,heap     ] GC(11) Eden regions: 109->0(109)
[2026-04-19T22:10:16.610+0100][0.852s][info][gc,heap     ] GC(11) Survivor regions: 4->4(15)
[2026-04-19T22:10:16.610+0100][0.852s][info][gc,heap     ] GC(11) Old regions: 3->3
[2026-04-19T22:10:16.610+0100][0.852s][info][gc,heap     ] GC(11) Humongous regions: 0->0
[2026-04-19T22:10:16.610+0100][0.852s][info][gc,metaspace] GC(11) Metaspace: 239K(448K)->239K(448K) NonClass: 227K(320K)->227K(320K) Class: 11K(128K)->11K(128K)
[2026-04-19T22:10:16.610+0100][0.852s][info][gc          ] GC(11) Pause Young (Normal) (G1 Evacuation Pause) 114M->4M(189M) 1.204ms
[2026-04-19T22:10:16.610+0100][0.852s][info][gc,cpu      ] GC(11) User=0.00s Sys=0.00s Real=0.01s
[2026-04-19T22:10:16.688+0100][0.931s][info][gc,start    ] GC(12) Pause Young (Normal) (G1 Evacuation Pause)
[2026-04-19T22:10:16.688+0100][0.931s][info][gc,task     ] GC(12) Using 4 workers of 8 for evacuation
[2026-04-19T22:10:16.689+0100][0.932s][info][gc,phases   ] GC(12)   Pre Evacuate Collection Set: 0.1ms
[2026-04-19T22:10:16.689+0100][0.932s][info][gc,phases   ] GC(12)   Merge Heap Roots: 0.0ms
[2026-04-19T22:10:16.689+0100][0.932s][info][gc,phases   ] GC(12)   Evacuate Collection Set: 0.9ms
[2026-04-19T22:10:16.689+0100][0.932s][info][gc,phases   ] GC(12)   Post Evacuate Collection Set: 0.1ms
[2026-04-19T22:10:16.689+0100][0.932s][info][gc,phases   ] GC(12)   Other: 0.0ms
[2026-04-19T22:10:16.689+0100][0.932s][info][gc,heap     ] GC(12) Eden regions: 109->0(109)
[2026-04-19T22:10:16.689+0100][0.932s][info][gc,heap     ] GC(12) Survivor regions: 4->4(15)
[2026-04-19T22:10:16.689+0100][0.932s][info][gc,heap     ] GC(12) Old regions: 3->3
[2026-04-19T22:10:16.689+0100][0.932s][info][gc,heap     ] GC(12) Humongous regions: 0->0
[2026-04-19T22:10:16.689+0100][0.932s][info][gc,metaspace] GC(12) Metaspace: 239K(448K)->239K(448K) NonClass: 227K(320K)->227K(320K) Class: 11K(128K)->11K(128K)
[2026-04-19T22:10:16.689+0100][0.932s][info][gc          ] GC(12) Pause Young (Normal) (G1 Evacuation Pause) 113M->4M(189M) 1.221ms
[2026-04-19T22:10:16.689+0100][0.932s][info][gc,cpu      ] GC(12) User=0.00s Sys=0.00s Real=0.00s
[2026-04-19T22:10:16.768+0100][1.010s][info][gc,start    ] GC(13) Pause Young (Normal) (G1 Evacuation Pause)
[2026-04-19T22:10:16.768+0100][1.010s][info][gc,task     ] GC(13) Using 4 workers of 8 for evacuation
[2026-04-19T22:10:16.769+0100][1.011s][info][gc,phases   ] GC(13)   Pre Evacuate Collection Set: 0.1ms
[2026-04-19T22:10:16.769+0100][1.012s][info][gc,phases   ] GC(13)   Merge Heap Roots: 0.0ms
[2026-04-19T22:10:16.769+0100][1.012s][info][gc,phases   ] GC(13)   Evacuate Collection Set: 0.8ms
[2026-04-19T22:10:16.769+0100][1.012s][info][gc,phases   ] GC(13)   Post Evacuate Collection Set: 0.1ms
[2026-04-19T22:10:16.769+0100][1.012s][info][gc,phases   ] GC(13)   Other: 0.0ms
[2026-04-19T22:10:16.769+0100][1.012s][info][gc,heap     ] GC(13) Eden regions: 109->0(109)
[2026-04-19T22:10:16.769+0100][1.012s][info][gc,heap     ] GC(13) Survivor regions: 4->4(15)
[2026-04-19T22:10:16.769+0100][1.012s][info][gc,heap     ] GC(13) Old regions: 3->3
[2026-04-19T22:10:16.769+0100][1.012s][info][gc,heap     ] GC(13) Humongous regions: 0->0
[2026-04-19T22:10:16.769+0100][1.012s][info][gc,metaspace] GC(13) Metaspace: 239K(448K)->239K(448K) NonClass: 227K(320K)->227K(320K) Class: 11K(128K)->11K(128K)
[2026-04-19T22:10:16.769+0100][1.012s][info][gc          ] GC(13) Pause Young (Normal) (G1 Evacuation Pause) 113M->5M(189M) 1.215ms
[2026-04-19T22:10:16.769+0100][1.012s][info][gc,cpu      ] GC(13) User=0.00s Sys=0.00s Real=0.00s
[2026-04-19T22:10:16.847+0100][1.090s][info][gc,start    ] GC(14) Pause Young (Normal) (G1 Evacuation Pause)
[2026-04-19T22:10:16.847+0100][1.090s][info][gc,task     ] GC(14) Using 4 workers of 8 for evacuation
[2026-04-19T22:10:16.848+0100][1.091s][info][gc,phases   ] GC(14)   Pre Evacuate Collection Set: 0.1ms
[2026-04-19T22:10:16.848+0100][1.091s][info][gc,phases   ] GC(14)   Merge Heap Roots: 0.0ms
[2026-04-19T22:10:16.848+0100][1.091s][info][gc,phases   ] GC(14)   Evacuate Collection Set: 0.9ms
[2026-04-19T22:10:16.848+0100][1.091s][info][gc,phases   ] GC(14)   Post Evacuate Collection Set: 0.1ms
[2026-04-19T22:10:16.849+0100][1.091s][info][gc,phases   ] GC(14)   Other: 0.0ms
[2026-04-19T22:10:16.849+0100][1.091s][info][gc,heap     ] GC(14) Eden regions: 109->0(109)
[2026-04-19T22:10:16.849+0100][1.091s][info][gc,heap     ] GC(14) Survivor regions: 4->4(15)
[2026-04-19T22:10:16.849+0100][1.091s][info][gc,heap     ] GC(14) Old regions: 3->3
[2026-04-19T22:10:16.849+0100][1.091s][info][gc,heap     ] GC(14) Humongous regions: 0->0
[2026-04-19T22:10:16.849+0100][1.091s][info][gc,metaspace] GC(14) Metaspace: 239K(448K)->239K(448K) NonClass: 227K(320K)->227K(320K) Class: 11K(128K)->11K(128K)
[2026-04-19T22:10:16.849+0100][1.091s][info][gc          ] GC(14) Pause Young (Normal) (G1 Evacuation Pause) 114M->5M(189M) 1.205ms
[2026-04-19T22:10:16.849+0100][1.091s][info][gc,cpu      ] GC(14) User=0.01s Sys=0.00s Real=0.00s
[2026-04-19T22:10:16.929+0100][1.172s][info][gc,start    ] GC(15) Pause Young (Normal) (G1 Evacuation Pause)
[2026-04-19T22:10:16.929+0100][1.172s][info][gc,task     ] GC(15) Using 4 workers of 8 for evacuation
[2026-04-19T22:10:16.930+0100][1.173s][info][gc,phases   ] GC(15)   Pre Evacuate Collection Set: 0.1ms
[2026-04-19T22:10:16.930+0100][1.173s][info][gc,phases   ] GC(15)   Merge Heap Roots: 0.0ms
[2026-04-19T22:10:16.930+0100][1.173s][info][gc,phases   ] GC(15)   Evacuate Collection Set: 1.0ms
[2026-04-19T22:10:16.930+0100][1.173s][info][gc,phases   ] GC(15)   Post Evacuate Collection Set: 0.1ms
[2026-04-19T22:10:16.930+0100][1.173s][info][gc,phases   ] GC(15)   Other: 0.0ms
[2026-04-19T22:10:16.930+0100][1.173s][info][gc,heap     ] GC(15) Eden regions: 109->0(112)
[2026-04-19T22:10:16.930+0100][1.173s][info][gc,heap     ] GC(15) Survivor regions: 4->1(15)
[2026-04-19T22:10:16.930+0100][1.173s][info][gc,heap     ] GC(15) Old regions: 3->6
[2026-04-19T22:10:16.930+0100][1.173s][info][gc,heap     ] GC(15) Humongous regions: 0->0
[2026-04-19T22:10:16.930+0100][1.173s][info][gc,metaspace] GC(15) Metaspace: 239K(448K)->239K(448K) NonClass: 227K(320K)->227K(320K) Class: 11K(128K)->11K(128K)
[2026-04-19T22:10:16.930+0100][1.173s][info][gc          ] GC(15) Pause Young (Normal) (G1 Evacuation Pause) 114M->5M(189M) 1.402ms
[2026-04-19T22:10:16.930+0100][1.173s][info][gc,cpu      ] GC(15) User=0.00s Sys=0.00s Real=0.01s
[2026-04-19T22:10:17.013+0100][1.256s][info][gc,start    ] GC(16) Pause Young (Normal) (G1 Evacuation Pause)
[2026-04-19T22:10:17.013+0100][1.256s][info][gc,task     ] GC(16) Using 4 workers of 8 for evacuation
[2026-04-19T22:10:17.013+0100][1.256s][info][gc,phases   ] GC(16)   Pre Evacuate Collection Set: 0.1ms
[2026-04-19T22:10:17.013+0100][1.256s][info][gc,phases   ] GC(16)   Merge Heap Roots: 0.1ms
[2026-04-19T22:10:17.013+0100][1.256s][info][gc,phases   ] GC(16)   Evacuate Collection Set: 0.3ms
[2026-04-19T22:10:17.013+0100][1.256s][info][gc,phases   ] GC(16)   Post Evacuate Collection Set: 0.1ms
[2026-04-19T22:10:17.013+0100][1.256s][info][gc,phases   ] GC(16)   Other: 0.0ms
[2026-04-19T22:10:17.013+0100][1.256s][info][gc,heap     ] GC(16) Eden regions: 112->0(112)
[2026-04-19T22:10:17.013+0100][1.256s][info][gc,heap     ] GC(16) Survivor regions: 1->1(15)
[2026-04-19T22:10:17.013+0100][1.256s][info][gc,heap     ] GC(16) Old regions: 6->6
[2026-04-19T22:10:17.014+0100][1.256s][info][gc,heap     ] GC(16) Humongous regions: 0->0
[2026-04-19T22:10:17.014+0100][1.256s][info][gc,metaspace] GC(16) Metaspace: 239K(448K)->239K(448K) NonClass: 227K(320K)->227K(320K) Class: 11K(128K)->11K(128K)
[2026-04-19T22:10:17.014+0100][1.256s][info][gc          ] GC(16) Pause Young (Normal) (G1 Evacuation Pause) 117M->5M(189M) 0.708ms
[2026-04-19T22:10:17.014+0100][1.256s][info][gc,cpu      ] GC(16) User=0.00s Sys=0.00s Real=0.00s
[2026-04-19T22:10:17.095+0100][1.338s][info][gc,start    ] GC(17) Pause Young (Normal) (G1 Evacuation Pause)
[2026-04-19T22:10:17.095+0100][1.338s][info][gc,task     ] GC(17) Using 4 workers of 8 for evacuation
[2026-04-19T22:10:17.095+0100][1.338s][info][gc,phases   ] GC(17)   Pre Evacuate Collection Set: 0.0ms
[2026-04-19T22:10:17.096+0100][1.338s][info][gc,phases   ] GC(17)   Merge Heap Roots: 0.0ms
[2026-04-19T22:10:17.096+0100][1.338s][info][gc,phases   ] GC(17)   Evacuate Collection Set: 0.3ms
[2026-04-19T22:10:17.096+0100][1.338s][info][gc,phases   ] GC(17)   Post Evacuate Collection Set: 0.1ms
[2026-04-19T22:10:17.096+0100][1.338s][info][gc,phases   ] GC(17)   Other: 0.0ms
[2026-04-19T22:10:17.096+0100][1.338s][info][gc,heap     ] GC(17) Eden regions: 112->0(112)
[2026-04-19T22:10:17.096+0100][1.338s][info][gc,heap     ] GC(17) Survivor regions: 1->1(15)
[2026-04-19T22:10:17.096+0100][1.338s][info][gc,heap     ] GC(17) Old regions: 6->6
[2026-04-19T22:10:17.096+0100][1.338s][info][gc,heap     ] GC(17) Humongous regions: 0->0
[2026-04-19T22:10:17.096+0100][1.338s][info][gc,metaspace] GC(17) Metaspace: 239K(448K)->239K(448K) NonClass: 227K(320K)->227K(320K) Class: 11K(128K)->11K(128K)
[2026-04-19T22:10:17.096+0100][1.338s][info][gc          ] GC(17) Pause Young (Normal) (G1 Evacuation Pause) 117M->5M(189M) 0.613ms
[2026-04-19T22:10:17.096+0100][1.338s][info][gc,cpu      ] GC(17) User=0.01s Sys=0.01s Real=0.00s
[2026-04-19T22:10:17.180+0100][1.423s][info][gc,start    ] GC(18) Pause Young (Normal) (G1 Evacuation Pause)
[2026-04-19T22:10:17.180+0100][1.423s][info][gc,task     ] GC(18) Using 4 workers of 8 for evacuation
[2026-04-19T22:10:17.181+0100][1.423s][info][gc,phases   ] GC(18)   Pre Evacuate Collection Set: 0.1ms
[2026-04-19T22:10:17.181+0100][1.423s][info][gc,phases   ] GC(18)   Merge Heap Roots: 0.0ms
[2026-04-19T22:10:17.181+0100][1.423s][info][gc,phases   ] GC(18)   Evacuate Collection Set: 0.4ms
[2026-04-19T22:10:17.181+0100][1.423s][info][gc,phases   ] GC(18)   Post Evacuate Collection Set: 0.1ms
[2026-04-19T22:10:17.181+0100][1.423s][info][gc,phases   ] GC(18)   Other: 0.0ms
[2026-04-19T22:10:17.181+0100][1.423s][info][gc,heap     ] GC(18) Eden regions: 112->0(112)
[2026-04-19T22:10:17.181+0100][1.423s][info][gc,heap     ] GC(18) Survivor regions: 1->1(15)
[2026-04-19T22:10:17.181+0100][1.423s][info][gc,heap     ] GC(18) Old regions: 6->6
[2026-04-19T22:10:17.181+0100][1.423s][info][gc,heap     ] GC(18) Humongous regions: 0->0
[2026-04-19T22:10:17.181+0100][1.423s][info][gc,metaspace] GC(18) Metaspace: 239K(448K)->239K(448K) NonClass: 227K(320K)->227K(320K) Class: 11K(128K)->11K(128K)
[2026-04-19T22:10:17.181+0100][1.423s][info][gc          ] GC(18) Pause Young (Normal) (G1 Evacuation Pause) 117M->5M(189M) 0.711ms
[2026-04-19T22:10:17.181+0100][1.423s][info][gc,cpu      ] GC(18) User=0.00s Sys=0.00s Real=0.00s
[2026-04-19T22:10:17.262+0100][1.505s][info][gc,start    ] GC(19) Pause Young (Normal) (G1 Evacuation Pause)
[2026-04-19T22:10:17.262+0100][1.505s][info][gc,task     ] GC(19) Using 4 workers of 8 for evacuation
[2026-04-19T22:10:17.263+0100][1.505s][info][gc,phases   ] GC(19)   Pre Evacuate Collection Set: 0.1ms
[2026-04-19T22:10:17.263+0100][1.505s][info][gc,phases   ] GC(19)   Merge Heap Roots: 0.0ms
[2026-04-19T22:10:17.263+0100][1.505s][info][gc,phases   ] GC(19)   Evacuate Collection Set: 0.4ms
[2026-04-19T22:10:17.263+0100][1.505s][info][gc,phases   ] GC(19)   Post Evacuate Collection Set: 0.1ms
[2026-04-19T22:10:17.263+0100][1.505s][info][gc,phases   ] GC(19)   Other: 0.0ms
[2026-04-19T22:10:17.263+0100][1.506s][info][gc,heap     ] GC(19) Eden regions: 112->0(112)
[2026-04-19T22:10:17.263+0100][1.506s][info][gc,heap     ] GC(19) Survivor regions: 1->1(15)
[2026-04-19T22:10:17.263+0100][1.506s][info][gc,heap     ] GC(19) Old regions: 6->6
[2026-04-19T22:10:17.263+0100][1.506s][info][gc,heap     ] GC(19) Humongous regions: 0->0
[2026-04-19T22:10:17.263+0100][1.506s][info][gc,metaspace] GC(19) Metaspace: 239K(448K)->239K(448K) NonClass: 227K(320K)->227K(320K) Class: 11K(128K)->11K(128K)
[2026-04-19T22:10:17.263+0100][1.506s][info][gc          ] GC(19) Pause Young (Normal) (G1 Evacuation Pause) 117M->5M(189M) 0.699ms
[2026-04-19T22:10:17.263+0100][1.506s][info][gc,cpu      ] GC(19) User=0.00s Sys=0.00s Real=0.00s
[2026-04-19T22:10:17.343+0100][1.586s][info][gc,start    ] GC(20) Pause Young (Normal) (G1 Evacuation Pause)
[2026-04-19T22:10:17.343+0100][1.586s][info][gc,task     ] GC(20) Using 4 workers of 8 for evacuation
[2026-04-19T22:10:17.344+0100][1.587s][info][gc,phases   ] GC(20)   Pre Evacuate Collection Set: 0.1ms
[2026-04-19T22:10:17.344+0100][1.587s][info][gc,phases   ] GC(20)   Merge Heap Roots: 0.0ms
[2026-04-19T22:10:17.344+0100][1.587s][info][gc,phases   ] GC(20)   Evacuate Collection Set: 0.3ms
[2026-04-19T22:10:17.344+0100][1.587s][info][gc,phases   ] GC(20)   Post Evacuate Collection Set: 0.1ms
[2026-04-19T22:10:17.344+0100][1.587s][info][gc,phases   ] GC(20)   Other: 0.0ms
[2026-04-19T22:10:17.344+0100][1.587s][info][gc,heap     ] GC(20) Eden regions: 112->0(112)
[2026-04-19T22:10:17.344+0100][1.587s][info][gc,heap     ] GC(20) Survivor regions: 1->1(15)
[2026-04-19T22:10:17.344+0100][1.587s][info][gc,heap     ] GC(20) Old regions: 6->6
[2026-04-19T22:10:17.344+0100][1.587s][info][gc,heap     ] GC(20) Humongous regions: 0->0
[2026-04-19T22:10:17.344+0100][1.587s][info][gc,metaspace] GC(20) Metaspace: 239K(448K)->239K(448K) NonClass: 227K(320K)->227K(320K) Class: 11K(128K)->11K(128K)
[2026-04-19T22:10:17.344+0100][1.587s][info][gc          ] GC(20) Pause Young (Normal) (G1 Evacuation Pause) 117M->5M(189M) 0.618ms
[2026-04-19T22:10:17.344+0100][1.587s][info][gc,cpu      ] GC(20) User=0.00s Sys=0.00s Real=0.00s
[2026-04-19T22:10:17.424+0100][1.667s][info][gc,start    ] GC(21) Pause Young (Normal) (G1 Evacuation Pause)
[2026-04-19T22:10:17.424+0100][1.667s][info][gc,task     ] GC(21) Using 4 workers of 8 for evacuation
[2026-04-19T22:10:17.425+0100][1.667s][info][gc,phases   ] GC(21)   Pre Evacuate Collection Set: 0.1ms
[2026-04-19T22:10:17.425+0100][1.667s][info][gc,phases   ] GC(21)   Merge Heap Roots: 0.0ms
[2026-04-19T22:10:17.425+0100][1.667s][info][gc,phases   ] GC(21)   Evacuate Collection Set: 0.4ms
[2026-04-19T22:10:17.425+0100][1.667s][info][gc,phases   ] GC(21)   Post Evacuate Collection Set: 0.1ms
[2026-04-19T22:10:17.425+0100][1.667s][info][gc,phases   ] GC(21)   Other: 0.0ms
[2026-04-19T22:10:17.425+0100][1.667s][info][gc,heap     ] GC(21) Eden regions: 112->0(112)
[2026-04-19T22:10:17.425+0100][1.667s][info][gc,heap     ] GC(21) Survivor regions: 1->1(15)
[2026-04-19T22:10:17.425+0100][1.668s][info][gc,heap     ] GC(21) Old regions: 6->6
[2026-04-19T22:10:17.425+0100][1.668s][info][gc,heap     ] GC(21) Humongous regions: 0->0
[2026-04-19T22:10:17.425+0100][1.668s][info][gc,metaspace] GC(21) Metaspace: 239K(448K)->239K(448K) NonClass: 227K(320K)->227K(320K) Class: 11K(128K)->11K(128K)
[2026-04-19T22:10:17.425+0100][1.668s][info][gc          ] GC(21) Pause Young (Normal) (G1 Evacuation Pause) 117M->5M(189M) 0.703ms
[2026-04-19T22:10:17.425+0100][1.668s][info][gc,cpu      ] GC(21) User=0.01s Sys=0.00s Real=0.00s
[2026-04-19T22:10:17.507+0100][1.749s][info][gc,start    ] GC(22) Pause Young (Normal) (G1 Evacuation Pause)
[2026-04-19T22:10:17.507+0100][1.749s][info][gc,task     ] GC(22) Using 4 workers of 8 for evacuation
[2026-04-19T22:10:17.507+0100][1.750s][info][gc,phases   ] GC(22)   Pre Evacuate Collection Set: 0.1ms
[2026-04-19T22:10:17.507+0100][1.750s][info][gc,phases   ] GC(22)   Merge Heap Roots: 0.0ms
[2026-04-19T22:10:17.507+0100][1.750s][info][gc,phases   ] GC(22)   Evacuate Collection Set: 0.4ms
[2026-04-19T22:10:17.507+0100][1.750s][info][gc,phases   ] GC(22)   Post Evacuate Collection Set: 0.1ms
[2026-04-19T22:10:17.507+0100][1.750s][info][gc,phases   ] GC(22)   Other: 0.0ms
[2026-04-19T22:10:17.507+0100][1.750s][info][gc,heap     ] GC(22) Eden regions: 112->0(112)
[2026-04-19T22:10:17.507+0100][1.750s][info][gc,heap     ] GC(22) Survivor regions: 1->1(15)
[2026-04-19T22:10:17.507+0100][1.750s][info][gc,heap     ] GC(22) Old regions: 6->6
[2026-04-19T22:10:17.507+0100][1.750s][info][gc,heap     ] GC(22) Humongous regions: 0->0
[2026-04-19T22:10:17.507+0100][1.750s][info][gc,metaspace] GC(22) Metaspace: 239K(448K)->239K(448K) NonClass: 227K(320K)->227K(320K) Class: 11K(128K)->11K(128K)
[2026-04-19T22:10:17.507+0100][1.750s][info][gc          ] GC(22) Pause Young (Normal) (G1 Evacuation Pause) 117M->5M(189M) 0.726ms
[2026-04-19T22:10:17.507+0100][1.750s][info][gc,cpu      ] GC(22) User=0.00s Sys=0.00s Real=0.00s
[2026-04-19T22:10:17.589+0100][1.832s][info][gc,start    ] GC(23) Pause Young (Normal) (G1 Evacuation Pause)
[2026-04-19T22:10:17.589+0100][1.832s][info][gc,task     ] GC(23) Using 4 workers of 8 for evacuation
[2026-04-19T22:10:17.590+0100][1.832s][info][gc,phases   ] GC(23)   Pre Evacuate Collection Set: 0.1ms
[2026-04-19T22:10:17.590+0100][1.832s][info][gc,phases   ] GC(23)   Merge Heap Roots: 0.0ms
[2026-04-19T22:10:17.590+0100][1.832s][info][gc,phases   ] GC(23)   Evacuate Collection Set: 0.3ms
[2026-04-19T22:10:17.590+0100][1.832s][info][gc,phases   ] GC(23)   Post Evacuate Collection Set: 0.1ms
[2026-04-19T22:10:17.590+0100][1.832s][info][gc,phases   ] GC(23)   Other: 0.0ms
[2026-04-19T22:10:17.590+0100][1.832s][info][gc,heap     ] GC(23) Eden regions: 112->0(112)
[2026-04-19T22:10:17.590+0100][1.832s][info][gc,heap     ] GC(23) Survivor regions: 1->1(15)
[2026-04-19T22:10:17.590+0100][1.832s][info][gc,heap     ] GC(23) Old regions: 6->6
[2026-04-19T22:10:17.590+0100][1.832s][info][gc,heap     ] GC(23) Humongous regions: 0->0
[2026-04-19T22:10:17.590+0100][1.832s][info][gc,metaspace] GC(23) Metaspace: 239K(448K)->239K(448K) NonClass: 227K(320K)->227K(320K) Class: 11K(128K)->11K(128K)
[2026-04-19T22:10:17.590+0100][1.832s][info][gc          ] GC(23) Pause Young (Normal) (G1 Evacuation Pause) 117M->5M(189M) 0.641ms
[2026-04-19T22:10:17.590+0100][1.832s][info][gc,cpu      ] GC(23) User=0.00s Sys=0.00s Real=0.01s
[2026-04-19T22:10:17.670+0100][1.913s][info][gc,start    ] GC(24) Pause Young (Normal) (G1 Evacuation Pause)
[2026-04-19T22:10:17.670+0100][1.913s][info][gc,task     ] GC(24) Using 4 workers of 8 for evacuation
[2026-04-19T22:10:17.671+0100][1.914s][info][gc,phases   ] GC(24)   Pre Evacuate Collection Set: 0.1ms
[2026-04-19T22:10:17.671+0100][1.914s][info][gc,phases   ] GC(24)   Merge Heap Roots: 0.0ms
[2026-04-19T22:10:17.671+0100][1.914s][info][gc,phases   ] GC(24)   Evacuate Collection Set: 0.4ms
[2026-04-19T22:10:17.671+0100][1.914s][info][gc,phases   ] GC(24)   Post Evacuate Collection Set: 0.1ms
[2026-04-19T22:10:17.671+0100][1.914s][info][gc,phases   ] GC(24)   Other: 0.0ms
[2026-04-19T22:10:17.671+0100][1.914s][info][gc,heap     ] GC(24) Eden regions: 112->0(112)
[2026-04-19T22:10:17.671+0100][1.914s][info][gc,heap     ] GC(24) Survivor regions: 1->1(15)
[2026-04-19T22:10:17.671+0100][1.914s][info][gc,heap     ] GC(24) Old regions: 6->6
[2026-04-19T22:10:17.671+0100][1.914s][info][gc,heap     ] GC(24) Humongous regions: 0->0
[2026-04-19T22:10:17.671+0100][1.914s][info][gc,metaspace] GC(24) Metaspace: 239K(448K)->239K(448K) NonClass: 227K(320K)->227K(320K) Class: 11K(128K)->11K(128K)
[2026-04-19T22:10:17.671+0100][1.914s][info][gc          ] GC(24) Pause Young (Normal) (G1 Evacuation Pause) 117M->5M(189M) 0.725ms
[2026-04-19T22:10:17.671+0100][1.914s][info][gc,cpu      ] GC(24) User=0.00s Sys=0.00s Real=0.00s
[2026-04-19T22:10:17.752+0100][1.995s][info][gc,start    ] GC(25) Pause Young (Normal) (G1 Evacuation Pause)
[2026-04-19T22:10:17.752+0100][1.995s][info][gc,task     ] GC(25) Using 4 workers of 8 for evacuation
[2026-04-19T22:10:17.753+0100][1.995s][info][gc,phases   ] GC(25)   Pre Evacuate Collection Set: 0.0ms
[2026-04-19T22:10:17.753+0100][1.995s][info][gc,phases   ] GC(25)   Merge Heap Roots: 0.0ms
[2026-04-19T22:10:17.753+0100][1.995s][info][gc,phases   ] GC(25)   Evacuate Collection Set: 0.3ms
[2026-04-19T22:10:17.753+0100][1.995s][info][gc,phases   ] GC(25)   Post Evacuate Collection Set: 0.1ms
[2026-04-19T22:10:17.753+0100][1.995s][info][gc,phases   ] GC(25)   Other: 0.0ms
[2026-04-19T22:10:17.753+0100][1.995s][info][gc,heap     ] GC(25) Eden regions: 112->0(112)
[2026-04-19T22:10:17.753+0100][1.995s][info][gc,heap     ] GC(25) Survivor regions: 1->1(15)
[2026-04-19T22:10:17.753+0100][1.995s][info][gc,heap     ] GC(25) Old regions: 6->6
[2026-04-19T22:10:17.753+0100][1.995s][info][gc,heap     ] GC(25) Humongous regions: 0->0
[2026-04-19T22:10:17.753+0100][1.995s][info][gc,metaspace] GC(25) Metaspace: 239K(448K)->239K(448K) NonClass: 227K(320K)->227K(320K) Class: 11K(128K)->11K(128K)
[2026-04-19T22:10:17.753+0100][1.995s][info][gc          ] GC(25) Pause Young (Normal) (G1 Evacuation Pause) 117M->5M(189M) 0.633ms
[2026-04-19T22:10:17.753+0100][1.995s][info][gc,cpu      ] GC(25) User=0.01s Sys=0.00s Real=0.00s
[2026-04-19T22:10:17.833+0100][2.076s][info][gc,start    ] GC(26) Pause Young (Normal) (G1 Evacuation Pause)
[2026-04-19T22:10:17.833+0100][2.076s][info][gc,task     ] GC(26) Using 4 workers of 8 for evacuation
[2026-04-19T22:10:17.834+0100][2.076s][info][gc,phases   ] GC(26)   Pre Evacuate Collection Set: 0.1ms
[2026-04-19T22:10:17.834+0100][2.076s][info][gc,phases   ] GC(26)   Merge Heap Roots: 0.0ms
[2026-04-19T22:10:17.834+0100][2.076s][info][gc,phases   ] GC(26)   Evacuate Collection Set: 0.3ms
[2026-04-19T22:10:17.834+0100][2.076s][info][gc,phases   ] GC(26)   Post Evacuate Collection Set: 0.1ms
[2026-04-19T22:10:17.834+0100][2.076s][info][gc,phases   ] GC(26)   Other: 0.0ms
[2026-04-19T22:10:17.834+0100][2.076s][info][gc,heap     ] GC(26) Eden regions: 112->0(112)
[2026-04-19T22:10:17.834+0100][2.076s][info][gc,heap     ] GC(26) Survivor regions: 1->1(15)
[2026-04-19T22:10:17.834+0100][2.076s][info][gc,heap     ] GC(26) Old regions: 6->6
[2026-04-19T22:10:17.834+0100][2.076s][info][gc,heap     ] GC(26) Humongous regions: 0->0
[2026-04-19T22:10:17.834+0100][2.076s][info][gc,metaspace] GC(26) Metaspace: 239K(448K)->239K(448K) NonClass: 227K(320K)->227K(320K) Class: 11K(128K)->11K(128K)
[2026-04-19T22:10:17.834+0100][2.076s][info][gc          ] GC(26) Pause Young (Normal) (G1 Evacuation Pause) 117M->5M(189M) 0.606ms
[2026-04-19T22:10:17.834+0100][2.076s][info][gc,cpu      ] GC(26) User=0.00s Sys=0.00s Real=0.00s
[2026-04-19T22:10:17.914+0100][2.157s][info][gc,start    ] GC(27) Pause Young (Normal) (G1 Evacuation Pause)
[2026-04-19T22:10:17.914+0100][2.157s][info][gc,task     ] GC(27) Using 4 workers of 8 for evacuation
[2026-04-19T22:10:17.914+0100][2.157s][info][gc,phases   ] GC(27)   Pre Evacuate Collection Set: 0.1ms
[2026-04-19T22:10:17.914+0100][2.157s][info][gc,phases   ] GC(27)   Merge Heap Roots: 0.0ms
[2026-04-19T22:10:17.914+0100][2.157s][info][gc,phases   ] GC(27)   Evacuate Collection Set: 0.3ms
[2026-04-19T22:10:17.914+0100][2.157s][info][gc,phases   ] GC(27)   Post Evacuate Collection Set: 0.1ms
[2026-04-19T22:10:17.914+0100][2.157s][info][gc,phases   ] GC(27)   Other: 0.0ms
[2026-04-19T22:10:17.915+0100][2.157s][info][gc,heap     ] GC(27) Eden regions: 112->0(112)
[2026-04-19T22:10:17.915+0100][2.157s][info][gc,heap     ] GC(27) Survivor regions: 1->1(15)
[2026-04-19T22:10:17.915+0100][2.157s][info][gc,heap     ] GC(27) Old regions: 6->6
[2026-04-19T22:10:17.915+0100][2.157s][info][gc,heap     ] GC(27) Humongous regions: 0->0
[2026-04-19T22:10:17.915+0100][2.157s][info][gc,metaspace] GC(27) Metaspace: 239K(448K)->239K(448K) NonClass: 227K(320K)->227K(320K) Class: 11K(128K)->11K(128K)
[2026-04-19T22:10:17.915+0100][2.157s][info][gc          ] GC(27) Pause Young (Normal) (G1 Evacuation Pause) 117M->5M(189M) 0.623ms
[2026-04-19T22:10:17.915+0100][2.157s][info][gc,cpu      ] GC(27) User=0.00s Sys=0.00s Real=0.00s
[2026-04-19T22:10:17.994+0100][2.237s][info][gc,start    ] GC(28) Pause Young (Normal) (G1 Evacuation Pause)
[2026-04-19T22:10:17.995+0100][2.237s][info][gc,task     ] GC(28) Using 4 workers of 8 for evacuation
[2026-04-19T22:10:17.995+0100][2.238s][info][gc,phases   ] GC(28)   Pre Evacuate Collection Set: 0.1ms
[2026-04-19T22:10:17.995+0100][2.238s][info][gc,phases   ] GC(28)   Merge Heap Roots: 0.0ms
[2026-04-19T22:10:17.995+0100][2.238s][info][gc,phases   ] GC(28)   Evacuate Collection Set: 0.3ms
[2026-04-19T22:10:17.995+0100][2.238s][info][gc,phases   ] GC(28)   Post Evacuate Collection Set: 0.1ms
[2026-04-19T22:10:17.995+0100][2.238s][info][gc,phases   ] GC(28)   Other: 0.0ms
[2026-04-19T22:10:17.995+0100][2.238s][info][gc,heap     ] GC(28) Eden regions: 112->0(112)
[2026-04-19T22:10:17.995+0100][2.238s][info][gc,heap     ] GC(28) Survivor regions: 1->1(15)
[2026-04-19T22:10:17.995+0100][2.238s][info][gc,heap     ] GC(28) Old regions: 6->6
[2026-04-19T22:10:17.995+0100][2.238s][info][gc,heap     ] GC(28) Humongous regions: 0->0
[2026-04-19T22:10:17.995+0100][2.238s][info][gc,metaspace] GC(28) Metaspace: 239K(448K)->239K(448K) NonClass: 227K(320K)->227K(320K) Class: 11K(128K)->11K(128K)
[2026-04-19T22:10:17.995+0100][2.238s][info][gc          ] GC(28) Pause Young (Normal) (G1 Evacuation Pause) 117M->5M(189M) 0.588ms
[2026-04-19T22:10:17.995+0100][2.238s][info][gc,cpu      ] GC(28) User=0.00s Sys=0.00s Real=0.00s
[2026-04-19T22:10:18.075+0100][2.318s][info][gc,start    ] GC(29) Pause Young (Normal) (G1 Evacuation Pause)
[2026-04-19T22:10:18.075+0100][2.318s][info][gc,task     ] GC(29) Using 4 workers of 8 for evacuation
[2026-04-19T22:10:18.075+0100][2.318s][info][gc,phases   ] GC(29)   Pre Evacuate Collection Set: 0.1ms
[2026-04-19T22:10:18.075+0100][2.318s][info][gc,phases   ] GC(29)   Merge Heap Roots: 0.0ms
[2026-04-19T22:10:18.075+0100][2.318s][info][gc,phases   ] GC(29)   Evacuate Collection Set: 0.3ms
[2026-04-19T22:10:18.075+0100][2.318s][info][gc,phases   ] GC(29)   Post Evacuate Collection Set: 0.1ms
[2026-04-19T22:10:18.075+0100][2.318s][info][gc,phases   ] GC(29)   Other: 0.0ms
[2026-04-19T22:10:18.075+0100][2.318s][info][gc,heap     ] GC(29) Eden regions: 112->0(112)
[2026-04-19T22:10:18.075+0100][2.318s][info][gc,heap     ] GC(29) Survivor regions: 1->1(15)
[2026-04-19T22:10:18.075+0100][2.318s][info][gc,heap     ] GC(29) Old regions: 6->6
[2026-04-19T22:10:18.075+0100][2.318s][info][gc,heap     ] GC(29) Humongous regions: 0->0
[2026-04-19T22:10:18.075+0100][2.318s][info][gc,metaspace] GC(29) Metaspace: 239K(448K)->239K(448K) NonClass: 227K(320K)->227K(320K) Class: 11K(128K)->11K(128K)
[2026-04-19T22:10:18.076+0100][2.318s][info][gc          ] GC(29) Pause Young (Normal) (G1 Evacuation Pause) 117M->5M(189M) 0.596ms
[2026-04-19T22:10:18.076+0100][2.318s][info][gc,cpu      ] GC(29) User=0.00s Sys=0.00s Real=0.00s
[2026-04-19T22:10:18.156+0100][2.398s][info][gc,start    ] GC(30) Pause Young (Normal) (G1 Evacuation Pause)
[2026-04-19T22:10:18.156+0100][2.398s][info][gc,task     ] GC(30) Using 4 workers of 8 for evacuation
[2026-04-19T22:10:18.156+0100][2.399s][info][gc,phases   ] GC(30)   Pre Evacuate Collection Set: 0.1ms
[2026-04-19T22:10:18.156+0100][2.399s][info][gc,phases   ] GC(30)   Merge Heap Roots: 0.0ms
[2026-04-19T22:10:18.156+0100][2.399s][info][gc,phases   ] GC(30)   Evacuate Collection Set: 0.3ms
[2026-04-19T22:10:18.156+0100][2.399s][info][gc,phases   ] GC(30)   Post Evacuate Collection Set: 0.1ms
[2026-04-19T22:10:18.156+0100][2.399s][info][gc,phases   ] GC(30)   Other: 0.0ms
[2026-04-19T22:10:18.156+0100][2.399s][info][gc,heap     ] GC(30) Eden regions: 112->0(112)
[2026-04-19T22:10:18.156+0100][2.399s][info][gc,heap     ] GC(30) Survivor regions: 1->1(15)
[2026-04-19T22:10:18.156+0100][2.399s][info][gc,heap     ] GC(30) Old regions: 6->6
[2026-04-19T22:10:18.156+0100][2.399s][info][gc,heap     ] GC(30) Humongous regions: 0->0
[2026-04-19T22:10:18.156+0100][2.399s][info][gc,metaspace] GC(30) Metaspace: 239K(448K)->239K(448K) NonClass: 227K(320K)->227K(320K) Class: 11K(128K)->11K(128K)
[2026-04-19T22:10:18.156+0100][2.399s][info][gc          ] GC(30) Pause Young (Normal) (G1 Evacuation Pause) 117M->5M(189M) 0.579ms
[2026-04-19T22:10:18.156+0100][2.399s][info][gc,cpu      ] GC(30) User=0.00s Sys=0.00s Real=0.00s
[2026-04-19T22:10:18.236+0100][2.479s][info][gc,start    ] GC(31) Pause Young (Normal) (G1 Evacuation Pause)
[2026-04-19T22:10:18.236+0100][2.479s][info][gc,task     ] GC(31) Using 4 workers of 8 for evacuation
[2026-04-19T22:10:18.236+0100][2.479s][info][gc,phases   ] GC(31)   Pre Evacuate Collection Set: 0.1ms
[2026-04-19T22:10:18.236+0100][2.479s][info][gc,phases   ] GC(31)   Merge Heap Roots: 0.0ms
[2026-04-19T22:10:18.236+0100][2.479s][info][gc,phases   ] GC(31)   Evacuate Collection Set: 0.3ms
[2026-04-19T22:10:18.236+0100][2.479s][info][gc,phases   ] GC(31)   Post Evacuate Collection Set: 0.1ms
[2026-04-19T22:10:18.236+0100][2.479s][info][gc,phases   ] GC(31)   Other: 0.0ms
[2026-04-19T22:10:18.237+0100][2.479s][info][gc,heap     ] GC(31) Eden regions: 112->0(112)
[2026-04-19T22:10:18.237+0100][2.479s][info][gc,heap     ] GC(31) Survivor regions: 1->1(15)
[2026-04-19T22:10:18.237+0100][2.479s][info][gc,heap     ] GC(31) Old regions: 6->6
[2026-04-19T22:10:18.237+0100][2.479s][info][gc,heap     ] GC(31) Humongous regions: 0->0
[2026-04-19T22:10:18.237+0100][2.479s][info][gc,metaspace] GC(31) Metaspace: 239K(448K)->239K(448K) NonClass: 227K(320K)->227K(320K) Class: 11K(128K)->11K(128K)
[2026-04-19T22:10:18.237+0100][2.479s][info][gc          ] GC(31) Pause Young (Normal) (G1 Evacuation Pause) 117M->5M(189M) 0.579ms
[2026-04-19T22:10:18.237+0100][2.479s][info][gc,cpu      ] GC(31) User=0.00s Sys=0.00s Real=0.00s
[2026-04-19T22:10:18.317+0100][2.559s][info][gc,start    ] GC(32) Pause Young (Normal) (G1 Evacuation Pause)
[2026-04-19T22:10:18.317+0100][2.560s][info][gc,task     ] GC(32) Using 4 workers of 8 for evacuation
[2026-04-19T22:10:18.317+0100][2.560s][info][gc,phases   ] GC(32)   Pre Evacuate Collection Set: 0.1ms
[2026-04-19T22:10:18.317+0100][2.560s][info][gc,phases   ] GC(32)   Merge Heap Roots: 0.0ms
[2026-04-19T22:10:18.317+0100][2.560s][info][gc,phases   ] GC(32)   Evacuate Collection Set: 0.3ms
[2026-04-19T22:10:18.317+0100][2.560s][info][gc,phases   ] GC(32)   Post Evacuate Collection Set: 0.1ms
[2026-04-19T22:10:18.317+0100][2.560s][info][gc,phases   ] GC(32)   Other: 0.0ms
[2026-04-19T22:10:18.317+0100][2.560s][info][gc,heap     ] GC(32) Eden regions: 112->0(112)
[2026-04-19T22:10:18.317+0100][2.560s][info][gc,heap     ] GC(32) Survivor regions: 1->1(15)
[2026-04-19T22:10:18.317+0100][2.560s][info][gc,heap     ] GC(32) Old regions: 6->6
[2026-04-19T22:10:18.317+0100][2.560s][info][gc,heap     ] GC(32) Humongous regions: 0->0
[2026-04-19T22:10:18.317+0100][2.560s][info][gc,metaspace] GC(32) Metaspace: 239K(448K)->239K(448K) NonClass: 227K(320K)->227K(320K) Class: 11K(128K)->11K(128K)
[2026-04-19T22:10:18.317+0100][2.560s][info][gc          ] GC(32) Pause Young (Normal) (G1 Evacuation Pause) 117M->5M(189M) 0.572ms
[2026-04-19T22:10:18.317+0100][2.560s][info][gc,cpu      ] GC(32) User=0.01s Sys=0.00s Real=0.00s
[2026-04-19T22:10:18.400+0100][2.642s][info][gc,start    ] GC(33) Pause Young (Normal) (G1 Evacuation Pause)
[2026-04-19T22:10:18.400+0100][2.642s][info][gc,task     ] GC(33) Using 4 workers of 8 for evacuation
[2026-04-19T22:10:18.400+0100][2.643s][info][gc,phases   ] GC(33)   Pre Evacuate Collection Set: 0.1ms
[2026-04-19T22:10:18.400+0100][2.643s][info][gc,phases   ] GC(33)   Merge Heap Roots: 0.0ms
[2026-04-19T22:10:18.400+0100][2.643s][info][gc,phases   ] GC(33)   Evacuate Collection Set: 0.3ms
[2026-04-19T22:10:18.400+0100][2.643s][info][gc,phases   ] GC(33)   Post Evacuate Collection Set: 0.1ms
[2026-04-19T22:10:18.400+0100][2.643s][info][gc,phases   ] GC(33)   Other: 0.0ms
[2026-04-19T22:10:18.400+0100][2.643s][info][gc,heap     ] GC(33) Eden regions: 112->0(112)
[2026-04-19T22:10:18.400+0100][2.643s][info][gc,heap     ] GC(33) Survivor regions: 1->1(15)
[2026-04-19T22:10:18.400+0100][2.643s][info][gc,heap     ] GC(33) Old regions: 6->6
[2026-04-19T22:10:18.400+0100][2.643s][info][gc,heap     ] GC(33) Humongous regions: 0->0
[2026-04-19T22:10:18.400+0100][2.643s][info][gc,metaspace] GC(33) Metaspace: 239K(448K)->239K(448K) NonClass: 227K(320K)->227K(320K) Class: 11K(128K)->11K(128K)
[2026-04-19T22:10:18.400+0100][2.643s][info][gc          ] GC(33) Pause Young (Normal) (G1 Evacuation Pause) 117M->5M(189M) 0.641ms
[2026-04-19T22:10:18.400+0100][2.643s][info][gc,cpu      ] GC(33) User=0.00s Sys=0.00s Real=0.00s
[2026-04-19T22:10:18.481+0100][2.723s][info][gc,start    ] GC(34) Pause Young (Normal) (G1 Evacuation Pause)
[2026-04-19T22:10:18.481+0100][2.723s][info][gc,task     ] GC(34) Using 4 workers of 8 for evacuation
[2026-04-19T22:10:18.481+0100][2.724s][info][gc,phases   ] GC(34)   Pre Evacuate Collection Set: 0.1ms
[2026-04-19T22:10:18.481+0100][2.724s][info][gc,phases   ] GC(34)   Merge Heap Roots: 0.0ms
[2026-04-19T22:10:18.481+0100][2.724s][info][gc,phases   ] GC(34)   Evacuate Collection Set: 0.3ms
[2026-04-19T22:10:18.481+0100][2.724s][info][gc,phases   ] GC(34)   Post Evacuate Collection Set: 0.1ms
[2026-04-19T22:10:18.481+0100][2.724s][info][gc,phases   ] GC(34)   Other: 0.0ms
[2026-04-19T22:10:18.481+0100][2.724s][info][gc,heap     ] GC(34) Eden regions: 112->0(112)
[2026-04-19T22:10:18.481+0100][2.724s][info][gc,heap     ] GC(34) Survivor regions: 1->1(15)
[2026-04-19T22:10:18.481+0100][2.724s][info][gc,heap     ] GC(34) Old regions: 6->6
[2026-04-19T22:10:18.481+0100][2.724s][info][gc,heap     ] GC(34) Humongous regions: 0->0
[2026-04-19T22:10:18.481+0100][2.724s][info][gc,metaspace] GC(34) Metaspace: 239K(448K)->239K(448K) NonClass: 227K(320K)->227K(320K) Class: 11K(128K)->11K(128K)
[2026-04-19T22:10:18.481+0100][2.724s][info][gc          ] GC(34) Pause Young (Normal) (G1 Evacuation Pause) 117M->5M(189M) 0.631ms
[2026-04-19T22:10:18.481+0100][2.724s][info][gc,cpu      ] GC(34) User=0.00s Sys=0.00s Real=0.00s
[2026-04-19T22:10:18.561+0100][2.804s][info][gc,start    ] GC(35) Pause Young (Normal) (G1 Evacuation Pause)
[2026-04-19T22:10:18.561+0100][2.804s][info][gc,task     ] GC(35) Using 4 workers of 8 for evacuation
[2026-04-19T22:10:18.562+0100][2.805s][info][gc,phases   ] GC(35)   Pre Evacuate Collection Set: 0.1ms
[2026-04-19T22:10:18.562+0100][2.805s][info][gc,phases   ] GC(35)   Merge Heap Roots: 0.0ms
[2026-04-19T22:10:18.562+0100][2.805s][info][gc,phases   ] GC(35)   Evacuate Collection Set: 0.3ms
[2026-04-19T22:10:18.562+0100][2.805s][info][gc,phases   ] GC(35)   Post Evacuate Collection Set: 0.1ms
[2026-04-19T22:10:18.562+0100][2.805s][info][gc,phases   ] GC(35)   Other: 0.0ms
[2026-04-19T22:10:18.562+0100][2.805s][info][gc,heap     ] GC(35) Eden regions: 112->0(112)
[2026-04-19T22:10:18.562+0100][2.805s][info][gc,heap     ] GC(35) Survivor regions: 1->1(15)
[2026-04-19T22:10:18.562+0100][2.805s][info][gc,heap     ] GC(35) Old regions: 6->6
[2026-04-19T22:10:18.562+0100][2.805s][info][gc,heap     ] GC(35) Humongous regions: 0->0
[2026-04-19T22:10:18.562+0100][2.805s][info][gc,metaspace] GC(35) Metaspace: 239K(448K)->239K(448K) NonClass: 227K(320K)->227K(320K) Class: 11K(128K)->11K(128K)
[2026-04-19T22:10:18.562+0100][2.805s][info][gc          ] GC(35) Pause Young (Normal) (G1 Evacuation Pause) 117M->5M(189M) 0.582ms
[2026-04-19T22:10:18.562+0100][2.805s][info][gc,cpu      ] GC(35) User=0.00s Sys=0.00s Real=0.00s
[2026-04-19T22:10:18.642+0100][2.885s][info][gc,start    ] GC(36) Pause Young (Normal) (G1 Evacuation Pause)
[2026-04-19T22:10:18.642+0100][2.885s][info][gc,task     ] GC(36) Using 4 workers of 8 for evacuation
[2026-04-19T22:10:18.643+0100][2.885s][info][gc,phases   ] GC(36)   Pre Evacuate Collection Set: 0.1ms
[2026-04-19T22:10:18.643+0100][2.885s][info][gc,phases   ] GC(36)   Merge Heap Roots: 0.0ms
[2026-04-19T22:10:18.643+0100][2.885s][info][gc,phases   ] GC(36)   Evacuate Collection Set: 0.3ms
[2026-04-19T22:10:18.643+0100][2.885s][info][gc,phases   ] GC(36)   Post Evacuate Collection Set: 0.1ms
[2026-04-19T22:10:18.643+0100][2.885s][info][gc,phases   ] GC(36)   Other: 0.0ms
[2026-04-19T22:10:18.643+0100][2.885s][info][gc,heap     ] GC(36) Eden regions: 112->0(112)
[2026-04-19T22:10:18.643+0100][2.885s][info][gc,heap     ] GC(36) Survivor regions: 1->1(15)
[2026-04-19T22:10:18.643+0100][2.885s][info][gc,heap     ] GC(36) Old regions: 6->6
[2026-04-19T22:10:18.643+0100][2.885s][info][gc,heap     ] GC(36) Humongous regions: 0->0
[2026-04-19T22:10:18.643+0100][2.885s][info][gc,metaspace] GC(36) Metaspace: 239K(448K)->239K(448K) NonClass: 227K(320K)->227K(320K) Class: 11K(128K)->11K(128K)
[2026-04-19T22:10:18.643+0100][2.885s][info][gc          ] GC(36) Pause Young (Normal) (G1 Evacuation Pause) 117M->5M(189M) 0.616ms
[2026-04-19T22:10:18.643+0100][2.885s][info][gc,cpu      ] GC(36) User=0.00s Sys=0.00s Real=0.00s
[2026-04-19T22:10:18.723+0100][2.965s][info][gc,start    ] GC(37) Pause Young (Normal) (G1 Evacuation Pause)
[2026-04-19T22:10:18.723+0100][2.966s][info][gc,task     ] GC(37) Using 4 workers of 8 for evacuation
[2026-04-19T22:10:18.723+0100][2.966s][info][gc,phases   ] GC(37)   Pre Evacuate Collection Set: 0.1ms
[2026-04-19T22:10:18.723+0100][2.966s][info][gc,phases   ] GC(37)   Merge Heap Roots: 0.0ms
[2026-04-19T22:10:18.723+0100][2.966s][info][gc,phases   ] GC(37)   Evacuate Collection Set: 0.3ms
[2026-04-19T22:10:18.723+0100][2.966s][info][gc,phases   ] GC(37)   Post Evacuate Collection Set: 0.1ms
[2026-04-19T22:10:18.723+0100][2.966s][info][gc,phases   ] GC(37)   Other: 0.0ms
[2026-04-19T22:10:18.723+0100][2.966s][info][gc,heap     ] GC(37) Eden regions: 112->0(112)
[2026-04-19T22:10:18.723+0100][2.966s][info][gc,heap     ] GC(37) Survivor regions: 1->1(15)
[2026-04-19T22:10:18.723+0100][2.966s][info][gc,heap     ] GC(37) Old regions: 6->6
[2026-04-19T22:10:18.723+0100][2.966s][info][gc,heap     ] GC(37) Humongous regions: 0->0
[2026-04-19T22:10:18.723+0100][2.966s][info][gc,metaspace] GC(37) Metaspace: 239K(448K)->239K(448K) NonClass: 227K(320K)->227K(320K) Class: 11K(128K)->11K(128K)
[2026-04-19T22:10:18.723+0100][2.966s][info][gc          ] GC(37) Pause Young (Normal) (G1 Evacuation Pause) 117M->5M(189M) 0.592ms
[2026-04-19T22:10:18.723+0100][2.966s][info][gc,cpu      ] GC(37) User=0.00s Sys=0.00s Real=0.00s
[2026-04-19T22:10:18.804+0100][3.046s][info][gc,start    ] GC(38) Pause Young (Normal) (G1 Evacuation Pause)
[2026-04-19T22:10:18.804+0100][3.046s][info][gc,task     ] GC(38) Using 4 workers of 8 for evacuation
[2026-04-19T22:10:18.804+0100][3.047s][info][gc,phases   ] GC(38)   Pre Evacuate Collection Set: 0.1ms
[2026-04-19T22:10:18.804+0100][3.047s][info][gc,phases   ] GC(38)   Merge Heap Roots: 0.0ms
[2026-04-19T22:10:18.804+0100][3.047s][info][gc,phases   ] GC(38)   Evacuate Collection Set: 0.3ms
[2026-04-19T22:10:18.804+0100][3.047s][info][gc,phases   ] GC(38)   Post Evacuate Collection Set: 0.1ms
[2026-04-19T22:10:18.804+0100][3.047s][info][gc,phases   ] GC(38)   Other: 0.0ms
[2026-04-19T22:10:18.804+0100][3.047s][info][gc,heap     ] GC(38) Eden regions: 112->0(112)
[2026-04-19T22:10:18.804+0100][3.047s][info][gc,heap     ] GC(38) Survivor regions: 1->1(15)
[2026-04-19T22:10:18.804+0100][3.047s][info][gc,heap     ] GC(38) Old regions: 6->6
[2026-04-19T22:10:18.804+0100][3.047s][info][gc,heap     ] GC(38) Humongous regions: 0->0
[2026-04-19T22:10:18.804+0100][3.047s][info][gc,metaspace] GC(38) Metaspace: 239K(448K)->239K(448K) NonClass: 227K(320K)->227K(320K) Class: 11K(128K)->11K(128K)
[2026-04-19T22:10:18.804+0100][3.047s][info][gc          ] GC(38) Pause Young (Normal) (G1 Evacuation Pause) 117M->5M(189M) 0.612ms
[2026-04-19T22:10:18.804+0100][3.047s][info][gc,cpu      ] GC(38) User=0.01s Sys=0.00s Real=0.00s
[2026-04-19T22:10:18.885+0100][3.127s][info][gc,start    ] GC(39) Pause Young (Normal) (G1 Evacuation Pause)
[2026-04-19T22:10:18.885+0100][3.127s][info][gc,task     ] GC(39) Using 4 workers of 8 for evacuation
[2026-04-19T22:10:18.885+0100][3.128s][info][gc,phases   ] GC(39)   Pre Evacuate Collection Set: 0.1ms
[2026-04-19T22:10:18.885+0100][3.128s][info][gc,phases   ] GC(39)   Merge Heap Roots: 0.0ms
[2026-04-19T22:10:18.885+0100][3.128s][info][gc,phases   ] GC(39)   Evacuate Collection Set: 0.3ms
[2026-04-19T22:10:18.885+0100][3.128s][info][gc,phases   ] GC(39)   Post Evacuate Collection Set: 0.1ms
[2026-04-19T22:10:18.885+0100][3.128s][info][gc,phases   ] GC(39)   Other: 0.0ms
[2026-04-19T22:10:18.885+0100][3.128s][info][gc,heap     ] GC(39) Eden regions: 112->0(112)
[2026-04-19T22:10:18.885+0100][3.128s][info][gc,heap     ] GC(39) Survivor regions: 1->1(15)
[2026-04-19T22:10:18.885+0100][3.128s][info][gc,heap     ] GC(39) Old regions: 6->6
[2026-04-19T22:10:18.885+0100][3.128s][info][gc,heap     ] GC(39) Humongous regions: 0->0
[2026-04-19T22:10:18.885+0100][3.128s][info][gc,metaspace] GC(39) Metaspace: 239K(448K)->239K(448K) NonClass: 227K(320K)->227K(320K) Class: 11K(128K)->11K(128K)
[2026-04-19T22:10:18.885+0100][3.128s][info][gc          ] GC(39) Pause Young (Normal) (G1 Evacuation Pause) 117M->5M(189M) 0.579ms
[2026-04-19T22:10:18.885+0100][3.128s][info][gc,cpu      ] GC(39) User=0.00s Sys=0.00s Real=0.00s
[2026-04-19T22:10:18.965+0100][3.208s][info][gc,start    ] GC(40) Pause Young (Normal) (G1 Evacuation Pause)
[2026-04-19T22:10:18.965+0100][3.208s][info][gc,task     ] GC(40) Using 4 workers of 8 for evacuation
[2026-04-19T22:10:18.965+0100][3.208s][info][gc,phases   ] GC(40)   Pre Evacuate Collection Set: 0.1ms
[2026-04-19T22:10:18.965+0100][3.208s][info][gc,phases   ] GC(40)   Merge Heap Roots: 0.0ms
[2026-04-19T22:10:18.965+0100][3.208s][info][gc,phases   ] GC(40)   Evacuate Collection Set: 0.3ms
[2026-04-19T22:10:18.965+0100][3.208s][info][gc,phases   ] GC(40)   Post Evacuate Collection Set: 0.1ms
[2026-04-19T22:10:18.965+0100][3.208s][info][gc,phases   ] GC(40)   Other: 0.0ms
[2026-04-19T22:10:18.965+0100][3.208s][info][gc,heap     ] GC(40) Eden regions: 112->0(112)
[2026-04-19T22:10:18.965+0100][3.208s][info][gc,heap     ] GC(40) Survivor regions: 1->1(15)
[2026-04-19T22:10:18.965+0100][3.208s][info][gc,heap     ] GC(40) Old regions: 6->6
[2026-04-19T22:10:18.965+0100][3.208s][info][gc,heap     ] GC(40) Humongous regions: 0->0
[2026-04-19T22:10:18.965+0100][3.208s][info][gc,metaspace] GC(40) Metaspace: 239K(448K)->239K(448K) NonClass: 227K(320K)->227K(320K) Class: 11K(128K)->11K(128K)
[2026-04-19T22:10:18.965+0100][3.208s][info][gc          ] GC(40) Pause Young (Normal) (G1 Evacuation Pause) 117M->5M(189M) 0.577ms
[2026-04-19T22:10:18.965+0100][3.208s][info][gc,cpu      ] GC(40) User=0.00s Sys=0.00s Real=0.00s
[2026-04-19T22:10:19.045+0100][3.288s][info][gc,start    ] GC(41) Pause Young (Normal) (G1 Evacuation Pause)
[2026-04-19T22:10:19.045+0100][3.288s][info][gc,task     ] GC(41) Using 4 workers of 8 for evacuation
[2026-04-19T22:10:19.046+0100][3.289s][info][gc,phases   ] GC(41)   Pre Evacuate Collection Set: 0.1ms
[2026-04-19T22:10:19.046+0100][3.289s][info][gc,phases   ] GC(41)   Merge Heap Roots: 0.0ms
[2026-04-19T22:10:19.046+0100][3.289s][info][gc,phases   ] GC(41)   Evacuate Collection Set: 0.3ms
[2026-04-19T22:10:19.046+0100][3.289s][info][gc,phases   ] GC(41)   Post Evacuate Collection Set: 0.1ms
[2026-04-19T22:10:19.046+0100][3.289s][info][gc,phases   ] GC(41)   Other: 0.0ms
[2026-04-19T22:10:19.046+0100][3.289s][info][gc,heap     ] GC(41) Eden regions: 112->0(112)
[2026-04-19T22:10:19.046+0100][3.289s][info][gc,heap     ] GC(41) Survivor regions: 1->1(15)
[2026-04-19T22:10:19.046+0100][3.289s][info][gc,heap     ] GC(41) Old regions: 6->6
[2026-04-19T22:10:19.046+0100][3.289s][info][gc,heap     ] GC(41) Humongous regions: 0->0
[2026-04-19T22:10:19.046+0100][3.289s][info][gc,metaspace] GC(41) Metaspace: 239K(448K)->239K(448K) NonClass: 227K(320K)->227K(320K) Class: 11K(128K)->11K(128K)
[2026-04-19T22:10:19.046+0100][3.289s][info][gc          ] GC(41) Pause Young (Normal) (G1 Evacuation Pause) 117M->5M(189M) 0.601ms
[2026-04-19T22:10:19.046+0100][3.289s][info][gc,cpu      ] GC(41) User=0.00s Sys=0.00s Real=0.00s
[2026-04-19T22:10:19.126+0100][3.368s][info][gc,start    ] GC(42) Pause Young (Normal) (G1 Evacuation Pause)
[2026-04-19T22:10:19.126+0100][3.368s][info][gc,task     ] GC(42) Using 4 workers of 8 for evacuation
[2026-04-19T22:10:19.126+0100][3.369s][info][gc,phases   ] GC(42)   Pre Evacuate Collection Set: 0.1ms
[2026-04-19T22:10:19.126+0100][3.369s][info][gc,phases   ] GC(42)   Merge Heap Roots: 0.0ms
[2026-04-19T22:10:19.126+0100][3.369s][info][gc,phases   ] GC(42)   Evacuate Collection Set: 0.3ms
[2026-04-19T22:10:19.126+0100][3.369s][info][gc,phases   ] GC(42)   Post Evacuate Collection Set: 0.1ms
[2026-04-19T22:10:19.126+0100][3.369s][info][gc,phases   ] GC(42)   Other: 0.0ms
[2026-04-19T22:10:19.126+0100][3.369s][info][gc,heap     ] GC(42) Eden regions: 112->0(112)
[2026-04-19T22:10:19.126+0100][3.369s][info][gc,heap     ] GC(42) Survivor regions: 1->1(15)
[2026-04-19T22:10:19.126+0100][3.369s][info][gc,heap     ] GC(42) Old regions: 6->6
[2026-04-19T22:10:19.126+0100][3.369s][info][gc,heap     ] GC(42) Humongous regions: 0->0
[2026-04-19T22:10:19.126+0100][3.369s][info][gc,metaspace] GC(42) Metaspace: 239K(448K)->239K(448K) NonClass: 227K(320K)->227K(320K) Class: 11K(128K)->11K(128K)
[2026-04-19T22:10:19.126+0100][3.369s][info][gc          ] GC(42) Pause Young (Normal) (G1 Evacuation Pause) 117M->5M(189M) 0.601ms
[2026-04-19T22:10:19.126+0100][3.369s][info][gc,cpu      ] GC(42) User=0.00s Sys=0.00s Real=0.00s
[2026-04-19T22:10:19.206+0100][3.449s][info][gc,start    ] GC(43) Pause Young (Normal) (G1 Evacuation Pause)
[2026-04-19T22:10:19.206+0100][3.449s][info][gc,task     ] GC(43) Using 4 workers of 8 for evacuation
[2026-04-19T22:10:19.207+0100][3.450s][info][gc,phases   ] GC(43)   Pre Evacuate Collection Set: 0.1ms
[2026-04-19T22:10:19.207+0100][3.450s][info][gc,phases   ] GC(43)   Merge Heap Roots: 0.0ms
[2026-04-19T22:10:19.207+0100][3.450s][info][gc,phases   ] GC(43)   Evacuate Collection Set: 0.3ms
[2026-04-19T22:10:19.207+0100][3.450s][info][gc,phases   ] GC(43)   Post Evacuate Collection Set: 0.1ms
[2026-04-19T22:10:19.207+0100][3.450s][info][gc,phases   ] GC(43)   Other: 0.0ms
[2026-04-19T22:10:19.207+0100][3.450s][info][gc,heap     ] GC(43) Eden regions: 112->0(112)
[2026-04-19T22:10:19.207+0100][3.450s][info][gc,heap     ] GC(43) Survivor regions: 1->1(15)
[2026-04-19T22:10:19.207+0100][3.450s][info][gc,heap     ] GC(43) Old regions: 6->6
[2026-04-19T22:10:19.207+0100][3.450s][info][gc,heap     ] GC(43) Humongous regions: 0->0
[2026-04-19T22:10:19.207+0100][3.450s][info][gc,metaspace] GC(43) Metaspace: 239K(448K)->239K(448K) NonClass: 227K(320K)->227K(320K) Class: 11K(128K)->11K(128K)
[2026-04-19T22:10:19.207+0100][3.450s][info][gc          ] GC(43) Pause Young (Normal) (G1 Evacuation Pause) 117M->5M(189M) 0.620ms
[2026-04-19T22:10:19.207+0100][3.450s][info][gc,cpu      ] GC(43) User=0.00s Sys=0.00s Real=0.00s
[2026-04-19T22:10:19.287+0100][3.530s][info][gc,start    ] GC(44) Pause Young (Normal) (G1 Evacuation Pause)
[2026-04-19T22:10:19.287+0100][3.530s][info][gc,task     ] GC(44) Using 4 workers of 8 for evacuation
[2026-04-19T22:10:19.288+0100][3.530s][info][gc,phases   ] GC(44)   Pre Evacuate Collection Set: 0.1ms
[2026-04-19T22:10:19.288+0100][3.530s][info][gc,phases   ] GC(44)   Merge Heap Roots: 0.0ms
[2026-04-19T22:10:19.288+0100][3.530s][info][gc,phases   ] GC(44)   Evacuate Collection Set: 0.3ms
[2026-04-19T22:10:19.288+0100][3.530s][info][gc,phases   ] GC(44)   Post Evacuate Collection Set: 0.1ms
[2026-04-19T22:10:19.288+0100][3.531s][info][gc,phases   ] GC(44)   Other: 0.0ms
[2026-04-19T22:10:19.288+0100][3.531s][info][gc,heap     ] GC(44) Eden regions: 112->0(112)
[2026-04-19T22:10:19.288+0100][3.531s][info][gc,heap     ] GC(44) Survivor regions: 1->1(15)
[2026-04-19T22:10:19.288+0100][3.531s][info][gc,heap     ] GC(44) Old regions: 6->6
[2026-04-19T22:10:19.288+0100][3.531s][info][gc,heap     ] GC(44) Humongous regions: 0->0
[2026-04-19T22:10:19.288+0100][3.531s][info][gc,metaspace] GC(44) Metaspace: 239K(448K)->239K(448K) NonClass: 227K(320K)->227K(320K) Class: 11K(128K)->11K(128K)
[2026-04-19T22:10:19.288+0100][3.531s][info][gc          ] GC(44) Pause Young (Normal) (G1 Evacuation Pause) 117M->5M(189M) 0.614ms
[2026-04-19T22:10:19.288+0100][3.531s][info][gc,cpu      ] GC(44) User=0.00s Sys=0.00s Real=0.00s
[2026-04-19T22:10:19.368+0100][3.610s][info][gc,start    ] GC(45) Pause Young (Normal) (G1 Evacuation Pause)
[2026-04-19T22:10:19.368+0100][3.610s][info][gc,task     ] GC(45) Using 4 workers of 8 for evacuation
[2026-04-19T22:10:19.368+0100][3.611s][info][gc,phases   ] GC(45)   Pre Evacuate Collection Set: 0.1ms
[2026-04-19T22:10:19.368+0100][3.611s][info][gc,phases   ] GC(45)   Merge Heap Roots: 0.0ms
[2026-04-19T22:10:19.368+0100][3.611s][info][gc,phases   ] GC(45)   Evacuate Collection Set: 0.3ms
[2026-04-19T22:10:19.368+0100][3.611s][info][gc,phases   ] GC(45)   Post Evacuate Collection Set: 0.1ms
[2026-04-19T22:10:19.368+0100][3.611s][info][gc,phases   ] GC(45)   Other: 0.0ms
[2026-04-19T22:10:19.368+0100][3.611s][info][gc,heap     ] GC(45) Eden regions: 112->0(112)
[2026-04-19T22:10:19.368+0100][3.611s][info][gc,heap     ] GC(45) Survivor regions: 1->1(15)
[2026-04-19T22:10:19.368+0100][3.611s][info][gc,heap     ] GC(45) Old regions: 6->6
[2026-04-19T22:10:19.368+0100][3.611s][info][gc,heap     ] GC(45) Humongous regions: 0->0
[2026-04-19T22:10:19.368+0100][3.611s][info][gc,metaspace] GC(45) Metaspace: 239K(448K)->239K(448K) NonClass: 227K(320K)->227K(320K) Class: 11K(128K)->11K(128K)
[2026-04-19T22:10:19.368+0100][3.611s][info][gc          ] GC(45) Pause Young (Normal) (G1 Evacuation Pause) 117M->5M(189M) 0.624ms
[2026-04-19T22:10:19.368+0100][3.611s][info][gc,cpu      ] GC(45) User=0.00s Sys=0.00s Real=0.00s
[2026-04-19T22:10:19.448+0100][3.691s][info][gc,start    ] GC(46) Pause Young (Normal) (G1 Evacuation Pause)
[2026-04-19T22:10:19.448+0100][3.691s][info][gc,task     ] GC(46) Using 4 workers of 8 for evacuation
[2026-04-19T22:10:19.449+0100][3.692s][info][gc,phases   ] GC(46)   Pre Evacuate Collection Set: 0.1ms
[2026-04-19T22:10:19.449+0100][3.692s][info][gc,phases   ] GC(46)   Merge Heap Roots: 0.0ms
[2026-04-19T22:10:19.449+0100][3.692s][info][gc,phases   ] GC(46)   Evacuate Collection Set: 0.3ms
[2026-04-19T22:10:19.449+0100][3.692s][info][gc,phases   ] GC(46)   Post Evacuate Collection Set: 0.1ms
[2026-04-19T22:10:19.449+0100][3.692s][info][gc,phases   ] GC(46)   Other: 0.0ms
[2026-04-19T22:10:19.449+0100][3.692s][info][gc,heap     ] GC(46) Eden regions: 112->0(112)
[2026-04-19T22:10:19.449+0100][3.692s][info][gc,heap     ] GC(46) Survivor regions: 1->1(15)
[2026-04-19T22:10:19.449+0100][3.692s][info][gc,heap     ] GC(46) Old regions: 6->6
[2026-04-19T22:10:19.449+0100][3.692s][info][gc,heap     ] GC(46) Humongous regions: 0->0
[2026-04-19T22:10:19.449+0100][3.692s][info][gc,metaspace] GC(46) Metaspace: 239K(448K)->239K(448K) NonClass: 227K(320K)->227K(320K) Class: 11K(128K)->11K(128K)
[2026-04-19T22:10:19.449+0100][3.692s][info][gc          ] GC(46) Pause Young (Normal) (G1 Evacuation Pause) 117M->5M(189M) 0.597ms
[2026-04-19T22:10:19.449+0100][3.692s][info][gc,cpu      ] GC(46) User=0.01s Sys=0.00s Real=0.00s
[2026-04-19T22:10:19.529+0100][3.771s][info][gc,start    ] GC(47) Pause Young (Normal) (G1 Evacuation Pause)
[2026-04-19T22:10:19.529+0100][3.771s][info][gc,task     ] GC(47) Using 4 workers of 8 for evacuation
[2026-04-19T22:10:19.529+0100][3.772s][info][gc,phases   ] GC(47)   Pre Evacuate Collection Set: 0.1ms
[2026-04-19T22:10:19.529+0100][3.772s][info][gc,phases   ] GC(47)   Merge Heap Roots: 0.0ms
[2026-04-19T22:10:19.529+0100][3.772s][info][gc,phases   ] GC(47)   Evacuate Collection Set: 0.3ms
[2026-04-19T22:10:19.529+0100][3.772s][info][gc,phases   ] GC(47)   Post Evacuate Collection Set: 0.1ms
[2026-04-19T22:10:19.529+0100][3.772s][info][gc,phases   ] GC(47)   Other: 0.0ms
[2026-04-19T22:10:19.529+0100][3.772s][info][gc,heap     ] GC(47) Eden regions: 112->0(112)
[2026-04-19T22:10:19.529+0100][3.772s][info][gc,heap     ] GC(47) Survivor regions: 1->1(15)
[2026-04-19T22:10:19.529+0100][3.772s][info][gc,heap     ] GC(47) Old regions: 6->6
[2026-04-19T22:10:19.529+0100][3.772s][info][gc,heap     ] GC(47) Humongous regions: 0->0
[2026-04-19T22:10:19.529+0100][3.772s][info][gc,metaspace] GC(47) Metaspace: 239K(448K)->239K(448K) NonClass: 227K(320K)->227K(320K) Class: 11K(128K)->11K(128K)
[2026-04-19T22:10:19.529+0100][3.772s][info][gc          ] GC(47) Pause Young (Normal) (G1 Evacuation Pause) 117M->5M(189M) 0.598ms
[2026-04-19T22:10:19.529+0100][3.772s][info][gc,cpu      ] GC(47) User=0.01s Sys=0.00s Real=0.00s
[2026-04-19T22:10:19.609+0100][3.852s][info][gc,start    ] GC(48) Pause Young (Normal) (G1 Evacuation Pause)
[2026-04-19T22:10:19.609+0100][3.852s][info][gc,task     ] GC(48) Using 4 workers of 8 for evacuation
[2026-04-19T22:10:19.610+0100][3.852s][info][gc,phases   ] GC(48)   Pre Evacuate Collection Set: 0.1ms
[2026-04-19T22:10:19.610+0100][3.853s][info][gc,phases   ] GC(48)   Merge Heap Roots: 0.0ms
[2026-04-19T22:10:19.610+0100][3.853s][info][gc,phases   ] GC(48)   Evacuate Collection Set: 0.3ms
[2026-04-19T22:10:19.610+0100][3.853s][info][gc,phases   ] GC(48)   Post Evacuate Collection Set: 0.1ms
[2026-04-19T22:10:19.610+0100][3.853s][info][gc,phases   ] GC(48)   Other: 0.0ms
[2026-04-19T22:10:19.610+0100][3.853s][info][gc,heap     ] GC(48) Eden regions: 112->0(112)
[2026-04-19T22:10:19.610+0100][3.853s][info][gc,heap     ] GC(48) Survivor regions: 1->1(15)
[2026-04-19T22:10:19.610+0100][3.853s][info][gc,heap     ] GC(48) Old regions: 6->6
[2026-04-19T22:10:19.610+0100][3.853s][info][gc,heap     ] GC(48) Humongous regions: 0->0
[2026-04-19T22:10:19.610+0100][3.853s][info][gc,metaspace] GC(48) Metaspace: 239K(448K)->239K(448K) NonClass: 227K(320K)->227K(320K) Class: 11K(128K)->11K(128K)
[2026-04-19T22:10:19.610+0100][3.853s][info][gc          ] GC(48) Pause Young (Normal) (G1 Evacuation Pause) 117M->5M(189M) 0.592ms
[2026-04-19T22:10:19.610+0100][3.853s][info][gc,cpu      ] GC(48) User=0.00s Sys=0.00s Real=0.01s
[2026-04-19T22:10:19.690+0100][3.933s][info][gc,start    ] GC(49) Pause Young (Normal) (G1 Evacuation Pause)
[2026-04-19T22:10:19.690+0100][3.933s][info][gc,task     ] GC(49) Using 4 workers of 8 for evacuation
[2026-04-19T22:10:19.690+0100][3.933s][info][gc,phases   ] GC(49)   Pre Evacuate Collection Set: 0.1ms
[2026-04-19T22:10:19.690+0100][3.933s][info][gc,phases   ] GC(49)   Merge Heap Roots: 0.0ms
[2026-04-19T22:10:19.690+0100][3.933s][info][gc,phases   ] GC(49)   Evacuate Collection Set: 0.3ms
[2026-04-19T22:10:19.690+0100][3.933s][info][gc,phases   ] GC(49)   Post Evacuate Collection Set: 0.1ms
[2026-04-19T22:10:19.690+0100][3.933s][info][gc,phases   ] GC(49)   Other: 0.0ms
[2026-04-19T22:10:19.690+0100][3.933s][info][gc,heap     ] GC(49) Eden regions: 112->0(112)
[2026-04-19T22:10:19.690+0100][3.933s][info][gc,heap     ] GC(49) Survivor regions: 1->1(15)
[2026-04-19T22:10:19.690+0100][3.933s][info][gc,heap     ] GC(49) Old regions: 6->6
[2026-04-19T22:10:19.690+0100][3.933s][info][gc,heap     ] GC(49) Humongous regions: 0->0
[2026-04-19T22:10:19.690+0100][3.933s][info][gc,metaspace] GC(49) Metaspace: 239K(448K)->239K(448K) NonClass: 227K(320K)->227K(320K) Class: 11K(128K)->11K(128K)
[2026-04-19T22:10:19.691+0100][3.933s][info][gc          ] GC(49) Pause Young (Normal) (G1 Evacuation Pause) 117M->5M(189M) 0.580ms
[2026-04-19T22:10:19.691+0100][3.933s][info][gc,cpu      ] GC(49) User=0.00s Sys=0.00s Real=0.00s
[2026-04-19T22:10:19.770+0100][4.013s][info][gc,start    ] GC(50) Pause Young (Normal) (G1 Evacuation Pause)
[2026-04-19T22:10:19.770+0100][4.013s][info][gc,task     ] GC(50) Using 4 workers of 8 for evacuation
[2026-04-19T22:10:19.771+0100][4.013s][info][gc,phases   ] GC(50)   Pre Evacuate Collection Set: 0.1ms
[2026-04-19T22:10:19.771+0100][4.013s][info][gc,phases   ] GC(50)   Merge Heap Roots: 0.0ms
[2026-04-19T22:10:19.771+0100][4.013s][info][gc,phases   ] GC(50)   Evacuate Collection Set: 0.3ms
[2026-04-19T22:10:19.771+0100][4.013s][info][gc,phases   ] GC(50)   Post Evacuate Collection Set: 0.1ms
[2026-04-19T22:10:19.771+0100][4.013s][info][gc,phases   ] GC(50)   Other: 0.0ms
[2026-04-19T22:10:19.771+0100][4.013s][info][gc,heap     ] GC(50) Eden regions: 112->0(112)
[2026-04-19T22:10:19.771+0100][4.013s][info][gc,heap     ] GC(50) Survivor regions: 1->1(15)
[2026-04-19T22:10:19.771+0100][4.013s][info][gc,heap     ] GC(50) Old regions: 6->6
[2026-04-19T22:10:19.771+0100][4.013s][info][gc,heap     ] GC(50) Humongous regions: 0->0
[2026-04-19T22:10:19.771+0100][4.013s][info][gc,metaspace] GC(50) Metaspace: 239K(448K)->239K(448K) NonClass: 227K(320K)->227K(320K) Class: 11K(128K)->11K(128K)
[2026-04-19T22:10:19.771+0100][4.013s][info][gc          ] GC(50) Pause Young (Normal) (G1 Evacuation Pause) 117M->5M(189M) 0.601ms
[2026-04-19T22:10:19.771+0100][4.013s][info][gc,cpu      ] GC(50) User=0.00s Sys=0.00s Real=0.00s
[2026-04-19T22:10:19.851+0100][4.094s][info][gc,start    ] GC(51) Pause Young (Normal) (G1 Evacuation Pause)
[2026-04-19T22:10:19.851+0100][4.094s][info][gc,task     ] GC(51) Using 4 workers of 8 for evacuation
[2026-04-19T22:10:19.852+0100][4.094s][info][gc,phases   ] GC(51)   Pre Evacuate Collection Set: 0.1ms
[2026-04-19T22:10:19.852+0100][4.094s][info][gc,phases   ] GC(51)   Merge Heap Roots: 0.0ms
[2026-04-19T22:10:19.852+0100][4.094s][info][gc,phases   ] GC(51)   Evacuate Collection Set: 0.3ms
[2026-04-19T22:10:19.852+0100][4.094s][info][gc,phases   ] GC(51)   Post Evacuate Collection Set: 0.1ms
[2026-04-19T22:10:19.852+0100][4.094s][info][gc,phases   ] GC(51)   Other: 0.0ms
[2026-04-19T22:10:19.852+0100][4.094s][info][gc,heap     ] GC(51) Eden regions: 112->0(112)
[2026-04-19T22:10:19.852+0100][4.094s][info][gc,heap     ] GC(51) Survivor regions: 1->1(15)
[2026-04-19T22:10:19.852+0100][4.094s][info][gc,heap     ] GC(51) Old regions: 6->6
[2026-04-19T22:10:19.852+0100][4.094s][info][gc,heap     ] GC(51) Humongous regions: 0->0
[2026-04-19T22:10:19.852+0100][4.094s][info][gc,metaspace] GC(51) Metaspace: 239K(448K)->239K(448K) NonClass: 227K(320K)->227K(320K) Class: 11K(128K)->11K(128K)
[2026-04-19T22:10:19.852+0100][4.094s][info][gc          ] GC(51) Pause Young (Normal) (G1 Evacuation Pause) 117M->5M(189M) 0.645ms
[2026-04-19T22:10:19.852+0100][4.094s][info][gc,cpu      ] GC(51) User=0.00s Sys=0.00s Real=0.00s
[2026-04-19T22:10:19.931+0100][4.174s][info][gc,start    ] GC(52) Pause Young (Normal) (G1 Evacuation Pause)
[2026-04-19T22:10:19.931+0100][4.174s][info][gc,task     ] GC(52) Using 4 workers of 8 for evacuation
[2026-04-19T22:10:19.932+0100][4.174s][info][gc,phases   ] GC(52)   Pre Evacuate Collection Set: 0.1ms
[2026-04-19T22:10:19.932+0100][4.174s][info][gc,phases   ] GC(52)   Merge Heap Roots: 0.0ms
[2026-04-19T22:10:19.932+0100][4.174s][info][gc,phases   ] GC(52)   Evacuate Collection Set: 0.3ms
[2026-04-19T22:10:19.932+0100][4.175s][info][gc,phases   ] GC(52)   Post Evacuate Collection Set: 0.1ms
[2026-04-19T22:10:19.932+0100][4.175s][info][gc,phases   ] GC(52)   Other: 0.0ms
[2026-04-19T22:10:19.932+0100][4.175s][info][gc,heap     ] GC(52) Eden regions: 112->0(112)
[2026-04-19T22:10:19.932+0100][4.175s][info][gc,heap     ] GC(52) Survivor regions: 1->1(15)
[2026-04-19T22:10:19.932+0100][4.175s][info][gc,heap     ] GC(52) Old regions: 6->6
[2026-04-19T22:10:19.932+0100][4.175s][info][gc,heap     ] GC(52) Humongous regions: 0->0
[2026-04-19T22:10:19.932+0100][4.175s][info][gc,metaspace] GC(52) Metaspace: 239K(448K)->239K(448K) NonClass: 227K(320K)->227K(320K) Class: 11K(128K)->11K(128K)
[2026-04-19T22:10:19.932+0100][4.175s][info][gc          ] GC(52) Pause Young (Normal) (G1 Evacuation Pause) 117M->5M(189M) 0.620ms
[2026-04-19T22:10:19.932+0100][4.175s][info][gc,cpu      ] GC(52) User=0.00s Sys=0.00s Real=0.00s
[2026-04-19T22:10:20.012+0100][4.255s][info][gc,start    ] GC(53) Pause Young (Normal) (G1 Evacuation Pause)
[2026-04-19T22:10:20.012+0100][4.255s][info][gc,task     ] GC(53) Using 4 workers of 8 for evacuation
[2026-04-19T22:10:20.012+0100][4.255s][info][gc,phases   ] GC(53)   Pre Evacuate Collection Set: 0.1ms
[2026-04-19T22:10:20.012+0100][4.255s][info][gc,phases   ] GC(53)   Merge Heap Roots: 0.0ms
[2026-04-19T22:10:20.012+0100][4.255s][info][gc,phases   ] GC(53)   Evacuate Collection Set: 0.3ms
[2026-04-19T22:10:20.012+0100][4.255s][info][gc,phases   ] GC(53)   Post Evacuate Collection Set: 0.1ms
[2026-04-19T22:10:20.012+0100][4.255s][info][gc,phases   ] GC(53)   Other: 0.0ms
[2026-04-19T22:10:20.012+0100][4.255s][info][gc,heap     ] GC(53) Eden regions: 112->0(112)
[2026-04-19T22:10:20.012+0100][4.255s][info][gc,heap     ] GC(53) Survivor regions: 1->1(15)
[2026-04-19T22:10:20.012+0100][4.255s][info][gc,heap     ] GC(53) Old regions: 6->6
[2026-04-19T22:10:20.012+0100][4.255s][info][gc,heap     ] GC(53) Humongous regions: 0->0
[2026-04-19T22:10:20.012+0100][4.255s][info][gc,metaspace] GC(53) Metaspace: 239K(448K)->239K(448K) NonClass: 227K(320K)->227K(320K) Class: 11K(128K)->11K(128K)
[2026-04-19T22:10:20.012+0100][4.255s][info][gc          ] GC(53) Pause Young (Normal) (G1 Evacuation Pause) 117M->5M(189M) 0.570ms
[2026-04-19T22:10:20.012+0100][4.255s][info][gc,cpu      ] GC(53) User=0.00s Sys=0.00s Real=0.00s
[2026-04-19T22:10:20.092+0100][4.335s][info][gc,start    ] GC(54) Pause Young (Normal) (G1 Evacuation Pause)
[2026-04-19T22:10:20.092+0100][4.335s][info][gc,task     ] GC(54) Using 4 workers of 8 for evacuation
[2026-04-19T22:10:20.093+0100][4.336s][info][gc,phases   ] GC(54)   Pre Evacuate Collection Set: 0.1ms
[2026-04-19T22:10:20.093+0100][4.336s][info][gc,phases   ] GC(54)   Merge Heap Roots: 0.0ms
[2026-04-19T22:10:20.093+0100][4.336s][info][gc,phases   ] GC(54)   Evacuate Collection Set: 0.3ms
[2026-04-19T22:10:20.093+0100][4.336s][info][gc,phases   ] GC(54)   Post Evacuate Collection Set: 0.1ms
[2026-04-19T22:10:20.093+0100][4.336s][info][gc,phases   ] GC(54)   Other: 0.0ms
[2026-04-19T22:10:20.093+0100][4.336s][info][gc,heap     ] GC(54) Eden regions: 112->0(112)
[2026-04-19T22:10:20.093+0100][4.336s][info][gc,heap     ] GC(54) Survivor regions: 1->1(15)
[2026-04-19T22:10:20.093+0100][4.336s][info][gc,heap     ] GC(54) Old regions: 6->6
[2026-04-19T22:10:20.093+0100][4.336s][info][gc,heap     ] GC(54) Humongous regions: 0->0
[2026-04-19T22:10:20.093+0100][4.336s][info][gc,metaspace] GC(54) Metaspace: 239K(448K)->239K(448K) NonClass: 227K(320K)->227K(320K) Class: 11K(128K)->11K(128K)
[2026-04-19T22:10:20.093+0100][4.336s][info][gc          ] GC(54) Pause Young (Normal) (G1 Evacuation Pause) 117M->5M(189M) 0.583ms
[2026-04-19T22:10:20.093+0100][4.336s][info][gc,cpu      ] GC(54) User=0.00s Sys=0.00s Real=0.00s
[2026-04-19T22:10:20.173+0100][4.416s][info][gc,start    ] GC(55) Pause Young (Normal) (G1 Evacuation Pause)
[2026-04-19T22:10:20.173+0100][4.416s][info][gc,task     ] GC(55) Using 4 workers of 8 for evacuation
[2026-04-19T22:10:20.173+0100][4.416s][info][gc,phases   ] GC(55)   Pre Evacuate Collection Set: 0.1ms
[2026-04-19T22:10:20.173+0100][4.416s][info][gc,phases   ] GC(55)   Merge Heap Roots: 0.0ms
[2026-04-19T22:10:20.173+0100][4.416s][info][gc,phases   ] GC(55)   Evacuate Collection Set: 0.3ms
[2026-04-19T22:10:20.173+0100][4.416s][info][gc,phases   ] GC(55)   Post Evacuate Collection Set: 0.1ms
[2026-04-19T22:10:20.173+0100][4.416s][info][gc,phases   ] GC(55)   Other: 0.0ms
[2026-04-19T22:10:20.173+0100][4.416s][info][gc,heap     ] GC(55) Eden regions: 112->0(112)
[2026-04-19T22:10:20.173+0100][4.416s][info][gc,heap     ] GC(55) Survivor regions: 1->1(15)
[2026-04-19T22:10:20.173+0100][4.416s][info][gc,heap     ] GC(55) Old regions: 6->6
[2026-04-19T22:10:20.173+0100][4.416s][info][gc,heap     ] GC(55) Humongous regions: 0->0
[2026-04-19T22:10:20.173+0100][4.416s][info][gc,metaspace] GC(55) Metaspace: 239K(448K)->239K(448K) NonClass: 227K(320K)->227K(320K) Class: 11K(128K)->11K(128K)
[2026-04-19T22:10:20.173+0100][4.416s][info][gc          ] GC(55) Pause Young (Normal) (G1 Evacuation Pause) 117M->5M(189M) 0.576ms
[2026-04-19T22:10:20.173+0100][4.416s][info][gc,cpu      ] GC(55) User=0.01s Sys=0.00s Real=0.00s
[2026-04-19T22:10:20.253+0100][4.496s][info][gc,start    ] GC(56) Pause Young (Normal) (G1 Evacuation Pause)
[2026-04-19T22:10:20.254+0100][4.496s][info][gc,task     ] GC(56) Using 4 workers of 8 for evacuation
[2026-04-19T22:10:20.254+0100][4.497s][info][gc,phases   ] GC(56)   Pre Evacuate Collection Set: 0.1ms
[2026-04-19T22:10:20.254+0100][4.497s][info][gc,phases   ] GC(56)   Merge Heap Roots: 0.0ms
[2026-04-19T22:10:20.254+0100][4.497s][info][gc,phases   ] GC(56)   Evacuate Collection Set: 0.3ms
[2026-04-19T22:10:20.254+0100][4.497s][info][gc,phases   ] GC(56)   Post Evacuate Collection Set: 0.1ms
[2026-04-19T22:10:20.254+0100][4.497s][info][gc,phases   ] GC(56)   Other: 0.0ms
[2026-04-19T22:10:20.254+0100][4.497s][info][gc,heap     ] GC(56) Eden regions: 112->0(112)
[2026-04-19T22:10:20.254+0100][4.497s][info][gc,heap     ] GC(56) Survivor regions: 1->1(15)
[2026-04-19T22:10:20.254+0100][4.497s][info][gc,heap     ] GC(56) Old regions: 6->6
[2026-04-19T22:10:20.254+0100][4.497s][info][gc,heap     ] GC(56) Humongous regions: 0->0
[2026-04-19T22:10:20.254+0100][4.497s][info][gc,metaspace] GC(56) Metaspace: 239K(448K)->239K(448K) NonClass: 227K(320K)->227K(320K) Class: 11K(128K)->11K(128K)
[2026-04-19T22:10:20.254+0100][4.497s][info][gc          ] GC(56) Pause Young (Normal) (G1 Evacuation Pause) 117M->5M(189M) 0.571ms
[2026-04-19T22:10:20.254+0100][4.497s][info][gc,cpu      ] GC(56) User=0.00s Sys=0.00s Real=0.00s
[2026-04-19T22:10:20.334+0100][4.577s][info][gc,start    ] GC(57) Pause Young (Normal) (G1 Evacuation Pause)
[2026-04-19T22:10:20.334+0100][4.577s][info][gc,task     ] GC(57) Using 4 workers of 8 for evacuation
[2026-04-19T22:10:20.334+0100][4.577s][info][gc,phases   ] GC(57)   Pre Evacuate Collection Set: 0.1ms
[2026-04-19T22:10:20.334+0100][4.577s][info][gc,phases   ] GC(57)   Merge Heap Roots: 0.0ms
[2026-04-19T22:10:20.334+0100][4.577s][info][gc,phases   ] GC(57)   Evacuate Collection Set: 0.3ms
[2026-04-19T22:10:20.334+0100][4.577s][info][gc,phases   ] GC(57)   Post Evacuate Collection Set: 0.1ms
[2026-04-19T22:10:20.334+0100][4.577s][info][gc,phases   ] GC(57)   Other: 0.0ms
[2026-04-19T22:10:20.334+0100][4.577s][info][gc,heap     ] GC(57) Eden regions: 112->0(112)
[2026-04-19T22:10:20.334+0100][4.577s][info][gc,heap     ] GC(57) Survivor regions: 1->1(15)
[2026-04-19T22:10:20.334+0100][4.577s][info][gc,heap     ] GC(57) Old regions: 6->6
[2026-04-19T22:10:20.334+0100][4.577s][info][gc,heap     ] GC(57) Humongous regions: 0->0
[2026-04-19T22:10:20.334+0100][4.577s][info][gc,metaspace] GC(57) Metaspace: 239K(448K)->239K(448K) NonClass: 227K(320K)->227K(320K) Class: 11K(128K)->11K(128K)
[2026-04-19T22:10:20.334+0100][4.577s][info][gc          ] GC(57) Pause Young (Normal) (G1 Evacuation Pause) 117M->5M(189M) 0.578ms
[2026-04-19T22:10:20.334+0100][4.577s][info][gc,cpu      ] GC(57) User=0.00s Sys=0.00s Real=0.00s
[2026-04-19T22:10:20.414+0100][4.657s][info][gc,start    ] GC(58) Pause Young (Normal) (G1 Evacuation Pause)
[2026-04-19T22:10:20.414+0100][4.657s][info][gc,task     ] GC(58) Using 4 workers of 8 for evacuation
[2026-04-19T22:10:20.415+0100][4.658s][info][gc,phases   ] GC(58)   Pre Evacuate Collection Set: 0.1ms
[2026-04-19T22:10:20.415+0100][4.658s][info][gc,phases   ] GC(58)   Merge Heap Roots: 0.0ms
[2026-04-19T22:10:20.415+0100][4.658s][info][gc,phases   ] GC(58)   Evacuate Collection Set: 0.3ms
[2026-04-19T22:10:20.415+0100][4.658s][info][gc,phases   ] GC(58)   Post Evacuate Collection Set: 0.1ms
[2026-04-19T22:10:20.415+0100][4.658s][info][gc,phases   ] GC(58)   Other: 0.0ms
[2026-04-19T22:10:20.415+0100][4.658s][info][gc,heap     ] GC(58) Eden regions: 112->0(112)
[2026-04-19T22:10:20.415+0100][4.658s][info][gc,heap     ] GC(58) Survivor regions: 1->1(15)
[2026-04-19T22:10:20.415+0100][4.658s][info][gc,heap     ] GC(58) Old regions: 6->6
[2026-04-19T22:10:20.415+0100][4.658s][info][gc,heap     ] GC(58) Humongous regions: 0->0
[2026-04-19T22:10:20.415+0100][4.658s][info][gc,metaspace] GC(58) Metaspace: 239K(448K)->239K(448K) NonClass: 227K(320K)->227K(320K) Class: 11K(128K)->11K(128K)
[2026-04-19T22:10:20.415+0100][4.658s][info][gc          ] GC(58) Pause Young (Normal) (G1 Evacuation Pause) 117M->5M(189M) 0.613ms
[2026-04-19T22:10:20.415+0100][4.658s][info][gc,cpu      ] GC(58) User=0.00s Sys=0.00s Real=0.00s
[2026-04-19T22:10:20.496+0100][4.739s][info][gc,start    ] GC(59) Pause Young (Normal) (G1 Evacuation Pause)
[2026-04-19T22:10:20.496+0100][4.739s][info][gc,task     ] GC(59) Using 4 workers of 8 for evacuation
[2026-04-19T22:10:20.497+0100][4.739s][info][gc,phases   ] GC(59)   Pre Evacuate Collection Set: 0.1ms
[2026-04-19T22:10:20.497+0100][4.739s][info][gc,phases   ] GC(59)   Merge Heap Roots: 0.0ms
[2026-04-19T22:10:20.497+0100][4.739s][info][gc,phases   ] GC(59)   Evacuate Collection Set: 0.3ms
[2026-04-19T22:10:20.497+0100][4.739s][info][gc,phases   ] GC(59)   Post Evacuate Collection Set: 0.1ms
[2026-04-19T22:10:20.497+0100][4.739s][info][gc,phases   ] GC(59)   Other: 0.0ms
[2026-04-19T22:10:20.497+0100][4.739s][info][gc,heap     ] GC(59) Eden regions: 112->0(112)
[2026-04-19T22:10:20.497+0100][4.739s][info][gc,heap     ] GC(59) Survivor regions: 1->1(15)
[2026-04-19T22:10:20.497+0100][4.739s][info][gc,heap     ] GC(59) Old regions: 6->6
[2026-04-19T22:10:20.497+0100][4.739s][info][gc,heap     ] GC(59) Humongous regions: 0->0
[2026-04-19T22:10:20.497+0100][4.739s][info][gc,metaspace] GC(59) Metaspace: 239K(448K)->239K(448K) NonClass: 227K(320K)->227K(320K) Class: 11K(128K)->11K(128K)
[2026-04-19T22:10:20.497+0100][4.739s][info][gc          ] GC(59) Pause Young (Normal) (G1 Evacuation Pause) 117M->5M(189M) 0.609ms
[2026-04-19T22:10:20.497+0100][4.739s][info][gc,cpu      ] GC(59) User=0.00s Sys=0.00s Real=0.00s
[2026-04-19T22:10:20.577+0100][4.820s][info][gc,start    ] GC(60) Pause Young (Normal) (G1 Evacuation Pause)
[2026-04-19T22:10:20.577+0100][4.820s][info][gc,task     ] GC(60) Using 4 workers of 8 for evacuation
[2026-04-19T22:10:20.578+0100][4.820s][info][gc,phases   ] GC(60)   Pre Evacuate Collection Set: 0.1ms
[2026-04-19T22:10:20.578+0100][4.820s][info][gc,phases   ] GC(60)   Merge Heap Roots: 0.0ms
[2026-04-19T22:10:20.578+0100][4.820s][info][gc,phases   ] GC(60)   Evacuate Collection Set: 0.3ms
[2026-04-19T22:10:20.578+0100][4.820s][info][gc,phases   ] GC(60)   Post Evacuate Collection Set: 0.1ms
[2026-04-19T22:10:20.578+0100][4.820s][info][gc,phases   ] GC(60)   Other: 0.0ms
[2026-04-19T22:10:20.578+0100][4.820s][info][gc,heap     ] GC(60) Eden regions: 112->0(112)
[2026-04-19T22:10:20.578+0100][4.820s][info][gc,heap     ] GC(60) Survivor regions: 1->1(15)
[2026-04-19T22:10:20.578+0100][4.820s][info][gc,heap     ] GC(60) Old regions: 6->6
[2026-04-19T22:10:20.578+0100][4.820s][info][gc,heap     ] GC(60) Humongous regions: 0->0
[2026-04-19T22:10:20.578+0100][4.820s][info][gc,metaspace] GC(60) Metaspace: 239K(448K)->239K(448K) NonClass: 227K(320K)->227K(320K) Class: 11K(128K)->11K(128K)
[2026-04-19T22:10:20.578+0100][4.820s][info][gc          ] GC(60) Pause Young (Normal) (G1 Evacuation Pause) 117M->5M(189M) 0.597ms
[2026-04-19T22:10:20.578+0100][4.820s][info][gc,cpu      ] GC(60) User=0.00s Sys=0.00s Real=0.00s
[2026-04-19T22:10:20.658+0100][4.900s][info][gc,start    ] GC(61) Pause Young (Normal) (G1 Evacuation Pause)
[2026-04-19T22:10:20.658+0100][4.900s][info][gc,task     ] GC(61) Using 4 workers of 8 for evacuation
[2026-04-19T22:10:20.658+0100][4.901s][info][gc,phases   ] GC(61)   Pre Evacuate Collection Set: 0.1ms
[2026-04-19T22:10:20.658+0100][4.901s][info][gc,phases   ] GC(61)   Merge Heap Roots: 0.0ms
[2026-04-19T22:10:20.658+0100][4.901s][info][gc,phases   ] GC(61)   Evacuate Collection Set: 0.3ms
[2026-04-19T22:10:20.658+0100][4.901s][info][gc,phases   ] GC(61)   Post Evacuate Collection Set: 0.1ms
[2026-04-19T22:10:20.658+0100][4.901s][info][gc,phases   ] GC(61)   Other: 0.0ms
[2026-04-19T22:10:20.658+0100][4.901s][info][gc,heap     ] GC(61) Eden regions: 112->0(112)
[2026-04-19T22:10:20.658+0100][4.901s][info][gc,heap     ] GC(61) Survivor regions: 1->1(15)
[2026-04-19T22:10:20.658+0100][4.901s][info][gc,heap     ] GC(61) Old regions: 6->6
[2026-04-19T22:10:20.658+0100][4.901s][info][gc,heap     ] GC(61) Humongous regions: 0->0
[2026-04-19T22:10:20.658+0100][4.901s][info][gc,metaspace] GC(61) Metaspace: 239K(448K)->239K(448K) NonClass: 227K(320K)->227K(320K) Class: 11K(128K)->11K(128K)
[2026-04-19T22:10:20.658+0100][4.901s][info][gc          ] GC(61) Pause Young (Normal) (G1 Evacuation Pause) 117M->5M(189M) 0.592ms
[2026-04-19T22:10:20.658+0100][4.901s][info][gc,cpu      ] GC(61) User=0.00s Sys=0.00s Real=0.00s
[2026-04-19T22:10:20.738+0100][4.981s][info][gc,start    ] GC(62) Pause Young (Normal) (G1 Evacuation Pause)
[2026-04-19T22:10:20.738+0100][4.981s][info][gc,task     ] GC(62) Using 4 workers of 8 for evacuation
[2026-04-19T22:10:20.738+0100][4.981s][info][gc,phases   ] GC(62)   Pre Evacuate Collection Set: 0.1ms
[2026-04-19T22:10:20.739+0100][4.981s][info][gc,phases   ] GC(62)   Merge Heap Roots: 0.0ms
[2026-04-19T22:10:20.739+0100][4.981s][info][gc,phases   ] GC(62)   Evacuate Collection Set: 0.3ms
[2026-04-19T22:10:20.739+0100][4.981s][info][gc,phases   ] GC(62)   Post Evacuate Collection Set: 0.1ms
[2026-04-19T22:10:20.739+0100][4.981s][info][gc,phases   ] GC(62)   Other: 0.0ms
[2026-04-19T22:10:20.739+0100][4.981s][info][gc,heap     ] GC(62) Eden regions: 112->0(112)
[2026-04-19T22:10:20.739+0100][4.981s][info][gc,heap     ] GC(62) Survivor regions: 1->1(15)
[2026-04-19T22:10:20.739+0100][4.981s][info][gc,heap     ] GC(62) Old regions: 6->6
[2026-04-19T22:10:20.739+0100][4.981s][info][gc,heap     ] GC(62) Humongous regions: 0->0
[2026-04-19T22:10:20.739+0100][4.981s][info][gc,metaspace] GC(62) Metaspace: 239K(448K)->239K(448K) NonClass: 227K(320K)->227K(320K) Class: 11K(128K)->11K(128K)
[2026-04-19T22:10:20.739+0100][4.981s][info][gc          ] GC(62) Pause Young (Normal) (G1 Evacuation Pause) 117M->5M(189M) 0.610ms
[2026-04-19T22:10:20.739+0100][4.981s][info][gc,cpu      ] GC(62) User=0.00s Sys=0.00s Real=0.00s
[2026-04-19T22:10:20.818+0100][5.061s][info][gc,start    ] GC(63) Pause Young (Normal) (G1 Evacuation Pause)
[2026-04-19T22:10:20.818+0100][5.061s][info][gc,task     ] GC(63) Using 4 workers of 8 for evacuation
[2026-04-19T22:10:20.819+0100][5.062s][info][gc,phases   ] GC(63)   Pre Evacuate Collection Set: 0.1ms
[2026-04-19T22:10:20.819+0100][5.062s][info][gc,phases   ] GC(63)   Merge Heap Roots: 0.0ms
[2026-04-19T22:10:20.819+0100][5.062s][info][gc,phases   ] GC(63)   Evacuate Collection Set: 0.3ms
[2026-04-19T22:10:20.819+0100][5.062s][info][gc,phases   ] GC(63)   Post Evacuate Collection Set: 0.1ms
[2026-04-19T22:10:20.819+0100][5.062s][info][gc,phases   ] GC(63)   Other: 0.0ms
[2026-04-19T22:10:20.819+0100][5.062s][info][gc,heap     ] GC(63) Eden regions: 112->0(112)
[2026-04-19T22:10:20.819+0100][5.062s][info][gc,heap     ] GC(63) Survivor regions: 1->1(15)
[2026-04-19T22:10:20.819+0100][5.062s][info][gc,heap     ] GC(63) Old regions: 6->6
[2026-04-19T22:10:20.819+0100][5.062s][info][gc,heap     ] GC(63) Humongous regions: 0->0
[2026-04-19T22:10:20.819+0100][5.062s][info][gc,metaspace] GC(63) Metaspace: 239K(448K)->239K(448K) NonClass: 227K(320K)->227K(320K) Class: 11K(128K)->11K(128K)
[2026-04-19T22:10:20.819+0100][5.062s][info][gc          ] GC(63) Pause Young (Normal) (G1 Evacuation Pause) 117M->5M(189M) 0.637ms
[2026-04-19T22:10:20.819+0100][5.062s][info][gc,cpu      ] GC(63) User=0.01s Sys=0.00s Real=0.00s
[2026-04-19T22:10:20.905+0100][5.147s][info][gc,start    ] GC(64) Pause Young (Normal) (G1 Evacuation Pause)
[2026-04-19T22:10:20.905+0100][5.147s][info][gc,task     ] GC(64) Using 4 workers of 8 for evacuation
[2026-04-19T22:10:20.905+0100][5.148s][info][gc,phases   ] GC(64)   Pre Evacuate Collection Set: 0.1ms
[2026-04-19T22:10:20.905+0100][5.148s][info][gc,phases   ] GC(64)   Merge Heap Roots: 0.0ms
[2026-04-19T22:10:20.905+0100][5.148s][info][gc,phases   ] GC(64)   Evacuate Collection Set: 0.3ms
[2026-04-19T22:10:20.905+0100][5.148s][info][gc,phases   ] GC(64)   Post Evacuate Collection Set: 0.1ms
[2026-04-19T22:10:20.905+0100][5.148s][info][gc,phases   ] GC(64)   Other: 0.0ms
[2026-04-19T22:10:20.905+0100][5.148s][info][gc,heap     ] GC(64) Eden regions: 112->0(112)
[2026-04-19T22:10:20.905+0100][5.148s][info][gc,heap     ] GC(64) Survivor regions: 1->1(15)
[2026-04-19T22:10:20.905+0100][5.148s][info][gc,heap     ] GC(64) Old regions: 6->6
[2026-04-19T22:10:20.905+0100][5.148s][info][gc,heap     ] GC(64) Humongous regions: 0->0
[2026-04-19T22:10:20.905+0100][5.148s][info][gc,metaspace] GC(64) Metaspace: 247K(448K)->247K(448K) NonClass: 235K(320K)->235K(320K) Class: 12K(128K)->12K(128K)
[2026-04-19T22:10:20.905+0100][5.148s][info][gc          ] GC(64) Pause Young (Normal) (G1 Evacuation Pause) 117M->5M(189M) 0.614ms
[2026-04-19T22:10:20.905+0100][5.148s][info][gc,cpu      ] GC(64) User=0.00s Sys=0.00s Real=0.00s
[2026-04-19T22:10:20.985+0100][5.228s][info][gc,start    ] GC(65) Pause Young (Normal) (G1 Evacuation Pause)
[2026-04-19T22:10:20.985+0100][5.228s][info][gc,task     ] GC(65) Using 4 workers of 8 for evacuation
[2026-04-19T22:10:20.986+0100][5.228s][info][gc,phases   ] GC(65)   Pre Evacuate Collection Set: 0.1ms
[2026-04-19T22:10:20.986+0100][5.228s][info][gc,phases   ] GC(65)   Merge Heap Roots: 0.0ms
[2026-04-19T22:10:20.986+0100][5.228s][info][gc,phases   ] GC(65)   Evacuate Collection Set: 0.3ms
[2026-04-19T22:10:20.986+0100][5.229s][info][gc,phases   ] GC(65)   Post Evacuate Collection Set: 0.1ms
[2026-04-19T22:10:20.986+0100][5.229s][info][gc,phases   ] GC(65)   Other: 0.0ms
[2026-04-19T22:10:20.986+0100][5.229s][info][gc,heap     ] GC(65) Eden regions: 112->0(112)
[2026-04-19T22:10:20.986+0100][5.229s][info][gc,heap     ] GC(65) Survivor regions: 1->1(15)
[2026-04-19T22:10:20.986+0100][5.229s][info][gc,heap     ] GC(65) Old regions: 6->6
[2026-04-19T22:10:20.986+0100][5.229s][info][gc,heap     ] GC(65) Humongous regions: 0->0
[2026-04-19T22:10:20.986+0100][5.229s][info][gc,metaspace] GC(65) Metaspace: 247K(448K)->247K(448K) NonClass: 235K(320K)->235K(320K) Class: 12K(128K)->12K(128K)
[2026-04-19T22:10:20.986+0100][5.229s][info][gc          ] GC(65) Pause Young (Normal) (G1 Evacuation Pause) 117M->5M(189M) 0.621ms
[2026-04-19T22:10:20.986+0100][5.229s][info][gc,cpu      ] GC(65) User=0.00s Sys=0.00s Real=0.00s
[2026-04-19T22:10:21.067+0100][5.309s][info][gc,start    ] GC(66) Pause Young (Normal) (G1 Evacuation Pause)
[2026-04-19T22:10:21.067+0100][5.309s][info][gc,task     ] GC(66) Using 4 workers of 8 for evacuation
[2026-04-19T22:10:21.067+0100][5.310s][info][gc,phases   ] GC(66)   Pre Evacuate Collection Set: 0.1ms
[2026-04-19T22:10:21.067+0100][5.310s][info][gc,phases   ] GC(66)   Merge Heap Roots: 0.0ms
[2026-04-19T22:10:21.067+0100][5.310s][info][gc,phases   ] GC(66)   Evacuate Collection Set: 0.3ms
[2026-04-19T22:10:21.067+0100][5.310s][info][gc,phases   ] GC(66)   Post Evacuate Collection Set: 0.1ms
[2026-04-19T22:10:21.067+0100][5.310s][info][gc,phases   ] GC(66)   Other: 0.0ms
[2026-04-19T22:10:21.067+0100][5.310s][info][gc,heap     ] GC(66) Eden regions: 112->0(112)
[2026-04-19T22:10:21.067+0100][5.310s][info][gc,heap     ] GC(66) Survivor regions: 1->1(15)
[2026-04-19T22:10:21.067+0100][5.310s][info][gc,heap     ] GC(66) Old regions: 6->6
[2026-04-19T22:10:21.067+0100][5.310s][info][gc,heap     ] GC(66) Humongous regions: 0->0
[2026-04-19T22:10:21.067+0100][5.310s][info][gc,metaspace] GC(66) Metaspace: 247K(448K)->247K(448K) NonClass: 235K(320K)->235K(320K) Class: 12K(128K)->12K(128K)
[2026-04-19T22:10:21.067+0100][5.310s][info][gc          ] GC(66) Pause Young (Normal) (G1 Evacuation Pause) 117M->5M(189M) 0.679ms
[2026-04-19T22:10:21.067+0100][5.310s][info][gc,cpu      ] GC(66) User=0.01s Sys=0.00s Real=0.00s
[2026-04-19T22:10:21.147+0100][5.390s][info][gc,start    ] GC(67) Pause Young (Normal) (G1 Evacuation Pause)
[2026-04-19T22:10:21.148+0100][5.390s][info][gc,task     ] GC(67) Using 4 workers of 8 for evacuation
[2026-04-19T22:10:21.148+0100][5.391s][info][gc,phases   ] GC(67)   Pre Evacuate Collection Set: 0.1ms
[2026-04-19T22:10:21.148+0100][5.391s][info][gc,phases   ] GC(67)   Merge Heap Roots: 0.0ms
[2026-04-19T22:10:21.148+0100][5.391s][info][gc,phases   ] GC(67)   Evacuate Collection Set: 0.3ms
[2026-04-19T22:10:21.148+0100][5.391s][info][gc,phases   ] GC(67)   Post Evacuate Collection Set: 0.1ms
[2026-04-19T22:10:21.148+0100][5.391s][info][gc,phases   ] GC(67)   Other: 0.0ms
[2026-04-19T22:10:21.148+0100][5.391s][info][gc,heap     ] GC(67) Eden regions: 112->0(112)
[2026-04-19T22:10:21.148+0100][5.391s][info][gc,heap     ] GC(67) Survivor regions: 1->1(15)
[2026-04-19T22:10:21.148+0100][5.391s][info][gc,heap     ] GC(67) Old regions: 6->6
[2026-04-19T22:10:21.148+0100][5.391s][info][gc,heap     ] GC(67) Humongous regions: 0->0
[2026-04-19T22:10:21.148+0100][5.391s][info][gc,metaspace] GC(67) Metaspace: 247K(448K)->247K(448K) NonClass: 235K(320K)->235K(320K) Class: 12K(128K)->12K(128K)
[2026-04-19T22:10:21.148+0100][5.391s][info][gc          ] GC(67) Pause Young (Normal) (G1 Evacuation Pause) 117M->5M(189M) 0.594ms
[2026-04-19T22:10:21.148+0100][5.391s][info][gc,cpu      ] GC(67) User=0.00s Sys=0.00s Real=0.00s
[2026-04-19T22:10:21.229+0100][5.471s][info][gc,start    ] GC(68) Pause Young (Normal) (G1 Evacuation Pause)
[2026-04-19T22:10:21.229+0100][5.471s][info][gc,task     ] GC(68) Using 4 workers of 8 for evacuation
[2026-04-19T22:10:21.229+0100][5.472s][info][gc,phases   ] GC(68)   Pre Evacuate Collection Set: 0.1ms
[2026-04-19T22:10:21.229+0100][5.472s][info][gc,phases   ] GC(68)   Merge Heap Roots: 0.0ms
[2026-04-19T22:10:21.229+0100][5.472s][info][gc,phases   ] GC(68)   Evacuate Collection Set: 0.3ms
[2026-04-19T22:10:21.229+0100][5.472s][info][gc,phases   ] GC(68)   Post Evacuate Collection Set: 0.1ms
[2026-04-19T22:10:21.229+0100][5.472s][info][gc,phases   ] GC(68)   Other: 0.0ms
[2026-04-19T22:10:21.229+0100][5.472s][info][gc,heap     ] GC(68) Eden regions: 112->0(112)
[2026-04-19T22:10:21.229+0100][5.472s][info][gc,heap     ] GC(68) Survivor regions: 1->1(15)
[2026-04-19T22:10:21.229+0100][5.472s][info][gc,heap     ] GC(68) Old regions: 6->6
[2026-04-19T22:10:21.229+0100][5.472s][info][gc,heap     ] GC(68) Humongous regions: 0->0
[2026-04-19T22:10:21.229+0100][5.472s][info][gc,metaspace] GC(68) Metaspace: 247K(448K)->247K(448K) NonClass: 235K(320K)->235K(320K) Class: 12K(128K)->12K(128K)
[2026-04-19T22:10:21.229+0100][5.472s][info][gc          ] GC(68) Pause Young (Normal) (G1 Evacuation Pause) 117M->5M(189M) 0.655ms
[2026-04-19T22:10:21.229+0100][5.472s][info][gc,cpu      ] GC(68) User=0.00s Sys=0.00s Real=0.00s
[2026-04-19T22:10:21.310+0100][5.552s][info][gc,start    ] GC(69) Pause Young (Normal) (G1 Evacuation Pause)
[2026-04-19T22:10:21.310+0100][5.553s][info][gc,task     ] GC(69) Using 4 workers of 8 for evacuation
[2026-04-19T22:10:21.310+0100][5.553s][info][gc,phases   ] GC(69)   Pre Evacuate Collection Set: 0.1ms
[2026-04-19T22:10:21.310+0100][5.553s][info][gc,phases   ] GC(69)   Merge Heap Roots: 0.0ms
[2026-04-19T22:10:21.310+0100][5.553s][info][gc,phases   ] GC(69)   Evacuate Collection Set: 0.3ms
[2026-04-19T22:10:21.310+0100][5.553s][info][gc,phases   ] GC(69)   Post Evacuate Collection Set: 0.1ms
[2026-04-19T22:10:21.310+0100][5.553s][info][gc,phases   ] GC(69)   Other: 0.0ms
[2026-04-19T22:10:21.310+0100][5.553s][info][gc,heap     ] GC(69) Eden regions: 112->0(112)
[2026-04-19T22:10:21.310+0100][5.553s][info][gc,heap     ] GC(69) Survivor regions: 1->1(15)
[2026-04-19T22:10:21.310+0100][5.553s][info][gc,heap     ] GC(69) Old regions: 6->6
[2026-04-19T22:10:21.310+0100][5.553s][info][gc,heap     ] GC(69) Humongous regions: 0->0
[2026-04-19T22:10:21.310+0100][5.553s][info][gc,metaspace] GC(69) Metaspace: 247K(448K)->247K(448K) NonClass: 235K(320K)->235K(320K) Class: 12K(128K)->12K(128K)
[2026-04-19T22:10:21.310+0100][5.553s][info][gc          ] GC(69) Pause Young (Normal) (G1 Evacuation Pause) 117M->5M(189M) 0.584ms
[2026-04-19T22:10:21.310+0100][5.553s][info][gc,cpu      ] GC(69) User=0.00s Sys=0.00s Real=0.00s
[2026-04-19T22:10:21.393+0100][5.636s][info][gc,start    ] GC(70) Pause Young (Normal) (G1 Evacuation Pause)
[2026-04-19T22:10:21.393+0100][5.636s][info][gc,task     ] GC(70) Using 4 workers of 8 for evacuation
[2026-04-19T22:10:21.394+0100][5.637s][info][gc,phases   ] GC(70)   Pre Evacuate Collection Set: 0.1ms
[2026-04-19T22:10:21.394+0100][5.637s][info][gc,phases   ] GC(70)   Merge Heap Roots: 0.0ms
[2026-04-19T22:10:21.394+0100][5.637s][info][gc,phases   ] GC(70)   Evacuate Collection Set: 0.4ms
[2026-04-19T22:10:21.394+0100][5.637s][info][gc,phases   ] GC(70)   Post Evacuate Collection Set: 0.1ms
[2026-04-19T22:10:21.394+0100][5.637s][info][gc,phases   ] GC(70)   Other: 0.0ms
[2026-04-19T22:10:21.394+0100][5.637s][info][gc,heap     ] GC(70) Eden regions: 112->0(112)
[2026-04-19T22:10:21.394+0100][5.637s][info][gc,heap     ] GC(70) Survivor regions: 1->1(15)
[2026-04-19T22:10:21.394+0100][5.637s][info][gc,heap     ] GC(70) Old regions: 6->6
[2026-04-19T22:10:21.394+0100][5.637s][info][gc,heap     ] GC(70) Humongous regions: 0->0
[2026-04-19T22:10:21.394+0100][5.637s][info][gc,metaspace] GC(70) Metaspace: 247K(448K)->247K(448K) NonClass: 235K(320K)->235K(320K) Class: 12K(128K)->12K(128K)
[2026-04-19T22:10:21.394+0100][5.637s][info][gc          ] GC(70) Pause Young (Normal) (G1 Evacuation Pause) 117M->5M(189M) 0.701ms
[2026-04-19T22:10:21.394+0100][5.637s][info][gc,cpu      ] GC(70) User=0.01s Sys=0.00s Real=0.00s
[2026-04-19T22:10:21.476+0100][5.719s][info][gc,start    ] GC(71) Pause Young (Normal) (G1 Evacuation Pause)
[2026-04-19T22:10:21.476+0100][5.719s][info][gc,task     ] GC(71) Using 4 workers of 8 for evacuation
[2026-04-19T22:10:21.477+0100][5.719s][info][gc,phases   ] GC(71)   Pre Evacuate Collection Set: 0.1ms
[2026-04-19T22:10:21.477+0100][5.719s][info][gc,phases   ] GC(71)   Merge Heap Roots: 0.0ms
[2026-04-19T22:10:21.477+0100][5.719s][info][gc,phases   ] GC(71)   Evacuate Collection Set: 0.3ms
[2026-04-19T22:10:21.477+0100][5.719s][info][gc,phases   ] GC(71)   Post Evacuate Collection Set: 0.1ms
[2026-04-19T22:10:21.477+0100][5.719s][info][gc,phases   ] GC(71)   Other: 0.0ms
[2026-04-19T22:10:21.477+0100][5.719s][info][gc,heap     ] GC(71) Eden regions: 112->0(112)
[2026-04-19T22:10:21.477+0100][5.719s][info][gc,heap     ] GC(71) Survivor regions: 1->1(15)
[2026-04-19T22:10:21.477+0100][5.719s][info][gc,heap     ] GC(71) Old regions: 6->6
[2026-04-19T22:10:21.477+0100][5.719s][info][gc,heap     ] GC(71) Humongous regions: 0->0
[2026-04-19T22:10:21.477+0100][5.719s][info][gc,metaspace] GC(71) Metaspace: 247K(448K)->247K(448K) NonClass: 235K(320K)->235K(320K) Class: 12K(128K)->12K(128K)
[2026-04-19T22:10:21.477+0100][5.719s][info][gc          ] GC(71) Pause Young (Normal) (G1 Evacuation Pause) 117M->5M(189M) 0.620ms
[2026-04-19T22:10:21.477+0100][5.719s][info][gc,cpu      ] GC(71) User=0.00s Sys=0.00s Real=0.00s
[2026-04-19T22:10:21.556+0100][5.799s][info][gc,start    ] GC(72) Pause Young (Normal) (G1 Evacuation Pause)
[2026-04-19T22:10:21.556+0100][5.799s][info][gc,task     ] GC(72) Using 4 workers of 8 for evacuation
[2026-04-19T22:10:21.557+0100][5.800s][info][gc,phases   ] GC(72)   Pre Evacuate Collection Set: 0.1ms
[2026-04-19T22:10:21.557+0100][5.800s][info][gc,phases   ] GC(72)   Merge Heap Roots: 0.0ms
[2026-04-19T22:10:21.557+0100][5.800s][info][gc,phases   ] GC(72)   Evacuate Collection Set: 0.3ms
[2026-04-19T22:10:21.557+0100][5.800s][info][gc,phases   ] GC(72)   Post Evacuate Collection Set: 0.1ms
[2026-04-19T22:10:21.557+0100][5.800s][info][gc,phases   ] GC(72)   Other: 0.0ms
[2026-04-19T22:10:21.557+0100][5.800s][info][gc,heap     ] GC(72) Eden regions: 112->0(112)
[2026-04-19T22:10:21.557+0100][5.800s][info][gc,heap     ] GC(72) Survivor regions: 1->1(15)
[2026-04-19T22:10:21.557+0100][5.800s][info][gc,heap     ] GC(72) Old regions: 6->6
[2026-04-19T22:10:21.557+0100][5.800s][info][gc,heap     ] GC(72) Humongous regions: 0->0
[2026-04-19T22:10:21.557+0100][5.800s][info][gc,metaspace] GC(72) Metaspace: 247K(448K)->247K(448K) NonClass: 235K(320K)->235K(320K) Class: 12K(128K)->12K(128K)
[2026-04-19T22:10:21.557+0100][5.800s][info][gc          ] GC(72) Pause Young (Normal) (G1 Evacuation Pause) 117M->5M(189M) 0.596ms
[2026-04-19T22:10:21.557+0100][5.800s][info][gc,cpu      ] GC(72) User=0.00s Sys=0.00s Real=0.00s
[2026-04-19T22:10:21.637+0100][5.880s][info][gc,start    ] GC(73) Pause Young (Normal) (G1 Evacuation Pause)
[2026-04-19T22:10:21.637+0100][5.880s][info][gc,task     ] GC(73) Using 4 workers of 8 for evacuation
[2026-04-19T22:10:21.637+0100][5.880s][info][gc,phases   ] GC(73)   Pre Evacuate Collection Set: 0.1ms
[2026-04-19T22:10:21.637+0100][5.880s][info][gc,phases   ] GC(73)   Merge Heap Roots: 0.0ms
[2026-04-19T22:10:21.637+0100][5.880s][info][gc,phases   ] GC(73)   Evacuate Collection Set: 0.3ms
[2026-04-19T22:10:21.637+0100][5.880s][info][gc,phases   ] GC(73)   Post Evacuate Collection Set: 0.1ms
[2026-04-19T22:10:21.637+0100][5.880s][info][gc,phases   ] GC(73)   Other: 0.0ms
[2026-04-19T22:10:21.637+0100][5.880s][info][gc,heap     ] GC(73) Eden regions: 112->0(112)
[2026-04-19T22:10:21.637+0100][5.880s][info][gc,heap     ] GC(73) Survivor regions: 1->1(15)
[2026-04-19T22:10:21.637+0100][5.880s][info][gc,heap     ] GC(73) Old regions: 6->6
[2026-04-19T22:10:21.637+0100][5.880s][info][gc,heap     ] GC(73) Humongous regions: 0->0
[2026-04-19T22:10:21.637+0100][5.880s][info][gc,metaspace] GC(73) Metaspace: 247K(448K)->247K(448K) NonClass: 235K(320K)->235K(320K) Class: 12K(128K)->12K(128K)
[2026-04-19T22:10:21.637+0100][5.880s][info][gc          ] GC(73) Pause Young (Normal) (G1 Evacuation Pause) 117M->5M(189M) 0.627ms
[2026-04-19T22:10:21.637+0100][5.880s][info][gc,cpu      ] GC(73) User=0.00s Sys=0.00s Real=0.00s
[2026-04-19T22:10:21.717+0100][5.960s][info][gc,start    ] GC(74) Pause Young (Normal) (G1 Evacuation Pause)
[2026-04-19T22:10:21.717+0100][5.960s][info][gc,task     ] GC(74) Using 4 workers of 8 for evacuation
[2026-04-19T22:10:21.718+0100][5.961s][info][gc,phases   ] GC(74)   Pre Evacuate Collection Set: 0.1ms
[2026-04-19T22:10:21.718+0100][5.961s][info][gc,phases   ] GC(74)   Merge Heap Roots: 0.0ms
[2026-04-19T22:10:21.718+0100][5.961s][info][gc,phases   ] GC(74)   Evacuate Collection Set: 0.3ms
[2026-04-19T22:10:21.718+0100][5.961s][info][gc,phases   ] GC(74)   Post Evacuate Collection Set: 0.1ms
[2026-04-19T22:10:21.718+0100][5.961s][info][gc,phases   ] GC(74)   Other: 0.0ms
[2026-04-19T22:10:21.718+0100][5.961s][info][gc,heap     ] GC(74) Eden regions: 112->0(112)
[2026-04-19T22:10:21.718+0100][5.961s][info][gc,heap     ] GC(74) Survivor regions: 1->1(15)
[2026-04-19T22:10:21.718+0100][5.961s][info][gc,heap     ] GC(74) Old regions: 6->6
[2026-04-19T22:10:21.718+0100][5.961s][info][gc,heap     ] GC(74) Humongous regions: 0->0
[2026-04-19T22:10:21.718+0100][5.961s][info][gc,metaspace] GC(74) Metaspace: 247K(448K)->247K(448K) NonClass: 235K(320K)->235K(320K) Class: 12K(128K)->12K(128K)
[2026-04-19T22:10:21.718+0100][5.961s][info][gc          ] GC(74) Pause Young (Normal) (G1 Evacuation Pause) 117M->5M(189M) 0.601ms
[2026-04-19T22:10:21.718+0100][5.961s][info][gc,cpu      ] GC(74) User=0.00s Sys=0.00s Real=0.00s
[2026-04-19T22:10:21.799+0100][6.041s][info][gc,start    ] GC(75) Pause Young (Normal) (G1 Evacuation Pause)
[2026-04-19T22:10:21.799+0100][6.041s][info][gc,task     ] GC(75) Using 4 workers of 8 for evacuation
[2026-04-19T22:10:21.799+0100][6.042s][info][gc,phases   ] GC(75)   Pre Evacuate Collection Set: 0.1ms
[2026-04-19T22:10:21.799+0100][6.042s][info][gc,phases   ] GC(75)   Merge Heap Roots: 0.0ms
[2026-04-19T22:10:21.799+0100][6.042s][info][gc,phases   ] GC(75)   Evacuate Collection Set: 0.3ms
[2026-04-19T22:10:21.799+0100][6.042s][info][gc,phases   ] GC(75)   Post Evacuate Collection Set: 0.1ms
[2026-04-19T22:10:21.799+0100][6.042s][info][gc,phases   ] GC(75)   Other: 0.0ms
[2026-04-19T22:10:21.799+0100][6.042s][info][gc,heap     ] GC(75) Eden regions: 112->0(112)
[2026-04-19T22:10:21.799+0100][6.042s][info][gc,heap     ] GC(75) Survivor regions: 1->1(15)
[2026-04-19T22:10:21.799+0100][6.042s][info][gc,heap     ] GC(75) Old regions: 6->6
[2026-04-19T22:10:21.799+0100][6.042s][info][gc,heap     ] GC(75) Humongous regions: 0->0
[2026-04-19T22:10:21.799+0100][6.042s][info][gc,metaspace] GC(75) Metaspace: 247K(448K)->247K(448K) NonClass: 235K(320K)->235K(320K) Class: 12K(128K)->12K(128K)
[2026-04-19T22:10:21.799+0100][6.042s][info][gc          ] GC(75) Pause Young (Normal) (G1 Evacuation Pause) 117M->5M(189M) 0.625ms
[2026-04-19T22:10:21.799+0100][6.042s][info][gc,cpu      ] GC(75) User=0.00s Sys=0.00s Real=0.00s
[2026-04-19T22:10:21.879+0100][6.122s][info][gc,start    ] GC(76) Pause Young (Normal) (G1 Evacuation Pause)
[2026-04-19T22:10:21.879+0100][6.122s][info][gc,task     ] GC(76) Using 4 workers of 8 for evacuation
[2026-04-19T22:10:21.880+0100][6.123s][info][gc,phases   ] GC(76)   Pre Evacuate Collection Set: 0.1ms
[2026-04-19T22:10:21.880+0100][6.123s][info][gc,phases   ] GC(76)   Merge Heap Roots: 0.0ms
[2026-04-19T22:10:21.880+0100][6.123s][info][gc,phases   ] GC(76)   Evacuate Collection Set: 0.3ms
[2026-04-19T22:10:21.880+0100][6.123s][info][gc,phases   ] GC(76)   Post Evacuate Collection Set: 0.1ms
[2026-04-19T22:10:21.880+0100][6.123s][info][gc,phases   ] GC(76)   Other: 0.0ms
[2026-04-19T22:10:21.880+0100][6.123s][info][gc,heap     ] GC(76) Eden regions: 112->0(112)
[2026-04-19T22:10:21.880+0100][6.123s][info][gc,heap     ] GC(76) Survivor regions: 1->1(15)
[2026-04-19T22:10:21.880+0100][6.123s][info][gc,heap     ] GC(76) Old regions: 6->6
[2026-04-19T22:10:21.880+0100][6.123s][info][gc,heap     ] GC(76) Humongous regions: 0->0
[2026-04-19T22:10:21.880+0100][6.123s][info][gc,metaspace] GC(76) Metaspace: 247K(448K)->247K(448K) NonClass: 235K(320K)->235K(320K) Class: 12K(128K)->12K(128K)
[2026-04-19T22:10:21.880+0100][6.123s][info][gc          ] GC(76) Pause Young (Normal) (G1 Evacuation Pause) 117M->5M(189M) 0.609ms
[2026-04-19T22:10:21.880+0100][6.123s][info][gc,cpu      ] GC(76) User=0.01s Sys=0.00s Real=0.01s
[2026-04-19T22:10:21.961+0100][6.203s][info][gc,start    ] GC(77) Pause Young (Normal) (G1 Evacuation Pause)
[2026-04-19T22:10:21.961+0100][6.203s][info][gc,task     ] GC(77) Using 4 workers of 8 for evacuation
[2026-04-19T22:10:21.961+0100][6.204s][info][gc,phases   ] GC(77)   Pre Evacuate Collection Set: 0.1ms
[2026-04-19T22:10:21.961+0100][6.204s][info][gc,phases   ] GC(77)   Merge Heap Roots: 0.0ms
[2026-04-19T22:10:21.961+0100][6.204s][info][gc,phases   ] GC(77)   Evacuate Collection Set: 0.4ms
[2026-04-19T22:10:21.961+0100][6.204s][info][gc,phases   ] GC(77)   Post Evacuate Collection Set: 0.1ms
[2026-04-19T22:10:21.961+0100][6.204s][info][gc,phases   ] GC(77)   Other: 0.0ms
[2026-04-19T22:10:21.961+0100][6.204s][info][gc,heap     ] GC(77) Eden regions: 112->0(112)
[2026-04-19T22:10:21.961+0100][6.204s][info][gc,heap     ] GC(77) Survivor regions: 1->1(15)
[2026-04-19T22:10:21.961+0100][6.204s][info][gc,heap     ] GC(77) Old regions: 6->6
[2026-04-19T22:10:21.961+0100][6.204s][info][gc,heap     ] GC(77) Humongous regions: 0->0
[2026-04-19T22:10:21.961+0100][6.204s][info][gc,metaspace] GC(77) Metaspace: 247K(448K)->247K(448K) NonClass: 235K(320K)->235K(320K) Class: 12K(128K)->12K(128K)
[2026-04-19T22:10:21.961+0100][6.204s][info][gc          ] GC(77) Pause Young (Normal) (G1 Evacuation Pause) 117M->5M(189M) 0.709ms
[2026-04-19T22:10:21.961+0100][6.204s][info][gc,cpu      ] GC(77) User=0.00s Sys=0.00s Real=0.00s
[2026-04-19T22:10:22.041+0100][6.284s][info][gc,start    ] GC(78) Pause Young (Normal) (G1 Evacuation Pause)
[2026-04-19T22:10:22.041+0100][6.284s][info][gc,task     ] GC(78) Using 4 workers of 8 for evacuation
[2026-04-19T22:10:22.042+0100][6.284s][info][gc,phases   ] GC(78)   Pre Evacuate Collection Set: 0.1ms
[2026-04-19T22:10:22.042+0100][6.285s][info][gc,phases   ] GC(78)   Merge Heap Roots: 0.0ms
[2026-04-19T22:10:22.042+0100][6.285s][info][gc,phases   ] GC(78)   Evacuate Collection Set: 0.3ms
[2026-04-19T22:10:22.042+0100][6.285s][info][gc,phases   ] GC(78)   Post Evacuate Collection Set: 0.1ms
[2026-04-19T22:10:22.042+0100][6.285s][info][gc,phases   ] GC(78)   Other: 0.0ms
[2026-04-19T22:10:22.042+0100][6.285s][info][gc,heap     ] GC(78) Eden regions: 112->0(112)
[2026-04-19T22:10:22.042+0100][6.285s][info][gc,heap     ] GC(78) Survivor regions: 1->1(15)
[2026-04-19T22:10:22.042+0100][6.285s][info][gc,heap     ] GC(78) Old regions: 6->6
[2026-04-19T22:10:22.042+0100][6.285s][info][gc,heap     ] GC(78) Humongous regions: 0->0
[2026-04-19T22:10:22.042+0100][6.285s][info][gc,metaspace] GC(78) Metaspace: 247K(448K)->247K(448K) NonClass: 235K(320K)->235K(320K) Class: 12K(128K)->12K(128K)
[2026-04-19T22:10:22.042+0100][6.285s][info][gc          ] GC(78) Pause Young (Normal) (G1 Evacuation Pause) 117M->5M(189M) 0.637ms
[2026-04-19T22:10:22.042+0100][6.285s][info][gc,cpu      ] GC(78) User=0.00s Sys=0.00s Real=0.00s
[2026-04-19T22:10:22.122+0100][6.365s][info][gc,start    ] GC(79) Pause Young (Normal) (G1 Evacuation Pause)
[2026-04-19T22:10:22.122+0100][6.365s][info][gc,task     ] GC(79) Using 4 workers of 8 for evacuation
[2026-04-19T22:10:22.122+0100][6.365s][info][gc,phases   ] GC(79)   Pre Evacuate Collection Set: 0.1ms
[2026-04-19T22:10:22.122+0100][6.365s][info][gc,phases   ] GC(79)   Merge Heap Roots: 0.0ms
[2026-04-19T22:10:22.122+0100][6.365s][info][gc,phases   ] GC(79)   Evacuate Collection Set: 0.3ms
[2026-04-19T22:10:22.122+0100][6.365s][info][gc,phases   ] GC(79)   Post Evacuate Collection Set: 0.1ms
[2026-04-19T22:10:22.122+0100][6.365s][info][gc,phases   ] GC(79)   Other: 0.0ms
[2026-04-19T22:10:22.122+0100][6.365s][info][gc,heap     ] GC(79) Eden regions: 112->0(112)
[2026-04-19T22:10:22.122+0100][6.365s][info][gc,heap     ] GC(79) Survivor regions: 1->1(15)
[2026-04-19T22:10:22.122+0100][6.365s][info][gc,heap     ] GC(79) Old regions: 6->6
[2026-04-19T22:10:22.122+0100][6.365s][info][gc,heap     ] GC(79) Humongous regions: 0->0
[2026-04-19T22:10:22.122+0100][6.365s][info][gc,metaspace] GC(79) Metaspace: 247K(448K)->247K(448K) NonClass: 235K(320K)->235K(320K) Class: 12K(128K)->12K(128K)
[2026-04-19T22:10:22.122+0100][6.365s][info][gc          ] GC(79) Pause Young (Normal) (G1 Evacuation Pause) 117M->5M(189M) 0.607ms
[2026-04-19T22:10:22.122+0100][6.365s][info][gc,cpu      ] GC(79) User=0.00s Sys=0.00s Real=0.00s
[2026-04-19T22:10:22.203+0100][6.446s][info][gc,start    ] GC(80) Pause Young (Normal) (G1 Evacuation Pause)
[2026-04-19T22:10:22.203+0100][6.446s][info][gc,task     ] GC(80) Using 4 workers of 8 for evacuation
[2026-04-19T22:10:22.203+0100][6.446s][info][gc,phases   ] GC(80)   Pre Evacuate Collection Set: 0.1ms
[2026-04-19T22:10:22.203+0100][6.446s][info][gc,phases   ] GC(80)   Merge Heap Roots: 0.0ms
[2026-04-19T22:10:22.203+0100][6.446s][info][gc,phases   ] GC(80)   Evacuate Collection Set: 0.3ms
[2026-04-19T22:10:22.203+0100][6.446s][info][gc,phases   ] GC(80)   Post Evacuate Collection Set: 0.1ms
[2026-04-19T22:10:22.203+0100][6.446s][info][gc,phases   ] GC(80)   Other: 0.0ms
[2026-04-19T22:10:22.203+0100][6.446s][info][gc,heap     ] GC(80) Eden regions: 112->0(112)
[2026-04-19T22:10:22.203+0100][6.446s][info][gc,heap     ] GC(80) Survivor regions: 1->1(15)
[2026-04-19T22:10:22.203+0100][6.446s][info][gc,heap     ] GC(80) Old regions: 6->6
[2026-04-19T22:10:22.203+0100][6.446s][info][gc,heap     ] GC(80) Humongous regions: 0->0
[2026-04-19T22:10:22.203+0100][6.446s][info][gc,metaspace] GC(80) Metaspace: 247K(448K)->247K(448K) NonClass: 235K(320K)->235K(320K) Class: 12K(128K)->12K(128K)
[2026-04-19T22:10:22.203+0100][6.446s][info][gc          ] GC(80) Pause Young (Normal) (G1 Evacuation Pause) 117M->5M(189M) 0.612ms
[2026-04-19T22:10:22.203+0100][6.446s][info][gc,cpu      ] GC(80) User=0.00s Sys=0.00s Real=0.00s
[2026-04-19T22:10:22.283+0100][6.526s][info][gc,start    ] GC(81) Pause Young (Normal) (G1 Evacuation Pause)
[2026-04-19T22:10:22.284+0100][6.526s][info][gc,task     ] GC(81) Using 4 workers of 8 for evacuation
[2026-04-19T22:10:22.284+0100][6.527s][info][gc,phases   ] GC(81)   Pre Evacuate Collection Set: 0.1ms
[2026-04-19T22:10:22.284+0100][6.527s][info][gc,phases   ] GC(81)   Merge Heap Roots: 0.0ms
[2026-04-19T22:10:22.284+0100][6.527s][info][gc,phases   ] GC(81)   Evacuate Collection Set: 0.3ms
[2026-04-19T22:10:22.284+0100][6.527s][info][gc,phases   ] GC(81)   Post Evacuate Collection Set: 0.1ms
[2026-04-19T22:10:22.284+0100][6.527s][info][gc,phases   ] GC(81)   Other: 0.0ms
[2026-04-19T22:10:22.284+0100][6.527s][info][gc,heap     ] GC(81) Eden regions: 112->0(112)
[2026-04-19T22:10:22.284+0100][6.527s][info][gc,heap     ] GC(81) Survivor regions: 1->1(15)
[2026-04-19T22:10:22.284+0100][6.527s][info][gc,heap     ] GC(81) Old regions: 6->6
[2026-04-19T22:10:22.284+0100][6.527s][info][gc,heap     ] GC(81) Humongous regions: 0->0
[2026-04-19T22:10:22.284+0100][6.527s][info][gc,metaspace] GC(81) Metaspace: 247K(448K)->247K(448K) NonClass: 235K(320K)->235K(320K) Class: 12K(128K)->12K(128K)
[2026-04-19T22:10:22.284+0100][6.527s][info][gc          ] GC(81) Pause Young (Normal) (G1 Evacuation Pause) 117M->5M(189M) 0.646ms
[2026-04-19T22:10:22.284+0100][6.527s][info][gc,cpu      ] GC(81) User=0.00s Sys=0.00s Real=0.00s
[2026-04-19T22:10:22.364+0100][6.607s][info][gc,start    ] GC(82) Pause Young (Normal) (G1 Evacuation Pause)
[2026-04-19T22:10:22.364+0100][6.607s][info][gc,task     ] GC(82) Using 4 workers of 8 for evacuation
[2026-04-19T22:10:22.365+0100][6.608s][info][gc,phases   ] GC(82)   Pre Evacuate Collection Set: 0.1ms
[2026-04-19T22:10:22.365+0100][6.608s][info][gc,phases   ] GC(82)   Merge Heap Roots: 0.0ms
[2026-04-19T22:10:22.365+0100][6.608s][info][gc,phases   ] GC(82)   Evacuate Collection Set: 0.3ms
[2026-04-19T22:10:22.365+0100][6.608s][info][gc,phases   ] GC(82)   Post Evacuate Collection Set: 0.1ms
[2026-04-19T22:10:22.365+0100][6.608s][info][gc,phases   ] GC(82)   Other: 0.0ms
[2026-04-19T22:10:22.365+0100][6.608s][info][gc,heap     ] GC(82) Eden regions: 112->0(112)
[2026-04-19T22:10:22.365+0100][6.608s][info][gc,heap     ] GC(82) Survivor regions: 1->1(15)
[2026-04-19T22:10:22.365+0100][6.608s][info][gc,heap     ] GC(82) Old regions: 6->6
[2026-04-19T22:10:22.365+0100][6.608s][info][gc,heap     ] GC(82) Humongous regions: 0->0
[2026-04-19T22:10:22.365+0100][6.608s][info][gc,metaspace] GC(82) Metaspace: 247K(448K)->247K(448K) NonClass: 235K(320K)->235K(320K) Class: 12K(128K)->12K(128K)
[2026-04-19T22:10:22.365+0100][6.608s][info][gc          ] GC(82) Pause Young (Normal) (G1 Evacuation Pause) 117M->5M(189M) 0.622ms
[2026-04-19T22:10:22.365+0100][6.608s][info][gc,cpu      ] GC(82) User=0.00s Sys=0.00s Real=0.00s
[2026-04-19T22:10:22.446+0100][6.688s][info][gc,start    ] GC(83) Pause Young (Normal) (G1 Evacuation Pause)
[2026-04-19T22:10:22.446+0100][6.688s][info][gc,task     ] GC(83) Using 4 workers of 8 for evacuation
[2026-04-19T22:10:22.446+0100][6.689s][info][gc,phases   ] GC(83)   Pre Evacuate Collection Set: 0.1ms
[2026-04-19T22:10:22.446+0100][6.689s][info][gc,phases   ] GC(83)   Merge Heap Roots: 0.0ms
[2026-04-19T22:10:22.446+0100][6.689s][info][gc,phases   ] GC(83)   Evacuate Collection Set: 0.3ms
[2026-04-19T22:10:22.446+0100][6.689s][info][gc,phases   ] GC(83)   Post Evacuate Collection Set: 0.1ms
[2026-04-19T22:10:22.446+0100][6.689s][info][gc,phases   ] GC(83)   Other: 0.0ms
[2026-04-19T22:10:22.446+0100][6.689s][info][gc,heap     ] GC(83) Eden regions: 112->0(112)
[2026-04-19T22:10:22.446+0100][6.689s][info][gc,heap     ] GC(83) Survivor regions: 1->1(15)
[2026-04-19T22:10:22.446+0100][6.689s][info][gc,heap     ] GC(83) Old regions: 6->6
[2026-04-19T22:10:22.446+0100][6.689s][info][gc,heap     ] GC(83) Humongous regions: 0->0
[2026-04-19T22:10:22.446+0100][6.689s][info][gc,metaspace] GC(83) Metaspace: 247K(448K)->247K(448K) NonClass: 235K(320K)->235K(320K) Class: 12K(128K)->12K(128K)
[2026-04-19T22:10:22.446+0100][6.689s][info][gc          ] GC(83) Pause Young (Normal) (G1 Evacuation Pause) 117M->5M(189M) 0.587ms
[2026-04-19T22:10:22.446+0100][6.689s][info][gc,cpu      ] GC(83) User=0.01s Sys=0.00s Real=0.00s
[2026-04-19T22:10:22.527+0100][6.769s][info][gc,start    ] GC(84) Pause Young (Normal) (G1 Evacuation Pause)
[2026-04-19T22:10:22.527+0100][6.770s][info][gc,task     ] GC(84) Using 4 workers of 8 for evacuation
[2026-04-19T22:10:22.527+0100][6.770s][info][gc,phases   ] GC(84)   Pre Evacuate Collection Set: 0.1ms
[2026-04-19T22:10:22.527+0100][6.770s][info][gc,phases   ] GC(84)   Merge Heap Roots: 0.0ms
[2026-04-19T22:10:22.527+0100][6.770s][info][gc,phases   ] GC(84)   Evacuate Collection Set: 0.3ms
[2026-04-19T22:10:22.527+0100][6.770s][info][gc,phases   ] GC(84)   Post Evacuate Collection Set: 0.1ms
[2026-04-19T22:10:22.527+0100][6.770s][info][gc,phases   ] GC(84)   Other: 0.0ms
[2026-04-19T22:10:22.527+0100][6.770s][info][gc,heap     ] GC(84) Eden regions: 112->0(112)
[2026-04-19T22:10:22.527+0100][6.770s][info][gc,heap     ] GC(84) Survivor regions: 1->1(15)
[2026-04-19T22:10:22.527+0100][6.770s][info][gc,heap     ] GC(84) Old regions: 6->6
[2026-04-19T22:10:22.527+0100][6.770s][info][gc,heap     ] GC(84) Humongous regions: 0->0
[2026-04-19T22:10:22.527+0100][6.770s][info][gc,metaspace] GC(84) Metaspace: 247K(448K)->247K(448K) NonClass: 235K(320K)->235K(320K) Class: 12K(128K)->12K(128K)
[2026-04-19T22:10:22.527+0100][6.770s][info][gc          ] GC(84) Pause Young (Normal) (G1 Evacuation Pause) 117M->5M(189M) 0.589ms
[2026-04-19T22:10:22.527+0100][6.770s][info][gc,cpu      ] GC(84) User=0.00s Sys=0.00s Real=0.00s
[2026-04-19T22:10:22.609+0100][6.851s][info][gc,start    ] GC(85) Pause Young (Normal) (G1 Evacuation Pause)
[2026-04-19T22:10:22.609+0100][6.851s][info][gc,task     ] GC(85) Using 4 workers of 8 for evacuation
[2026-04-19T22:10:22.609+0100][6.852s][info][gc,phases   ] GC(85)   Pre Evacuate Collection Set: 0.1ms
[2026-04-19T22:10:22.609+0100][6.852s][info][gc,phases   ] GC(85)   Merge Heap Roots: 0.0ms
[2026-04-19T22:10:22.609+0100][6.852s][info][gc,phases   ] GC(85)   Evacuate Collection Set: 0.3ms
[2026-04-19T22:10:22.609+0100][6.852s][info][gc,phases   ] GC(85)   Post Evacuate Collection Set: 0.1ms
[2026-04-19T22:10:22.609+0100][6.852s][info][gc,phases   ] GC(85)   Other: 0.0ms
[2026-04-19T22:10:22.609+0100][6.852s][info][gc,heap     ] GC(85) Eden regions: 112->0(112)
[2026-04-19T22:10:22.609+0100][6.852s][info][gc,heap     ] GC(85) Survivor regions: 1->1(15)
[2026-04-19T22:10:22.609+0100][6.852s][info][gc,heap     ] GC(85) Old regions: 6->6
[2026-04-19T22:10:22.609+0100][6.852s][info][gc,heap     ] GC(85) Humongous regions: 0->0
[2026-04-19T22:10:22.609+0100][6.852s][info][gc,metaspace] GC(85) Metaspace: 247K(448K)->247K(448K) NonClass: 235K(320K)->235K(320K) Class: 12K(128K)->12K(128K)
[2026-04-19T22:10:22.609+0100][6.852s][info][gc          ] GC(85) Pause Young (Normal) (G1 Evacuation Pause) 117M->5M(189M) 0.655ms
[2026-04-19T22:10:22.609+0100][6.852s][info][gc,cpu      ] GC(85) User=0.00s Sys=0.00s Real=0.00s
[2026-04-19T22:10:22.690+0100][6.933s][info][gc,start    ] GC(86) Pause Young (Normal) (G1 Evacuation Pause)
[2026-04-19T22:10:22.690+0100][6.933s][info][gc,task     ] GC(86) Using 4 workers of 8 for evacuation
[2026-04-19T22:10:22.690+0100][6.933s][info][gc,phases   ] GC(86)   Pre Evacuate Collection Set: 0.1ms
[2026-04-19T22:10:22.690+0100][6.933s][info][gc,phases   ] GC(86)   Merge Heap Roots: 0.0ms
[2026-04-19T22:10:22.690+0100][6.933s][info][gc,phases   ] GC(86)   Evacuate Collection Set: 0.3ms
[2026-04-19T22:10:22.690+0100][6.933s][info][gc,phases   ] GC(86)   Post Evacuate Collection Set: 0.1ms
[2026-04-19T22:10:22.690+0100][6.933s][info][gc,phases   ] GC(86)   Other: 0.0ms
[2026-04-19T22:10:22.690+0100][6.933s][info][gc,heap     ] GC(86) Eden regions: 112->0(112)
[2026-04-19T22:10:22.690+0100][6.933s][info][gc,heap     ] GC(86) Survivor regions: 1->1(15)
[2026-04-19T22:10:22.691+0100][6.933s][info][gc,heap     ] GC(86) Old regions: 6->6
[2026-04-19T22:10:22.691+0100][6.933s][info][gc,heap     ] GC(86) Humongous regions: 0->0
[2026-04-19T22:10:22.691+0100][6.933s][info][gc,metaspace] GC(86) Metaspace: 247K(448K)->247K(448K) NonClass: 235K(320K)->235K(320K) Class: 12K(128K)->12K(128K)
[2026-04-19T22:10:22.691+0100][6.933s][info][gc          ] GC(86) Pause Young (Normal) (G1 Evacuation Pause) 117M->5M(189M) 0.617ms
[2026-04-19T22:10:22.691+0100][6.933s][info][gc,cpu      ] GC(86) User=0.00s Sys=0.00s Real=0.00s
[2026-04-19T22:10:22.771+0100][7.014s][info][gc,start    ] GC(87) Pause Young (Normal) (G1 Evacuation Pause)
[2026-04-19T22:10:22.771+0100][7.014s][info][gc,task     ] GC(87) Using 4 workers of 8 for evacuation
[2026-04-19T22:10:22.771+0100][7.014s][info][gc,phases   ] GC(87)   Pre Evacuate Collection Set: 0.1ms
[2026-04-19T22:10:22.771+0100][7.014s][info][gc,phases   ] GC(87)   Merge Heap Roots: 0.0ms
[2026-04-19T22:10:22.771+0100][7.014s][info][gc,phases   ] GC(87)   Evacuate Collection Set: 0.3ms
[2026-04-19T22:10:22.771+0100][7.014s][info][gc,phases   ] GC(87)   Post Evacuate Collection Set: 0.1ms
[2026-04-19T22:10:22.771+0100][7.014s][info][gc,phases   ] GC(87)   Other: 0.0ms
[2026-04-19T22:10:22.771+0100][7.014s][info][gc,heap     ] GC(87) Eden regions: 112->0(112)
[2026-04-19T22:10:22.771+0100][7.014s][info][gc,heap     ] GC(87) Survivor regions: 1->1(15)
[2026-04-19T22:10:22.771+0100][7.014s][info][gc,heap     ] GC(87) Old regions: 6->6
[2026-04-19T22:10:22.771+0100][7.014s][info][gc,heap     ] GC(87) Humongous regions: 0->0
[2026-04-19T22:10:22.771+0100][7.014s][info][gc,metaspace] GC(87) Metaspace: 247K(448K)->247K(448K) NonClass: 235K(320K)->235K(320K) Class: 12K(128K)->12K(128K)
[2026-04-19T22:10:22.771+0100][7.014s][info][gc          ] GC(87) Pause Young (Normal) (G1 Evacuation Pause) 117M->5M(189M) 0.605ms
[2026-04-19T22:10:22.771+0100][7.014s][info][gc,cpu      ] GC(87) User=0.00s Sys=0.00s Real=0.00s
[2026-04-19T22:10:22.852+0100][7.095s][info][gc,start    ] GC(88) Pause Young (Normal) (G1 Evacuation Pause)
[2026-04-19T22:10:22.852+0100][7.095s][info][gc,task     ] GC(88) Using 4 workers of 8 for evacuation
[2026-04-19T22:10:22.852+0100][7.095s][info][gc,phases   ] GC(88)   Pre Evacuate Collection Set: 0.1ms
[2026-04-19T22:10:22.852+0100][7.095s][info][gc,phases   ] GC(88)   Merge Heap Roots: 0.0ms
[2026-04-19T22:10:22.852+0100][7.095s][info][gc,phases   ] GC(88)   Evacuate Collection Set: 0.3ms
[2026-04-19T22:10:22.852+0100][7.095s][info][gc,phases   ] GC(88)   Post Evacuate Collection Set: 0.1ms
[2026-04-19T22:10:22.852+0100][7.095s][info][gc,phases   ] GC(88)   Other: 0.0ms
[2026-04-19T22:10:22.852+0100][7.095s][info][gc,heap     ] GC(88) Eden regions: 112->0(112)
[2026-04-19T22:10:22.852+0100][7.095s][info][gc,heap     ] GC(88) Survivor regions: 1->1(15)
[2026-04-19T22:10:22.852+0100][7.095s][info][gc,heap     ] GC(88) Old regions: 6->6
[2026-04-19T22:10:22.853+0100][7.095s][info][gc,heap     ] GC(88) Humongous regions: 0->0
[2026-04-19T22:10:22.853+0100][7.095s][info][gc,metaspace] GC(88) Metaspace: 247K(448K)->247K(448K) NonClass: 235K(320K)->235K(320K) Class: 12K(128K)->12K(128K)
[2026-04-19T22:10:22.853+0100][7.095s][info][gc          ] GC(88) Pause Young (Normal) (G1 Evacuation Pause) 117M->5M(189M) 0.592ms
[2026-04-19T22:10:22.853+0100][7.095s][info][gc,cpu      ] GC(88) User=0.01s Sys=0.00s Real=0.00s
[2026-04-19T22:10:22.933+0100][7.176s][info][gc,start    ] GC(89) Pause Young (Normal) (G1 Evacuation Pause)
[2026-04-19T22:10:22.933+0100][7.176s][info][gc,task     ] GC(89) Using 4 workers of 8 for evacuation
[2026-04-19T22:10:22.933+0100][7.176s][info][gc,phases   ] GC(89)   Pre Evacuate Collection Set: 0.1ms
[2026-04-19T22:10:22.933+0100][7.176s][info][gc,phases   ] GC(89)   Merge Heap Roots: 0.0ms
[2026-04-19T22:10:22.933+0100][7.176s][info][gc,phases   ] GC(89)   Evacuate Collection Set: 0.3ms
[2026-04-19T22:10:22.933+0100][7.176s][info][gc,phases   ] GC(89)   Post Evacuate Collection Set: 0.1ms
[2026-04-19T22:10:22.933+0100][7.176s][info][gc,phases   ] GC(89)   Other: 0.0ms
[2026-04-19T22:10:22.933+0100][7.176s][info][gc,heap     ] GC(89) Eden regions: 112->0(112)
[2026-04-19T22:10:22.933+0100][7.176s][info][gc,heap     ] GC(89) Survivor regions: 1->1(15)
[2026-04-19T22:10:22.933+0100][7.176s][info][gc,heap     ] GC(89) Old regions: 6->6
[2026-04-19T22:10:22.933+0100][7.176s][info][gc,heap     ] GC(89) Humongous regions: 0->0
[2026-04-19T22:10:22.933+0100][7.176s][info][gc,metaspace] GC(89) Metaspace: 247K(448K)->247K(448K) NonClass: 235K(320K)->235K(320K) Class: 12K(128K)->12K(128K)
[2026-04-19T22:10:22.933+0100][7.176s][info][gc          ] GC(89) Pause Young (Normal) (G1 Evacuation Pause) 117M->5M(189M) 0.643ms
[2026-04-19T22:10:22.933+0100][7.176s][info][gc,cpu      ] GC(89) User=0.00s Sys=0.00s Real=0.00s
[2026-04-19T22:10:23.014+0100][7.256s][info][gc,start    ] GC(90) Pause Young (Normal) (G1 Evacuation Pause)
[2026-04-19T22:10:23.014+0100][7.256s][info][gc,task     ] GC(90) Using 4 workers of 8 for evacuation
[2026-04-19T22:10:23.014+0100][7.257s][info][gc,phases   ] GC(90)   Pre Evacuate Collection Set: 0.1ms
[2026-04-19T22:10:23.014+0100][7.257s][info][gc,phases   ] GC(90)   Merge Heap Roots: 0.0ms
[2026-04-19T22:10:23.014+0100][7.257s][info][gc,phases   ] GC(90)   Evacuate Collection Set: 0.3ms
[2026-04-19T22:10:23.014+0100][7.257s][info][gc,phases   ] GC(90)   Post Evacuate Collection Set: 0.1ms
[2026-04-19T22:10:23.014+0100][7.257s][info][gc,phases   ] GC(90)   Other: 0.0ms
[2026-04-19T22:10:23.014+0100][7.257s][info][gc,heap     ] GC(90) Eden regions: 112->0(112)
[2026-04-19T22:10:23.014+0100][7.257s][info][gc,heap     ] GC(90) Survivor regions: 1->1(15)
[2026-04-19T22:10:23.014+0100][7.257s][info][gc,heap     ] GC(90) Old regions: 6->6
[2026-04-19T22:10:23.014+0100][7.257s][info][gc,heap     ] GC(90) Humongous regions: 0->0
[2026-04-19T22:10:23.014+0100][7.257s][info][gc,metaspace] GC(90) Metaspace: 247K(448K)->247K(448K) NonClass: 235K(320K)->235K(320K) Class: 12K(128K)->12K(128K)
[2026-04-19T22:10:23.014+0100][7.257s][info][gc          ] GC(90) Pause Young (Normal) (G1 Evacuation Pause) 117M->5M(189M) 0.577ms
[2026-04-19T22:10:23.014+0100][7.257s][info][gc,cpu      ] GC(90) User=0.00s Sys=0.00s Real=0.00s
[2026-04-19T22:10:23.095+0100][7.337s][info][gc,start    ] GC(91) Pause Young (Normal) (G1 Evacuation Pause)
[2026-04-19T22:10:23.095+0100][7.337s][info][gc,task     ] GC(91) Using 4 workers of 8 for evacuation
[2026-04-19T22:10:23.095+0100][7.338s][info][gc,phases   ] GC(91)   Pre Evacuate Collection Set: 0.1ms
[2026-04-19T22:10:23.095+0100][7.338s][info][gc,phases   ] GC(91)   Merge Heap Roots: 0.0ms
[2026-04-19T22:10:23.095+0100][7.338s][info][gc,phases   ] GC(91)   Evacuate Collection Set: 0.3ms
[2026-04-19T22:10:23.095+0100][7.338s][info][gc,phases   ] GC(91)   Post Evacuate Collection Set: 0.1ms
[2026-04-19T22:10:23.095+0100][7.338s][info][gc,phases   ] GC(91)   Other: 0.0ms
[2026-04-19T22:10:23.095+0100][7.338s][info][gc,heap     ] GC(91) Eden regions: 112->0(112)
[2026-04-19T22:10:23.095+0100][7.338s][info][gc,heap     ] GC(91) Survivor regions: 1->1(15)
[2026-04-19T22:10:23.095+0100][7.338s][info][gc,heap     ] GC(91) Old regions: 6->6
[2026-04-19T22:10:23.095+0100][7.338s][info][gc,heap     ] GC(91) Humongous regions: 0->0
[2026-04-19T22:10:23.095+0100][7.338s][info][gc,metaspace] GC(91) Metaspace: 247K(448K)->247K(448K) NonClass: 235K(320K)->235K(320K) Class: 12K(128K)->12K(128K)
[2026-04-19T22:10:23.095+0100][7.338s][info][gc          ] GC(91) Pause Young (Normal) (G1 Evacuation Pause) 117M->5M(189M) 0.597ms
[2026-04-19T22:10:23.095+0100][7.338s][info][gc,cpu      ] GC(91) User=0.00s Sys=0.00s Real=0.00s
[2026-04-19T22:10:23.174+0100][7.417s][info][gc,start    ] GC(92) Pause Young (Normal) (G1 Evacuation Pause)
[2026-04-19T22:10:23.174+0100][7.417s][info][gc,task     ] GC(92) Using 4 workers of 8 for evacuation
[2026-04-19T22:10:23.175+0100][7.417s][info][gc,phases   ] GC(92)   Pre Evacuate Collection Set: 0.1ms
[2026-04-19T22:10:23.175+0100][7.417s][info][gc,phases   ] GC(92)   Merge Heap Roots: 0.0ms
[2026-04-19T22:10:23.175+0100][7.417s][info][gc,phases   ] GC(92)   Evacuate Collection Set: 0.3ms
[2026-04-19T22:10:23.175+0100][7.417s][info][gc,phases   ] GC(92)   Post Evacuate Collection Set: 0.1ms
[2026-04-19T22:10:23.175+0100][7.417s][info][gc,phases   ] GC(92)   Other: 0.0ms
[2026-04-19T22:10:23.175+0100][7.417s][info][gc,heap     ] GC(92) Eden regions: 112->0(112)
[2026-04-19T22:10:23.175+0100][7.417s][info][gc,heap     ] GC(92) Survivor regions: 1->1(15)
[2026-04-19T22:10:23.175+0100][7.417s][info][gc,heap     ] GC(92) Old regions: 6->6
[2026-04-19T22:10:23.175+0100][7.417s][info][gc,heap     ] GC(92) Humongous regions: 0->0
[2026-04-19T22:10:23.175+0100][7.418s][info][gc,metaspace] GC(92) Metaspace: 247K(448K)->247K(448K) NonClass: 235K(320K)->235K(320K) Class: 12K(128K)->12K(128K)
[2026-04-19T22:10:23.175+0100][7.418s][info][gc          ] GC(92) Pause Young (Normal) (G1 Evacuation Pause) 117M->5M(189M) 0.616ms
[2026-04-19T22:10:23.175+0100][7.418s][info][gc,cpu      ] GC(92) User=0.00s Sys=0.00s Real=0.00s
[2026-04-19T22:10:23.255+0100][7.498s][info][gc,start    ] GC(93) Pause Young (Normal) (G1 Evacuation Pause)
[2026-04-19T22:10:23.255+0100][7.498s][info][gc,task     ] GC(93) Using 4 workers of 8 for evacuation
[2026-04-19T22:10:23.255+0100][7.498s][info][gc,phases   ] GC(93)   Pre Evacuate Collection Set: 0.1ms
[2026-04-19T22:10:23.255+0100][7.498s][info][gc,phases   ] GC(93)   Merge Heap Roots: 0.0ms
[2026-04-19T22:10:23.255+0100][7.498s][info][gc,phases   ] GC(93)   Evacuate Collection Set: 0.3ms
[2026-04-19T22:10:23.255+0100][7.498s][info][gc,phases   ] GC(93)   Post Evacuate Collection Set: 0.1ms
[2026-04-19T22:10:23.255+0100][7.498s][info][gc,phases   ] GC(93)   Other: 0.0ms
[2026-04-19T22:10:23.255+0100][7.498s][info][gc,heap     ] GC(93) Eden regions: 112->0(112)
[2026-04-19T22:10:23.255+0100][7.498s][info][gc,heap     ] GC(93) Survivor regions: 1->1(15)
[2026-04-19T22:10:23.255+0100][7.498s][info][gc,heap     ] GC(93) Old regions: 6->6
[2026-04-19T22:10:23.255+0100][7.498s][info][gc,heap     ] GC(93) Humongous regions: 0->0
[2026-04-19T22:10:23.256+0100][7.498s][info][gc,metaspace] GC(93) Metaspace: 247K(448K)->247K(448K) NonClass: 235K(320K)->235K(320K) Class: 12K(128K)->12K(128K)
[2026-04-19T22:10:23.256+0100][7.498s][info][gc          ] GC(93) Pause Young (Normal) (G1 Evacuation Pause) 117M->5M(189M) 0.600ms
[2026-04-19T22:10:23.256+0100][7.498s][info][gc,cpu      ] GC(93) User=0.00s Sys=0.00s Real=0.00s
[2026-04-19T22:10:23.336+0100][7.579s][info][gc,start    ] GC(94) Pause Young (Normal) (G1 Evacuation Pause)
[2026-04-19T22:10:23.336+0100][7.579s][info][gc,task     ] GC(94) Using 4 workers of 8 for evacuation
[2026-04-19T22:10:23.337+0100][7.579s][info][gc,phases   ] GC(94)   Pre Evacuate Collection Set: 0.1ms
[2026-04-19T22:10:23.337+0100][7.579s][info][gc,phases   ] GC(94)   Merge Heap Roots: 0.0ms
[2026-04-19T22:10:23.337+0100][7.579s][info][gc,phases   ] GC(94)   Evacuate Collection Set: 0.3ms
[2026-04-19T22:10:23.337+0100][7.579s][info][gc,phases   ] GC(94)   Post Evacuate Collection Set: 0.1ms
[2026-04-19T22:10:23.337+0100][7.579s][info][gc,phases   ] GC(94)   Other: 0.0ms
[2026-04-19T22:10:23.337+0100][7.579s][info][gc,heap     ] GC(94) Eden regions: 112->0(112)
[2026-04-19T22:10:23.337+0100][7.579s][info][gc,heap     ] GC(94) Survivor regions: 1->1(15)
[2026-04-19T22:10:23.337+0100][7.579s][info][gc,heap     ] GC(94) Old regions: 6->6
[2026-04-19T22:10:23.337+0100][7.579s][info][gc,heap     ] GC(94) Humongous regions: 0->0
[2026-04-19T22:10:23.337+0100][7.579s][info][gc,metaspace] GC(94) Metaspace: 247K(448K)->247K(448K) NonClass: 235K(320K)->235K(320K) Class: 12K(128K)->12K(128K)
[2026-04-19T22:10:23.337+0100][7.579s][info][gc          ] GC(94) Pause Young (Normal) (G1 Evacuation Pause) 117M->5M(189M) 0.616ms
[2026-04-19T22:10:23.337+0100][7.579s][info][gc,cpu      ] GC(94) User=0.00s Sys=0.00s Real=0.00s
[2026-04-19T22:10:23.417+0100][7.659s][info][gc,start    ] GC(95) Pause Young (Normal) (G1 Evacuation Pause)
[2026-04-19T22:10:23.417+0100][7.659s][info][gc,task     ] GC(95) Using 4 workers of 8 for evacuation
[2026-04-19T22:10:23.417+0100][7.660s][info][gc,phases   ] GC(95)   Pre Evacuate Collection Set: 0.1ms
[2026-04-19T22:10:23.417+0100][7.660s][info][gc,phases   ] GC(95)   Merge Heap Roots: 0.0ms
[2026-04-19T22:10:23.417+0100][7.660s][info][gc,phases   ] GC(95)   Evacuate Collection Set: 0.3ms
[2026-04-19T22:10:23.417+0100][7.660s][info][gc,phases   ] GC(95)   Post Evacuate Collection Set: 0.1ms
[2026-04-19T22:10:23.417+0100][7.660s][info][gc,phases   ] GC(95)   Other: 0.0ms
[2026-04-19T22:10:23.417+0100][7.660s][info][gc,heap     ] GC(95) Eden regions: 112->0(112)
[2026-04-19T22:10:23.417+0100][7.660s][info][gc,heap     ] GC(95) Survivor regions: 1->1(15)
[2026-04-19T22:10:23.417+0100][7.660s][info][gc,heap     ] GC(95) Old regions: 6->6
[2026-04-19T22:10:23.417+0100][7.660s][info][gc,heap     ] GC(95) Humongous regions: 0->0
[2026-04-19T22:10:23.417+0100][7.660s][info][gc,metaspace] GC(95) Metaspace: 247K(448K)->247K(448K) NonClass: 235K(320K)->235K(320K) Class: 12K(128K)->12K(128K)
[2026-04-19T22:10:23.417+0100][7.660s][info][gc          ] GC(95) Pause Young (Normal) (G1 Evacuation Pause) 117M->5M(189M) 0.572ms
[2026-04-19T22:10:23.417+0100][7.660s][info][gc,cpu      ] GC(95) User=0.00s Sys=0.00s Real=0.00s
[2026-04-19T22:10:23.497+0100][7.740s][info][gc,start    ] GC(96) Pause Young (Normal) (G1 Evacuation Pause)
[2026-04-19T22:10:23.497+0100][7.740s][info][gc,task     ] GC(96) Using 4 workers of 8 for evacuation
[2026-04-19T22:10:23.498+0100][7.741s][info][gc,phases   ] GC(96)   Pre Evacuate Collection Set: 0.1ms
[2026-04-19T22:10:23.498+0100][7.741s][info][gc,phases   ] GC(96)   Merge Heap Roots: 0.0ms
[2026-04-19T22:10:23.498+0100][7.741s][info][gc,phases   ] GC(96)   Evacuate Collection Set: 0.3ms
[2026-04-19T22:10:23.498+0100][7.741s][info][gc,phases   ] GC(96)   Post Evacuate Collection Set: 0.1ms
[2026-04-19T22:10:23.498+0100][7.741s][info][gc,phases   ] GC(96)   Other: 0.0ms
[2026-04-19T22:10:23.498+0100][7.741s][info][gc,heap     ] GC(96) Eden regions: 112->0(112)
[2026-04-19T22:10:23.498+0100][7.741s][info][gc,heap     ] GC(96) Survivor regions: 1->1(15)
[2026-04-19T22:10:23.498+0100][7.741s][info][gc,heap     ] GC(96) Old regions: 6->6
[2026-04-19T22:10:23.498+0100][7.741s][info][gc,heap     ] GC(96) Humongous regions: 0->0
[2026-04-19T22:10:23.498+0100][7.741s][info][gc,metaspace] GC(96) Metaspace: 247K(448K)->247K(448K) NonClass: 235K(320K)->235K(320K) Class: 12K(128K)->12K(128K)
[2026-04-19T22:10:23.498+0100][7.741s][info][gc          ] GC(96) Pause Young (Normal) (G1 Evacuation Pause) 117M->5M(189M) 0.589ms
[2026-04-19T22:10:23.498+0100][7.741s][info][gc,cpu      ] GC(96) User=0.01s Sys=0.00s Real=0.00s
[2026-04-19T22:10:23.578+0100][7.821s][info][gc,start    ] GC(97) Pause Young (Normal) (G1 Evacuation Pause)
[2026-04-19T22:10:23.578+0100][7.821s][info][gc,task     ] GC(97) Using 4 workers of 8 for evacuation
[2026-04-19T22:10:23.579+0100][7.821s][info][gc,phases   ] GC(97)   Pre Evacuate Collection Set: 0.1ms
[2026-04-19T22:10:23.579+0100][7.821s][info][gc,phases   ] GC(97)   Merge Heap Roots: 0.0ms
[2026-04-19T22:10:23.579+0100][7.821s][info][gc,phases   ] GC(97)   Evacuate Collection Set: 0.3ms
[2026-04-19T22:10:23.579+0100][7.822s][info][gc,phases   ] GC(97)   Post Evacuate Collection Set: 0.1ms
[2026-04-19T22:10:23.579+0100][7.822s][info][gc,phases   ] GC(97)   Other: 0.0ms
[2026-04-19T22:10:23.579+0100][7.822s][info][gc,heap     ] GC(97) Eden regions: 112->0(112)
[2026-04-19T22:10:23.579+0100][7.822s][info][gc,heap     ] GC(97) Survivor regions: 1->1(15)
[2026-04-19T22:10:23.579+0100][7.822s][info][gc,heap     ] GC(97) Old regions: 6->6
[2026-04-19T22:10:23.579+0100][7.822s][info][gc,heap     ] GC(97) Humongous regions: 0->0
[2026-04-19T22:10:23.579+0100][7.822s][info][gc,metaspace] GC(97) Metaspace: 247K(448K)->247K(448K) NonClass: 235K(320K)->235K(320K) Class: 12K(128K)->12K(128K)
[2026-04-19T22:10:23.579+0100][7.822s][info][gc          ] GC(97) Pause Young (Normal) (G1 Evacuation Pause) 117M->5M(189M) 0.611ms
[2026-04-19T22:10:23.579+0100][7.822s][info][gc,cpu      ] GC(97) User=0.00s Sys=0.00s Real=0.00s
[2026-04-19T22:10:23.659+0100][7.902s][info][gc,start    ] GC(98) Pause Young (Normal) (G1 Evacuation Pause)
[2026-04-19T22:10:23.659+0100][7.902s][info][gc,task     ] GC(98) Using 4 workers of 8 for evacuation
[2026-04-19T22:10:23.660+0100][7.902s][info][gc,phases   ] GC(98)   Pre Evacuate Collection Set: 0.1ms
[2026-04-19T22:10:23.660+0100][7.902s][info][gc,phases   ] GC(98)   Merge Heap Roots: 0.0ms
[2026-04-19T22:10:23.660+0100][7.902s][info][gc,phases   ] GC(98)   Evacuate Collection Set: 0.3ms
[2026-04-19T22:10:23.660+0100][7.902s][info][gc,phases   ] GC(98)   Post Evacuate Collection Set: 0.1ms
[2026-04-19T22:10:23.660+0100][7.902s][info][gc,phases   ] GC(98)   Other: 0.0ms
[2026-04-19T22:10:23.660+0100][7.902s][info][gc,heap     ] GC(98) Eden regions: 112->0(112)
[2026-04-19T22:10:23.660+0100][7.902s][info][gc,heap     ] GC(98) Survivor regions: 1->1(15)
[2026-04-19T22:10:23.660+0100][7.902s][info][gc,heap     ] GC(98) Old regions: 6->6
[2026-04-19T22:10:23.660+0100][7.902s][info][gc,heap     ] GC(98) Humongous regions: 0->0
[2026-04-19T22:10:23.660+0100][7.902s][info][gc,metaspace] GC(98) Metaspace: 247K(448K)->247K(448K) NonClass: 235K(320K)->235K(320K) Class: 12K(128K)->12K(128K)
[2026-04-19T22:10:23.660+0100][7.902s][info][gc          ] GC(98) Pause Young (Normal) (G1 Evacuation Pause) 117M->5M(189M) 0.576ms
[2026-04-19T22:10:23.660+0100][7.902s][info][gc,cpu      ] GC(98) User=0.00s Sys=0.00s Real=0.01s
[2026-04-19T22:10:23.740+0100][7.983s][info][gc,start    ] GC(99) Pause Young (Normal) (G1 Evacuation Pause)
[2026-04-19T22:10:23.740+0100][7.983s][info][gc,task     ] GC(99) Using 4 workers of 8 for evacuation
[2026-04-19T22:10:23.741+0100][7.983s][info][gc,phases   ] GC(99)   Pre Evacuate Collection Set: 0.1ms
[2026-04-19T22:10:23.741+0100][7.983s][info][gc,phases   ] GC(99)   Merge Heap Roots: 0.0ms
[2026-04-19T22:10:23.741+0100][7.983s][info][gc,phases   ] GC(99)   Evacuate Collection Set: 0.3ms
[2026-04-19T22:10:23.741+0100][7.983s][info][gc,phases   ] GC(99)   Post Evacuate Collection Set: 0.1ms
[2026-04-19T22:10:23.741+0100][7.983s][info][gc,phases   ] GC(99)   Other: 0.0ms
[2026-04-19T22:10:23.741+0100][7.983s][info][gc,heap     ] GC(99) Eden regions: 112->0(112)
[2026-04-19T22:10:23.741+0100][7.984s][info][gc,heap     ] GC(99) Survivor regions: 1->1(15)
[2026-04-19T22:10:23.741+0100][7.984s][info][gc,heap     ] GC(99) Old regions: 6->6
[2026-04-19T22:10:23.741+0100][7.984s][info][gc,heap     ] GC(99) Humongous regions: 0->0
[2026-04-19T22:10:23.741+0100][7.984s][info][gc,metaspace] GC(99) Metaspace: 247K(448K)->247K(448K) NonClass: 235K(320K)->235K(320K) Class: 12K(128K)->12K(128K)
[2026-04-19T22:10:23.741+0100][7.984s][info][gc          ] GC(99) Pause Young (Normal) (G1 Evacuation Pause) 117M->5M(189M) 0.598ms
[2026-04-19T22:10:23.741+0100][7.984s][info][gc,cpu      ] GC(99) User=0.00s Sys=0.00s Real=0.00s
[2026-04-19T22:10:23.821+0100][8.064s][info][gc,start    ] GC(100) Pause Young (Normal) (G1 Evacuation Pause)
[2026-04-19T22:10:23.821+0100][8.064s][info][gc,task     ] GC(100) Using 4 workers of 8 for evacuation
[2026-04-19T22:10:23.822+0100][8.065s][info][gc,phases   ] GC(100)   Pre Evacuate Collection Set: 0.1ms
[2026-04-19T22:10:23.822+0100][8.065s][info][gc,phases   ] GC(100)   Merge Heap Roots: 0.0ms
[2026-04-19T22:10:23.822+0100][8.065s][info][gc,phases   ] GC(100)   Evacuate Collection Set: 0.3ms
[2026-04-19T22:10:23.822+0100][8.065s][info][gc,phases   ] GC(100)   Post Evacuate Collection Set: 0.1ms
[2026-04-19T22:10:23.822+0100][8.065s][info][gc,phases   ] GC(100)   Other: 0.0ms
[2026-04-19T22:10:23.822+0100][8.065s][info][gc,heap     ] GC(100) Eden regions: 112->0(112)
[2026-04-19T22:10:23.822+0100][8.065s][info][gc,heap     ] GC(100) Survivor regions: 1->1(15)
[2026-04-19T22:10:23.822+0100][8.065s][info][gc,heap     ] GC(100) Old regions: 6->6
[2026-04-19T22:10:23.822+0100][8.065s][info][gc,heap     ] GC(100) Humongous regions: 0->0
[2026-04-19T22:10:23.822+0100][8.065s][info][gc,metaspace] GC(100) Metaspace: 247K(448K)->247K(448K) NonClass: 235K(320K)->235K(320K) Class: 12K(128K)->12K(128K)
[2026-04-19T22:10:23.822+0100][8.065s][info][gc          ] GC(100) Pause Young (Normal) (G1 Evacuation Pause) 117M->5M(189M) 0.609ms
[2026-04-19T22:10:23.822+0100][8.065s][info][gc,cpu      ] GC(100) User=0.00s Sys=0.00s Real=0.00s
[2026-04-19T22:10:23.902+0100][8.145s][info][gc,start    ] GC(101) Pause Young (Normal) (G1 Evacuation Pause)
[2026-04-19T22:10:23.902+0100][8.145s][info][gc,task     ] GC(101) Using 4 workers of 8 for evacuation
[2026-04-19T22:10:23.903+0100][8.146s][info][gc,phases   ] GC(101)   Pre Evacuate Collection Set: 0.1ms
[2026-04-19T22:10:23.903+0100][8.146s][info][gc,phases   ] GC(101)   Merge Heap Roots: 0.0ms
[2026-04-19T22:10:23.903+0100][8.146s][info][gc,phases   ] GC(101)   Evacuate Collection Set: 0.3ms
[2026-04-19T22:10:23.903+0100][8.146s][info][gc,phases   ] GC(101)   Post Evacuate Collection Set: 0.1ms
[2026-04-19T22:10:23.903+0100][8.146s][info][gc,phases   ] GC(101)   Other: 0.0ms
[2026-04-19T22:10:23.903+0100][8.146s][info][gc,heap     ] GC(101) Eden regions: 112->0(112)
[2026-04-19T22:10:23.903+0100][8.146s][info][gc,heap     ] GC(101) Survivor regions: 1->1(15)
[2026-04-19T22:10:23.903+0100][8.146s][info][gc,heap     ] GC(101) Old regions: 6->6
[2026-04-19T22:10:23.903+0100][8.146s][info][gc,heap     ] GC(101) Humongous regions: 0->0
[2026-04-19T22:10:23.903+0100][8.146s][info][gc,metaspace] GC(101) Metaspace: 247K(448K)->247K(448K) NonClass: 235K(320K)->235K(320K) Class: 12K(128K)->12K(128K)
[2026-04-19T22:10:23.903+0100][8.146s][info][gc          ] GC(101) Pause Young (Normal) (G1 Evacuation Pause) 117M->5M(189M) 0.605ms
[2026-04-19T22:10:23.903+0100][8.146s][info][gc,cpu      ] GC(101) User=0.00s Sys=0.00s Real=0.00s
[2026-04-19T22:10:23.983+0100][8.226s][info][gc,start    ] GC(102) Pause Young (Normal) (G1 Evacuation Pause)
[2026-04-19T22:10:23.983+0100][8.226s][info][gc,task     ] GC(102) Using 4 workers of 8 for evacuation
[2026-04-19T22:10:23.984+0100][8.227s][info][gc,phases   ] GC(102)   Pre Evacuate Collection Set: 0.1ms
[2026-04-19T22:10:23.984+0100][8.227s][info][gc,phases   ] GC(102)   Merge Heap Roots: 0.0ms
[2026-04-19T22:10:23.984+0100][8.227s][info][gc,phases   ] GC(102)   Evacuate Collection Set: 0.3ms
[2026-04-19T22:10:23.984+0100][8.227s][info][gc,phases   ] GC(102)   Post Evacuate Collection Set: 0.1ms
[2026-04-19T22:10:23.984+0100][8.227s][info][gc,phases   ] GC(102)   Other: 0.0ms
[2026-04-19T22:10:23.984+0100][8.227s][info][gc,heap     ] GC(102) Eden regions: 112->0(112)
[2026-04-19T22:10:23.984+0100][8.227s][info][gc,heap     ] GC(102) Survivor regions: 1->1(15)
[2026-04-19T22:10:23.984+0100][8.227s][info][gc,heap     ] GC(102) Old regions: 6->6
[2026-04-19T22:10:23.984+0100][8.227s][info][gc,heap     ] GC(102) Humongous regions: 0->0
[2026-04-19T22:10:23.984+0100][8.227s][info][gc,metaspace] GC(102) Metaspace: 247K(448K)->247K(448K) NonClass: 235K(320K)->235K(320K) Class: 12K(128K)->12K(128K)
[2026-04-19T22:10:23.984+0100][8.227s][info][gc          ] GC(102) Pause Young (Normal) (G1 Evacuation Pause) 117M->5M(189M) 0.600ms
[2026-04-19T22:10:23.984+0100][8.227s][info][gc,cpu      ] GC(102) User=0.01s Sys=0.00s Real=0.00s
[2026-04-19T22:10:24.064+0100][8.307s][info][gc,start    ] GC(103) Pause Young (Normal) (G1 Evacuation Pause)
[2026-04-19T22:10:24.064+0100][8.307s][info][gc,task     ] GC(103) Using 4 workers of 8 for evacuation
[2026-04-19T22:10:24.065+0100][8.307s][info][gc,phases   ] GC(103)   Pre Evacuate Collection Set: 0.1ms
[2026-04-19T22:10:24.065+0100][8.307s][info][gc,phases   ] GC(103)   Merge Heap Roots: 0.0ms
[2026-04-19T22:10:24.065+0100][8.307s][info][gc,phases   ] GC(103)   Evacuate Collection Set: 0.3ms
[2026-04-19T22:10:24.065+0100][8.307s][info][gc,phases   ] GC(103)   Post Evacuate Collection Set: 0.1ms
[2026-04-19T22:10:24.065+0100][8.307s][info][gc,phases   ] GC(103)   Other: 0.0ms
[2026-04-19T22:10:24.065+0100][8.307s][info][gc,heap     ] GC(103) Eden regions: 112->0(112)
[2026-04-19T22:10:24.065+0100][8.307s][info][gc,heap     ] GC(103) Survivor regions: 1->1(15)
[2026-04-19T22:10:24.065+0100][8.307s][info][gc,heap     ] GC(103) Old regions: 6->6
[2026-04-19T22:10:24.065+0100][8.307s][info][gc,heap     ] GC(103) Humongous regions: 0->0
[2026-04-19T22:10:24.065+0100][8.307s][info][gc,metaspace] GC(103) Metaspace: 247K(448K)->247K(448K) NonClass: 235K(320K)->235K(320K) Class: 12K(128K)->12K(128K)
[2026-04-19T22:10:24.065+0100][8.307s][info][gc          ] GC(103) Pause Young (Normal) (G1 Evacuation Pause) 117M->5M(189M) 0.587ms
[2026-04-19T22:10:24.065+0100][8.307s][info][gc,cpu      ] GC(103) User=0.00s Sys=0.00s Real=0.00s
[2026-04-19T22:10:24.145+0100][8.388s][info][gc,start    ] GC(104) Pause Young (Normal) (G1 Evacuation Pause)
[2026-04-19T22:10:24.145+0100][8.388s][info][gc,task     ] GC(104) Using 4 workers of 8 for evacuation
[2026-04-19T22:10:24.146+0100][8.388s][info][gc,phases   ] GC(104)   Pre Evacuate Collection Set: 0.1ms
[2026-04-19T22:10:24.146+0100][8.388s][info][gc,phases   ] GC(104)   Merge Heap Roots: 0.0ms
[2026-04-19T22:10:24.146+0100][8.388s][info][gc,phases   ] GC(104)   Evacuate Collection Set: 0.3ms
[2026-04-19T22:10:24.146+0100][8.388s][info][gc,phases   ] GC(104)   Post Evacuate Collection Set: 0.1ms
[2026-04-19T22:10:24.146+0100][8.388s][info][gc,phases   ] GC(104)   Other: 0.0ms
[2026-04-19T22:10:24.146+0100][8.388s][info][gc,heap     ] GC(104) Eden regions: 112->0(112)
[2026-04-19T22:10:24.146+0100][8.388s][info][gc,heap     ] GC(104) Survivor regions: 1->1(15)
[2026-04-19T22:10:24.146+0100][8.388s][info][gc,heap     ] GC(104) Old regions: 6->6
[2026-04-19T22:10:24.146+0100][8.388s][info][gc,heap     ] GC(104) Humongous regions: 0->0
[2026-04-19T22:10:24.146+0100][8.388s][info][gc,metaspace] GC(104) Metaspace: 247K(448K)->247K(448K) NonClass: 235K(320K)->235K(320K) Class: 12K(128K)->12K(128K)
[2026-04-19T22:10:24.146+0100][8.388s][info][gc          ] GC(104) Pause Young (Normal) (G1 Evacuation Pause) 117M->5M(189M) 0.583ms
[2026-04-19T22:10:24.146+0100][8.388s][info][gc,cpu      ] GC(104) User=0.00s Sys=0.00s Real=0.00s
[2026-04-19T22:10:24.226+0100][8.469s][info][gc,start    ] GC(105) Pause Young (Normal) (G1 Evacuation Pause)
[2026-04-19T22:10:24.226+0100][8.469s][info][gc,task     ] GC(105) Using 4 workers of 8 for evacuation
[2026-04-19T22:10:24.226+0100][8.469s][info][gc,phases   ] GC(105)   Pre Evacuate Collection Set: 0.1ms
[2026-04-19T22:10:24.226+0100][8.469s][info][gc,phases   ] GC(105)   Merge Heap Roots: 0.0ms
[2026-04-19T22:10:24.226+0100][8.469s][info][gc,phases   ] GC(105)   Evacuate Collection Set: 0.3ms
[2026-04-19T22:10:24.226+0100][8.469s][info][gc,phases   ] GC(105)   Post Evacuate Collection Set: 0.1ms
[2026-04-19T22:10:24.226+0100][8.469s][info][gc,phases   ] GC(105)   Other: 0.0ms
[2026-04-19T22:10:24.226+0100][8.469s][info][gc,heap     ] GC(105) Eden regions: 112->0(112)
[2026-04-19T22:10:24.226+0100][8.469s][info][gc,heap     ] GC(105) Survivor regions: 1->1(15)
[2026-04-19T22:10:24.226+0100][8.469s][info][gc,heap     ] GC(105) Old regions: 6->6
[2026-04-19T22:10:24.226+0100][8.469s][info][gc,heap     ] GC(105) Humongous regions: 0->0
[2026-04-19T22:10:24.226+0100][8.469s][info][gc,metaspace] GC(105) Metaspace: 247K(448K)->247K(448K) NonClass: 235K(320K)->235K(320K) Class: 12K(128K)->12K(128K)
[2026-04-19T22:10:24.226+0100][8.469s][info][gc          ] GC(105) Pause Young (Normal) (G1 Evacuation Pause) 117M->5M(189M) 0.599ms
[2026-04-19T22:10:24.226+0100][8.469s][info][gc,cpu      ] GC(105) User=0.00s Sys=0.00s Real=0.00s
[2026-04-19T22:10:24.307+0100][8.550s][info][gc,start    ] GC(106) Pause Young (Normal) (G1 Evacuation Pause)
[2026-04-19T22:10:24.307+0100][8.550s][info][gc,task     ] GC(106) Using 4 workers of 8 for evacuation
[2026-04-19T22:10:24.307+0100][8.550s][info][gc,phases   ] GC(106)   Pre Evacuate Collection Set: 0.1ms
[2026-04-19T22:10:24.307+0100][8.550s][info][gc,phases   ] GC(106)   Merge Heap Roots: 0.0ms
[2026-04-19T22:10:24.307+0100][8.550s][info][gc,phases   ] GC(106)   Evacuate Collection Set: 0.4ms
[2026-04-19T22:10:24.307+0100][8.550s][info][gc,phases   ] GC(106)   Post Evacuate Collection Set: 0.1ms
[2026-04-19T22:10:24.307+0100][8.550s][info][gc,phases   ] GC(106)   Other: 0.0ms
[2026-04-19T22:10:24.307+0100][8.550s][info][gc,heap     ] GC(106) Eden regions: 112->0(112)
[2026-04-19T22:10:24.307+0100][8.550s][info][gc,heap     ] GC(106) Survivor regions: 1->1(15)
[2026-04-19T22:10:24.307+0100][8.550s][info][gc,heap     ] GC(106) Old regions: 6->6
[2026-04-19T22:10:24.308+0100][8.550s][info][gc,heap     ] GC(106) Humongous regions: 0->0
[2026-04-19T22:10:24.308+0100][8.550s][info][gc,metaspace] GC(106) Metaspace: 247K(448K)->247K(448K) NonClass: 235K(320K)->235K(320K) Class: 12K(128K)->12K(128K)
[2026-04-19T22:10:24.308+0100][8.550s][info][gc          ] GC(106) Pause Young (Normal) (G1 Evacuation Pause) 117M->5M(189M) 0.715ms
[2026-04-19T22:10:24.308+0100][8.550s][info][gc,cpu      ] GC(106) User=0.00s Sys=0.00s Real=0.00s
[2026-04-19T22:10:24.393+0100][8.636s][info][gc,start    ] GC(107) Pause Young (Normal) (G1 Evacuation Pause)
[2026-04-19T22:10:24.393+0100][8.636s][info][gc,task     ] GC(107) Using 4 workers of 8 for evacuation
[2026-04-19T22:10:24.394+0100][8.636s][info][gc,phases   ] GC(107)   Pre Evacuate Collection Set: 0.1ms
[2026-04-19T22:10:24.394+0100][8.636s][info][gc,phases   ] GC(107)   Merge Heap Roots: 0.0ms
[2026-04-19T22:10:24.394+0100][8.636s][info][gc,phases   ] GC(107)   Evacuate Collection Set: 0.3ms
[2026-04-19T22:10:24.394+0100][8.636s][info][gc,phases   ] GC(107)   Post Evacuate Collection Set: 0.1ms
[2026-04-19T22:10:24.394+0100][8.636s][info][gc,phases   ] GC(107)   Other: 0.0ms
[2026-04-19T22:10:24.394+0100][8.636s][info][gc,heap     ] GC(107) Eden regions: 112->0(112)
[2026-04-19T22:10:24.394+0100][8.636s][info][gc,heap     ] GC(107) Survivor regions: 1->1(15)
[2026-04-19T22:10:24.394+0100][8.636s][info][gc,heap     ] GC(107) Old regions: 6->6
[2026-04-19T22:10:24.394+0100][8.636s][info][gc,heap     ] GC(107) Humongous regions: 0->0
[2026-04-19T22:10:24.394+0100][8.636s][info][gc,metaspace] GC(107) Metaspace: 247K(448K)->247K(448K) NonClass: 235K(320K)->235K(320K) Class: 12K(128K)->12K(128K)
[2026-04-19T22:10:24.394+0100][8.637s][info][gc          ] GC(107) Pause Young (Normal) (G1 Evacuation Pause) 117M->5M(189M) 0.596ms
[2026-04-19T22:10:24.394+0100][8.637s][info][gc,cpu      ] GC(107) User=0.00s Sys=0.00s Real=0.00s
[2026-04-19T22:10:24.474+0100][8.716s][info][gc,start    ] GC(108) Pause Young (Normal) (G1 Evacuation Pause)
[2026-04-19T22:10:24.474+0100][8.717s][info][gc,task     ] GC(108) Using 4 workers of 8 for evacuation
[2026-04-19T22:10:24.474+0100][8.717s][info][gc,phases   ] GC(108)   Pre Evacuate Collection Set: 0.1ms
[2026-04-19T22:10:24.474+0100][8.717s][info][gc,phases   ] GC(108)   Merge Heap Roots: 0.0ms
[2026-04-19T22:10:24.474+0100][8.717s][info][gc,phases   ] GC(108)   Evacuate Collection Set: 0.3ms
[2026-04-19T22:10:24.474+0100][8.717s][info][gc,phases   ] GC(108)   Post Evacuate Collection Set: 0.1ms
[2026-04-19T22:10:24.474+0100][8.717s][info][gc,phases   ] GC(108)   Other: 0.0ms
[2026-04-19T22:10:24.474+0100][8.717s][info][gc,heap     ] GC(108) Eden regions: 112->0(112)
[2026-04-19T22:10:24.474+0100][8.717s][info][gc,heap     ] GC(108) Survivor regions: 1->1(15)
[2026-04-19T22:10:24.474+0100][8.717s][info][gc,heap     ] GC(108) Old regions: 6->6
[2026-04-19T22:10:24.474+0100][8.717s][info][gc,heap     ] GC(108) Humongous regions: 0->0
[2026-04-19T22:10:24.474+0100][8.717s][info][gc,metaspace] GC(108) Metaspace: 247K(448K)->247K(448K) NonClass: 235K(320K)->235K(320K) Class: 12K(128K)->12K(128K)
[2026-04-19T22:10:24.474+0100][8.717s][info][gc          ] GC(108) Pause Young (Normal) (G1 Evacuation Pause) 117M->5M(189M) 0.594ms
[2026-04-19T22:10:24.474+0100][8.717s][info][gc,cpu      ] GC(108) User=0.00s Sys=0.00s Real=0.00s
[2026-04-19T22:10:24.555+0100][8.798s][info][gc,start    ] GC(109) Pause Young (Normal) (G1 Evacuation Pause)
[2026-04-19T22:10:24.555+0100][8.798s][info][gc,task     ] GC(109) Using 4 workers of 8 for evacuation
[2026-04-19T22:10:24.555+0100][8.798s][info][gc,phases   ] GC(109)   Pre Evacuate Collection Set: 0.1ms
[2026-04-19T22:10:24.555+0100][8.798s][info][gc,phases   ] GC(109)   Merge Heap Roots: 0.0ms
[2026-04-19T22:10:24.555+0100][8.798s][info][gc,phases   ] GC(109)   Evacuate Collection Set: 0.3ms
[2026-04-19T22:10:24.555+0100][8.798s][info][gc,phases   ] GC(109)   Post Evacuate Collection Set: 0.1ms
[2026-04-19T22:10:24.555+0100][8.798s][info][gc,phases   ] GC(109)   Other: 0.0ms
[2026-04-19T22:10:24.555+0100][8.798s][info][gc,heap     ] GC(109) Eden regions: 112->0(112)
[2026-04-19T22:10:24.555+0100][8.798s][info][gc,heap     ] GC(109) Survivor regions: 1->1(15)
[2026-04-19T22:10:24.555+0100][8.798s][info][gc,heap     ] GC(109) Old regions: 6->6
[2026-04-19T22:10:24.556+0100][8.798s][info][gc,heap     ] GC(109) Humongous regions: 0->0
[2026-04-19T22:10:24.556+0100][8.798s][info][gc,metaspace] GC(109) Metaspace: 247K(448K)->247K(448K) NonClass: 235K(320K)->235K(320K) Class: 12K(128K)->12K(128K)
[2026-04-19T22:10:24.556+0100][8.798s][info][gc          ] GC(109) Pause Young (Normal) (G1 Evacuation Pause) 117M->5M(189M) 0.582ms
[2026-04-19T22:10:24.556+0100][8.798s][info][gc,cpu      ] GC(109) User=0.00s Sys=0.00s Real=0.00s
[2026-04-19T22:10:24.636+0100][8.879s][info][gc,start    ] GC(110) Pause Young (Normal) (G1 Evacuation Pause)
[2026-04-19T22:10:24.636+0100][8.879s][info][gc,task     ] GC(110) Using 4 workers of 8 for evacuation
[2026-04-19T22:10:24.637+0100][8.879s][info][gc,phases   ] GC(110)   Pre Evacuate Collection Set: 0.1ms
[2026-04-19T22:10:24.637+0100][8.879s][info][gc,phases   ] GC(110)   Merge Heap Roots: 0.0ms
[2026-04-19T22:10:24.637+0100][8.879s][info][gc,phases   ] GC(110)   Evacuate Collection Set: 0.3ms
[2026-04-19T22:10:24.637+0100][8.879s][info][gc,phases   ] GC(110)   Post Evacuate Collection Set: 0.1ms
[2026-04-19T22:10:24.637+0100][8.880s][info][gc,phases   ] GC(110)   Other: 0.0ms
[2026-04-19T22:10:24.637+0100][8.880s][info][gc,heap     ] GC(110) Eden regions: 112->0(112)
[2026-04-19T22:10:24.637+0100][8.880s][info][gc,heap     ] GC(110) Survivor regions: 1->1(15)
[2026-04-19T22:10:24.637+0100][8.880s][info][gc,heap     ] GC(110) Old regions: 6->6
[2026-04-19T22:10:24.637+0100][8.880s][info][gc,heap     ] GC(110) Humongous regions: 0->0
[2026-04-19T22:10:24.637+0100][8.880s][info][gc,metaspace] GC(110) Metaspace: 247K(448K)->247K(448K) NonClass: 235K(320K)->235K(320K) Class: 12K(128K)->12K(128K)
[2026-04-19T22:10:24.637+0100][8.880s][info][gc          ] GC(110) Pause Young (Normal) (G1 Evacuation Pause) 117M->5M(189M) 0.581ms
[2026-04-19T22:10:24.637+0100][8.880s][info][gc,cpu      ] GC(110) User=0.00s Sys=0.00s Real=0.00s
[2026-04-19T22:10:24.719+0100][8.961s][info][gc,start    ] GC(111) Pause Young (Normal) (G1 Evacuation Pause)
[2026-04-19T22:10:24.719+0100][8.961s][info][gc,task     ] GC(111) Using 4 workers of 8 for evacuation
[2026-04-19T22:10:24.719+0100][8.962s][info][gc,phases   ] GC(111)   Pre Evacuate Collection Set: 0.1ms
[2026-04-19T22:10:24.719+0100][8.962s][info][gc,phases   ] GC(111)   Merge Heap Roots: 0.0ms
[2026-04-19T22:10:24.719+0100][8.962s][info][gc,phases   ] GC(111)   Evacuate Collection Set: 0.3ms
[2026-04-19T22:10:24.719+0100][8.962s][info][gc,phases   ] GC(111)   Post Evacuate Collection Set: 0.1ms
[2026-04-19T22:10:24.719+0100][8.962s][info][gc,phases   ] GC(111)   Other: 0.0ms
[2026-04-19T22:10:24.719+0100][8.962s][info][gc,heap     ] GC(111) Eden regions: 112->0(112)
[2026-04-19T22:10:24.719+0100][8.962s][info][gc,heap     ] GC(111) Survivor regions: 1->1(15)
[2026-04-19T22:10:24.719+0100][8.962s][info][gc,heap     ] GC(111) Old regions: 6->6
[2026-04-19T22:10:24.719+0100][8.962s][info][gc,heap     ] GC(111) Humongous regions: 0->0
[2026-04-19T22:10:24.719+0100][8.962s][info][gc,metaspace] GC(111) Metaspace: 247K(448K)->247K(448K) NonClass: 235K(320K)->235K(320K) Class: 12K(128K)->12K(128K)
[2026-04-19T22:10:24.719+0100][8.962s][info][gc          ] GC(111) Pause Young (Normal) (G1 Evacuation Pause) 117M->5M(189M) 0.616ms
[2026-04-19T22:10:24.719+0100][8.962s][info][gc,cpu      ] GC(111) User=0.01s Sys=0.00s Real=0.00s
[2026-04-19T22:10:24.800+0100][9.043s][info][gc,start    ] GC(112) Pause Young (Normal) (G1 Evacuation Pause)
[2026-04-19T22:10:24.800+0100][9.043s][info][gc,task     ] GC(112) Using 4 workers of 8 for evacuation
[2026-04-19T22:10:24.801+0100][9.043s][info][gc,phases   ] GC(112)   Pre Evacuate Collection Set: 0.1ms
[2026-04-19T22:10:24.801+0100][9.043s][info][gc,phases   ] GC(112)   Merge Heap Roots: 0.0ms
[2026-04-19T22:10:24.801+0100][9.043s][info][gc,phases   ] GC(112)   Evacuate Collection Set: 0.3ms
[2026-04-19T22:10:24.801+0100][9.043s][info][gc,phases   ] GC(112)   Post Evacuate Collection Set: 0.1ms
[2026-04-19T22:10:24.801+0100][9.043s][info][gc,phases   ] GC(112)   Other: 0.0ms
[2026-04-19T22:10:24.801+0100][9.043s][info][gc,heap     ] GC(112) Eden regions: 112->0(112)
[2026-04-19T22:10:24.801+0100][9.043s][info][gc,heap     ] GC(112) Survivor regions: 1->1(15)
[2026-04-19T22:10:24.801+0100][9.043s][info][gc,heap     ] GC(112) Old regions: 6->6
[2026-04-19T22:10:24.801+0100][9.043s][info][gc,heap     ] GC(112) Humongous regions: 0->0
[2026-04-19T22:10:24.801+0100][9.043s][info][gc,metaspace] GC(112) Metaspace: 247K(448K)->247K(448K) NonClass: 235K(320K)->235K(320K) Class: 12K(128K)->12K(128K)
[2026-04-19T22:10:24.801+0100][9.043s][info][gc          ] GC(112) Pause Young (Normal) (G1 Evacuation Pause) 117M->5M(189M) 0.644ms
[2026-04-19T22:10:24.801+0100][9.043s][info][gc,cpu      ] GC(112) User=0.00s Sys=0.00s Real=0.00s
[2026-04-19T22:10:24.881+0100][9.124s][info][gc,start    ] GC(113) Pause Young (Normal) (G1 Evacuation Pause)
[2026-04-19T22:10:24.881+0100][9.124s][info][gc,task     ] GC(113) Using 4 workers of 8 for evacuation
[2026-04-19T22:10:24.882+0100][9.125s][info][gc,phases   ] GC(113)   Pre Evacuate Collection Set: 0.1ms
[2026-04-19T22:10:24.882+0100][9.125s][info][gc,phases   ] GC(113)   Merge Heap Roots: 0.0ms
[2026-04-19T22:10:24.882+0100][9.125s][info][gc,phases   ] GC(113)   Evacuate Collection Set: 0.3ms
[2026-04-19T22:10:24.882+0100][9.125s][info][gc,phases   ] GC(113)   Post Evacuate Collection Set: 0.1ms
[2026-04-19T22:10:24.882+0100][9.125s][info][gc,phases   ] GC(113)   Other: 0.0ms
[2026-04-19T22:10:24.882+0100][9.125s][info][gc,heap     ] GC(113) Eden regions: 112->0(112)
[2026-04-19T22:10:24.882+0100][9.125s][info][gc,heap     ] GC(113) Survivor regions: 1->1(15)
[2026-04-19T22:10:24.882+0100][9.125s][info][gc,heap     ] GC(113) Old regions: 6->6
[2026-04-19T22:10:24.882+0100][9.125s][info][gc,heap     ] GC(113) Humongous regions: 0->0
[2026-04-19T22:10:24.882+0100][9.125s][info][gc,metaspace] GC(113) Metaspace: 247K(448K)->247K(448K) NonClass: 235K(320K)->235K(320K) Class: 12K(128K)->12K(128K)
[2026-04-19T22:10:24.882+0100][9.125s][info][gc          ] GC(113) Pause Young (Normal) (G1 Evacuation Pause) 117M->5M(189M) 0.643ms
[2026-04-19T22:10:24.882+0100][9.125s][info][gc,cpu      ] GC(113) User=0.00s Sys=0.00s Real=0.00s
[2026-04-19T22:10:24.962+0100][9.205s][info][gc,start    ] GC(114) Pause Young (Normal) (G1 Evacuation Pause)
[2026-04-19T22:10:24.962+0100][9.205s][info][gc,task     ] GC(114) Using 4 workers of 8 for evacuation
[2026-04-19T22:10:24.963+0100][9.206s][info][gc,phases   ] GC(114)   Pre Evacuate Collection Set: 0.1ms
[2026-04-19T22:10:24.963+0100][9.206s][info][gc,phases   ] GC(114)   Merge Heap Roots: 0.0ms
[2026-04-19T22:10:24.963+0100][9.206s][info][gc,phases   ] GC(114)   Evacuate Collection Set: 0.3ms
[2026-04-19T22:10:24.963+0100][9.206s][info][gc,phases   ] GC(114)   Post Evacuate Collection Set: 0.1ms
[2026-04-19T22:10:24.963+0100][9.206s][info][gc,phases   ] GC(114)   Other: 0.0ms
[2026-04-19T22:10:24.963+0100][9.206s][info][gc,heap     ] GC(114) Eden regions: 112->0(112)
[2026-04-19T22:10:24.963+0100][9.206s][info][gc,heap     ] GC(114) Survivor regions: 1->1(15)
[2026-04-19T22:10:24.963+0100][9.206s][info][gc,heap     ] GC(114) Old regions: 6->6
[2026-04-19T22:10:24.963+0100][9.206s][info][gc,heap     ] GC(114) Humongous regions: 0->0
[2026-04-19T22:10:24.963+0100][9.206s][info][gc,metaspace] GC(114) Metaspace: 247K(448K)->247K(448K) NonClass: 235K(320K)->235K(320K) Class: 12K(128K)->12K(128K)
[2026-04-19T22:10:24.963+0100][9.206s][info][gc          ] GC(114) Pause Young (Normal) (G1 Evacuation Pause) 117M->5M(189M) 0.628ms
[2026-04-19T22:10:24.963+0100][9.206s][info][gc,cpu      ] GC(114) User=0.00s Sys=0.00s Real=0.00s
[2026-04-19T22:10:25.046+0100][9.289s][info][gc,start    ] GC(115) Pause Young (Normal) (G1 Evacuation Pause)
[2026-04-19T22:10:25.046+0100][9.289s][info][gc,task     ] GC(115) Using 4 workers of 8 for evacuation
[2026-04-19T22:10:25.046+0100][9.289s][info][gc,phases   ] GC(115)   Pre Evacuate Collection Set: 0.1ms
[2026-04-19T22:10:25.046+0100][9.289s][info][gc,phases   ] GC(115)   Merge Heap Roots: 0.0ms
[2026-04-19T22:10:25.046+0100][9.289s][info][gc,phases   ] GC(115)   Evacuate Collection Set: 0.4ms
[2026-04-19T22:10:25.047+0100][9.289s][info][gc,phases   ] GC(115)   Post Evacuate Collection Set: 0.1ms
[2026-04-19T22:10:25.047+0100][9.289s][info][gc,phases   ] GC(115)   Other: 0.0ms
[2026-04-19T22:10:25.047+0100][9.289s][info][gc,heap     ] GC(115) Eden regions: 112->0(112)
[2026-04-19T22:10:25.047+0100][9.289s][info][gc,heap     ] GC(115) Survivor regions: 1->1(15)
[2026-04-19T22:10:25.047+0100][9.289s][info][gc,heap     ] GC(115) Old regions: 6->6
[2026-04-19T22:10:25.047+0100][9.289s][info][gc,heap     ] GC(115) Humongous regions: 0->0
[2026-04-19T22:10:25.047+0100][9.289s][info][gc,metaspace] GC(115) Metaspace: 247K(448K)->247K(448K) NonClass: 235K(320K)->235K(320K) Class: 12K(128K)->12K(128K)
[2026-04-19T22:10:25.047+0100][9.289s][info][gc          ] GC(115) Pause Young (Normal) (G1 Evacuation Pause) 117M->5M(189M) 0.707ms
[2026-04-19T22:10:25.047+0100][9.289s][info][gc,cpu      ] GC(115) User=0.00s Sys=0.00s Real=0.00s
[2026-04-19T22:10:25.131+0100][9.374s][info][gc,start    ] GC(116) Pause Young (Normal) (G1 Evacuation Pause)
[2026-04-19T22:10:25.131+0100][9.374s][info][gc,task     ] GC(116) Using 4 workers of 8 for evacuation
[2026-04-19T22:10:25.131+0100][9.374s][info][gc,phases   ] GC(116)   Pre Evacuate Collection Set: 0.1ms
[2026-04-19T22:10:25.131+0100][9.374s][info][gc,phases   ] GC(116)   Merge Heap Roots: 0.0ms
[2026-04-19T22:10:25.131+0100][9.374s][info][gc,phases   ] GC(116)   Evacuate Collection Set: 0.3ms
[2026-04-19T22:10:25.131+0100][9.374s][info][gc,phases   ] GC(116)   Post Evacuate Collection Set: 0.1ms
[2026-04-19T22:10:25.131+0100][9.374s][info][gc,phases   ] GC(116)   Other: 0.0ms
[2026-04-19T22:10:25.131+0100][9.374s][info][gc,heap     ] GC(116) Eden regions: 112->0(112)
[2026-04-19T22:10:25.131+0100][9.374s][info][gc,heap     ] GC(116) Survivor regions: 1->1(15)
[2026-04-19T22:10:25.131+0100][9.374s][info][gc,heap     ] GC(116) Old regions: 6->6
[2026-04-19T22:10:25.131+0100][9.374s][info][gc,heap     ] GC(116) Humongous regions: 0->0
[2026-04-19T22:10:25.131+0100][9.374s][info][gc,metaspace] GC(116) Metaspace: 247K(448K)->247K(448K) NonClass: 235K(320K)->235K(320K) Class: 12K(128K)->12K(128K)
[2026-04-19T22:10:25.131+0100][9.374s][info][gc          ] GC(116) Pause Young (Normal) (G1 Evacuation Pause) 117M->5M(189M) 0.627ms
[2026-04-19T22:10:25.131+0100][9.374s][info][gc,cpu      ] GC(116) User=0.00s Sys=0.00s Real=0.00s
[2026-04-19T22:10:25.212+0100][9.455s][info][gc,start    ] GC(117) Pause Young (Normal) (G1 Evacuation Pause)
[2026-04-19T22:10:25.212+0100][9.455s][info][gc,task     ] GC(117) Using 4 workers of 8 for evacuation
[2026-04-19T22:10:25.212+0100][9.455s][info][gc,phases   ] GC(117)   Pre Evacuate Collection Set: 0.1ms
[2026-04-19T22:10:25.212+0100][9.455s][info][gc,phases   ] GC(117)   Merge Heap Roots: 0.0ms
[2026-04-19T22:10:25.212+0100][9.455s][info][gc,phases   ] GC(117)   Evacuate Collection Set: 0.3ms
[2026-04-19T22:10:25.212+0100][9.455s][info][gc,phases   ] GC(117)   Post Evacuate Collection Set: 0.1ms
[2026-04-19T22:10:25.212+0100][9.455s][info][gc,phases   ] GC(117)   Other: 0.0ms
[2026-04-19T22:10:25.212+0100][9.455s][info][gc,heap     ] GC(117) Eden regions: 112->0(112)
[2026-04-19T22:10:25.212+0100][9.455s][info][gc,heap     ] GC(117) Survivor regions: 1->1(15)
[2026-04-19T22:10:25.212+0100][9.455s][info][gc,heap     ] GC(117) Old regions: 6->6
[2026-04-19T22:10:25.212+0100][9.455s][info][gc,heap     ] GC(117) Humongous regions: 0->0
[2026-04-19T22:10:25.212+0100][9.455s][info][gc,metaspace] GC(117) Metaspace: 247K(448K)->247K(448K) NonClass: 235K(320K)->235K(320K) Class: 12K(128K)->12K(128K)
[2026-04-19T22:10:25.212+0100][9.455s][info][gc          ] GC(117) Pause Young (Normal) (G1 Evacuation Pause) 117M->5M(189M) 0.589ms
[2026-04-19T22:10:25.212+0100][9.455s][info][gc,cpu      ] GC(117) User=0.00s Sys=0.00s Real=0.00s
[2026-04-19T22:10:25.293+0100][9.536s][info][gc,start    ] GC(118) Pause Young (Normal) (G1 Evacuation Pause)
[2026-04-19T22:10:25.293+0100][9.536s][info][gc,task     ] GC(118) Using 4 workers of 8 for evacuation
[2026-04-19T22:10:25.293+0100][9.536s][info][gc,phases   ] GC(118)   Pre Evacuate Collection Set: 0.1ms
[2026-04-19T22:10:25.293+0100][9.536s][info][gc,phases   ] GC(118)   Merge Heap Roots: 0.0ms
[2026-04-19T22:10:25.293+0100][9.536s][info][gc,phases   ] GC(118)   Evacuate Collection Set: 0.3ms
[2026-04-19T22:10:25.293+0100][9.536s][info][gc,phases   ] GC(118)   Post Evacuate Collection Set: 0.1ms
[2026-04-19T22:10:25.293+0100][9.536s][info][gc,phases   ] GC(118)   Other: 0.0ms
[2026-04-19T22:10:25.293+0100][9.536s][info][gc,heap     ] GC(118) Eden regions: 112->0(112)
[2026-04-19T22:10:25.293+0100][9.536s][info][gc,heap     ] GC(118) Survivor regions: 1->1(15)
[2026-04-19T22:10:25.293+0100][9.536s][info][gc,heap     ] GC(118) Old regions: 6->6
[2026-04-19T22:10:25.293+0100][9.536s][info][gc,heap     ] GC(118) Humongous regions: 0->0
[2026-04-19T22:10:25.293+0100][9.536s][info][gc,metaspace] GC(118) Metaspace: 247K(448K)->247K(448K) NonClass: 235K(320K)->235K(320K) Class: 12K(128K)->12K(128K)
[2026-04-19T22:10:25.293+0100][9.536s][info][gc          ] GC(118) Pause Young (Normal) (G1 Evacuation Pause) 117M->5M(189M) 0.582ms
[2026-04-19T22:10:25.293+0100][9.536s][info][gc,cpu      ] GC(118) User=0.00s Sys=0.00s Real=0.00s
[2026-04-19T22:10:25.374+0100][9.616s][info][gc,start    ] GC(119) Pause Young (Normal) (G1 Evacuation Pause)
[2026-04-19T22:10:25.374+0100][9.616s][info][gc,task     ] GC(119) Using 4 workers of 8 for evacuation
[2026-04-19T22:10:25.374+0100][9.617s][info][gc,phases   ] GC(119)   Pre Evacuate Collection Set: 0.1ms
[2026-04-19T22:10:25.374+0100][9.617s][info][gc,phases   ] GC(119)   Merge Heap Roots: 0.0ms
[2026-04-19T22:10:25.374+0100][9.617s][info][gc,phases   ] GC(119)   Evacuate Collection Set: 0.3ms
[2026-04-19T22:10:25.374+0100][9.617s][info][gc,phases   ] GC(119)   Post Evacuate Collection Set: 0.1ms
[2026-04-19T22:10:25.374+0100][9.617s][info][gc,phases   ] GC(119)   Other: 0.0ms
[2026-04-19T22:10:25.374+0100][9.617s][info][gc,heap     ] GC(119) Eden regions: 112->0(112)
[2026-04-19T22:10:25.374+0100][9.617s][info][gc,heap     ] GC(119) Survivor regions: 1->1(15)
[2026-04-19T22:10:25.374+0100][9.617s][info][gc,heap     ] GC(119) Old regions: 6->6
[2026-04-19T22:10:25.374+0100][9.617s][info][gc,heap     ] GC(119) Humongous regions: 0->0
[2026-04-19T22:10:25.374+0100][9.617s][info][gc,metaspace] GC(119) Metaspace: 247K(448K)->247K(448K) NonClass: 235K(320K)->235K(320K) Class: 12K(128K)->12K(128K)
[2026-04-19T22:10:25.374+0100][9.617s][info][gc          ] GC(119) Pause Young (Normal) (G1 Evacuation Pause) 117M->5M(189M) 0.592ms
[2026-04-19T22:10:25.374+0100][9.617s][info][gc,cpu      ] GC(119) User=0.00s Sys=0.00s Real=0.00s
[2026-04-19T22:10:25.455+0100][9.697s][info][gc,start    ] GC(120) Pause Young (Normal) (G1 Evacuation Pause)
[2026-04-19T22:10:25.455+0100][9.697s][info][gc,task     ] GC(120) Using 4 workers of 8 for evacuation
[2026-04-19T22:10:25.455+0100][9.698s][info][gc,phases   ] GC(120)   Pre Evacuate Collection Set: 0.1ms
[2026-04-19T22:10:25.455+0100][9.698s][info][gc,phases   ] GC(120)   Merge Heap Roots: 0.0ms
[2026-04-19T22:10:25.455+0100][9.698s][info][gc,phases   ] GC(120)   Evacuate Collection Set: 0.3ms
[2026-04-19T22:10:25.455+0100][9.698s][info][gc,phases   ] GC(120)   Post Evacuate Collection Set: 0.1ms
[2026-04-19T22:10:25.455+0100][9.698s][info][gc,phases   ] GC(120)   Other: 0.0ms
[2026-04-19T22:10:25.455+0100][9.698s][info][gc,heap     ] GC(120) Eden regions: 112->0(112)
[2026-04-19T22:10:25.455+0100][9.698s][info][gc,heap     ] GC(120) Survivor regions: 1->1(15)
[2026-04-19T22:10:25.455+0100][9.698s][info][gc,heap     ] GC(120) Old regions: 6->6
[2026-04-19T22:10:25.455+0100][9.698s][info][gc,heap     ] GC(120) Humongous regions: 0->0
[2026-04-19T22:10:25.455+0100][9.698s][info][gc,metaspace] GC(120) Metaspace: 247K(448K)->247K(448K) NonClass: 235K(320K)->235K(320K) Class: 12K(128K)->12K(128K)
[2026-04-19T22:10:25.455+0100][9.698s][info][gc          ] GC(120) Pause Young (Normal) (G1 Evacuation Pause) 117M->5M(189M) 0.583ms
[2026-04-19T22:10:25.455+0100][9.698s][info][gc,cpu      ] GC(120) User=0.01s Sys=0.00s Real=0.00s
[2026-04-19T22:10:25.536+0100][9.778s][info][gc,start    ] GC(121) Pause Young (Normal) (G1 Evacuation Pause)
[2026-04-19T22:10:25.536+0100][9.778s][info][gc,task     ] GC(121) Using 4 workers of 8 for evacuation
[2026-04-19T22:10:25.536+0100][9.779s][info][gc,phases   ] GC(121)   Pre Evacuate Collection Set: 0.1ms
[2026-04-19T22:10:25.536+0100][9.779s][info][gc,phases   ] GC(121)   Merge Heap Roots: 0.0ms
[2026-04-19T22:10:25.536+0100][9.779s][info][gc,phases   ] GC(121)   Evacuate Collection Set: 0.3ms
[2026-04-19T22:10:25.536+0100][9.779s][info][gc,phases   ] GC(121)   Post Evacuate Collection Set: 0.1ms
[2026-04-19T22:10:25.536+0100][9.779s][info][gc,phases   ] GC(121)   Other: 0.0ms
[2026-04-19T22:10:25.536+0100][9.779s][info][gc,heap     ] GC(121) Eden regions: 112->0(112)
[2026-04-19T22:10:25.536+0100][9.779s][info][gc,heap     ] GC(121) Survivor regions: 1->1(15)
[2026-04-19T22:10:25.536+0100][9.779s][info][gc,heap     ] GC(121) Old regions: 6->6
[2026-04-19T22:10:25.536+0100][9.779s][info][gc,heap     ] GC(121) Humongous regions: 0->0
[2026-04-19T22:10:25.536+0100][9.779s][info][gc,metaspace] GC(121) Metaspace: 247K(448K)->247K(448K) NonClass: 235K(320K)->235K(320K) Class: 12K(128K)->12K(128K)
[2026-04-19T22:10:25.536+0100][9.779s][info][gc          ] GC(121) Pause Young (Normal) (G1 Evacuation Pause) 117M->5M(189M) 0.599ms
[2026-04-19T22:10:25.536+0100][9.779s][info][gc,cpu      ] GC(121) User=0.00s Sys=0.00s Real=0.00s
[2026-04-19T22:10:25.617+0100][9.859s][info][gc,start    ] GC(122) Pause Young (Normal) (G1 Evacuation Pause)
[2026-04-19T22:10:25.617+0100][9.859s][info][gc,task     ] GC(122) Using 4 workers of 8 for evacuation
[2026-04-19T22:10:25.617+0100][9.860s][info][gc,phases   ] GC(122)   Pre Evacuate Collection Set: 0.1ms
[2026-04-19T22:10:25.617+0100][9.860s][info][gc,phases   ] GC(122)   Merge Heap Roots: 0.0ms
[2026-04-19T22:10:25.617+0100][9.860s][info][gc,phases   ] GC(122)   Evacuate Collection Set: 0.3ms
[2026-04-19T22:10:25.617+0100][9.860s][info][gc,phases   ] GC(122)   Post Evacuate Collection Set: 0.1ms
[2026-04-19T22:10:25.617+0100][9.860s][info][gc,phases   ] GC(122)   Other: 0.0ms
[2026-04-19T22:10:25.617+0100][9.860s][info][gc,heap     ] GC(122) Eden regions: 112->0(112)
[2026-04-19T22:10:25.617+0100][9.860s][info][gc,heap     ] GC(122) Survivor regions: 1->1(15)
[2026-04-19T22:10:25.617+0100][9.860s][info][gc,heap     ] GC(122) Old regions: 6->6
[2026-04-19T22:10:25.617+0100][9.860s][info][gc,heap     ] GC(122) Humongous regions: 0->0
[2026-04-19T22:10:25.617+0100][9.860s][info][gc,metaspace] GC(122) Metaspace: 247K(448K)->247K(448K) NonClass: 235K(320K)->235K(320K) Class: 12K(128K)->12K(128K)
[2026-04-19T22:10:25.617+0100][9.860s][info][gc          ] GC(122) Pause Young (Normal) (G1 Evacuation Pause) 117M->5M(189M) 0.600ms
[2026-04-19T22:10:25.617+0100][9.860s][info][gc,cpu      ] GC(122) User=0.00s Sys=0.00s Real=0.00s
[2026-04-19T22:10:25.698+0100][9.940s][info][gc,start    ] GC(123) Pause Young (Normal) (G1 Evacuation Pause)
[2026-04-19T22:10:25.698+0100][9.940s][info][gc,task     ] GC(123) Using 4 workers of 8 for evacuation
[2026-04-19T22:10:25.698+0100][9.941s][info][gc,phases   ] GC(123)   Pre Evacuate Collection Set: 0.1ms
[2026-04-19T22:10:25.698+0100][9.941s][info][gc,phases   ] GC(123)   Merge Heap Roots: 0.0ms
[2026-04-19T22:10:25.698+0100][9.941s][info][gc,phases   ] GC(123)   Evacuate Collection Set: 0.3ms
[2026-04-19T22:10:25.698+0100][9.941s][info][gc,phases   ] GC(123)   Post Evacuate Collection Set: 0.1ms
[2026-04-19T22:10:25.698+0100][9.941s][info][gc,phases   ] GC(123)   Other: 0.0ms
[2026-04-19T22:10:25.698+0100][9.941s][info][gc,heap     ] GC(123) Eden regions: 112->0(112)
[2026-04-19T22:10:25.698+0100][9.941s][info][gc,heap     ] GC(123) Survivor regions: 1->1(15)
[2026-04-19T22:10:25.698+0100][9.941s][info][gc,heap     ] GC(123) Old regions: 6->6
[2026-04-19T22:10:25.698+0100][9.941s][info][gc,heap     ] GC(123) Humongous regions: 0->0
[2026-04-19T22:10:25.698+0100][9.941s][info][gc,metaspace] GC(123) Metaspace: 247K(448K)->247K(448K) NonClass: 235K(320K)->235K(320K) Class: 12K(128K)->12K(128K)
[2026-04-19T22:10:25.698+0100][9.941s][info][gc          ] GC(123) Pause Young (Normal) (G1 Evacuation Pause) 117M->5M(189M) 0.619ms
[2026-04-19T22:10:25.698+0100][9.941s][info][gc,cpu      ] GC(123) User=0.00s Sys=0.00s Real=0.00s
[2026-04-19T22:10:25.778+0100][10.021s][info][gc,start    ] GC(124) Pause Young (Normal) (G1 Evacuation Pause)
[2026-04-19T22:10:25.778+0100][10.021s][info][gc,task     ] GC(124) Using 4 workers of 8 for evacuation
[2026-04-19T22:10:25.779+0100][10.022s][info][gc,phases   ] GC(124)   Pre Evacuate Collection Set: 0.1ms
[2026-04-19T22:10:25.779+0100][10.022s][info][gc,phases   ] GC(124)   Merge Heap Roots: 0.0ms
[2026-04-19T22:10:25.779+0100][10.022s][info][gc,phases   ] GC(124)   Evacuate Collection Set: 0.3ms
[2026-04-19T22:10:25.779+0100][10.022s][info][gc,phases   ] GC(124)   Post Evacuate Collection Set: 0.1ms
[2026-04-19T22:10:25.779+0100][10.022s][info][gc,phases   ] GC(124)   Other: 0.0ms
[2026-04-19T22:10:25.779+0100][10.022s][info][gc,heap     ] GC(124) Eden regions: 112->0(112)
[2026-04-19T22:10:25.779+0100][10.022s][info][gc,heap     ] GC(124) Survivor regions: 1->1(15)
[2026-04-19T22:10:25.779+0100][10.022s][info][gc,heap     ] GC(124) Old regions: 6->6
[2026-04-19T22:10:25.779+0100][10.022s][info][gc,heap     ] GC(124) Humongous regions: 0->0
[2026-04-19T22:10:25.779+0100][10.022s][info][gc,metaspace] GC(124) Metaspace: 247K(448K)->247K(448K) NonClass: 235K(320K)->235K(320K) Class: 12K(128K)->12K(128K)
[2026-04-19T22:10:25.779+0100][10.022s][info][gc          ] GC(124) Pause Young (Normal) (G1 Evacuation Pause) 117M->5M(189M) 0.583ms
[2026-04-19T22:10:25.779+0100][10.022s][info][gc,cpu      ] GC(124) User=0.00s Sys=0.00s Real=0.00s
[2026-04-19T22:10:25.859+0100][10.102s][info][gc,start    ] GC(125) Pause Young (Normal) (G1 Evacuation Pause)
[2026-04-19T22:10:25.859+0100][10.102s][info][gc,task     ] GC(125) Using 4 workers of 8 for evacuation
[2026-04-19T22:10:25.860+0100][10.103s][info][gc,phases   ] GC(125)   Pre Evacuate Collection Set: 0.1ms
[2026-04-19T22:10:25.860+0100][10.103s][info][gc,phases   ] GC(125)   Merge Heap Roots: 0.0ms
[2026-04-19T22:10:25.860+0100][10.103s][info][gc,phases   ] GC(125)   Evacuate Collection Set: 0.3ms
[2026-04-19T22:10:25.860+0100][10.103s][info][gc,phases   ] GC(125)   Post Evacuate Collection Set: 0.1ms
[2026-04-19T22:10:25.860+0100][10.103s][info][gc,phases   ] GC(125)   Other: 0.0ms
[2026-04-19T22:10:25.860+0100][10.103s][info][gc,heap     ] GC(125) Eden regions: 112->0(112)
[2026-04-19T22:10:25.860+0100][10.103s][info][gc,heap     ] GC(125) Survivor regions: 1->1(15)
[2026-04-19T22:10:25.860+0100][10.103s][info][gc,heap     ] GC(125) Old regions: 6->6
[2026-04-19T22:10:25.860+0100][10.103s][info][gc,heap     ] GC(125) Humongous regions: 0->0
[2026-04-19T22:10:25.860+0100][10.103s][info][gc,metaspace] GC(125) Metaspace: 247K(448K)->247K(448K) NonClass: 235K(320K)->235K(320K) Class: 12K(128K)->12K(128K)
[2026-04-19T22:10:25.860+0100][10.103s][info][gc          ] GC(125) Pause Young (Normal) (G1 Evacuation Pause) 117M->5M(189M) 0.618ms
[2026-04-19T22:10:25.860+0100][10.103s][info][gc,cpu      ] GC(125) User=0.00s Sys=0.00s Real=0.01s
[2026-04-19T22:10:25.941+0100][10.183s][info][gc,start    ] GC(126) Pause Young (Normal) (G1 Evacuation Pause)
[2026-04-19T22:10:25.941+0100][10.183s][info][gc,task     ] GC(126) Using 4 workers of 8 for evacuation
[2026-04-19T22:10:25.941+0100][10.184s][info][gc,phases   ] GC(126)   Pre Evacuate Collection Set: 0.1ms
[2026-04-19T22:10:25.941+0100][10.184s][info][gc,phases   ] GC(126)   Merge Heap Roots: 0.0ms
[2026-04-19T22:10:25.941+0100][10.184s][info][gc,phases   ] GC(126)   Evacuate Collection Set: 0.3ms
[2026-04-19T22:10:25.941+0100][10.184s][info][gc,phases   ] GC(126)   Post Evacuate Collection Set: 0.1ms
[2026-04-19T22:10:25.941+0100][10.184s][info][gc,phases   ] GC(126)   Other: 0.0ms
[2026-04-19T22:10:25.941+0100][10.184s][info][gc,heap     ] GC(126) Eden regions: 112->0(112)
[2026-04-19T22:10:25.941+0100][10.184s][info][gc,heap     ] GC(126) Survivor regions: 1->1(15)
[2026-04-19T22:10:25.941+0100][10.184s][info][gc,heap     ] GC(126) Old regions: 6->6
[2026-04-19T22:10:25.941+0100][10.184s][info][gc,heap     ] GC(126) Humongous regions: 0->0
[2026-04-19T22:10:25.941+0100][10.184s][info][gc,metaspace] GC(126) Metaspace: 247K(448K)->247K(448K) NonClass: 235K(320K)->235K(320K) Class: 12K(128K)->12K(128K)
[2026-04-19T22:10:25.941+0100][10.184s][info][gc          ] GC(126) Pause Young (Normal) (G1 Evacuation Pause) 117M->5M(189M) 0.597ms
[2026-04-19T22:10:25.941+0100][10.184s][info][gc,cpu      ] GC(126) User=0.01s Sys=0.00s Real=0.00s
[2026-04-19T22:10:26.022+0100][10.265s][info][gc,start    ] GC(127) Pause Young (Normal) (G1 Evacuation Pause)
[2026-04-19T22:10:26.022+0100][10.265s][info][gc,task     ] GC(127) Using 4 workers of 8 for evacuation
[2026-04-19T22:10:26.022+0100][10.265s][info][gc,phases   ] GC(127)   Pre Evacuate Collection Set: 0.1ms
[2026-04-19T22:10:26.022+0100][10.265s][info][gc,phases   ] GC(127)   Merge Heap Roots: 0.0ms
[2026-04-19T22:10:26.022+0100][10.265s][info][gc,phases   ] GC(127)   Evacuate Collection Set: 0.3ms
[2026-04-19T22:10:26.022+0100][10.265s][info][gc,phases   ] GC(127)   Post Evacuate Collection Set: 0.1ms
[2026-04-19T22:10:26.022+0100][10.265s][info][gc,phases   ] GC(127)   Other: 0.0ms
[2026-04-19T22:10:26.022+0100][10.265s][info][gc,heap     ] GC(127) Eden regions: 112->0(112)
[2026-04-19T22:10:26.022+0100][10.265s][info][gc,heap     ] GC(127) Survivor regions: 1->1(15)
[2026-04-19T22:10:26.022+0100][10.265s][info][gc,heap     ] GC(127) Old regions: 6->6
[2026-04-19T22:10:26.022+0100][10.265s][info][gc,heap     ] GC(127) Humongous regions: 0->0
[2026-04-19T22:10:26.022+0100][10.265s][info][gc,metaspace] GC(127) Metaspace: 247K(448K)->247K(448K) NonClass: 235K(320K)->235K(320K) Class: 12K(128K)->12K(128K)
[2026-04-19T22:10:26.022+0100][10.265s][info][gc          ] GC(127) Pause Young (Normal) (G1 Evacuation Pause) 117M->5M(189M) 0.604ms
[2026-04-19T22:10:26.022+0100][10.265s][info][gc,cpu      ] GC(127) User=0.00s Sys=0.00s Real=0.00s
[2026-04-19T22:10:26.103+0100][10.346s][info][gc,start    ] GC(128) Pause Young (Normal) (G1 Evacuation Pause)
[2026-04-19T22:10:26.103+0100][10.346s][info][gc,task     ] GC(128) Using 4 workers of 8 for evacuation
[2026-04-19T22:10:26.103+0100][10.346s][info][gc,phases   ] GC(128)   Pre Evacuate Collection Set: 0.1ms
[2026-04-19T22:10:26.103+0100][10.346s][info][gc,phases   ] GC(128)   Merge Heap Roots: 0.0ms
[2026-04-19T22:10:26.103+0100][10.346s][info][gc,phases   ] GC(128)   Evacuate Collection Set: 0.3ms
[2026-04-19T22:10:26.103+0100][10.346s][info][gc,phases   ] GC(128)   Post Evacuate Collection Set: 0.1ms
[2026-04-19T22:10:26.103+0100][10.346s][info][gc,phases   ] GC(128)   Other: 0.0ms
[2026-04-19T22:10:26.103+0100][10.346s][info][gc,heap     ] GC(128) Eden regions: 112->0(112)
[2026-04-19T22:10:26.103+0100][10.346s][info][gc,heap     ] GC(128) Survivor regions: 1->1(15)
[2026-04-19T22:10:26.103+0100][10.346s][info][gc,heap     ] GC(128) Old regions: 6->6
[2026-04-19T22:10:26.103+0100][10.346s][info][gc,heap     ] GC(128) Humongous regions: 0->0
[2026-04-19T22:10:26.103+0100][10.346s][info][gc,metaspace] GC(128) Metaspace: 247K(448K)->247K(448K) NonClass: 235K(320K)->235K(320K) Class: 12K(128K)->12K(128K)
[2026-04-19T22:10:26.103+0100][10.346s][info][gc          ] GC(128) Pause Young (Normal) (G1 Evacuation Pause) 117M->5M(189M) 0.634ms
[2026-04-19T22:10:26.103+0100][10.346s][info][gc,cpu      ] GC(128) User=0.00s Sys=0.00s Real=0.00s
[2026-04-19T22:10:26.184+0100][10.427s][info][gc,start    ] GC(129) Pause Young (Normal) (G1 Evacuation Pause)
[2026-04-19T22:10:26.184+0100][10.427s][info][gc,task     ] GC(129) Using 4 workers of 8 for evacuation
[2026-04-19T22:10:26.185+0100][10.427s][info][gc,phases   ] GC(129)   Pre Evacuate Collection Set: 0.1ms
[2026-04-19T22:10:26.185+0100][10.427s][info][gc,phases   ] GC(129)   Merge Heap Roots: 0.0ms
[2026-04-19T22:10:26.185+0100][10.427s][info][gc,phases   ] GC(129)   Evacuate Collection Set: 0.3ms
[2026-04-19T22:10:26.185+0100][10.427s][info][gc,phases   ] GC(129)   Post Evacuate Collection Set: 0.1ms
[2026-04-19T22:10:26.185+0100][10.427s][info][gc,phases   ] GC(129)   Other: 0.0ms
[2026-04-19T22:10:26.185+0100][10.427s][info][gc,heap     ] GC(129) Eden regions: 112->0(112)
[2026-04-19T22:10:26.185+0100][10.427s][info][gc,heap     ] GC(129) Survivor regions: 1->1(15)
[2026-04-19T22:10:26.185+0100][10.427s][info][gc,heap     ] GC(129) Old regions: 6->6
[2026-04-19T22:10:26.185+0100][10.427s][info][gc,heap     ] GC(129) Humongous regions: 0->0
[2026-04-19T22:10:26.185+0100][10.427s][info][gc,metaspace] GC(129) Metaspace: 247K(448K)->247K(448K) NonClass: 235K(320K)->235K(320K) Class: 12K(128K)->12K(128K)
[2026-04-19T22:10:26.185+0100][10.427s][info][gc          ] GC(129) Pause Young (Normal) (G1 Evacuation Pause) 117M->5M(189M) 0.602ms
[2026-04-19T22:10:26.185+0100][10.427s][info][gc,cpu      ] GC(129) User=0.00s Sys=0.00s Real=0.00s
[2026-04-19T22:10:26.265+0100][10.508s][info][gc,start    ] GC(130) Pause Young (Normal) (G1 Evacuation Pause)
[2026-04-19T22:10:26.265+0100][10.508s][info][gc,task     ] GC(130) Using 4 workers of 8 for evacuation
[2026-04-19T22:10:26.266+0100][10.508s][info][gc,phases   ] GC(130)   Pre Evacuate Collection Set: 0.1ms
[2026-04-19T22:10:26.266+0100][10.508s][info][gc,phases   ] GC(130)   Merge Heap Roots: 0.0ms
[2026-04-19T22:10:26.266+0100][10.508s][info][gc,phases   ] GC(130)   Evacuate Collection Set: 0.3ms
[2026-04-19T22:10:26.266+0100][10.508s][info][gc,phases   ] GC(130)   Post Evacuate Collection Set: 0.1ms
[2026-04-19T22:10:26.266+0100][10.508s][info][gc,phases   ] GC(130)   Other: 0.0ms
[2026-04-19T22:10:26.266+0100][10.508s][info][gc,heap     ] GC(130) Eden regions: 112->0(112)
[2026-04-19T22:10:26.266+0100][10.508s][info][gc,heap     ] GC(130) Survivor regions: 1->1(15)
[2026-04-19T22:10:26.266+0100][10.508s][info][gc,heap     ] GC(130) Old regions: 6->6
[2026-04-19T22:10:26.266+0100][10.508s][info][gc,heap     ] GC(130) Humongous regions: 0->0
[2026-04-19T22:10:26.266+0100][10.508s][info][gc,metaspace] GC(130) Metaspace: 247K(448K)->247K(448K) NonClass: 235K(320K)->235K(320K) Class: 12K(128K)->12K(128K)
[2026-04-19T22:10:26.266+0100][10.508s][info][gc          ] GC(130) Pause Young (Normal) (G1 Evacuation Pause) 117M->5M(189M) 0.607ms
[2026-04-19T22:10:26.266+0100][10.508s][info][gc,cpu      ] GC(130) User=0.00s Sys=0.00s Real=0.00s
[2026-04-19T22:10:26.346+0100][10.589s][info][gc,start    ] GC(131) Pause Young (Normal) (G1 Evacuation Pause)
[2026-04-19T22:10:26.346+0100][10.589s][info][gc,task     ] GC(131) Using 4 workers of 8 for evacuation
[2026-04-19T22:10:26.347+0100][10.590s][info][gc,phases   ] GC(131)   Pre Evacuate Collection Set: 0.1ms
[2026-04-19T22:10:26.347+0100][10.590s][info][gc,phases   ] GC(131)   Merge Heap Roots: 0.0ms
[2026-04-19T22:10:26.347+0100][10.590s][info][gc,phases   ] GC(131)   Evacuate Collection Set: 0.4ms
[2026-04-19T22:10:26.347+0100][10.590s][info][gc,phases   ] GC(131)   Post Evacuate Collection Set: 0.1ms
[2026-04-19T22:10:26.347+0100][10.590s][info][gc,phases   ] GC(131)   Other: 0.0ms
[2026-04-19T22:10:26.347+0100][10.590s][info][gc,heap     ] GC(131) Eden regions: 112->0(112)
[2026-04-19T22:10:26.347+0100][10.590s][info][gc,heap     ] GC(131) Survivor regions: 1->1(15)
[2026-04-19T22:10:26.347+0100][10.590s][info][gc,heap     ] GC(131) Old regions: 6->6
[2026-04-19T22:10:26.347+0100][10.590s][info][gc,heap     ] GC(131) Humongous regions: 0->0
[2026-04-19T22:10:26.347+0100][10.590s][info][gc,metaspace] GC(131) Metaspace: 247K(448K)->247K(448K) NonClass: 235K(320K)->235K(320K) Class: 12K(128K)->12K(128K)
[2026-04-19T22:10:26.347+0100][10.590s][info][gc          ] GC(131) Pause Young (Normal) (G1 Evacuation Pause) 117M->5M(189M) 0.689ms
[2026-04-19T22:10:26.347+0100][10.590s][info][gc,cpu      ] GC(131) User=0.00s Sys=0.00s Real=0.00s
[2026-04-19T22:10:26.499+0100][10.742s][info][gc,start    ] GC(132) Pause Young (Normal) (G1 Evacuation Pause)
[2026-04-19T22:10:26.499+0100][10.742s][info][gc,task     ] GC(132) Using 4 workers of 8 for evacuation
[2026-04-19T22:10:26.500+0100][10.742s][info][gc,phases   ] GC(132)   Pre Evacuate Collection Set: 0.1ms
[2026-04-19T22:10:26.500+0100][10.742s][info][gc,phases   ] GC(132)   Merge Heap Roots: 0.0ms
[2026-04-19T22:10:26.500+0100][10.742s][info][gc,phases   ] GC(132)   Evacuate Collection Set: 0.3ms
[2026-04-19T22:10:26.500+0100][10.742s][info][gc,phases   ] GC(132)   Post Evacuate Collection Set: 0.1ms
[2026-04-19T22:10:26.500+0100][10.742s][info][gc,phases   ] GC(132)   Other: 0.0ms
[2026-04-19T22:10:26.500+0100][10.742s][info][gc,heap     ] GC(132) Eden regions: 112->0(112)
[2026-04-19T22:10:26.500+0100][10.742s][info][gc,heap     ] GC(132) Survivor regions: 1->1(15)
[2026-04-19T22:10:26.500+0100][10.742s][info][gc,heap     ] GC(132) Old regions: 6->6
[2026-04-19T22:10:26.500+0100][10.742s][info][gc,heap     ] GC(132) Humongous regions: 0->0
[2026-04-19T22:10:26.500+0100][10.742s][info][gc,metaspace] GC(132) Metaspace: 247K(448K)->247K(448K) NonClass: 235K(320K)->235K(320K) Class: 12K(128K)->12K(128K)
[2026-04-19T22:10:26.500+0100][10.742s][info][gc          ] GC(132) Pause Young (Normal) (G1 Evacuation Pause) 117M->5M(189M) 0.626ms
[2026-04-19T22:10:26.500+0100][10.742s][info][gc,cpu      ] GC(132) User=0.00s Sys=0.00s Real=0.01s
[2026-04-19T22:10:26.588+0100][10.831s][info][gc,start    ] GC(133) Pause Young (Normal) (G1 Evacuation Pause)
[2026-04-19T22:10:26.588+0100][10.831s][info][gc,task     ] GC(133) Using 4 workers of 8 for evacuation
[2026-04-19T22:10:26.589+0100][10.832s][info][gc,phases   ] GC(133)   Pre Evacuate Collection Set: 0.1ms
[2026-04-19T22:10:26.589+0100][10.832s][info][gc,phases   ] GC(133)   Merge Heap Roots: 0.0ms
[2026-04-19T22:10:26.589+0100][10.832s][info][gc,phases   ] GC(133)   Evacuate Collection Set: 0.6ms
[2026-04-19T22:10:26.589+0100][10.832s][info][gc,phases   ] GC(133)   Post Evacuate Collection Set: 0.2ms
[2026-04-19T22:10:26.589+0100][10.832s][info][gc,phases   ] GC(133)   Other: 0.0ms
[2026-04-19T22:10:26.589+0100][10.832s][info][gc,heap     ] GC(133) Eden regions: 112->0(112)
[2026-04-19T22:10:26.589+0100][10.832s][info][gc,heap     ] GC(133) Survivor regions: 1->1(15)
[2026-04-19T22:10:26.590+0100][10.832s][info][gc,heap     ] GC(133) Old regions: 6->6
[2026-04-19T22:10:26.590+0100][10.832s][info][gc,heap     ] GC(133) Humongous regions: 0->0
[2026-04-19T22:10:26.590+0100][10.832s][info][gc,metaspace] GC(133) Metaspace: 247K(448K)->247K(448K) NonClass: 235K(320K)->235K(320K) Class: 12K(128K)->12K(128K)
[2026-04-19T22:10:26.590+0100][10.832s][info][gc          ] GC(133) Pause Young (Normal) (G1 Evacuation Pause) 117M->5M(189M) 1.355ms
[2026-04-19T22:10:26.590+0100][10.833s][info][gc,cpu      ] GC(133) User=0.00s Sys=0.00s Real=0.01s
[2026-04-19T22:10:26.690+0100][10.933s][info][gc,start    ] GC(134) Pause Young (Normal) (G1 Evacuation Pause)
[2026-04-19T22:10:26.690+0100][10.933s][info][gc,task     ] GC(134) Using 4 workers of 8 for evacuation
[2026-04-19T22:10:26.691+0100][10.933s][info][gc,phases   ] GC(134)   Pre Evacuate Collection Set: 0.1ms
[2026-04-19T22:10:26.691+0100][10.933s][info][gc,phases   ] GC(134)   Merge Heap Roots: 0.0ms
[2026-04-19T22:10:26.691+0100][10.933s][info][gc,phases   ] GC(134)   Evacuate Collection Set: 0.4ms
[2026-04-19T22:10:26.691+0100][10.933s][info][gc,phases   ] GC(134)   Post Evacuate Collection Set: 0.1ms
[2026-04-19T22:10:26.691+0100][10.933s][info][gc,phases   ] GC(134)   Other: 0.0ms
[2026-04-19T22:10:26.691+0100][10.933s][info][gc,heap     ] GC(134) Eden regions: 112->0(112)
[2026-04-19T22:10:26.691+0100][10.933s][info][gc,heap     ] GC(134) Survivor regions: 1->1(15)
[2026-04-19T22:10:26.691+0100][10.933s][info][gc,heap     ] GC(134) Old regions: 6->6
[2026-04-19T22:10:26.691+0100][10.933s][info][gc,heap     ] GC(134) Humongous regions: 0->0
[2026-04-19T22:10:26.691+0100][10.933s][info][gc,metaspace] GC(134) Metaspace: 247K(448K)->247K(448K) NonClass: 235K(320K)->235K(320K) Class: 12K(128K)->12K(128K)
[2026-04-19T22:10:26.691+0100][10.933s][info][gc          ] GC(134) Pause Young (Normal) (G1 Evacuation Pause) 117M->5M(189M) 0.794ms
[2026-04-19T22:10:26.691+0100][10.933s][info][gc,cpu      ] GC(134) User=0.00s Sys=0.00s Real=0.00s
[2026-04-19T22:10:26.773+0100][11.016s][info][gc,start    ] GC(135) Pause Young (Normal) (G1 Evacuation Pause)
[2026-04-19T22:10:26.773+0100][11.016s][info][gc,task     ] GC(135) Using 4 workers of 8 for evacuation
[2026-04-19T22:10:26.774+0100][11.017s][info][gc,phases   ] GC(135)   Pre Evacuate Collection Set: 0.1ms
[2026-04-19T22:10:26.774+0100][11.017s][info][gc,phases   ] GC(135)   Merge Heap Roots: 0.0ms
[2026-04-19T22:10:26.774+0100][11.017s][info][gc,phases   ] GC(135)   Evacuate Collection Set: 0.3ms
[2026-04-19T22:10:26.774+0100][11.017s][info][gc,phases   ] GC(135)   Post Evacuate Collection Set: 0.1ms
[2026-04-19T22:10:26.774+0100][11.017s][info][gc,phases   ] GC(135)   Other: 0.0ms
[2026-04-19T22:10:26.774+0100][11.017s][info][gc,heap     ] GC(135) Eden regions: 112->0(112)
[2026-04-19T22:10:26.774+0100][11.017s][info][gc,heap     ] GC(135) Survivor regions: 1->1(15)
[2026-04-19T22:10:26.774+0100][11.017s][info][gc,heap     ] GC(135) Old regions: 6->6
[2026-04-19T22:10:26.774+0100][11.017s][info][gc,heap     ] GC(135) Humongous regions: 0->0
[2026-04-19T22:10:26.774+0100][11.017s][info][gc,metaspace] GC(135) Metaspace: 247K(448K)->247K(448K) NonClass: 235K(320K)->235K(320K) Class: 12K(128K)->12K(128K)
[2026-04-19T22:10:26.774+0100][11.017s][info][gc          ] GC(135) Pause Young (Normal) (G1 Evacuation Pause) 117M->5M(189M) 0.603ms
[2026-04-19T22:10:26.774+0100][11.017s][info][gc,cpu      ] GC(135) User=0.00s Sys=0.00s Real=0.00s
[2026-04-19T22:10:26.857+0100][11.100s][info][gc,start    ] GC(136) Pause Young (Normal) (G1 Evacuation Pause)
[2026-04-19T22:10:26.857+0100][11.100s][info][gc,task     ] GC(136) Using 4 workers of 8 for evacuation
[2026-04-19T22:10:26.858+0100][11.100s][info][gc,phases   ] GC(136)   Pre Evacuate Collection Set: 0.1ms
[2026-04-19T22:10:26.858+0100][11.100s][info][gc,phases   ] GC(136)   Merge Heap Roots: 0.0ms
[2026-04-19T22:10:26.858+0100][11.100s][info][gc,phases   ] GC(136)   Evacuate Collection Set: 0.3ms
[2026-04-19T22:10:26.858+0100][11.100s][info][gc,phases   ] GC(136)   Post Evacuate Collection Set: 0.1ms
[2026-04-19T22:10:26.858+0100][11.100s][info][gc,phases   ] GC(136)   Other: 0.0ms
[2026-04-19T22:10:26.858+0100][11.100s][info][gc,heap     ] GC(136) Eden regions: 112->0(112)
[2026-04-19T22:10:26.858+0100][11.100s][info][gc,heap     ] GC(136) Survivor regions: 1->1(15)
[2026-04-19T22:10:26.858+0100][11.100s][info][gc,heap     ] GC(136) Old regions: 6->6
[2026-04-19T22:10:26.858+0100][11.100s][info][gc,heap     ] GC(136) Humongous regions: 0->0
[2026-04-19T22:10:26.858+0100][11.100s][info][gc,metaspace] GC(136) Metaspace: 247K(448K)->247K(448K) NonClass: 235K(320K)->235K(320K) Class: 12K(128K)->12K(128K)
[2026-04-19T22:10:26.858+0100][11.100s][info][gc          ] GC(136) Pause Young (Normal) (G1 Evacuation Pause) 117M->5M(189M) 0.651ms
[2026-04-19T22:10:26.858+0100][11.100s][info][gc,cpu      ] GC(136) User=0.00s Sys=0.00s Real=0.00s
[2026-04-19T22:10:26.939+0100][11.181s][info][gc,start    ] GC(137) Pause Young (Normal) (G1 Evacuation Pause)
[2026-04-19T22:10:26.939+0100][11.182s][info][gc,task     ] GC(137) Using 4 workers of 8 for evacuation
[2026-04-19T22:10:26.939+0100][11.182s][info][gc,phases   ] GC(137)   Pre Evacuate Collection Set: 0.1ms
[2026-04-19T22:10:26.939+0100][11.182s][info][gc,phases   ] GC(137)   Merge Heap Roots: 0.0ms
[2026-04-19T22:10:26.939+0100][11.182s][info][gc,phases   ] GC(137)   Evacuate Collection Set: 0.3ms
[2026-04-19T22:10:26.939+0100][11.182s][info][gc,phases   ] GC(137)   Post Evacuate Collection Set: 0.1ms
[2026-04-19T22:10:26.939+0100][11.182s][info][gc,phases   ] GC(137)   Other: 0.0ms
[2026-04-19T22:10:26.939+0100][11.182s][info][gc,heap     ] GC(137) Eden regions: 112->0(112)
[2026-04-19T22:10:26.939+0100][11.182s][info][gc,heap     ] GC(137) Survivor regions: 1->1(15)
[2026-04-19T22:10:26.939+0100][11.182s][info][gc,heap     ] GC(137) Old regions: 6->6
[2026-04-19T22:10:26.939+0100][11.182s][info][gc,heap     ] GC(137) Humongous regions: 0->0
[2026-04-19T22:10:26.939+0100][11.182s][info][gc,metaspace] GC(137) Metaspace: 247K(448K)->247K(448K) NonClass: 235K(320K)->235K(320K) Class: 12K(128K)->12K(128K)
[2026-04-19T22:10:26.939+0100][11.182s][info][gc          ] GC(137) Pause Young (Normal) (G1 Evacuation Pause) 117M->5M(189M) 0.639ms
[2026-04-19T22:10:26.939+0100][11.182s][info][gc,cpu      ] GC(137) User=0.00s Sys=0.00s Real=0.00s
[2026-04-19T22:10:27.020+0100][11.263s][info][gc,start    ] GC(138) Pause Young (Normal) (G1 Evacuation Pause)
[2026-04-19T22:10:27.020+0100][11.263s][info][gc,task     ] GC(138) Using 4 workers of 8 for evacuation
[2026-04-19T22:10:27.020+0100][11.263s][info][gc,phases   ] GC(138)   Pre Evacuate Collection Set: 0.1ms
[2026-04-19T22:10:27.020+0100][11.263s][info][gc,phases   ] GC(138)   Merge Heap Roots: 0.0ms
[2026-04-19T22:10:27.020+0100][11.263s][info][gc,phases   ] GC(138)   Evacuate Collection Set: 0.3ms
[2026-04-19T22:10:27.020+0100][11.263s][info][gc,phases   ] GC(138)   Post Evacuate Collection Set: 0.1ms
[2026-04-19T22:10:27.020+0100][11.263s][info][gc,phases   ] GC(138)   Other: 0.0ms
[2026-04-19T22:10:27.020+0100][11.263s][info][gc,heap     ] GC(138) Eden regions: 112->0(112)
[2026-04-19T22:10:27.020+0100][11.263s][info][gc,heap     ] GC(138) Survivor regions: 1->1(15)
[2026-04-19T22:10:27.020+0100][11.263s][info][gc,heap     ] GC(138) Old regions: 6->6
[2026-04-19T22:10:27.020+0100][11.263s][info][gc,heap     ] GC(138) Humongous regions: 0->0
[2026-04-19T22:10:27.020+0100][11.263s][info][gc,metaspace] GC(138) Metaspace: 247K(448K)->247K(448K) NonClass: 235K(320K)->235K(320K) Class: 12K(128K)->12K(128K)
[2026-04-19T22:10:27.020+0100][11.263s][info][gc          ] GC(138) Pause Young (Normal) (G1 Evacuation Pause) 117M->5M(189M) 0.615ms
[2026-04-19T22:10:27.020+0100][11.263s][info][gc,cpu      ] GC(138) User=0.00s Sys=0.00s Real=0.00s
[2026-04-19T22:10:27.101+0100][11.344s][info][gc,start    ] GC(139) Pause Young (Normal) (G1 Evacuation Pause)
[2026-04-19T22:10:27.101+0100][11.344s][info][gc,task     ] GC(139) Using 4 workers of 8 for evacuation
[2026-04-19T22:10:27.101+0100][11.344s][info][gc,phases   ] GC(139)   Pre Evacuate Collection Set: 0.1ms
[2026-04-19T22:10:27.101+0100][11.344s][info][gc,phases   ] GC(139)   Merge Heap Roots: 0.0ms
[2026-04-19T22:10:27.102+0100][11.344s][info][gc,phases   ] GC(139)   Evacuate Collection Set: 0.3ms
[2026-04-19T22:10:27.102+0100][11.344s][info][gc,phases   ] GC(139)   Post Evacuate Collection Set: 0.1ms
[2026-04-19T22:10:27.102+0100][11.344s][info][gc,phases   ] GC(139)   Other: 0.0ms
[2026-04-19T22:10:27.102+0100][11.344s][info][gc,heap     ] GC(139) Eden regions: 112->0(112)
[2026-04-19T22:10:27.102+0100][11.344s][info][gc,heap     ] GC(139) Survivor regions: 1->1(15)
[2026-04-19T22:10:27.102+0100][11.344s][info][gc,heap     ] GC(139) Old regions: 6->6
[2026-04-19T22:10:27.102+0100][11.344s][info][gc,heap     ] GC(139) Humongous regions: 0->0
[2026-04-19T22:10:27.102+0100][11.344s][info][gc,metaspace] GC(139) Metaspace: 247K(448K)->247K(448K) NonClass: 235K(320K)->235K(320K) Class: 12K(128K)->12K(128K)
[2026-04-19T22:10:27.102+0100][11.344s][info][gc          ] GC(139) Pause Young (Normal) (G1 Evacuation Pause) 117M->5M(189M) 0.636ms
[2026-04-19T22:10:27.102+0100][11.344s][info][gc,cpu      ] GC(139) User=0.01s Sys=0.00s Real=0.00s
[2026-04-19T22:10:27.182+0100][11.425s][info][gc,start    ] GC(140) Pause Young (Normal) (G1 Evacuation Pause)
[2026-04-19T22:10:27.182+0100][11.425s][info][gc,task     ] GC(140) Using 4 workers of 8 for evacuation
[2026-04-19T22:10:27.183+0100][11.426s][info][gc,phases   ] GC(140)   Pre Evacuate Collection Set: 0.1ms
[2026-04-19T22:10:27.183+0100][11.426s][info][gc,phases   ] GC(140)   Merge Heap Roots: 0.0ms
[2026-04-19T22:10:27.183+0100][11.426s][info][gc,phases   ] GC(140)   Evacuate Collection Set: 0.3ms
[2026-04-19T22:10:27.183+0100][11.426s][info][gc,phases   ] GC(140)   Post Evacuate Collection Set: 0.1ms
[2026-04-19T22:10:27.183+0100][11.426s][info][gc,phases   ] GC(140)   Other: 0.0ms
[2026-04-19T22:10:27.183+0100][11.426s][info][gc,heap     ] GC(140) Eden regions: 112->0(112)
[2026-04-19T22:10:27.183+0100][11.426s][info][gc,heap     ] GC(140) Survivor regions: 1->1(15)
[2026-04-19T22:10:27.183+0100][11.426s][info][gc,heap     ] GC(140) Old regions: 6->6
[2026-04-19T22:10:27.183+0100][11.426s][info][gc,heap     ] GC(140) Humongous regions: 0->0
[2026-04-19T22:10:27.183+0100][11.426s][info][gc,metaspace] GC(140) Metaspace: 247K(448K)->247K(448K) NonClass: 235K(320K)->235K(320K) Class: 12K(128K)->12K(128K)
[2026-04-19T22:10:27.183+0100][11.426s][info][gc          ] GC(140) Pause Young (Normal) (G1 Evacuation Pause) 117M->5M(189M) 0.629ms
[2026-04-19T22:10:27.183+0100][11.426s][info][gc,cpu      ] GC(140) User=0.00s Sys=0.00s Real=0.00s
[2026-04-19T22:10:27.263+0100][11.506s][info][gc,start    ] GC(141) Pause Young (Normal) (G1 Evacuation Pause)
[2026-04-19T22:10:27.263+0100][11.506s][info][gc,task     ] GC(141) Using 4 workers of 8 for evacuation
[2026-04-19T22:10:27.263+0100][11.506s][info][gc,phases   ] GC(141)   Pre Evacuate Collection Set: 0.1ms
[2026-04-19T22:10:27.263+0100][11.506s][info][gc,phases   ] GC(141)   Merge Heap Roots: 0.0ms
[2026-04-19T22:10:27.263+0100][11.506s][info][gc,phases   ] GC(141)   Evacuate Collection Set: 0.3ms
[2026-04-19T22:10:27.263+0100][11.506s][info][gc,phases   ] GC(141)   Post Evacuate Collection Set: 0.1ms
[2026-04-19T22:10:27.263+0100][11.506s][info][gc,phases   ] GC(141)   Other: 0.0ms
[2026-04-19T22:10:27.263+0100][11.506s][info][gc,heap     ] GC(141) Eden regions: 112->0(112)
[2026-04-19T22:10:27.263+0100][11.506s][info][gc,heap     ] GC(141) Survivor regions: 1->1(15)
[2026-04-19T22:10:27.263+0100][11.506s][info][gc,heap     ] GC(141) Old regions: 6->6
[2026-04-19T22:10:27.263+0100][11.506s][info][gc,heap     ] GC(141) Humongous regions: 0->0
[2026-04-19T22:10:27.263+0100][11.506s][info][gc,metaspace] GC(141) Metaspace: 247K(448K)->247K(448K) NonClass: 235K(320K)->235K(320K) Class: 12K(128K)->12K(128K)
[2026-04-19T22:10:27.263+0100][11.506s][info][gc          ] GC(141) Pause Young (Normal) (G1 Evacuation Pause) 117M->5M(189M) 0.636ms
[2026-04-19T22:10:27.263+0100][11.506s][info][gc,cpu      ] GC(141) User=0.00s Sys=0.00s Real=0.00s
[2026-04-19T22:10:27.344+0100][11.587s][info][gc,start    ] GC(142) Pause Young (Normal) (G1 Evacuation Pause)
[2026-04-19T22:10:27.344+0100][11.587s][info][gc,task     ] GC(142) Using 4 workers of 8 for evacuation
[2026-04-19T22:10:27.344+0100][11.587s][info][gc,phases   ] GC(142)   Pre Evacuate Collection Set: 0.1ms
[2026-04-19T22:10:27.344+0100][11.587s][info][gc,phases   ] GC(142)   Merge Heap Roots: 0.0ms
[2026-04-19T22:10:27.345+0100][11.587s][info][gc,phases   ] GC(142)   Evacuate Collection Set: 0.3ms
[2026-04-19T22:10:27.345+0100][11.587s][info][gc,phases   ] GC(142)   Post Evacuate Collection Set: 0.1ms
[2026-04-19T22:10:27.345+0100][11.587s][info][gc,phases   ] GC(142)   Other: 0.0ms
[2026-04-19T22:10:27.345+0100][11.587s][info][gc,heap     ] GC(142) Eden regions: 112->0(112)
[2026-04-19T22:10:27.345+0100][11.587s][info][gc,heap     ] GC(142) Survivor regions: 1->1(15)
[2026-04-19T22:10:27.345+0100][11.587s][info][gc,heap     ] GC(142) Old regions: 6->6
[2026-04-19T22:10:27.345+0100][11.587s][info][gc,heap     ] GC(142) Humongous regions: 0->0
[2026-04-19T22:10:27.345+0100][11.587s][info][gc,metaspace] GC(142) Metaspace: 247K(448K)->247K(448K) NonClass: 235K(320K)->235K(320K) Class: 12K(128K)->12K(128K)
[2026-04-19T22:10:27.345+0100][11.587s][info][gc          ] GC(142) Pause Young (Normal) (G1 Evacuation Pause) 117M->5M(189M) 0.586ms
[2026-04-19T22:10:27.345+0100][11.587s][info][gc,cpu      ] GC(142) User=0.00s Sys=0.00s Real=0.00s
[2026-04-19T22:10:27.425+0100][11.668s][info][gc,start    ] GC(143) Pause Young (Normal) (G1 Evacuation Pause)
[2026-04-19T22:10:27.425+0100][11.668s][info][gc,task     ] GC(143) Using 4 workers of 8 for evacuation
[2026-04-19T22:10:27.425+0100][11.668s][info][gc,phases   ] GC(143)   Pre Evacuate Collection Set: 0.1ms
[2026-04-19T22:10:27.425+0100][11.668s][info][gc,phases   ] GC(143)   Merge Heap Roots: 0.0ms
[2026-04-19T22:10:27.425+0100][11.668s][info][gc,phases   ] GC(143)   Evacuate Collection Set: 0.3ms
[2026-04-19T22:10:27.425+0100][11.668s][info][gc,phases   ] GC(143)   Post Evacuate Collection Set: 0.1ms
[2026-04-19T22:10:27.425+0100][11.668s][info][gc,phases   ] GC(143)   Other: 0.0ms
[2026-04-19T22:10:27.425+0100][11.668s][info][gc,heap     ] GC(143) Eden regions: 112->0(112)
[2026-04-19T22:10:27.426+0100][11.668s][info][gc,heap     ] GC(143) Survivor regions: 1->1(15)
[2026-04-19T22:10:27.426+0100][11.668s][info][gc,heap     ] GC(143) Old regions: 6->6
[2026-04-19T22:10:27.426+0100][11.668s][info][gc,heap     ] GC(143) Humongous regions: 0->0
[2026-04-19T22:10:27.426+0100][11.668s][info][gc,metaspace] GC(143) Metaspace: 247K(448K)->247K(448K) NonClass: 235K(320K)->235K(320K) Class: 12K(128K)->12K(128K)
[2026-04-19T22:10:27.426+0100][11.668s][info][gc          ] GC(143) Pause Young (Normal) (G1 Evacuation Pause) 117M->5M(189M) 0.569ms
[2026-04-19T22:10:27.426+0100][11.668s][info][gc,cpu      ] GC(143) User=0.00s Sys=0.00s Real=0.00s
[2026-04-19T22:10:27.506+0100][11.749s][info][gc,start    ] GC(144) Pause Young (Normal) (G1 Evacuation Pause)
[2026-04-19T22:10:27.506+0100][11.749s][info][gc,task     ] GC(144) Using 4 workers of 8 for evacuation
[2026-04-19T22:10:27.507+0100][11.749s][info][gc,phases   ] GC(144)   Pre Evacuate Collection Set: 0.1ms
[2026-04-19T22:10:27.507+0100][11.749s][info][gc,phases   ] GC(144)   Merge Heap Roots: 0.0ms
[2026-04-19T22:10:27.507+0100][11.749s][info][gc,phases   ] GC(144)   Evacuate Collection Set: 0.3ms
[2026-04-19T22:10:27.507+0100][11.749s][info][gc,phases   ] GC(144)   Post Evacuate Collection Set: 0.1ms
[2026-04-19T22:10:27.507+0100][11.749s][info][gc,phases   ] GC(144)   Other: 0.0ms
[2026-04-19T22:10:27.507+0100][11.749s][info][gc,heap     ] GC(144) Eden regions: 112->0(112)
[2026-04-19T22:10:27.507+0100][11.749s][info][gc,heap     ] GC(144) Survivor regions: 1->1(15)
[2026-04-19T22:10:27.507+0100][11.749s][info][gc,heap     ] GC(144) Old regions: 6->6
[2026-04-19T22:10:27.507+0100][11.749s][info][gc,heap     ] GC(144) Humongous regions: 0->0
[2026-04-19T22:10:27.507+0100][11.749s][info][gc,metaspace] GC(144) Metaspace: 247K(448K)->247K(448K) NonClass: 235K(320K)->235K(320K) Class: 12K(128K)->12K(128K)
[2026-04-19T22:10:27.507+0100][11.749s][info][gc          ] GC(144) Pause Young (Normal) (G1 Evacuation Pause) 117M->5M(189M) 0.618ms
[2026-04-19T22:10:27.507+0100][11.749s][info][gc,cpu      ] GC(144) User=0.00s Sys=0.00s Real=0.00s
[2026-04-19T22:10:27.587+0100][11.830s][info][gc,start    ] GC(145) Pause Young (Normal) (G1 Evacuation Pause)
[2026-04-19T22:10:27.587+0100][11.830s][info][gc,task     ] GC(145) Using 4 workers of 8 for evacuation
[2026-04-19T22:10:27.588+0100][11.830s][info][gc,phases   ] GC(145)   Pre Evacuate Collection Set: 0.1ms
[2026-04-19T22:10:27.588+0100][11.830s][info][gc,phases   ] GC(145)   Merge Heap Roots: 0.0ms
[2026-04-19T22:10:27.588+0100][11.830s][info][gc,phases   ] GC(145)   Evacuate Collection Set: 0.3ms
[2026-04-19T22:10:27.588+0100][11.830s][info][gc,phases   ] GC(145)   Post Evacuate Collection Set: 0.1ms
[2026-04-19T22:10:27.588+0100][11.831s][info][gc,phases   ] GC(145)   Other: 0.0ms
[2026-04-19T22:10:27.588+0100][11.831s][info][gc,heap     ] GC(145) Eden regions: 112->0(112)
[2026-04-19T22:10:27.588+0100][11.831s][info][gc,heap     ] GC(145) Survivor regions: 1->1(15)
[2026-04-19T22:10:27.588+0100][11.831s][info][gc,heap     ] GC(145) Old regions: 6->6
[2026-04-19T22:10:27.588+0100][11.831s][info][gc,heap     ] GC(145) Humongous regions: 0->0
[2026-04-19T22:10:27.588+0100][11.831s][info][gc,metaspace] GC(145) Metaspace: 247K(448K)->247K(448K) NonClass: 235K(320K)->235K(320K) Class: 12K(128K)->12K(128K)
[2026-04-19T22:10:27.588+0100][11.831s][info][gc          ] GC(145) Pause Young (Normal) (G1 Evacuation Pause) 117M->5M(189M) 0.598ms
[2026-04-19T22:10:27.588+0100][11.831s][info][gc,cpu      ] GC(145) User=0.01s Sys=0.00s Real=0.00s
[2026-04-19T22:10:27.668+0100][11.911s][info][gc,start    ] GC(146) Pause Young (Normal) (G1 Evacuation Pause)
[2026-04-19T22:10:27.668+0100][11.911s][info][gc,task     ] GC(146) Using 4 workers of 8 for evacuation
[2026-04-19T22:10:27.669+0100][11.911s][info][gc,phases   ] GC(146)   Pre Evacuate Collection Set: 0.0ms
[2026-04-19T22:10:27.669+0100][11.911s][info][gc,phases   ] GC(146)   Merge Heap Roots: 0.0ms
[2026-04-19T22:10:27.669+0100][11.911s][info][gc,phases   ] GC(146)   Evacuate Collection Set: 0.3ms
[2026-04-19T22:10:27.669+0100][11.911s][info][gc,phases   ] GC(146)   Post Evacuate Collection Set: 0.1ms
[2026-04-19T22:10:27.669+0100][11.911s][info][gc,phases   ] GC(146)   Other: 0.0ms
[2026-04-19T22:10:27.669+0100][11.911s][info][gc,heap     ] GC(146) Eden regions: 112->0(112)
[2026-04-19T22:10:27.669+0100][11.911s][info][gc,heap     ] GC(146) Survivor regions: 1->1(15)
[2026-04-19T22:10:27.669+0100][11.911s][info][gc,heap     ] GC(146) Old regions: 6->6
[2026-04-19T22:10:27.669+0100][11.911s][info][gc,heap     ] GC(146) Humongous regions: 0->0
[2026-04-19T22:10:27.669+0100][11.911s][info][gc,metaspace] GC(146) Metaspace: 247K(448K)->247K(448K) NonClass: 235K(320K)->235K(320K) Class: 12K(128K)->12K(128K)
[2026-04-19T22:10:27.669+0100][11.911s][info][gc          ] GC(146) Pause Young (Normal) (G1 Evacuation Pause) 117M->5M(189M) 0.589ms
[2026-04-19T22:10:27.669+0100][11.911s][info][gc,cpu      ] GC(146) User=0.00s Sys=0.00s Real=0.00s
[2026-04-19T22:10:27.749+0100][11.992s][info][gc,start    ] GC(147) Pause Young (Normal) (G1 Evacuation Pause)
[2026-04-19T22:10:27.749+0100][11.992s][info][gc,task     ] GC(147) Using 4 workers of 8 for evacuation
[2026-04-19T22:10:27.750+0100][11.992s][info][gc,phases   ] GC(147)   Pre Evacuate Collection Set: 0.1ms
[2026-04-19T22:10:27.750+0100][11.993s][info][gc,phases   ] GC(147)   Merge Heap Roots: 0.0ms
[2026-04-19T22:10:27.750+0100][11.993s][info][gc,phases   ] GC(147)   Evacuate Collection Set: 0.3ms
[2026-04-19T22:10:27.750+0100][11.993s][info][gc,phases   ] GC(147)   Post Evacuate Collection Set: 0.1ms
[2026-04-19T22:10:27.750+0100][11.993s][info][gc,phases   ] GC(147)   Other: 0.0ms
[2026-04-19T22:10:27.750+0100][11.993s][info][gc,heap     ] GC(147) Eden regions: 112->0(112)
[2026-04-19T22:10:27.750+0100][11.993s][info][gc,heap     ] GC(147) Survivor regions: 1->1(15)
[2026-04-19T22:10:27.750+0100][11.993s][info][gc,heap     ] GC(147) Old regions: 6->6
[2026-04-19T22:10:27.750+0100][11.993s][info][gc,heap     ] GC(147) Humongous regions: 0->0
[2026-04-19T22:10:27.750+0100][11.993s][info][gc,metaspace] GC(147) Metaspace: 247K(448K)->247K(448K) NonClass: 235K(320K)->235K(320K) Class: 12K(128K)->12K(128K)
[2026-04-19T22:10:27.750+0100][11.993s][info][gc          ] GC(147) Pause Young (Normal) (G1 Evacuation Pause) 117M->5M(189M) 0.572ms
[2026-04-19T22:10:27.750+0100][11.993s][info][gc,cpu      ] GC(147) User=0.00s Sys=0.00s Real=0.01s
[2026-04-19T22:10:27.830+0100][12.073s][info][gc,start    ] GC(148) Pause Young (Normal) (G1 Evacuation Pause)
[2026-04-19T22:10:27.830+0100][12.073s][info][gc,task     ] GC(148) Using 4 workers of 8 for evacuation
[2026-04-19T22:10:27.831+0100][12.074s][info][gc,phases   ] GC(148)   Pre Evacuate Collection Set: 0.1ms
[2026-04-19T22:10:27.831+0100][12.074s][info][gc,phases   ] GC(148)   Merge Heap Roots: 0.0ms
[2026-04-19T22:10:27.831+0100][12.074s][info][gc,phases   ] GC(148)   Evacuate Collection Set: 0.3ms
[2026-04-19T22:10:27.831+0100][12.074s][info][gc,phases   ] GC(148)   Post Evacuate Collection Set: 0.1ms
[2026-04-19T22:10:27.831+0100][12.074s][info][gc,phases   ] GC(148)   Other: 0.0ms
[2026-04-19T22:10:27.831+0100][12.074s][info][gc,heap     ] GC(148) Eden regions: 112->0(112)
[2026-04-19T22:10:27.831+0100][12.074s][info][gc,heap     ] GC(148) Survivor regions: 1->1(15)
[2026-04-19T22:10:27.831+0100][12.074s][info][gc,heap     ] GC(148) Old regions: 6->6
[2026-04-19T22:10:27.831+0100][12.074s][info][gc,heap     ] GC(148) Humongous regions: 0->0
[2026-04-19T22:10:27.831+0100][12.074s][info][gc,metaspace] GC(148) Metaspace: 247K(448K)->247K(448K) NonClass: 235K(320K)->235K(320K) Class: 12K(128K)->12K(128K)
[2026-04-19T22:10:27.831+0100][12.074s][info][gc          ] GC(148) Pause Young (Normal) (G1 Evacuation Pause) 117M->5M(189M) 0.579ms
[2026-04-19T22:10:27.831+0100][12.074s][info][gc,cpu      ] GC(148) User=0.00s Sys=0.00s Real=0.00s
[2026-04-19T22:10:27.912+0100][12.154s][info][gc,start    ] GC(149) Pause Young (Normal) (G1 Evacuation Pause)
[2026-04-19T22:10:27.912+0100][12.155s][info][gc,task     ] GC(149) Using 4 workers of 8 for evacuation
[2026-04-19T22:10:27.912+0100][12.155s][info][gc,phases   ] GC(149)   Pre Evacuate Collection Set: 0.1ms
[2026-04-19T22:10:27.912+0100][12.155s][info][gc,phases   ] GC(149)   Merge Heap Roots: 0.0ms
[2026-04-19T22:10:27.912+0100][12.155s][info][gc,phases   ] GC(149)   Evacuate Collection Set: 0.3ms
[2026-04-19T22:10:27.912+0100][12.155s][info][gc,phases   ] GC(149)   Post Evacuate Collection Set: 0.1ms
[2026-04-19T22:10:27.912+0100][12.155s][info][gc,phases   ] GC(149)   Other: 0.0ms
[2026-04-19T22:10:27.912+0100][12.155s][info][gc,heap     ] GC(149) Eden regions: 112->0(112)
[2026-04-19T22:10:27.912+0100][12.155s][info][gc,heap     ] GC(149) Survivor regions: 1->1(15)
[2026-04-19T22:10:27.912+0100][12.155s][info][gc,heap     ] GC(149) Old regions: 6->6
[2026-04-19T22:10:27.912+0100][12.155s][info][gc,heap     ] GC(149) Humongous regions: 0->0
[2026-04-19T22:10:27.912+0100][12.155s][info][gc,metaspace] GC(149) Metaspace: 247K(448K)->247K(448K) NonClass: 235K(320K)->235K(320K) Class: 12K(128K)->12K(128K)
[2026-04-19T22:10:27.912+0100][12.155s][info][gc          ] GC(149) Pause Young (Normal) (G1 Evacuation Pause) 117M->5M(189M) 0.601ms
[2026-04-19T22:10:27.912+0100][12.155s][info][gc,cpu      ] GC(149) User=0.00s Sys=0.00s Real=0.00s
[2026-04-19T22:10:27.993+0100][12.235s][info][gc,start    ] GC(150) Pause Young (Normal) (G1 Evacuation Pause)
[2026-04-19T22:10:27.993+0100][12.235s][info][gc,task     ] GC(150) Using 4 workers of 8 for evacuation
[2026-04-19T22:10:27.993+0100][12.236s][info][gc,phases   ] GC(150)   Pre Evacuate Collection Set: 0.1ms
[2026-04-19T22:10:27.993+0100][12.236s][info][gc,phases   ] GC(150)   Merge Heap Roots: 0.0ms
[2026-04-19T22:10:27.993+0100][12.236s][info][gc,phases   ] GC(150)   Evacuate Collection Set: 0.3ms
[2026-04-19T22:10:27.993+0100][12.236s][info][gc,phases   ] GC(150)   Post Evacuate Collection Set: 0.1ms
[2026-04-19T22:10:27.993+0100][12.236s][info][gc,phases   ] GC(150)   Other: 0.0ms
[2026-04-19T22:10:27.993+0100][12.236s][info][gc,heap     ] GC(150) Eden regions: 112->0(112)
[2026-04-19T22:10:27.993+0100][12.236s][info][gc,heap     ] GC(150) Survivor regions: 1->1(15)
[2026-04-19T22:10:27.993+0100][12.236s][info][gc,heap     ] GC(150) Old regions: 6->6
[2026-04-19T22:10:27.993+0100][12.236s][info][gc,heap     ] GC(150) Humongous regions: 0->0
[2026-04-19T22:10:27.993+0100][12.236s][info][gc,metaspace] GC(150) Metaspace: 247K(448K)->247K(448K) NonClass: 235K(320K)->235K(320K) Class: 12K(128K)->12K(128K)
[2026-04-19T22:10:27.993+0100][12.236s][info][gc          ] GC(150) Pause Young (Normal) (G1 Evacuation Pause) 117M->5M(189M) 0.590ms
[2026-04-19T22:10:27.993+0100][12.236s][info][gc,cpu      ] GC(150) User=0.00s Sys=0.00s Real=0.00s
[2026-04-19T22:10:28.074+0100][12.316s][info][gc,start    ] GC(151) Pause Young (Normal) (G1 Evacuation Pause)
[2026-04-19T22:10:28.074+0100][12.316s][info][gc,task     ] GC(151) Using 4 workers of 8 for evacuation
[2026-04-19T22:10:28.074+0100][12.317s][info][gc,phases   ] GC(151)   Pre Evacuate Collection Set: 0.1ms
[2026-04-19T22:10:28.074+0100][12.317s][info][gc,phases   ] GC(151)   Merge Heap Roots: 0.0ms
[2026-04-19T22:10:28.074+0100][12.317s][info][gc,phases   ] GC(151)   Evacuate Collection Set: 0.3ms
[2026-04-19T22:10:28.074+0100][12.317s][info][gc,phases   ] GC(151)   Post Evacuate Collection Set: 0.1ms
[2026-04-19T22:10:28.074+0100][12.317s][info][gc,phases   ] GC(151)   Other: 0.0ms
[2026-04-19T22:10:28.074+0100][12.317s][info][gc,heap     ] GC(151) Eden regions: 112->0(112)
[2026-04-19T22:10:28.074+0100][12.317s][info][gc,heap     ] GC(151) Survivor regions: 1->1(15)
[2026-04-19T22:10:28.074+0100][12.317s][info][gc,heap     ] GC(151) Old regions: 6->6
[2026-04-19T22:10:28.074+0100][12.317s][info][gc,heap     ] GC(151) Humongous regions: 0->0
[2026-04-19T22:10:28.074+0100][12.317s][info][gc,metaspace] GC(151) Metaspace: 247K(448K)->247K(448K) NonClass: 235K(320K)->235K(320K) Class: 12K(128K)->12K(128K)
[2026-04-19T22:10:28.074+0100][12.317s][info][gc          ] GC(151) Pause Young (Normal) (G1 Evacuation Pause) 117M->5M(189M) 0.591ms
[2026-04-19T22:10:28.074+0100][12.317s][info][gc,cpu      ] GC(151) User=0.01s Sys=0.00s Real=0.00s
[2026-04-19T22:10:28.177+0100][12.419s][info][gc,start    ] GC(152) Pause Young (Normal) (G1 Evacuation Pause)
[2026-04-19T22:10:28.177+0100][12.419s][info][gc,task     ] GC(152) Using 4 workers of 8 for evacuation
[2026-04-19T22:10:28.177+0100][12.420s][info][gc,phases   ] GC(152)   Pre Evacuate Collection Set: 0.1ms
[2026-04-19T22:10:28.177+0100][12.420s][info][gc,phases   ] GC(152)   Merge Heap Roots: 0.0ms
[2026-04-19T22:10:28.177+0100][12.420s][info][gc,phases   ] GC(152)   Evacuate Collection Set: 0.4ms
[2026-04-19T22:10:28.177+0100][12.420s][info][gc,phases   ] GC(152)   Post Evacuate Collection Set: 0.1ms
[2026-04-19T22:10:28.177+0100][12.420s][info][gc,phases   ] GC(152)   Other: 0.0ms
[2026-04-19T22:10:28.177+0100][12.420s][info][gc,heap     ] GC(152) Eden regions: 112->0(112)
[2026-04-19T22:10:28.177+0100][12.420s][info][gc,heap     ] GC(152) Survivor regions: 1->1(15)
[2026-04-19T22:10:28.177+0100][12.420s][info][gc,heap     ] GC(152) Old regions: 6->6
[2026-04-19T22:10:28.177+0100][12.420s][info][gc,heap     ] GC(152) Humongous regions: 0->0
[2026-04-19T22:10:28.177+0100][12.420s][info][gc,metaspace] GC(152) Metaspace: 247K(448K)->247K(448K) NonClass: 235K(320K)->235K(320K) Class: 12K(128K)->12K(128K)
[2026-04-19T22:10:28.177+0100][12.420s][info][gc          ] GC(152) Pause Young (Normal) (G1 Evacuation Pause) 117M->5M(189M) 0.682ms
[2026-04-19T22:10:28.177+0100][12.420s][info][gc,cpu      ] GC(152) User=0.00s Sys=0.00s Real=0.00s
[2026-04-19T22:10:28.258+0100][12.501s][info][gc,start    ] GC(153) Pause Young (Normal) (G1 Evacuation Pause)
[2026-04-19T22:10:28.258+0100][12.501s][info][gc,task     ] GC(153) Using 4 workers of 8 for evacuation
[2026-04-19T22:10:28.259+0100][12.501s][info][gc,phases   ] GC(153)   Pre Evacuate Collection Set: 0.1ms
[2026-04-19T22:10:28.259+0100][12.501s][info][gc,phases   ] GC(153)   Merge Heap Roots: 0.0ms
[2026-04-19T22:10:28.259+0100][12.501s][info][gc,phases   ] GC(153)   Evacuate Collection Set: 0.3ms
[2026-04-19T22:10:28.259+0100][12.501s][info][gc,phases   ] GC(153)   Post Evacuate Collection Set: 0.1ms
[2026-04-19T22:10:28.259+0100][12.501s][info][gc,phases   ] GC(153)   Other: 0.0ms
[2026-04-19T22:10:28.259+0100][12.501s][info][gc,heap     ] GC(153) Eden regions: 112->0(112)
[2026-04-19T22:10:28.259+0100][12.501s][info][gc,heap     ] GC(153) Survivor regions: 1->1(15)
[2026-04-19T22:10:28.259+0100][12.501s][info][gc,heap     ] GC(153) Old regions: 6->6
[2026-04-19T22:10:28.259+0100][12.501s][info][gc,heap     ] GC(153) Humongous regions: 0->0
[2026-04-19T22:10:28.259+0100][12.501s][info][gc,metaspace] GC(153) Metaspace: 247K(448K)->247K(448K) NonClass: 235K(320K)->235K(320K) Class: 12K(128K)->12K(128K)
[2026-04-19T22:10:28.259+0100][12.501s][info][gc          ] GC(153) Pause Young (Normal) (G1 Evacuation Pause) 117M->5M(189M) 0.607ms
[2026-04-19T22:10:28.259+0100][12.501s][info][gc,cpu      ] GC(153) User=0.00s Sys=0.00s Real=0.00s
[2026-04-19T22:10:28.339+0100][12.582s][info][gc,start    ] GC(154) Pause Young (Normal) (G1 Evacuation Pause)
[2026-04-19T22:10:28.339+0100][12.582s][info][gc,task     ] GC(154) Using 4 workers of 8 for evacuation
[2026-04-19T22:10:28.340+0100][12.582s][info][gc,phases   ] GC(154)   Pre Evacuate Collection Set: 0.0ms
[2026-04-19T22:10:28.340+0100][12.582s][info][gc,phases   ] GC(154)   Merge Heap Roots: 0.0ms
[2026-04-19T22:10:28.340+0100][12.582s][info][gc,phases   ] GC(154)   Evacuate Collection Set: 0.3ms
[2026-04-19T22:10:28.340+0100][12.583s][info][gc,phases   ] GC(154)   Post Evacuate Collection Set: 0.1ms
[2026-04-19T22:10:28.340+0100][12.583s][info][gc,phases   ] GC(154)   Other: 0.0ms
[2026-04-19T22:10:28.340+0100][12.583s][info][gc,heap     ] GC(154) Eden regions: 112->0(112)
[2026-04-19T22:10:28.340+0100][12.583s][info][gc,heap     ] GC(154) Survivor regions: 1->1(15)
[2026-04-19T22:10:28.340+0100][12.583s][info][gc,heap     ] GC(154) Old regions: 6->6
[2026-04-19T22:10:28.340+0100][12.583s][info][gc,heap     ] GC(154) Humongous regions: 0->0
[2026-04-19T22:10:28.340+0100][12.583s][info][gc,metaspace] GC(154) Metaspace: 247K(448K)->247K(448K) NonClass: 235K(320K)->235K(320K) Class: 12K(128K)->12K(128K)
[2026-04-19T22:10:28.340+0100][12.583s][info][gc          ] GC(154) Pause Young (Normal) (G1 Evacuation Pause) 117M->5M(189M) 0.534ms
[2026-04-19T22:10:28.340+0100][12.583s][info][gc,cpu      ] GC(154) User=0.00s Sys=0.00s Real=0.01s
[2026-04-19T22:10:28.420+0100][12.662s][info][gc,start    ] GC(155) Pause Young (Normal) (G1 Evacuation Pause)
[2026-04-19T22:10:28.420+0100][12.662s][info][gc,task     ] GC(155) Using 4 workers of 8 for evacuation
[2026-04-19T22:10:28.420+0100][12.663s][info][gc,phases   ] GC(155)   Pre Evacuate Collection Set: 0.1ms
[2026-04-19T22:10:28.420+0100][12.663s][info][gc,phases   ] GC(155)   Merge Heap Roots: 0.0ms
[2026-04-19T22:10:28.420+0100][12.663s][info][gc,phases   ] GC(155)   Evacuate Collection Set: 0.3ms
[2026-04-19T22:10:28.420+0100][12.663s][info][gc,phases   ] GC(155)   Post Evacuate Collection Set: 0.1ms
[2026-04-19T22:10:28.420+0100][12.663s][info][gc,phases   ] GC(155)   Other: 0.0ms
[2026-04-19T22:10:28.420+0100][12.663s][info][gc,heap     ] GC(155) Eden regions: 112->0(112)
[2026-04-19T22:10:28.420+0100][12.663s][info][gc,heap     ] GC(155) Survivor regions: 1->1(15)
[2026-04-19T22:10:28.420+0100][12.663s][info][gc,heap     ] GC(155) Old regions: 6->6
[2026-04-19T22:10:28.420+0100][12.663s][info][gc,heap     ] GC(155) Humongous regions: 0->0
[2026-04-19T22:10:28.420+0100][12.663s][info][gc,metaspace] GC(155) Metaspace: 247K(448K)->247K(448K) NonClass: 235K(320K)->235K(320K) Class: 12K(128K)->12K(128K)
[2026-04-19T22:10:28.420+0100][12.663s][info][gc          ] GC(155) Pause Young (Normal) (G1 Evacuation Pause) 117M->5M(189M) 0.578ms
[2026-04-19T22:10:28.420+0100][12.663s][info][gc,cpu      ] GC(155) User=0.00s Sys=0.00s Real=0.00s
[2026-04-19T22:10:28.501+0100][12.743s][info][gc,start    ] GC(156) Pause Young (Normal) (G1 Evacuation Pause)
[2026-04-19T22:10:28.501+0100][12.743s][info][gc,task     ] GC(156) Using 4 workers of 8 for evacuation
[2026-04-19T22:10:28.501+0100][12.744s][info][gc,phases   ] GC(156)   Pre Evacuate Collection Set: 0.1ms
[2026-04-19T22:10:28.501+0100][12.744s][info][gc,phases   ] GC(156)   Merge Heap Roots: 0.0ms
[2026-04-19T22:10:28.501+0100][12.744s][info][gc,phases   ] GC(156)   Evacuate Collection Set: 0.3ms
[2026-04-19T22:10:28.501+0100][12.744s][info][gc,phases   ] GC(156)   Post Evacuate Collection Set: 0.1ms
[2026-04-19T22:10:28.501+0100][12.744s][info][gc,phases   ] GC(156)   Other: 0.0ms
[2026-04-19T22:10:28.501+0100][12.744s][info][gc,heap     ] GC(156) Eden regions: 112->0(112)
[2026-04-19T22:10:28.501+0100][12.744s][info][gc,heap     ] GC(156) Survivor regions: 1->1(15)
[2026-04-19T22:10:28.501+0100][12.744s][info][gc,heap     ] GC(156) Old regions: 6->6
[2026-04-19T22:10:28.501+0100][12.744s][info][gc,heap     ] GC(156) Humongous regions: 0->0
[2026-04-19T22:10:28.501+0100][12.744s][info][gc,metaspace] GC(156) Metaspace: 247K(448K)->247K(448K) NonClass: 235K(320K)->235K(320K) Class: 12K(128K)->12K(128K)
[2026-04-19T22:10:28.501+0100][12.744s][info][gc          ] GC(156) Pause Young (Normal) (G1 Evacuation Pause) 117M->5M(189M) 0.604ms
[2026-04-19T22:10:28.501+0100][12.744s][info][gc,cpu      ] GC(156) User=0.00s Sys=0.00s Real=0.00s
[2026-04-19T22:10:28.582+0100][12.824s][info][gc,start    ] GC(157) Pause Young (Normal) (G1 Evacuation Pause)
[2026-04-19T22:10:28.582+0100][12.824s][info][gc,task     ] GC(157) Using 4 workers of 8 for evacuation
[2026-04-19T22:10:28.582+0100][12.825s][info][gc,phases   ] GC(157)   Pre Evacuate Collection Set: 0.1ms
[2026-04-19T22:10:28.582+0100][12.825s][info][gc,phases   ] GC(157)   Merge Heap Roots: 0.0ms
[2026-04-19T22:10:28.582+0100][12.825s][info][gc,phases   ] GC(157)   Evacuate Collection Set: 0.3ms
[2026-04-19T22:10:28.582+0100][12.825s][info][gc,phases   ] GC(157)   Post Evacuate Collection Set: 0.1ms
[2026-04-19T22:10:28.582+0100][12.825s][info][gc,phases   ] GC(157)   Other: 0.0ms
[2026-04-19T22:10:28.582+0100][12.825s][info][gc,heap     ] GC(157) Eden regions: 112->0(112)
[2026-04-19T22:10:28.582+0100][12.825s][info][gc,heap     ] GC(157) Survivor regions: 1->1(15)
[2026-04-19T22:10:28.582+0100][12.825s][info][gc,heap     ] GC(157) Old regions: 6->6
[2026-04-19T22:10:28.582+0100][12.825s][info][gc,heap     ] GC(157) Humongous regions: 0->0
[2026-04-19T22:10:28.582+0100][12.825s][info][gc,metaspace] GC(157) Metaspace: 247K(448K)->247K(448K) NonClass: 235K(320K)->235K(320K) Class: 12K(128K)->12K(128K)
[2026-04-19T22:10:28.582+0100][12.825s][info][gc          ] GC(157) Pause Young (Normal) (G1 Evacuation Pause) 117M->5M(189M) 0.659ms
[2026-04-19T22:10:28.582+0100][12.825s][info][gc,cpu      ] GC(157) User=0.01s Sys=0.00s Real=0.00s
[2026-04-19T22:10:28.662+0100][12.905s][info][gc,start    ] GC(158) Pause Young (Normal) (G1 Evacuation Pause)
[2026-04-19T22:10:28.662+0100][12.905s][info][gc,task     ] GC(158) Using 4 workers of 8 for evacuation
[2026-04-19T22:10:28.663+0100][12.906s][info][gc,phases   ] GC(158)   Pre Evacuate Collection Set: 0.1ms
[2026-04-19T22:10:28.663+0100][12.906s][info][gc,phases   ] GC(158)   Merge Heap Roots: 0.0ms
[2026-04-19T22:10:28.663+0100][12.906s][info][gc,phases   ] GC(158)   Evacuate Collection Set: 0.3ms
[2026-04-19T22:10:28.663+0100][12.906s][info][gc,phases   ] GC(158)   Post Evacuate Collection Set: 0.1ms
[2026-04-19T22:10:28.663+0100][12.906s][info][gc,phases   ] GC(158)   Other: 0.0ms
[2026-04-19T22:10:28.663+0100][12.906s][info][gc,heap     ] GC(158) Eden regions: 112->0(112)
[2026-04-19T22:10:28.663+0100][12.906s][info][gc,heap     ] GC(158) Survivor regions: 1->1(15)
[2026-04-19T22:10:28.663+0100][12.906s][info][gc,heap     ] GC(158) Old regions: 6->6
[2026-04-19T22:10:28.663+0100][12.906s][info][gc,heap     ] GC(158) Humongous regions: 0->0
[2026-04-19T22:10:28.663+0100][12.906s][info][gc,metaspace] GC(158) Metaspace: 247K(448K)->247K(448K) NonClass: 235K(320K)->235K(320K) Class: 12K(128K)->12K(128K)
[2026-04-19T22:10:28.663+0100][12.906s][info][gc          ] GC(158) Pause Young (Normal) (G1 Evacuation Pause) 117M->5M(189M) 0.623ms
[2026-04-19T22:10:28.663+0100][12.906s][info][gc,cpu      ] GC(158) User=0.00s Sys=0.00s Real=0.00s
[2026-04-19T22:10:28.743+0100][12.986s][info][gc,start    ] GC(159) Pause Young (Normal) (G1 Evacuation Pause)
[2026-04-19T22:10:28.744+0100][12.986s][info][gc,task     ] GC(159) Using 4 workers of 8 for evacuation
[2026-04-19T22:10:28.744+0100][12.987s][info][gc,phases   ] GC(159)   Pre Evacuate Collection Set: 0.1ms
[2026-04-19T22:10:28.744+0100][12.987s][info][gc,phases   ] GC(159)   Merge Heap Roots: 0.0ms
[2026-04-19T22:10:28.744+0100][12.987s][info][gc,phases   ] GC(159)   Evacuate Collection Set: 0.3ms
[2026-04-19T22:10:28.744+0100][12.987s][info][gc,phases   ] GC(159)   Post Evacuate Collection Set: 0.1ms
[2026-04-19T22:10:28.744+0100][12.987s][info][gc,phases   ] GC(159)   Other: 0.0ms
[2026-04-19T22:10:28.744+0100][12.987s][info][gc,heap     ] GC(159) Eden regions: 112->0(112)
[2026-04-19T22:10:28.744+0100][12.987s][info][gc,heap     ] GC(159) Survivor regions: 1->1(15)
[2026-04-19T22:10:28.744+0100][12.987s][info][gc,heap     ] GC(159) Old regions: 6->6
[2026-04-19T22:10:28.744+0100][12.987s][info][gc,heap     ] GC(159) Humongous regions: 0->0
[2026-04-19T22:10:28.744+0100][12.987s][info][gc,metaspace] GC(159) Metaspace: 247K(448K)->247K(448K) NonClass: 235K(320K)->235K(320K) Class: 12K(128K)->12K(128K)
[2026-04-19T22:10:28.744+0100][12.987s][info][gc          ] GC(159) Pause Young (Normal) (G1 Evacuation Pause) 117M->5M(189M) 0.620ms
[2026-04-19T22:10:28.744+0100][12.987s][info][gc,cpu      ] GC(159) User=0.00s Sys=0.00s Real=0.00s
[2026-04-19T22:10:28.824+0100][13.066s][info][gc,start    ] GC(160) Pause Young (Normal) (G1 Evacuation Pause)
[2026-04-19T22:10:28.824+0100][13.066s][info][gc,task     ] GC(160) Using 4 workers of 8 for evacuation
[2026-04-19T22:10:28.824+0100][13.067s][info][gc,phases   ] GC(160)   Pre Evacuate Collection Set: 0.1ms
[2026-04-19T22:10:28.824+0100][13.067s][info][gc,phases   ] GC(160)   Merge Heap Roots: 0.0ms
[2026-04-19T22:10:28.824+0100][13.067s][info][gc,phases   ] GC(160)   Evacuate Collection Set: 0.3ms
[2026-04-19T22:10:28.824+0100][13.067s][info][gc,phases   ] GC(160)   Post Evacuate Collection Set: 0.1ms
[2026-04-19T22:10:28.824+0100][13.067s][info][gc,phases   ] GC(160)   Other: 0.0ms
[2026-04-19T22:10:28.824+0100][13.067s][info][gc,heap     ] GC(160) Eden regions: 112->0(112)
[2026-04-19T22:10:28.824+0100][13.067s][info][gc,heap     ] GC(160) Survivor regions: 1->1(15)
[2026-04-19T22:10:28.824+0100][13.067s][info][gc,heap     ] GC(160) Old regions: 6->6
[2026-04-19T22:10:28.824+0100][13.067s][info][gc,heap     ] GC(160) Humongous regions: 0->0
[2026-04-19T22:10:28.824+0100][13.067s][info][gc,metaspace] GC(160) Metaspace: 247K(448K)->247K(448K) NonClass: 235K(320K)->235K(320K) Class: 12K(128K)->12K(128K)
[2026-04-19T22:10:28.824+0100][13.067s][info][gc          ] GC(160) Pause Young (Normal) (G1 Evacuation Pause) 117M->5M(189M) 0.620ms
[2026-04-19T22:10:28.824+0100][13.067s][info][gc,cpu      ] GC(160) User=0.00s Sys=0.00s Real=0.00s
[2026-04-19T22:10:28.904+0100][13.147s][info][gc,start    ] GC(161) Pause Young (Normal) (G1 Evacuation Pause)
[2026-04-19T22:10:28.904+0100][13.147s][info][gc,task     ] GC(161) Using 4 workers of 8 for evacuation
[2026-04-19T22:10:28.905+0100][13.147s][info][gc,phases   ] GC(161)   Pre Evacuate Collection Set: 0.1ms
[2026-04-19T22:10:28.905+0100][13.147s][info][gc,phases   ] GC(161)   Merge Heap Roots: 0.0ms
[2026-04-19T22:10:28.905+0100][13.147s][info][gc,phases   ] GC(161)   Evacuate Collection Set: 0.3ms
[2026-04-19T22:10:28.905+0100][13.147s][info][gc,phases   ] GC(161)   Post Evacuate Collection Set: 0.1ms
[2026-04-19T22:10:28.905+0100][13.147s][info][gc,phases   ] GC(161)   Other: 0.0ms
[2026-04-19T22:10:28.905+0100][13.147s][info][gc,heap     ] GC(161) Eden regions: 112->0(112)
[2026-04-19T22:10:28.905+0100][13.148s][info][gc,heap     ] GC(161) Survivor regions: 1->1(15)
[2026-04-19T22:10:28.905+0100][13.148s][info][gc,heap     ] GC(161) Old regions: 6->6
[2026-04-19T22:10:28.905+0100][13.148s][info][gc,heap     ] GC(161) Humongous regions: 0->0
[2026-04-19T22:10:28.905+0100][13.148s][info][gc,metaspace] GC(161) Metaspace: 247K(448K)->247K(448K) NonClass: 235K(320K)->235K(320K) Class: 12K(128K)->12K(128K)
[2026-04-19T22:10:28.905+0100][13.148s][info][gc          ] GC(161) Pause Young (Normal) (G1 Evacuation Pause) 117M->5M(189M) 0.610ms
[2026-04-19T22:10:28.905+0100][13.148s][info][gc,cpu      ] GC(161) User=0.00s Sys=0.00s Real=0.00s
[2026-04-19T22:10:28.987+0100][13.230s][info][gc,start    ] GC(162) Pause Young (Normal) (G1 Evacuation Pause)
[2026-04-19T22:10:28.987+0100][13.230s][info][gc,task     ] GC(162) Using 4 workers of 8 for evacuation
[2026-04-19T22:10:28.988+0100][13.231s][info][gc,phases   ] GC(162)   Pre Evacuate Collection Set: 0.1ms
[2026-04-19T22:10:28.988+0100][13.231s][info][gc,phases   ] GC(162)   Merge Heap Roots: 0.0ms
[2026-04-19T22:10:28.988+0100][13.231s][info][gc,phases   ] GC(162)   Evacuate Collection Set: 0.4ms
[2026-04-19T22:10:28.988+0100][13.231s][info][gc,phases   ] GC(162)   Post Evacuate Collection Set: 0.1ms
[2026-04-19T22:10:28.988+0100][13.231s][info][gc,phases   ] GC(162)   Other: 0.0ms
[2026-04-19T22:10:28.988+0100][13.231s][info][gc,heap     ] GC(162) Eden regions: 112->0(112)
[2026-04-19T22:10:28.988+0100][13.231s][info][gc,heap     ] GC(162) Survivor regions: 1->1(15)
[2026-04-19T22:10:28.988+0100][13.231s][info][gc,heap     ] GC(162) Old regions: 6->6
[2026-04-19T22:10:28.988+0100][13.231s][info][gc,heap     ] GC(162) Humongous regions: 0->0
[2026-04-19T22:10:28.988+0100][13.231s][info][gc,metaspace] GC(162) Metaspace: 247K(448K)->247K(448K) NonClass: 235K(320K)->235K(320K) Class: 12K(128K)->12K(128K)
[2026-04-19T22:10:28.988+0100][13.231s][info][gc          ] GC(162) Pause Young (Normal) (G1 Evacuation Pause) 117M->5M(189M) 0.898ms
[2026-04-19T22:10:28.988+0100][13.231s][info][gc,cpu      ] GC(162) User=0.00s Sys=0.00s Real=0.00s
[2026-04-19T22:10:29.070+0100][13.313s][info][gc,start    ] GC(163) Pause Young (Normal) (G1 Evacuation Pause)
[2026-04-19T22:10:29.070+0100][13.313s][info][gc,task     ] GC(163) Using 4 workers of 8 for evacuation
[2026-04-19T22:10:29.071+0100][13.313s][info][gc,phases   ] GC(163)   Pre Evacuate Collection Set: 0.1ms
[2026-04-19T22:10:29.071+0100][13.313s][info][gc,phases   ] GC(163)   Merge Heap Roots: 0.0ms
[2026-04-19T22:10:29.071+0100][13.313s][info][gc,phases   ] GC(163)   Evacuate Collection Set: 0.3ms
[2026-04-19T22:10:29.071+0100][13.313s][info][gc,phases   ] GC(163)   Post Evacuate Collection Set: 0.1ms
[2026-04-19T22:10:29.071+0100][13.313s][info][gc,phases   ] GC(163)   Other: 0.0ms
[2026-04-19T22:10:29.071+0100][13.313s][info][gc,heap     ] GC(163) Eden regions: 112->0(112)
[2026-04-19T22:10:29.071+0100][13.313s][info][gc,heap     ] GC(163) Survivor regions: 1->1(15)
[2026-04-19T22:10:29.071+0100][13.313s][info][gc,heap     ] GC(163) Old regions: 6->6
[2026-04-19T22:10:29.071+0100][13.313s][info][gc,heap     ] GC(163) Humongous regions: 0->0
[2026-04-19T22:10:29.071+0100][13.313s][info][gc,metaspace] GC(163) Metaspace: 247K(448K)->247K(448K) NonClass: 235K(320K)->235K(320K) Class: 12K(128K)->12K(128K)
[2026-04-19T22:10:29.071+0100][13.313s][info][gc          ] GC(163) Pause Young (Normal) (G1 Evacuation Pause) 117M->5M(189M) 0.612ms
[2026-04-19T22:10:29.071+0100][13.313s][info][gc,cpu      ] GC(163) User=0.00s Sys=0.01s Real=0.00s
[2026-04-19T22:10:29.151+0100][13.394s][info][gc,start    ] GC(164) Pause Young (Normal) (G1 Evacuation Pause)
[2026-04-19T22:10:29.151+0100][13.394s][info][gc,task     ] GC(164) Using 4 workers of 8 for evacuation
[2026-04-19T22:10:29.151+0100][13.394s][info][gc,phases   ] GC(164)   Pre Evacuate Collection Set: 0.1ms
[2026-04-19T22:10:29.151+0100][13.394s][info][gc,phases   ] GC(164)   Merge Heap Roots: 0.0ms
[2026-04-19T22:10:29.151+0100][13.394s][info][gc,phases   ] GC(164)   Evacuate Collection Set: 0.3ms
[2026-04-19T22:10:29.151+0100][13.394s][info][gc,phases   ] GC(164)   Post Evacuate Collection Set: 0.1ms
[2026-04-19T22:10:29.151+0100][13.394s][info][gc,phases   ] GC(164)   Other: 0.0ms
[2026-04-19T22:10:29.151+0100][13.394s][info][gc,heap     ] GC(164) Eden regions: 112->0(112)
[2026-04-19T22:10:29.152+0100][13.394s][info][gc,heap     ] GC(164) Survivor regions: 1->1(15)
[2026-04-19T22:10:29.152+0100][13.394s][info][gc,heap     ] GC(164) Old regions: 6->6
[2026-04-19T22:10:29.152+0100][13.394s][info][gc,heap     ] GC(164) Humongous regions: 0->0
[2026-04-19T22:10:29.152+0100][13.394s][info][gc,metaspace] GC(164) Metaspace: 247K(448K)->247K(448K) NonClass: 235K(320K)->235K(320K) Class: 12K(128K)->12K(128K)
[2026-04-19T22:10:29.152+0100][13.394s][info][gc          ] GC(164) Pause Young (Normal) (G1 Evacuation Pause) 117M->5M(189M) 0.640ms
[2026-04-19T22:10:29.152+0100][13.394s][info][gc,cpu      ] GC(164) User=0.00s Sys=0.00s Real=0.00s
[2026-04-19T22:10:29.232+0100][13.475s][info][gc,start    ] GC(165) Pause Young (Normal) (G1 Evacuation Pause)
[2026-04-19T22:10:29.232+0100][13.475s][info][gc,task     ] GC(165) Using 4 workers of 8 for evacuation
[2026-04-19T22:10:29.233+0100][13.476s][info][gc,phases   ] GC(165)   Pre Evacuate Collection Set: 0.1ms
[2026-04-19T22:10:29.233+0100][13.476s][info][gc,phases   ] GC(165)   Merge Heap Roots: 0.0ms
[2026-04-19T22:10:29.233+0100][13.476s][info][gc,phases   ] GC(165)   Evacuate Collection Set: 0.3ms
[2026-04-19T22:10:29.233+0100][13.476s][info][gc,phases   ] GC(165)   Post Evacuate Collection Set: 0.1ms
[2026-04-19T22:10:29.233+0100][13.476s][info][gc,phases   ] GC(165)   Other: 0.0ms
[2026-04-19T22:10:29.233+0100][13.476s][info][gc,heap     ] GC(165) Eden regions: 112->0(112)
[2026-04-19T22:10:29.233+0100][13.476s][info][gc,heap     ] GC(165) Survivor regions: 1->1(15)
[2026-04-19T22:10:29.233+0100][13.476s][info][gc,heap     ] GC(165) Old regions: 6->6
[2026-04-19T22:10:29.233+0100][13.476s][info][gc,heap     ] GC(165) Humongous regions: 0->0
[2026-04-19T22:10:29.233+0100][13.476s][info][gc,metaspace] GC(165) Metaspace: 247K(448K)->247K(448K) NonClass: 235K(320K)->235K(320K) Class: 12K(128K)->12K(128K)
[2026-04-19T22:10:29.233+0100][13.476s][info][gc          ] GC(165) Pause Young (Normal) (G1 Evacuation Pause) 117M->5M(189M) 0.624ms
[2026-04-19T22:10:29.233+0100][13.476s][info][gc,cpu      ] GC(165) User=0.00s Sys=0.00s Real=0.00s
[2026-04-19T22:10:29.313+0100][13.556s][info][gc,start    ] GC(166) Pause Young (Normal) (G1 Evacuation Pause)
[2026-04-19T22:10:29.313+0100][13.556s][info][gc,task     ] GC(166) Using 4 workers of 8 for evacuation
[2026-04-19T22:10:29.313+0100][13.556s][info][gc,phases   ] GC(166)   Pre Evacuate Collection Set: 0.1ms
[2026-04-19T22:10:29.313+0100][13.556s][info][gc,phases   ] GC(166)   Merge Heap Roots: 0.0ms
[2026-04-19T22:10:29.313+0100][13.556s][info][gc,phases   ] GC(166)   Evacuate Collection Set: 0.3ms
[2026-04-19T22:10:29.313+0100][13.556s][info][gc,phases   ] GC(166)   Post Evacuate Collection Set: 0.1ms
[2026-04-19T22:10:29.313+0100][13.556s][info][gc,phases   ] GC(166)   Other: 0.0ms
[2026-04-19T22:10:29.313+0100][13.556s][info][gc,heap     ] GC(166) Eden regions: 112->0(112)
[2026-04-19T22:10:29.314+0100][13.556s][info][gc,heap     ] GC(166) Survivor regions: 1->1(15)
[2026-04-19T22:10:29.314+0100][13.556s][info][gc,heap     ] GC(166) Old regions: 6->6
[2026-04-19T22:10:29.314+0100][13.556s][info][gc,heap     ] GC(166) Humongous regions: 0->0
[2026-04-19T22:10:29.314+0100][13.556s][info][gc,metaspace] GC(166) Metaspace: 247K(448K)->247K(448K) NonClass: 235K(320K)->235K(320K) Class: 12K(128K)->12K(128K)
[2026-04-19T22:10:29.314+0100][13.556s][info][gc          ] GC(166) Pause Young (Normal) (G1 Evacuation Pause) 117M->5M(189M) 0.610ms
[2026-04-19T22:10:29.314+0100][13.556s][info][gc,cpu      ] GC(166) User=0.00s Sys=0.00s Real=0.00s
[2026-04-19T22:10:29.394+0100][13.637s][info][gc,start    ] GC(167) Pause Young (Normal) (G1 Evacuation Pause)
[2026-04-19T22:10:29.394+0100][13.637s][info][gc,task     ] GC(167) Using 4 workers of 8 for evacuation
[2026-04-19T22:10:29.394+0100][13.637s][info][gc,phases   ] GC(167)   Pre Evacuate Collection Set: 0.1ms
[2026-04-19T22:10:29.394+0100][13.637s][info][gc,phases   ] GC(167)   Merge Heap Roots: 0.0ms
[2026-04-19T22:10:29.394+0100][13.637s][info][gc,phases   ] GC(167)   Evacuate Collection Set: 0.3ms
[2026-04-19T22:10:29.394+0100][13.637s][info][gc,phases   ] GC(167)   Post Evacuate Collection Set: 0.1ms
[2026-04-19T22:10:29.394+0100][13.637s][info][gc,phases   ] GC(167)   Other: 0.0ms
[2026-04-19T22:10:29.394+0100][13.637s][info][gc,heap     ] GC(167) Eden regions: 112->0(112)
[2026-04-19T22:10:29.394+0100][13.637s][info][gc,heap     ] GC(167) Survivor regions: 1->1(15)
[2026-04-19T22:10:29.394+0100][13.637s][info][gc,heap     ] GC(167) Old regions: 6->6
[2026-04-19T22:10:29.394+0100][13.637s][info][gc,heap     ] GC(167) Humongous regions: 0->0
[2026-04-19T22:10:29.394+0100][13.637s][info][gc,metaspace] GC(167) Metaspace: 247K(448K)->247K(448K) NonClass: 235K(320K)->235K(320K) Class: 12K(128K)->12K(128K)
[2026-04-19T22:10:29.394+0100][13.637s][info][gc          ] GC(167) Pause Young (Normal) (G1 Evacuation Pause) 117M->5M(189M) 0.655ms
[2026-04-19T22:10:29.394+0100][13.637s][info][gc,cpu      ] GC(167) User=0.00s Sys=0.00s Real=0.00s
[2026-04-19T22:10:29.474+0100][13.717s][info][gc,start    ] GC(168) Pause Young (Normal) (G1 Evacuation Pause)
[2026-04-19T22:10:29.474+0100][13.717s][info][gc,task     ] GC(168) Using 4 workers of 8 for evacuation
[2026-04-19T22:10:29.475+0100][13.718s][info][gc,phases   ] GC(168)   Pre Evacuate Collection Set: 0.1ms
[2026-04-19T22:10:29.475+0100][13.718s][info][gc,phases   ] GC(168)   Merge Heap Roots: 0.0ms
[2026-04-19T22:10:29.475+0100][13.718s][info][gc,phases   ] GC(168)   Evacuate Collection Set: 0.3ms
[2026-04-19T22:10:29.475+0100][13.718s][info][gc,phases   ] GC(168)   Post Evacuate Collection Set: 0.1ms
[2026-04-19T22:10:29.475+0100][13.718s][info][gc,phases   ] GC(168)   Other: 0.0ms
[2026-04-19T22:10:29.475+0100][13.718s][info][gc,heap     ] GC(168) Eden regions: 112->0(112)
[2026-04-19T22:10:29.475+0100][13.718s][info][gc,heap     ] GC(168) Survivor regions: 1->1(15)
[2026-04-19T22:10:29.475+0100][13.718s][info][gc,heap     ] GC(168) Old regions: 6->6
[2026-04-19T22:10:29.475+0100][13.718s][info][gc,heap     ] GC(168) Humongous regions: 0->0
[2026-04-19T22:10:29.475+0100][13.718s][info][gc,metaspace] GC(168) Metaspace: 247K(448K)->247K(448K) NonClass: 235K(320K)->235K(320K) Class: 12K(128K)->12K(128K)
[2026-04-19T22:10:29.475+0100][13.718s][info][gc          ] GC(168) Pause Young (Normal) (G1 Evacuation Pause) 117M->5M(189M) 0.575ms
[2026-04-19T22:10:29.475+0100][13.718s][info][gc,cpu      ] GC(168) User=0.00s Sys=0.00s Real=0.00s
[2026-04-19T22:10:29.556+0100][13.799s][info][gc,start    ] GC(169) Pause Young (Normal) (G1 Evacuation Pause)
[2026-04-19T22:10:29.556+0100][13.799s][info][gc,task     ] GC(169) Using 4 workers of 8 for evacuation
[2026-04-19T22:10:29.557+0100][13.799s][info][gc,phases   ] GC(169)   Pre Evacuate Collection Set: 0.1ms
[2026-04-19T22:10:29.557+0100][13.799s][info][gc,phases   ] GC(169)   Merge Heap Roots: 0.0ms
[2026-04-19T22:10:29.557+0100][13.799s][info][gc,phases   ] GC(169)   Evacuate Collection Set: 0.3ms
[2026-04-19T22:10:29.557+0100][13.799s][info][gc,phases   ] GC(169)   Post Evacuate Collection Set: 0.1ms
[2026-04-19T22:10:29.557+0100][13.799s][info][gc,phases   ] GC(169)   Other: 0.0ms
[2026-04-19T22:10:29.557+0100][13.799s][info][gc,heap     ] GC(169) Eden regions: 112->0(112)
[2026-04-19T22:10:29.557+0100][13.799s][info][gc,heap     ] GC(169) Survivor regions: 1->1(15)
[2026-04-19T22:10:29.557+0100][13.799s][info][gc,heap     ] GC(169) Old regions: 6->6
[2026-04-19T22:10:29.557+0100][13.799s][info][gc,heap     ] GC(169) Humongous regions: 0->0
[2026-04-19T22:10:29.557+0100][13.799s][info][gc,metaspace] GC(169) Metaspace: 247K(448K)->247K(448K) NonClass: 235K(320K)->235K(320K) Class: 12K(128K)->12K(128K)
[2026-04-19T22:10:29.557+0100][13.799s][info][gc          ] GC(169) Pause Young (Normal) (G1 Evacuation Pause) 117M->5M(189M) 0.654ms
[2026-04-19T22:10:29.557+0100][13.799s][info][gc,cpu      ] GC(169) User=0.01s Sys=0.00s Real=0.00s
[2026-04-19T22:10:29.637+0100][13.880s][info][gc,start    ] GC(170) Pause Young (Normal) (G1 Evacuation Pause)
[2026-04-19T22:10:29.637+0100][13.880s][info][gc,task     ] GC(170) Using 4 workers of 8 for evacuation
[2026-04-19T22:10:29.638+0100][13.881s][info][gc,phases   ] GC(170)   Pre Evacuate Collection Set: 0.1ms
[2026-04-19T22:10:29.638+0100][13.881s][info][gc,phases   ] GC(170)   Merge Heap Roots: 0.0ms
[2026-04-19T22:10:29.638+0100][13.881s][info][gc,phases   ] GC(170)   Evacuate Collection Set: 0.3ms
[2026-04-19T22:10:29.638+0100][13.881s][info][gc,phases   ] GC(170)   Post Evacuate Collection Set: 0.1ms
[2026-04-19T22:10:29.638+0100][13.881s][info][gc,phases   ] GC(170)   Other: 0.0ms
[2026-04-19T22:10:29.638+0100][13.881s][info][gc,heap     ] GC(170) Eden regions: 112->0(112)
[2026-04-19T22:10:29.638+0100][13.881s][info][gc,heap     ] GC(170) Survivor regions: 1->1(15)
[2026-04-19T22:10:29.638+0100][13.881s][info][gc,heap     ] GC(170) Old regions: 6->6
[2026-04-19T22:10:29.638+0100][13.881s][info][gc,heap     ] GC(170) Humongous regions: 0->0
[2026-04-19T22:10:29.638+0100][13.881s][info][gc,metaspace] GC(170) Metaspace: 247K(448K)->247K(448K) NonClass: 235K(320K)->235K(320K) Class: 12K(128K)->12K(128K)
[2026-04-19T22:10:29.638+0100][13.881s][info][gc          ] GC(170) Pause Young (Normal) (G1 Evacuation Pause) 117M->5M(189M) 0.647ms
[2026-04-19T22:10:29.638+0100][13.881s][info][gc,cpu      ] GC(170) User=0.00s Sys=0.00s Real=0.00s
[2026-04-19T22:10:29.718+0100][13.961s][info][gc,start    ] GC(171) Pause Young (Normal) (G1 Evacuation Pause)
[2026-04-19T22:10:29.718+0100][13.961s][info][gc,task     ] GC(171) Using 4 workers of 8 for evacuation
[2026-04-19T22:10:29.719+0100][13.961s][info][gc,phases   ] GC(171)   Pre Evacuate Collection Set: 0.1ms
[2026-04-19T22:10:29.719+0100][13.961s][info][gc,phases   ] GC(171)   Merge Heap Roots: 0.0ms
[2026-04-19T22:10:29.719+0100][13.961s][info][gc,phases   ] GC(171)   Evacuate Collection Set: 0.3ms
[2026-04-19T22:10:29.719+0100][13.961s][info][gc,phases   ] GC(171)   Post Evacuate Collection Set: 0.1ms
[2026-04-19T22:10:29.719+0100][13.961s][info][gc,phases   ] GC(171)   Other: 0.0ms
[2026-04-19T22:10:29.719+0100][13.961s][info][gc,heap     ] GC(171) Eden regions: 112->0(112)
[2026-04-19T22:10:29.719+0100][13.961s][info][gc,heap     ] GC(171) Survivor regions: 1->1(15)
[2026-04-19T22:10:29.719+0100][13.961s][info][gc,heap     ] GC(171) Old regions: 6->6
[2026-04-19T22:10:29.719+0100][13.961s][info][gc,heap     ] GC(171) Humongous regions: 0->0
[2026-04-19T22:10:29.719+0100][13.961s][info][gc,metaspace] GC(171) Metaspace: 247K(448K)->247K(448K) NonClass: 235K(320K)->235K(320K) Class: 12K(128K)->12K(128K)
[2026-04-19T22:10:29.719+0100][13.961s][info][gc          ] GC(171) Pause Young (Normal) (G1 Evacuation Pause) 117M->5M(189M) 0.583ms
[2026-04-19T22:10:29.719+0100][13.961s][info][gc,cpu      ] GC(171) User=0.00s Sys=0.00s Real=0.00s
[2026-04-19T22:10:29.798+0100][14.041s][info][gc,start    ] GC(172) Pause Young (Normal) (G1 Evacuation Pause)
[2026-04-19T22:10:29.798+0100][14.041s][info][gc,task     ] GC(172) Using 4 workers of 8 for evacuation
[2026-04-19T22:10:29.799+0100][14.042s][info][gc,phases   ] GC(172)   Pre Evacuate Collection Set: 0.1ms
[2026-04-19T22:10:29.799+0100][14.042s][info][gc,phases   ] GC(172)   Merge Heap Roots: 0.0ms
[2026-04-19T22:10:29.799+0100][14.042s][info][gc,phases   ] GC(172)   Evacuate Collection Set: 0.3ms
[2026-04-19T22:10:29.799+0100][14.042s][info][gc,phases   ] GC(172)   Post Evacuate Collection Set: 0.1ms
[2026-04-19T22:10:29.799+0100][14.042s][info][gc,phases   ] GC(172)   Other: 0.0ms
[2026-04-19T22:10:29.799+0100][14.042s][info][gc,heap     ] GC(172) Eden regions: 112->0(112)
[2026-04-19T22:10:29.799+0100][14.042s][info][gc,heap     ] GC(172) Survivor regions: 1->1(15)
[2026-04-19T22:10:29.799+0100][14.042s][info][gc,heap     ] GC(172) Old regions: 6->6
[2026-04-19T22:10:29.799+0100][14.042s][info][gc,heap     ] GC(172) Humongous regions: 0->0
[2026-04-19T22:10:29.799+0100][14.042s][info][gc,metaspace] GC(172) Metaspace: 247K(448K)->247K(448K) NonClass: 235K(320K)->235K(320K) Class: 12K(128K)->12K(128K)
[2026-04-19T22:10:29.799+0100][14.042s][info][gc          ] GC(172) Pause Young (Normal) (G1 Evacuation Pause) 117M->5M(189M) 0.659ms
[2026-04-19T22:10:29.799+0100][14.042s][info][gc,cpu      ] GC(172) User=0.00s Sys=0.00s Real=0.00s
[2026-04-19T22:10:29.879+0100][14.122s][info][gc,start    ] GC(173) Pause Young (Normal) (G1 Evacuation Pause)
[2026-04-19T22:10:29.879+0100][14.122s][info][gc,task     ] GC(173) Using 4 workers of 8 for evacuation
[2026-04-19T22:10:29.880+0100][14.123s][info][gc,phases   ] GC(173)   Pre Evacuate Collection Set: 0.1ms
[2026-04-19T22:10:29.880+0100][14.123s][info][gc,phases   ] GC(173)   Merge Heap Roots: 0.0ms
[2026-04-19T22:10:29.880+0100][14.123s][info][gc,phases   ] GC(173)   Evacuate Collection Set: 0.3ms
[2026-04-19T22:10:29.880+0100][14.123s][info][gc,phases   ] GC(173)   Post Evacuate Collection Set: 0.1ms
[2026-04-19T22:10:29.880+0100][14.123s][info][gc,phases   ] GC(173)   Other: 0.0ms
[2026-04-19T22:10:29.880+0100][14.123s][info][gc,heap     ] GC(173) Eden regions: 112->0(112)
[2026-04-19T22:10:29.880+0100][14.123s][info][gc,heap     ] GC(173) Survivor regions: 1->1(15)
[2026-04-19T22:10:29.880+0100][14.123s][info][gc,heap     ] GC(173) Old regions: 6->6
[2026-04-19T22:10:29.880+0100][14.123s][info][gc,heap     ] GC(173) Humongous regions: 0->0
[2026-04-19T22:10:29.880+0100][14.123s][info][gc,metaspace] GC(173) Metaspace: 247K(448K)->247K(448K) NonClass: 235K(320K)->235K(320K) Class: 12K(128K)->12K(128K)
[2026-04-19T22:10:29.880+0100][14.123s][info][gc          ] GC(173) Pause Young (Normal) (G1 Evacuation Pause) 117M->5M(189M) 0.636ms
[2026-04-19T22:10:29.880+0100][14.123s][info][gc,cpu      ] GC(173) User=0.00s Sys=0.00s Real=0.01s
[2026-04-19T22:10:29.960+0100][14.203s][info][gc,start    ] GC(174) Pause Young (Normal) (G1 Evacuation Pause)
[2026-04-19T22:10:29.960+0100][14.203s][info][gc,task     ] GC(174) Using 4 workers of 8 for evacuation
[2026-04-19T22:10:29.961+0100][14.204s][info][gc,phases   ] GC(174)   Pre Evacuate Collection Set: 0.1ms
[2026-04-19T22:10:29.961+0100][14.204s][info][gc,phases   ] GC(174)   Merge Heap Roots: 0.0ms
[2026-04-19T22:10:29.961+0100][14.204s][info][gc,phases   ] GC(174)   Evacuate Collection Set: 0.3ms
[2026-04-19T22:10:29.961+0100][14.204s][info][gc,phases   ] GC(174)   Post Evacuate Collection Set: 0.1ms
[2026-04-19T22:10:29.961+0100][14.204s][info][gc,phases   ] GC(174)   Other: 0.0ms
[2026-04-19T22:10:29.961+0100][14.204s][info][gc,heap     ] GC(174) Eden regions: 112->0(112)
[2026-04-19T22:10:29.961+0100][14.204s][info][gc,heap     ] GC(174) Survivor regions: 1->1(15)
[2026-04-19T22:10:29.961+0100][14.204s][info][gc,heap     ] GC(174) Old regions: 6->6
[2026-04-19T22:10:29.961+0100][14.204s][info][gc,heap     ] GC(174) Humongous regions: 0->0
[2026-04-19T22:10:29.961+0100][14.204s][info][gc,metaspace] GC(174) Metaspace: 247K(448K)->247K(448K) NonClass: 235K(320K)->235K(320K) Class: 12K(128K)->12K(128K)
[2026-04-19T22:10:29.961+0100][14.204s][info][gc          ] GC(174) Pause Young (Normal) (G1 Evacuation Pause) 117M->5M(189M) 0.593ms
[2026-04-19T22:10:29.961+0100][14.204s][info][gc,cpu      ] GC(174) User=0.00s Sys=0.00s Real=0.00s
[2026-04-19T22:10:30.042+0100][14.284s][info][gc,start    ] GC(175) Pause Young (Normal) (G1 Evacuation Pause)
[2026-04-19T22:10:30.042+0100][14.284s][info][gc,task     ] GC(175) Using 4 workers of 8 for evacuation
[2026-04-19T22:10:30.042+0100][14.285s][info][gc,phases   ] GC(175)   Pre Evacuate Collection Set: 0.1ms
[2026-04-19T22:10:30.042+0100][14.285s][info][gc,phases   ] GC(175)   Merge Heap Roots: 0.0ms
[2026-04-19T22:10:30.042+0100][14.285s][info][gc,phases   ] GC(175)   Evacuate Collection Set: 0.3ms
[2026-04-19T22:10:30.042+0100][14.285s][info][gc,phases   ] GC(175)   Post Evacuate Collection Set: 0.1ms
[2026-04-19T22:10:30.042+0100][14.285s][info][gc,phases   ] GC(175)   Other: 0.0ms
[2026-04-19T22:10:30.042+0100][14.285s][info][gc,heap     ] GC(175) Eden regions: 112->0(112)
[2026-04-19T22:10:30.042+0100][14.285s][info][gc,heap     ] GC(175) Survivor regions: 1->1(15)
[2026-04-19T22:10:30.042+0100][14.285s][info][gc,heap     ] GC(175) Old regions: 6->6
[2026-04-19T22:10:30.042+0100][14.285s][info][gc,heap     ] GC(175) Humongous regions: 0->0
[2026-04-19T22:10:30.042+0100][14.285s][info][gc,metaspace] GC(175) Metaspace: 247K(448K)->247K(448K) NonClass: 235K(320K)->235K(320K) Class: 12K(128K)->12K(128K)
[2026-04-19T22:10:30.042+0100][14.285s][info][gc          ] GC(175) Pause Young (Normal) (G1 Evacuation Pause) 117M->5M(189M) 0.614ms
[2026-04-19T22:10:30.042+0100][14.285s][info][gc,cpu      ] GC(175) User=0.01s Sys=0.00s Real=0.00s
[2026-04-19T22:10:30.123+0100][14.366s][info][gc,start    ] GC(176) Pause Young (Normal) (G1 Evacuation Pause)
[2026-04-19T22:10:30.123+0100][14.366s][info][gc,task     ] GC(176) Using 4 workers of 8 for evacuation
[2026-04-19T22:10:30.123+0100][14.366s][info][gc,phases   ] GC(176)   Pre Evacuate Collection Set: 0.1ms
[2026-04-19T22:10:30.123+0100][14.366s][info][gc,phases   ] GC(176)   Merge Heap Roots: 0.0ms
[2026-04-19T22:10:30.123+0100][14.366s][info][gc,phases   ] GC(176)   Evacuate Collection Set: 0.3ms
[2026-04-19T22:10:30.123+0100][14.366s][info][gc,phases   ] GC(176)   Post Evacuate Collection Set: 0.1ms
[2026-04-19T22:10:30.123+0100][14.366s][info][gc,phases   ] GC(176)   Other: 0.0ms
[2026-04-19T22:10:30.123+0100][14.366s][info][gc,heap     ] GC(176) Eden regions: 112->0(112)
[2026-04-19T22:10:30.123+0100][14.366s][info][gc,heap     ] GC(176) Survivor regions: 1->1(15)
[2026-04-19T22:10:30.123+0100][14.366s][info][gc,heap     ] GC(176) Old regions: 6->6
[2026-04-19T22:10:30.123+0100][14.366s][info][gc,heap     ] GC(176) Humongous regions: 0->0
[2026-04-19T22:10:30.123+0100][14.366s][info][gc,metaspace] GC(176) Metaspace: 247K(448K)->247K(448K) NonClass: 235K(320K)->235K(320K) Class: 12K(128K)->12K(128K)
[2026-04-19T22:10:30.123+0100][14.366s][info][gc          ] GC(176) Pause Young (Normal) (G1 Evacuation Pause) 117M->5M(189M) 0.608ms
[2026-04-19T22:10:30.123+0100][14.366s][info][gc,cpu      ] GC(176) User=0.00s Sys=0.00s Real=0.00s
[2026-04-19T22:10:30.204+0100][14.447s][info][gc,start    ] GC(177) Pause Young (Normal) (G1 Evacuation Pause)
[2026-04-19T22:10:30.204+0100][14.447s][info][gc,task     ] GC(177) Using 4 workers of 8 for evacuation
[2026-04-19T22:10:30.205+0100][14.447s][info][gc,phases   ] GC(177)   Pre Evacuate Collection Set: 0.1ms
[2026-04-19T22:10:30.205+0100][14.447s][info][gc,phases   ] GC(177)   Merge Heap Roots: 0.0ms
[2026-04-19T22:10:30.205+0100][14.447s][info][gc,phases   ] GC(177)   Evacuate Collection Set: 0.3ms
[2026-04-19T22:10:30.205+0100][14.447s][info][gc,phases   ] GC(177)   Post Evacuate Collection Set: 0.1ms
[2026-04-19T22:10:30.205+0100][14.447s][info][gc,phases   ] GC(177)   Other: 0.0ms
[2026-04-19T22:10:30.205+0100][14.447s][info][gc,heap     ] GC(177) Eden regions: 112->0(112)
[2026-04-19T22:10:30.205+0100][14.447s][info][gc,heap     ] GC(177) Survivor regions: 1->1(15)
[2026-04-19T22:10:30.205+0100][14.447s][info][gc,heap     ] GC(177) Old regions: 6->6
[2026-04-19T22:10:30.205+0100][14.447s][info][gc,heap     ] GC(177) Humongous regions: 0->0
[2026-04-19T22:10:30.205+0100][14.447s][info][gc,metaspace] GC(177) Metaspace: 247K(448K)->247K(448K) NonClass: 235K(320K)->235K(320K) Class: 12K(128K)->12K(128K)
[2026-04-19T22:10:30.205+0100][14.447s][info][gc          ] GC(177) Pause Young (Normal) (G1 Evacuation Pause) 117M->5M(189M) 0.651ms
[2026-04-19T22:10:30.205+0100][14.447s][info][gc,cpu      ] GC(177) User=0.00s Sys=0.00s Real=0.00s
[2026-04-19T22:10:30.285+0100][14.528s][info][gc,start    ] GC(178) Pause Young (Normal) (G1 Evacuation Pause)
[2026-04-19T22:10:30.285+0100][14.528s][info][gc,task     ] GC(178) Using 4 workers of 8 for evacuation
[2026-04-19T22:10:30.286+0100][14.528s][info][gc,phases   ] GC(178)   Pre Evacuate Collection Set: 0.1ms
[2026-04-19T22:10:30.286+0100][14.528s][info][gc,phases   ] GC(178)   Merge Heap Roots: 0.0ms
[2026-04-19T22:10:30.286+0100][14.528s][info][gc,phases   ] GC(178)   Evacuate Collection Set: 0.3ms
[2026-04-19T22:10:30.286+0100][14.528s][info][gc,phases   ] GC(178)   Post Evacuate Collection Set: 0.1ms
[2026-04-19T22:10:30.286+0100][14.528s][info][gc,phases   ] GC(178)   Other: 0.0ms
[2026-04-19T22:10:30.286+0100][14.528s][info][gc,heap     ] GC(178) Eden regions: 112->0(112)
[2026-04-19T22:10:30.286+0100][14.528s][info][gc,heap     ] GC(178) Survivor regions: 1->1(15)
[2026-04-19T22:10:30.286+0100][14.528s][info][gc,heap     ] GC(178) Old regions: 6->6
[2026-04-19T22:10:30.286+0100][14.528s][info][gc,heap     ] GC(178) Humongous regions: 0->0
[2026-04-19T22:10:30.286+0100][14.528s][info][gc,metaspace] GC(178) Metaspace: 247K(448K)->247K(448K) NonClass: 235K(320K)->235K(320K) Class: 12K(128K)->12K(128K)
[2026-04-19T22:10:30.286+0100][14.528s][info][gc          ] GC(178) Pause Young (Normal) (G1 Evacuation Pause) 117M->5M(189M) 0.638ms
[2026-04-19T22:10:30.286+0100][14.528s][info][gc,cpu      ] GC(178) User=0.00s Sys=0.00s Real=0.00s
[2026-04-19T22:10:30.366+0100][14.609s][info][gc,start    ] GC(179) Pause Young (Normal) (G1 Evacuation Pause)
[2026-04-19T22:10:30.366+0100][14.609s][info][gc,task     ] GC(179) Using 4 workers of 8 for evacuation
[2026-04-19T22:10:30.366+0100][14.609s][info][gc,phases   ] GC(179)   Pre Evacuate Collection Set: 0.1ms
[2026-04-19T22:10:30.366+0100][14.609s][info][gc,phases   ] GC(179)   Merge Heap Roots: 0.0ms
[2026-04-19T22:10:30.366+0100][14.609s][info][gc,phases   ] GC(179)   Evacuate Collection Set: 0.3ms
[2026-04-19T22:10:30.367+0100][14.609s][info][gc,phases   ] GC(179)   Post Evacuate Collection Set: 0.1ms
[2026-04-19T22:10:30.367+0100][14.609s][info][gc,phases   ] GC(179)   Other: 0.0ms
[2026-04-19T22:10:30.367+0100][14.609s][info][gc,heap     ] GC(179) Eden regions: 112->0(112)
[2026-04-19T22:10:30.367+0100][14.609s][info][gc,heap     ] GC(179) Survivor regions: 1->1(15)
[2026-04-19T22:10:30.367+0100][14.609s][info][gc,heap     ] GC(179) Old regions: 6->6
[2026-04-19T22:10:30.367+0100][14.609s][info][gc,heap     ] GC(179) Humongous regions: 0->0
[2026-04-19T22:10:30.367+0100][14.609s][info][gc,metaspace] GC(179) Metaspace: 247K(448K)->247K(448K) NonClass: 235K(320K)->235K(320K) Class: 12K(128K)->12K(128K)
[2026-04-19T22:10:30.367+0100][14.609s][info][gc          ] GC(179) Pause Young (Normal) (G1 Evacuation Pause) 117M->5M(189M) 0.625ms
[2026-04-19T22:10:30.367+0100][14.609s][info][gc,cpu      ] GC(179) User=0.00s Sys=0.00s Real=0.00s
[2026-04-19T22:10:30.447+0100][14.690s][info][gc,start    ] GC(180) Pause Young (Normal) (G1 Evacuation Pause)
[2026-04-19T22:10:30.447+0100][14.690s][info][gc,task     ] GC(180) Using 4 workers of 8 for evacuation
[2026-04-19T22:10:30.447+0100][14.690s][info][gc,phases   ] GC(180)   Pre Evacuate Collection Set: 0.1ms
[2026-04-19T22:10:30.447+0100][14.690s][info][gc,phases   ] GC(180)   Merge Heap Roots: 0.0ms
[2026-04-19T22:10:30.447+0100][14.690s][info][gc,phases   ] GC(180)   Evacuate Collection Set: 0.3ms
[2026-04-19T22:10:30.447+0100][14.690s][info][gc,phases   ] GC(180)   Post Evacuate Collection Set: 0.1ms
[2026-04-19T22:10:30.447+0100][14.690s][info][gc,phases   ] GC(180)   Other: 0.0ms
[2026-04-19T22:10:30.447+0100][14.690s][info][gc,heap     ] GC(180) Eden regions: 112->0(112)
[2026-04-19T22:10:30.447+0100][14.690s][info][gc,heap     ] GC(180) Survivor regions: 1->1(15)
[2026-04-19T22:10:30.447+0100][14.690s][info][gc,heap     ] GC(180) Old regions: 6->6
[2026-04-19T22:10:30.447+0100][14.690s][info][gc,heap     ] GC(180) Humongous regions: 0->0
[2026-04-19T22:10:30.447+0100][14.690s][info][gc,metaspace] GC(180) Metaspace: 247K(448K)->247K(448K) NonClass: 235K(320K)->235K(320K) Class: 12K(128K)->12K(128K)
[2026-04-19T22:10:30.447+0100][14.690s][info][gc          ] GC(180) Pause Young (Normal) (G1 Evacuation Pause) 117M->5M(189M) 0.599ms
[2026-04-19T22:10:30.447+0100][14.690s][info][gc,cpu      ] GC(180) User=0.00s Sys=0.00s Real=0.00s
[2026-04-19T22:10:30.528+0100][14.771s][info][gc,start    ] GC(181) Pause Young (Normal) (G1 Evacuation Pause)
[2026-04-19T22:10:30.528+0100][14.771s][info][gc,task     ] GC(181) Using 4 workers of 8 for evacuation
[2026-04-19T22:10:30.529+0100][14.771s][info][gc,phases   ] GC(181)   Pre Evacuate Collection Set: 0.1ms
[2026-04-19T22:10:30.529+0100][14.771s][info][gc,phases   ] GC(181)   Merge Heap Roots: 0.0ms
[2026-04-19T22:10:30.529+0100][14.771s][info][gc,phases   ] GC(181)   Evacuate Collection Set: 0.3ms
[2026-04-19T22:10:30.529+0100][14.771s][info][gc,phases   ] GC(181)   Post Evacuate Collection Set: 0.1ms
[2026-04-19T22:10:30.529+0100][14.771s][info][gc,phases   ] GC(181)   Other: 0.0ms
[2026-04-19T22:10:30.529+0100][14.771s][info][gc,heap     ] GC(181) Eden regions: 112->0(112)
[2026-04-19T22:10:30.529+0100][14.771s][info][gc,heap     ] GC(181) Survivor regions: 1->1(15)
[2026-04-19T22:10:30.529+0100][14.771s][info][gc,heap     ] GC(181) Old regions: 6->6
[2026-04-19T22:10:30.529+0100][14.771s][info][gc,heap     ] GC(181) Humongous regions: 0->0
[2026-04-19T22:10:30.529+0100][14.771s][info][gc,metaspace] GC(181) Metaspace: 247K(448K)->247K(448K) NonClass: 235K(320K)->235K(320K) Class: 12K(128K)->12K(128K)
[2026-04-19T22:10:30.529+0100][14.771s][info][gc          ] GC(181) Pause Young (Normal) (G1 Evacuation Pause) 117M->5M(189M) 0.624ms
[2026-04-19T22:10:30.529+0100][14.771s][info][gc,cpu      ] GC(181) User=0.01s Sys=0.00s Real=0.00s
[2026-04-19T22:10:30.609+0100][14.852s][info][gc,start    ] GC(182) Pause Young (Normal) (G1 Evacuation Pause)
[2026-04-19T22:10:30.609+0100][14.852s][info][gc,task     ] GC(182) Using 4 workers of 8 for evacuation
[2026-04-19T22:10:30.609+0100][14.852s][info][gc,phases   ] GC(182)   Pre Evacuate Collection Set: 0.1ms
[2026-04-19T22:10:30.609+0100][14.852s][info][gc,phases   ] GC(182)   Merge Heap Roots: 0.0ms
[2026-04-19T22:10:30.609+0100][14.852s][info][gc,phases   ] GC(182)   Evacuate Collection Set: 0.3ms
[2026-04-19T22:10:30.609+0100][14.852s][info][gc,phases   ] GC(182)   Post Evacuate Collection Set: 0.1ms
[2026-04-19T22:10:30.610+0100][14.852s][info][gc,phases   ] GC(182)   Other: 0.0ms
[2026-04-19T22:10:30.610+0100][14.852s][info][gc,heap     ] GC(182) Eden regions: 112->0(112)
[2026-04-19T22:10:30.610+0100][14.852s][info][gc,heap     ] GC(182) Survivor regions: 1->1(15)
[2026-04-19T22:10:30.610+0100][14.852s][info][gc,heap     ] GC(182) Old regions: 6->6
[2026-04-19T22:10:30.610+0100][14.852s][info][gc,heap     ] GC(182) Humongous regions: 0->0
[2026-04-19T22:10:30.610+0100][14.852s][info][gc,metaspace] GC(182) Metaspace: 247K(448K)->247K(448K) NonClass: 235K(320K)->235K(320K) Class: 12K(128K)->12K(128K)
[2026-04-19T22:10:30.610+0100][14.852s][info][gc          ] GC(182) Pause Young (Normal) (G1 Evacuation Pause) 117M->5M(189M) 0.613ms
[2026-04-19T22:10:30.610+0100][14.852s][info][gc,cpu      ] GC(182) User=0.00s Sys=0.00s Real=0.01s
[2026-04-19T22:10:30.690+0100][14.933s][info][gc,start    ] GC(183) Pause Young (Normal) (G1 Evacuation Pause)
[2026-04-19T22:10:30.690+0100][14.933s][info][gc,task     ] GC(183) Using 4 workers of 8 for evacuation
[2026-04-19T22:10:30.691+0100][14.933s][info][gc,phases   ] GC(183)   Pre Evacuate Collection Set: 0.1ms
[2026-04-19T22:10:30.691+0100][14.933s][info][gc,phases   ] GC(183)   Merge Heap Roots: 0.0ms
[2026-04-19T22:10:30.691+0100][14.933s][info][gc,phases   ] GC(183)   Evacuate Collection Set: 0.3ms
[2026-04-19T22:10:30.691+0100][14.934s][info][gc,phases   ] GC(183)   Post Evacuate Collection Set: 0.1ms
[2026-04-19T22:10:30.691+0100][14.934s][info][gc,phases   ] GC(183)   Other: 0.0ms
[2026-04-19T22:10:30.691+0100][14.934s][info][gc,heap     ] GC(183) Eden regions: 112->0(112)
[2026-04-19T22:10:30.691+0100][14.934s][info][gc,heap     ] GC(183) Survivor regions: 1->1(15)
[2026-04-19T22:10:30.691+0100][14.934s][info][gc,heap     ] GC(183) Old regions: 6->6
[2026-04-19T22:10:30.691+0100][14.934s][info][gc,heap     ] GC(183) Humongous regions: 0->0
[2026-04-19T22:10:30.691+0100][14.934s][info][gc,metaspace] GC(183) Metaspace: 247K(448K)->247K(448K) NonClass: 235K(320K)->235K(320K) Class: 12K(128K)->12K(128K)
[2026-04-19T22:10:30.691+0100][14.934s][info][gc          ] GC(183) Pause Young (Normal) (G1 Evacuation Pause) 117M->5M(189M) 0.595ms
[2026-04-19T22:10:30.691+0100][14.934s][info][gc,cpu      ] GC(183) User=0.00s Sys=0.00s Real=0.00s
[2026-04-19T22:10:30.771+0100][15.014s][info][gc,start    ] GC(184) Pause Young (Normal) (G1 Evacuation Pause)
[2026-04-19T22:10:30.771+0100][15.014s][info][gc,task     ] GC(184) Using 4 workers of 8 for evacuation
[2026-04-19T22:10:30.771+0100][15.014s][info][gc,phases   ] GC(184)   Pre Evacuate Collection Set: 0.1ms
[2026-04-19T22:10:30.771+0100][15.014s][info][gc,phases   ] GC(184)   Merge Heap Roots: 0.0ms
[2026-04-19T22:10:30.771+0100][15.014s][info][gc,phases   ] GC(184)   Evacuate Collection Set: 0.3ms
[2026-04-19T22:10:30.771+0100][15.014s][info][gc,phases   ] GC(184)   Post Evacuate Collection Set: 0.1ms
[2026-04-19T22:10:30.771+0100][15.014s][info][gc,phases   ] GC(184)   Other: 0.0ms
[2026-04-19T22:10:30.771+0100][15.014s][info][gc,heap     ] GC(184) Eden regions: 112->0(112)
[2026-04-19T22:10:30.771+0100][15.014s][info][gc,heap     ] GC(184) Survivor regions: 1->1(15)
[2026-04-19T22:10:30.771+0100][15.014s][info][gc,heap     ] GC(184) Old regions: 6->6
[2026-04-19T22:10:30.771+0100][15.014s][info][gc,heap     ] GC(184) Humongous regions: 0->0
[2026-04-19T22:10:30.771+0100][15.014s][info][gc,metaspace] GC(184) Metaspace: 247K(448K)->247K(448K) NonClass: 235K(320K)->235K(320K) Class: 12K(128K)->12K(128K)
[2026-04-19T22:10:30.771+0100][15.014s][info][gc          ] GC(184) Pause Young (Normal) (G1 Evacuation Pause) 117M->5M(189M) 0.597ms
[2026-04-19T22:10:30.771+0100][15.014s][info][gc,cpu      ] GC(184) User=0.00s Sys=0.00s Real=0.00s
[2026-04-19T22:10:30.852+0100][15.095s][info][gc,start    ] GC(185) Pause Young (Normal) (G1 Evacuation Pause)
[2026-04-19T22:10:30.852+0100][15.095s][info][gc,task     ] GC(185) Using 4 workers of 8 for evacuation
[2026-04-19T22:10:30.853+0100][15.095s][info][gc,phases   ] GC(185)   Pre Evacuate Collection Set: 0.1ms
[2026-04-19T22:10:30.853+0100][15.096s][info][gc,phases   ] GC(185)   Merge Heap Roots: 0.0ms
[2026-04-19T22:10:30.853+0100][15.096s][info][gc,phases   ] GC(185)   Evacuate Collection Set: 0.3ms
[2026-04-19T22:10:30.853+0100][15.096s][info][gc,phases   ] GC(185)   Post Evacuate Collection Set: 0.1ms
[2026-04-19T22:10:30.853+0100][15.096s][info][gc,phases   ] GC(185)   Other: 0.0ms
[2026-04-19T22:10:30.853+0100][15.096s][info][gc,heap     ] GC(185) Eden regions: 112->0(112)
[2026-04-19T22:10:30.853+0100][15.096s][info][gc,heap     ] GC(185) Survivor regions: 1->1(15)
[2026-04-19T22:10:30.853+0100][15.096s][info][gc,heap     ] GC(185) Old regions: 6->6
[2026-04-19T22:10:30.853+0100][15.096s][info][gc,heap     ] GC(185) Humongous regions: 0->0
[2026-04-19T22:10:30.853+0100][15.096s][info][gc,metaspace] GC(185) Metaspace: 247K(448K)->247K(448K) NonClass: 235K(320K)->235K(320K) Class: 12K(128K)->12K(128K)
[2026-04-19T22:10:30.853+0100][15.096s][info][gc          ] GC(185) Pause Young (Normal) (G1 Evacuation Pause) 117M->5M(189M) 0.603ms
[2026-04-19T22:10:30.853+0100][15.096s][info][gc,cpu      ] GC(185) User=0.00s Sys=0.00s Real=0.00s
[2026-04-19T22:10:30.933+0100][15.176s][info][gc,start    ] GC(186) Pause Young (Normal) (G1 Evacuation Pause)
[2026-04-19T22:10:30.933+0100][15.176s][info][gc,task     ] GC(186) Using 4 workers of 8 for evacuation
[2026-04-19T22:10:30.934+0100][15.177s][info][gc,phases   ] GC(186)   Pre Evacuate Collection Set: 0.1ms
[2026-04-19T22:10:30.934+0100][15.177s][info][gc,phases   ] GC(186)   Merge Heap Roots: 0.0ms
[2026-04-19T22:10:30.934+0100][15.177s][info][gc,phases   ] GC(186)   Evacuate Collection Set: 0.3ms
[2026-04-19T22:10:30.934+0100][15.177s][info][gc,phases   ] GC(186)   Post Evacuate Collection Set: 0.1ms
[2026-04-19T22:10:30.934+0100][15.177s][info][gc,phases   ] GC(186)   Other: 0.0ms
[2026-04-19T22:10:30.934+0100][15.177s][info][gc,heap     ] GC(186) Eden regions: 112->0(112)
[2026-04-19T22:10:30.934+0100][15.177s][info][gc,heap     ] GC(186) Survivor regions: 1->1(15)
[2026-04-19T22:10:30.934+0100][15.177s][info][gc,heap     ] GC(186) Old regions: 6->6
[2026-04-19T22:10:30.934+0100][15.177s][info][gc,heap     ] GC(186) Humongous regions: 0->0
[2026-04-19T22:10:30.934+0100][15.177s][info][gc,metaspace] GC(186) Metaspace: 247K(448K)->247K(448K) NonClass: 235K(320K)->235K(320K) Class: 12K(128K)->12K(128K)
[2026-04-19T22:10:30.934+0100][15.177s][info][gc          ] GC(186) Pause Young (Normal) (G1 Evacuation Pause) 117M->5M(189M) 0.611ms
[2026-04-19T22:10:30.934+0100][15.177s][info][gc,cpu      ] GC(186) User=0.00s Sys=0.00s Real=0.00s
[2026-04-19T22:10:31.015+0100][15.258s][info][gc,start    ] GC(187) Pause Young (Normal) (G1 Evacuation Pause)
[2026-04-19T22:10:31.015+0100][15.258s][info][gc,task     ] GC(187) Using 4 workers of 8 for evacuation
[2026-04-19T22:10:31.016+0100][15.258s][info][gc,phases   ] GC(187)   Pre Evacuate Collection Set: 0.1ms
[2026-04-19T22:10:31.016+0100][15.258s][info][gc,phases   ] GC(187)   Merge Heap Roots: 0.0ms
[2026-04-19T22:10:31.016+0100][15.258s][info][gc,phases   ] GC(187)   Evacuate Collection Set: 0.3ms
[2026-04-19T22:10:31.016+0100][15.258s][info][gc,phases   ] GC(187)   Post Evacuate Collection Set: 0.1ms
[2026-04-19T22:10:31.016+0100][15.258s][info][gc,phases   ] GC(187)   Other: 0.0ms
[2026-04-19T22:10:31.016+0100][15.258s][info][gc,heap     ] GC(187) Eden regions: 112->0(112)
[2026-04-19T22:10:31.016+0100][15.258s][info][gc,heap     ] GC(187) Survivor regions: 1->1(15)
[2026-04-19T22:10:31.016+0100][15.258s][info][gc,heap     ] GC(187) Old regions: 6->6
[2026-04-19T22:10:31.016+0100][15.258s][info][gc,heap     ] GC(187) Humongous regions: 0->0
[2026-04-19T22:10:31.016+0100][15.258s][info][gc,metaspace] GC(187) Metaspace: 247K(448K)->247K(448K) NonClass: 235K(320K)->235K(320K) Class: 12K(128K)->12K(128K)
[2026-04-19T22:10:31.016+0100][15.258s][info][gc          ] GC(187) Pause Young (Normal) (G1 Evacuation Pause) 117M->5M(189M) 0.584ms
[2026-04-19T22:10:31.016+0100][15.258s][info][gc,cpu      ] GC(187) User=0.01s Sys=0.00s Real=0.00s
[2026-04-19T22:10:31.098+0100][15.341s][info][gc,start    ] GC(188) Pause Young (Normal) (G1 Evacuation Pause)
[2026-04-19T22:10:31.098+0100][15.341s][info][gc,task     ] GC(188) Using 4 workers of 8 for evacuation
[2026-04-19T22:10:31.099+0100][15.342s][info][gc,phases   ] GC(188)   Pre Evacuate Collection Set: 0.1ms
[2026-04-19T22:10:31.099+0100][15.342s][info][gc,phases   ] GC(188)   Merge Heap Roots: 0.0ms
[2026-04-19T22:10:31.099+0100][15.342s][info][gc,phases   ] GC(188)   Evacuate Collection Set: 0.3ms
[2026-04-19T22:10:31.099+0100][15.342s][info][gc,phases   ] GC(188)   Post Evacuate Collection Set: 0.1ms
[2026-04-19T22:10:31.099+0100][15.342s][info][gc,phases   ] GC(188)   Other: 0.0ms
[2026-04-19T22:10:31.099+0100][15.342s][info][gc,heap     ] GC(188) Eden regions: 112->0(112)
[2026-04-19T22:10:31.099+0100][15.342s][info][gc,heap     ] GC(188) Survivor regions: 1->1(15)
[2026-04-19T22:10:31.099+0100][15.342s][info][gc,heap     ] GC(188) Old regions: 6->6
[2026-04-19T22:10:31.099+0100][15.342s][info][gc,heap     ] GC(188) Humongous regions: 0->0
[2026-04-19T22:10:31.099+0100][15.342s][info][gc,metaspace] GC(188) Metaspace: 247K(448K)->247K(448K) NonClass: 235K(320K)->235K(320K) Class: 12K(128K)->12K(128K)
[2026-04-19T22:10:31.099+0100][15.342s][info][gc          ] GC(188) Pause Young (Normal) (G1 Evacuation Pause) 117M->5M(189M) 0.640ms
[2026-04-19T22:10:31.099+0100][15.342s][info][gc,cpu      ] GC(188) User=0.00s Sys=0.00s Real=0.00s
[2026-04-19T22:10:31.180+0100][15.423s][info][gc,start    ] GC(189) Pause Young (Normal) (G1 Evacuation Pause)
[2026-04-19T22:10:31.180+0100][15.423s][info][gc,task     ] GC(189) Using 4 workers of 8 for evacuation
[2026-04-19T22:10:31.180+0100][15.423s][info][gc,phases   ] GC(189)   Pre Evacuate Collection Set: 0.0ms
[2026-04-19T22:10:31.180+0100][15.423s][info][gc,phases   ] GC(189)   Merge Heap Roots: 0.0ms
[2026-04-19T22:10:31.180+0100][15.423s][info][gc,phases   ] GC(189)   Evacuate Collection Set: 0.3ms
[2026-04-19T22:10:31.180+0100][15.423s][info][gc,phases   ] GC(189)   Post Evacuate Collection Set: 0.1ms
[2026-04-19T22:10:31.180+0100][15.423s][info][gc,phases   ] GC(189)   Other: 0.0ms
[2026-04-19T22:10:31.180+0100][15.423s][info][gc,heap     ] GC(189) Eden regions: 112->0(112)
[2026-04-19T22:10:31.180+0100][15.423s][info][gc,heap     ] GC(189) Survivor regions: 1->1(15)
[2026-04-19T22:10:31.180+0100][15.423s][info][gc,heap     ] GC(189) Old regions: 6->6
[2026-04-19T22:10:31.180+0100][15.423s][info][gc,heap     ] GC(189) Humongous regions: 0->0
[2026-04-19T22:10:31.180+0100][15.423s][info][gc,metaspace] GC(189) Metaspace: 247K(448K)->247K(448K) NonClass: 235K(320K)->235K(320K) Class: 12K(128K)->12K(128K)
[2026-04-19T22:10:31.180+0100][15.423s][info][gc          ] GC(189) Pause Young (Normal) (G1 Evacuation Pause) 117M->5M(189M) 0.589ms
[2026-04-19T22:10:31.180+0100][15.423s][info][gc,cpu      ] GC(189) User=0.00s Sys=0.00s Real=0.00s
[2026-04-19T22:10:31.261+0100][15.504s][info][gc,start    ] GC(190) Pause Young (Normal) (G1 Evacuation Pause)
[2026-04-19T22:10:31.261+0100][15.504s][info][gc,task     ] GC(190) Using 4 workers of 8 for evacuation
[2026-04-19T22:10:31.261+0100][15.504s][info][gc,phases   ] GC(190)   Pre Evacuate Collection Set: 0.1ms
[2026-04-19T22:10:31.261+0100][15.504s][info][gc,phases   ] GC(190)   Merge Heap Roots: 0.0ms
[2026-04-19T22:10:31.261+0100][15.504s][info][gc,phases   ] GC(190)   Evacuate Collection Set: 0.3ms
[2026-04-19T22:10:31.261+0100][15.504s][info][gc,phases   ] GC(190)   Post Evacuate Collection Set: 0.1ms
[2026-04-19T22:10:31.261+0100][15.504s][info][gc,phases   ] GC(190)   Other: 0.0ms
[2026-04-19T22:10:31.261+0100][15.504s][info][gc,heap     ] GC(190) Eden regions: 112->0(112)
[2026-04-19T22:10:31.261+0100][15.504s][info][gc,heap     ] GC(190) Survivor regions: 1->1(15)
[2026-04-19T22:10:31.261+0100][15.504s][info][gc,heap     ] GC(190) Old regions: 6->6
[2026-04-19T22:10:31.261+0100][15.504s][info][gc,heap     ] GC(190) Humongous regions: 0->0
[2026-04-19T22:10:31.261+0100][15.504s][info][gc,metaspace] GC(190) Metaspace: 247K(448K)->247K(448K) NonClass: 235K(320K)->235K(320K) Class: 12K(128K)->12K(128K)
[2026-04-19T22:10:31.261+0100][15.504s][info][gc          ] GC(190) Pause Young (Normal) (G1 Evacuation Pause) 117M->5M(189M) 0.629ms
[2026-04-19T22:10:31.261+0100][15.504s][info][gc,cpu      ] GC(190) User=0.00s Sys=0.00s Real=0.00s
[2026-04-19T22:10:31.342+0100][15.584s][info][gc,start    ] GC(191) Pause Young (Normal) (G1 Evacuation Pause)
[2026-04-19T22:10:31.342+0100][15.584s][info][gc,task     ] GC(191) Using 4 workers of 8 for evacuation
[2026-04-19T22:10:31.342+0100][15.585s][info][gc,phases   ] GC(191)   Pre Evacuate Collection Set: 0.1ms
[2026-04-19T22:10:31.342+0100][15.585s][info][gc,phases   ] GC(191)   Merge Heap Roots: 0.0ms
[2026-04-19T22:10:31.342+0100][15.585s][info][gc,phases   ] GC(191)   Evacuate Collection Set: 0.3ms
[2026-04-19T22:10:31.342+0100][15.585s][info][gc,phases   ] GC(191)   Post Evacuate Collection Set: 0.1ms
[2026-04-19T22:10:31.342+0100][15.585s][info][gc,phases   ] GC(191)   Other: 0.0ms
[2026-04-19T22:10:31.342+0100][15.585s][info][gc,heap     ] GC(191) Eden regions: 112->0(112)
[2026-04-19T22:10:31.342+0100][15.585s][info][gc,heap     ] GC(191) Survivor regions: 1->1(15)
[2026-04-19T22:10:31.342+0100][15.585s][info][gc,heap     ] GC(191) Old regions: 6->6
[2026-04-19T22:10:31.342+0100][15.585s][info][gc,heap     ] GC(191) Humongous regions: 0->0
[2026-04-19T22:10:31.342+0100][15.585s][info][gc,metaspace] GC(191) Metaspace: 247K(448K)->247K(448K) NonClass: 235K(320K)->235K(320K) Class: 12K(128K)->12K(128K)
[2026-04-19T22:10:31.342+0100][15.585s][info][gc          ] GC(191) Pause Young (Normal) (G1 Evacuation Pause) 117M->5M(189M) 0.637ms
[2026-04-19T22:10:31.342+0100][15.585s][info][gc,cpu      ] GC(191) User=0.00s Sys=0.00s Real=0.00s
[2026-04-19T22:10:31.427+0100][15.670s][info][gc,start    ] GC(192) Pause Young (Normal) (G1 Evacuation Pause)
[2026-04-19T22:10:31.427+0100][15.670s][info][gc,task     ] GC(192) Using 4 workers of 8 for evacuation
[2026-04-19T22:10:31.427+0100][15.670s][info][gc,phases   ] GC(192)   Pre Evacuate Collection Set: 0.1ms
[2026-04-19T22:10:31.427+0100][15.670s][info][gc,phases   ] GC(192)   Merge Heap Roots: 0.0ms
[2026-04-19T22:10:31.427+0100][15.670s][info][gc,phases   ] GC(192)   Evacuate Collection Set: 0.3ms
[2026-04-19T22:10:31.427+0100][15.670s][info][gc,phases   ] GC(192)   Post Evacuate Collection Set: 0.1ms
[2026-04-19T22:10:31.427+0100][15.670s][info][gc,phases   ] GC(192)   Other: 0.0ms
[2026-04-19T22:10:31.427+0100][15.670s][info][gc,heap     ] GC(192) Eden regions: 112->0(112)
[2026-04-19T22:10:31.427+0100][15.670s][info][gc,heap     ] GC(192) Survivor regions: 1->1(15)
[2026-04-19T22:10:31.427+0100][15.670s][info][gc,heap     ] GC(192) Old regions: 6->6
[2026-04-19T22:10:31.427+0100][15.670s][info][gc,heap     ] GC(192) Humongous regions: 0->0
[2026-04-19T22:10:31.427+0100][15.670s][info][gc,metaspace] GC(192) Metaspace: 247K(448K)->247K(448K) NonClass: 235K(320K)->235K(320K) Class: 12K(128K)->12K(128K)
[2026-04-19T22:10:31.427+0100][15.670s][info][gc          ] GC(192) Pause Young (Normal) (G1 Evacuation Pause) 117M->5M(189M) 0.637ms
[2026-04-19T22:10:31.427+0100][15.670s][info][gc,cpu      ] GC(192) User=0.00s Sys=0.00s Real=0.00s
[2026-04-19T22:10:31.508+0100][15.751s][info][gc,start    ] GC(193) Pause Young (Normal) (G1 Evacuation Pause)
[2026-04-19T22:10:31.508+0100][15.751s][info][gc,task     ] GC(193) Using 4 workers of 8 for evacuation
[2026-04-19T22:10:31.509+0100][15.751s][info][gc,phases   ] GC(193)   Pre Evacuate Collection Set: 0.1ms
[2026-04-19T22:10:31.509+0100][15.751s][info][gc,phases   ] GC(193)   Merge Heap Roots: 0.0ms
[2026-04-19T22:10:31.509+0100][15.751s][info][gc,phases   ] GC(193)   Evacuate Collection Set: 0.3ms
[2026-04-19T22:10:31.509+0100][15.751s][info][gc,phases   ] GC(193)   Post Evacuate Collection Set: 0.1ms
[2026-04-19T22:10:31.509+0100][15.751s][info][gc,phases   ] GC(193)   Other: 0.0ms
[2026-04-19T22:10:31.509+0100][15.751s][info][gc,heap     ] GC(193) Eden regions: 112->0(112)
[2026-04-19T22:10:31.509+0100][15.751s][info][gc,heap     ] GC(193) Survivor regions: 1->1(15)
[2026-04-19T22:10:31.509+0100][15.751s][info][gc,heap     ] GC(193) Old regions: 6->6
[2026-04-19T22:10:31.509+0100][15.751s][info][gc,heap     ] GC(193) Humongous regions: 0->0
[2026-04-19T22:10:31.509+0100][15.751s][info][gc,metaspace] GC(193) Metaspace: 247K(448K)->247K(448K) NonClass: 235K(320K)->235K(320K) Class: 12K(128K)->12K(128K)
[2026-04-19T22:10:31.509+0100][15.751s][info][gc          ] GC(193) Pause Young (Normal) (G1 Evacuation Pause) 117M->5M(189M) 0.608ms
[2026-04-19T22:10:31.509+0100][15.751s][info][gc,cpu      ] GC(193) User=0.00s Sys=0.00s Real=0.00s
[2026-04-19T22:10:31.589+0100][15.832s][info][gc,start    ] GC(194) Pause Young (Normal) (G1 Evacuation Pause)
[2026-04-19T22:10:31.589+0100][15.832s][info][gc,task     ] GC(194) Using 4 workers of 8 for evacuation
[2026-04-19T22:10:31.589+0100][15.832s][info][gc,phases   ] GC(194)   Pre Evacuate Collection Set: 0.1ms
[2026-04-19T22:10:31.589+0100][15.832s][info][gc,phases   ] GC(194)   Merge Heap Roots: 0.0ms
[2026-04-19T22:10:31.589+0100][15.832s][info][gc,phases   ] GC(194)   Evacuate Collection Set: 0.3ms
[2026-04-19T22:10:31.590+0100][15.832s][info][gc,phases   ] GC(194)   Post Evacuate Collection Set: 0.1ms
[2026-04-19T22:10:31.590+0100][15.832s][info][gc,phases   ] GC(194)   Other: 0.0ms
[2026-04-19T22:10:31.590+0100][15.832s][info][gc,heap     ] GC(194) Eden regions: 112->0(112)
[2026-04-19T22:10:31.590+0100][15.832s][info][gc,heap     ] GC(194) Survivor regions: 1->1(15)
[2026-04-19T22:10:31.590+0100][15.832s][info][gc,heap     ] GC(194) Old regions: 6->6
[2026-04-19T22:10:31.590+0100][15.832s][info][gc,heap     ] GC(194) Humongous regions: 0->0
[2026-04-19T22:10:31.590+0100][15.832s][info][gc,metaspace] GC(194) Metaspace: 247K(448K)->247K(448K) NonClass: 235K(320K)->235K(320K) Class: 12K(128K)->12K(128K)
[2026-04-19T22:10:31.590+0100][15.832s][info][gc          ] GC(194) Pause Young (Normal) (G1 Evacuation Pause) 117M->5M(189M) 0.624ms
[2026-04-19T22:10:31.590+0100][15.832s][info][gc,cpu      ] GC(194) User=0.00s Sys=0.00s Real=0.01s
[2026-04-19T22:10:31.670+0100][15.912s][info][gc,start    ] GC(195) Pause Young (Normal) (G1 Evacuation Pause)
[2026-04-19T22:10:31.670+0100][15.912s][info][gc,task     ] GC(195) Using 4 workers of 8 for evacuation
[2026-04-19T22:10:31.670+0100][15.913s][info][gc,phases   ] GC(195)   Pre Evacuate Collection Set: 0.1ms
[2026-04-19T22:10:31.670+0100][15.913s][info][gc,phases   ] GC(195)   Merge Heap Roots: 0.0ms
[2026-04-19T22:10:31.670+0100][15.913s][info][gc,phases   ] GC(195)   Evacuate Collection Set: 0.3ms
[2026-04-19T22:10:31.670+0100][15.913s][info][gc,phases   ] GC(195)   Post Evacuate Collection Set: 0.1ms
[2026-04-19T22:10:31.670+0100][15.913s][info][gc,phases   ] GC(195)   Other: 0.0ms
[2026-04-19T22:10:31.670+0100][15.913s][info][gc,heap     ] GC(195) Eden regions: 112->0(112)
[2026-04-19T22:10:31.670+0100][15.913s][info][gc,heap     ] GC(195) Survivor regions: 1->1(15)
[2026-04-19T22:10:31.670+0100][15.913s][info][gc,heap     ] GC(195) Old regions: 6->6
[2026-04-19T22:10:31.670+0100][15.913s][info][gc,heap     ] GC(195) Humongous regions: 0->0
[2026-04-19T22:10:31.670+0100][15.913s][info][gc,metaspace] GC(195) Metaspace: 247K(448K)->247K(448K) NonClass: 235K(320K)->235K(320K) Class: 12K(128K)->12K(128K)
[2026-04-19T22:10:31.670+0100][15.913s][info][gc          ] GC(195) Pause Young (Normal) (G1 Evacuation Pause) 117M->5M(189M) 0.638ms
[2026-04-19T22:10:31.670+0100][15.913s][info][gc,cpu      ] GC(195) User=0.00s Sys=0.01s Real=0.00s
[2026-04-19T22:10:31.751+0100][15.993s][info][gc,start    ] GC(196) Pause Young (Normal) (G1 Evacuation Pause)
[2026-04-19T22:10:31.751+0100][15.994s][info][gc,task     ] GC(196) Using 4 workers of 8 for evacuation
[2026-04-19T22:10:31.751+0100][15.994s][info][gc,phases   ] GC(196)   Pre Evacuate Collection Set: 0.1ms
[2026-04-19T22:10:31.751+0100][15.994s][info][gc,phases   ] GC(196)   Merge Heap Roots: 0.0ms
[2026-04-19T22:10:31.751+0100][15.994s][info][gc,phases   ] GC(196)   Evacuate Collection Set: 0.3ms
[2026-04-19T22:10:31.751+0100][15.994s][info][gc,phases   ] GC(196)   Post Evacuate Collection Set: 0.1ms
[2026-04-19T22:10:31.751+0100][15.994s][info][gc,phases   ] GC(196)   Other: 0.0ms
[2026-04-19T22:10:31.751+0100][15.994s][info][gc,heap     ] GC(196) Eden regions: 112->0(112)
[2026-04-19T22:10:31.751+0100][15.994s][info][gc,heap     ] GC(196) Survivor regions: 1->1(15)
[2026-04-19T22:10:31.751+0100][15.994s][info][gc,heap     ] GC(196) Old regions: 6->6
[2026-04-19T22:10:31.751+0100][15.994s][info][gc,heap     ] GC(196) Humongous regions: 0->0
[2026-04-19T22:10:31.751+0100][15.994s][info][gc,metaspace] GC(196) Metaspace: 247K(448K)->247K(448K) NonClass: 235K(320K)->235K(320K) Class: 12K(128K)->12K(128K)
[2026-04-19T22:10:31.751+0100][15.994s][info][gc          ] GC(196) Pause Young (Normal) (G1 Evacuation Pause) 117M->5M(189M) 0.582ms
[2026-04-19T22:10:31.751+0100][15.994s][info][gc,cpu      ] GC(196) User=0.01s Sys=0.00s Real=0.00s
[2026-04-19T22:10:31.832+0100][16.075s][info][gc,start    ] GC(197) Pause Young (Normal) (G1 Evacuation Pause)
[2026-04-19T22:10:31.832+0100][16.075s][info][gc,task     ] GC(197) Using 4 workers of 8 for evacuation
[2026-04-19T22:10:31.832+0100][16.075s][info][gc,phases   ] GC(197)   Pre Evacuate Collection Set: 0.1ms
[2026-04-19T22:10:31.832+0100][16.075s][info][gc,phases   ] GC(197)   Merge Heap Roots: 0.0ms
[2026-04-19T22:10:31.832+0100][16.075s][info][gc,phases   ] GC(197)   Evacuate Collection Set: 0.3ms
[2026-04-19T22:10:31.832+0100][16.075s][info][gc,phases   ] GC(197)   Post Evacuate Collection Set: 0.1ms
[2026-04-19T22:10:31.832+0100][16.075s][info][gc,phases   ] GC(197)   Other: 0.0ms
[2026-04-19T22:10:31.832+0100][16.075s][info][gc,heap     ] GC(197) Eden regions: 112->0(112)
[2026-04-19T22:10:31.833+0100][16.075s][info][gc,heap     ] GC(197) Survivor regions: 1->1(15)
[2026-04-19T22:10:31.833+0100][16.075s][info][gc,heap     ] GC(197) Old regions: 6->6
[2026-04-19T22:10:31.833+0100][16.075s][info][gc,heap     ] GC(197) Humongous regions: 0->0
[2026-04-19T22:10:31.833+0100][16.075s][info][gc,metaspace] GC(197) Metaspace: 247K(448K)->247K(448K) NonClass: 235K(320K)->235K(320K) Class: 12K(128K)->12K(128K)
[2026-04-19T22:10:31.833+0100][16.075s][info][gc          ] GC(197) Pause Young (Normal) (G1 Evacuation Pause) 117M->5M(189M) 0.620ms
[2026-04-19T22:10:31.833+0100][16.075s][info][gc,cpu      ] GC(197) User=0.00s Sys=0.00s Real=0.00s
[2026-04-19T22:10:31.913+0100][16.156s][info][gc,start    ] GC(198) Pause Young (Normal) (G1 Evacuation Pause)
[2026-04-19T22:10:31.913+0100][16.156s][info][gc,task     ] GC(198) Using 4 workers of 8 for evacuation
[2026-04-19T22:10:31.913+0100][16.156s][info][gc,phases   ] GC(198)   Pre Evacuate Collection Set: 0.1ms
[2026-04-19T22:10:31.913+0100][16.156s][info][gc,phases   ] GC(198)   Merge Heap Roots: 0.0ms
[2026-04-19T22:10:31.913+0100][16.156s][info][gc,phases   ] GC(198)   Evacuate Collection Set: 0.3ms
[2026-04-19T22:10:31.913+0100][16.156s][info][gc,phases   ] GC(198)   Post Evacuate Collection Set: 0.1ms
[2026-04-19T22:10:31.913+0100][16.156s][info][gc,phases   ] GC(198)   Other: 0.0ms
[2026-04-19T22:10:31.913+0100][16.156s][info][gc,heap     ] GC(198) Eden regions: 112->0(112)
[2026-04-19T22:10:31.913+0100][16.156s][info][gc,heap     ] GC(198) Survivor regions: 1->1(15)
[2026-04-19T22:10:31.913+0100][16.156s][info][gc,heap     ] GC(198) Old regions: 6->6
[2026-04-19T22:10:31.913+0100][16.156s][info][gc,heap     ] GC(198) Humongous regions: 0->0
[2026-04-19T22:10:31.913+0100][16.156s][info][gc,metaspace] GC(198) Metaspace: 247K(448K)->247K(448K) NonClass: 235K(320K)->235K(320K) Class: 12K(128K)->12K(128K)
[2026-04-19T22:10:31.914+0100][16.156s][info][gc          ] GC(198) Pause Young (Normal) (G1 Evacuation Pause) 117M->5M(189M) 0.607ms
[2026-04-19T22:10:31.914+0100][16.156s][info][gc,cpu      ] GC(198) User=0.00s Sys=0.00s Real=0.00s
[2026-04-19T22:10:31.993+0100][16.236s][info][gc,start    ] GC(199) Pause Young (Normal) (G1 Evacuation Pause)
[2026-04-19T22:10:31.993+0100][16.236s][info][gc,task     ] GC(199) Using 4 workers of 8 for evacuation
[2026-04-19T22:10:31.994+0100][16.237s][info][gc,phases   ] GC(199)   Pre Evacuate Collection Set: 0.1ms
[2026-04-19T22:10:31.994+0100][16.237s][info][gc,phases   ] GC(199)   Merge Heap Roots: 0.0ms
[2026-04-19T22:10:31.994+0100][16.237s][info][gc,phases   ] GC(199)   Evacuate Collection Set: 0.3ms
[2026-04-19T22:10:31.994+0100][16.237s][info][gc,phases   ] GC(199)   Post Evacuate Collection Set: 0.1ms
[2026-04-19T22:10:31.994+0100][16.237s][info][gc,phases   ] GC(199)   Other: 0.0ms
[2026-04-19T22:10:31.994+0100][16.237s][info][gc,heap     ] GC(199) Eden regions: 112->0(112)
[2026-04-19T22:10:31.994+0100][16.237s][info][gc,heap     ] GC(199) Survivor regions: 1->1(15)
[2026-04-19T22:10:31.994+0100][16.237s][info][gc,heap     ] GC(199) Old regions: 6->6
[2026-04-19T22:10:31.994+0100][16.237s][info][gc,heap     ] GC(199) Humongous regions: 0->0
[2026-04-19T22:10:31.994+0100][16.237s][info][gc,metaspace] GC(199) Metaspace: 247K(448K)->247K(448K) NonClass: 235K(320K)->235K(320K) Class: 12K(128K)->12K(128K)
[2026-04-19T22:10:31.994+0100][16.237s][info][gc          ] GC(199) Pause Young (Normal) (G1 Evacuation Pause) 117M->5M(189M) 0.551ms
[2026-04-19T22:10:31.994+0100][16.237s][info][gc,cpu      ] GC(199) User=0.00s Sys=0.00s Real=0.00s
[2026-04-19T22:10:32.075+0100][16.318s][info][gc,start    ] GC(200) Pause Young (Normal) (G1 Evacuation Pause)
[2026-04-19T22:10:32.075+0100][16.318s][info][gc,task     ] GC(200) Using 4 workers of 8 for evacuation
[2026-04-19T22:10:32.076+0100][16.319s][info][gc,phases   ] GC(200)   Pre Evacuate Collection Set: 0.1ms
[2026-04-19T22:10:32.076+0100][16.319s][info][gc,phases   ] GC(200)   Merge Heap Roots: 0.0ms
[2026-04-19T22:10:32.076+0100][16.319s][info][gc,phases   ] GC(200)   Evacuate Collection Set: 0.3ms
[2026-04-19T22:10:32.076+0100][16.319s][info][gc,phases   ] GC(200)   Post Evacuate Collection Set: 0.1ms
[2026-04-19T22:10:32.076+0100][16.319s][info][gc,phases   ] GC(200)   Other: 0.0ms
[2026-04-19T22:10:32.076+0100][16.319s][info][gc,heap     ] GC(200) Eden regions: 112->0(112)
[2026-04-19T22:10:32.076+0100][16.319s][info][gc,heap     ] GC(200) Survivor regions: 1->1(15)
[2026-04-19T22:10:32.076+0100][16.319s][info][gc,heap     ] GC(200) Old regions: 6->6
[2026-04-19T22:10:32.076+0100][16.319s][info][gc,heap     ] GC(200) Humongous regions: 0->0
[2026-04-19T22:10:32.076+0100][16.319s][info][gc,metaspace] GC(200) Metaspace: 247K(448K)->247K(448K) NonClass: 235K(320K)->235K(320K) Class: 12K(128K)->12K(128K)
[2026-04-19T22:10:32.076+0100][16.319s][info][gc          ] GC(200) Pause Young (Normal) (G1 Evacuation Pause) 117M->5M(189M) 0.637ms
[2026-04-19T22:10:32.076+0100][16.319s][info][gc,cpu      ] GC(200) User=0.00s Sys=0.00s Real=0.00s
[2026-04-19T22:10:32.157+0100][16.400s][info][gc,start    ] GC(201) Pause Young (Normal) (G1 Evacuation Pause)
[2026-04-19T22:10:32.157+0100][16.400s][info][gc,task     ] GC(201) Using 4 workers of 8 for evacuation
[2026-04-19T22:10:32.158+0100][16.400s][info][gc,phases   ] GC(201)   Pre Evacuate Collection Set: 0.0ms
[2026-04-19T22:10:32.158+0100][16.401s][info][gc,phases   ] GC(201)   Merge Heap Roots: 0.0ms
[2026-04-19T22:10:32.158+0100][16.401s][info][gc,phases   ] GC(201)   Evacuate Collection Set: 0.3ms
[2026-04-19T22:10:32.158+0100][16.401s][info][gc,phases   ] GC(201)   Post Evacuate Collection Set: 0.1ms
[2026-04-19T22:10:32.158+0100][16.401s][info][gc,phases   ] GC(201)   Other: 0.0ms
[2026-04-19T22:10:32.158+0100][16.401s][info][gc,heap     ] GC(201) Eden regions: 112->0(112)
[2026-04-19T22:10:32.158+0100][16.401s][info][gc,heap     ] GC(201) Survivor regions: 1->1(15)
[2026-04-19T22:10:32.158+0100][16.401s][info][gc,heap     ] GC(201) Old regions: 6->6
[2026-04-19T22:10:32.158+0100][16.401s][info][gc,heap     ] GC(201) Humongous regions: 0->0
[2026-04-19T22:10:32.158+0100][16.401s][info][gc,metaspace] GC(201) Metaspace: 247K(448K)->247K(448K) NonClass: 235K(320K)->235K(320K) Class: 12K(128K)->12K(128K)
[2026-04-19T22:10:32.158+0100][16.401s][info][gc          ] GC(201) Pause Young (Normal) (G1 Evacuation Pause) 117M->5M(189M) 0.603ms
[2026-04-19T22:10:32.158+0100][16.401s][info][gc,cpu      ] GC(201) User=0.01s Sys=0.00s Real=0.00s
[2026-04-19T22:10:32.238+0100][16.481s][info][gc,start    ] GC(202) Pause Young (Normal) (G1 Evacuation Pause)
[2026-04-19T22:10:32.238+0100][16.481s][info][gc,task     ] GC(202) Using 4 workers of 8 for evacuation
[2026-04-19T22:10:32.239+0100][16.481s][info][gc,phases   ] GC(202)   Pre Evacuate Collection Set: 0.1ms
[2026-04-19T22:10:32.239+0100][16.482s][info][gc,phases   ] GC(202)   Merge Heap Roots: 0.0ms
[2026-04-19T22:10:32.239+0100][16.482s][info][gc,phases   ] GC(202)   Evacuate Collection Set: 0.3ms
[2026-04-19T22:10:32.239+0100][16.482s][info][gc,phases   ] GC(202)   Post Evacuate Collection Set: 0.1ms
[2026-04-19T22:10:32.239+0100][16.482s][info][gc,phases   ] GC(202)   Other: 0.0ms
[2026-04-19T22:10:32.239+0100][16.482s][info][gc,heap     ] GC(202) Eden regions: 112->0(112)
[2026-04-19T22:10:32.239+0100][16.482s][info][gc,heap     ] GC(202) Survivor regions: 1->1(15)
[2026-04-19T22:10:32.239+0100][16.482s][info][gc,heap     ] GC(202) Old regions: 6->6
[2026-04-19T22:10:32.239+0100][16.482s][info][gc,heap     ] GC(202) Humongous regions: 0->0
[2026-04-19T22:10:32.239+0100][16.482s][info][gc,metaspace] GC(202) Metaspace: 247K(448K)->247K(448K) NonClass: 235K(320K)->235K(320K) Class: 12K(128K)->12K(128K)
[2026-04-19T22:10:32.239+0100][16.482s][info][gc          ] GC(202) Pause Young (Normal) (G1 Evacuation Pause) 117M->5M(189M) 0.638ms
[2026-04-19T22:10:32.239+0100][16.482s][info][gc,cpu      ] GC(202) User=0.00s Sys=0.00s Real=0.00s
[2026-04-19T22:10:32.321+0100][16.563s][info][gc,start    ] GC(203) Pause Young (Normal) (G1 Evacuation Pause)
[2026-04-19T22:10:32.321+0100][16.564s][info][gc,task     ] GC(203) Using 4 workers of 8 for evacuation
[2026-04-19T22:10:32.321+0100][16.564s][info][gc,phases   ] GC(203)   Pre Evacuate Collection Set: 0.1ms
[2026-04-19T22:10:32.321+0100][16.564s][info][gc,phases   ] GC(203)   Merge Heap Roots: 0.0ms
[2026-04-19T22:10:32.321+0100][16.564s][info][gc,phases   ] GC(203)   Evacuate Collection Set: 0.3ms
[2026-04-19T22:10:32.321+0100][16.564s][info][gc,phases   ] GC(203)   Post Evacuate Collection Set: 0.1ms
[2026-04-19T22:10:32.321+0100][16.564s][info][gc,phases   ] GC(203)   Other: 0.0ms
[2026-04-19T22:10:32.321+0100][16.564s][info][gc,heap     ] GC(203) Eden regions: 112->0(112)
[2026-04-19T22:10:32.321+0100][16.564s][info][gc,heap     ] GC(203) Survivor regions: 1->1(15)
[2026-04-19T22:10:32.321+0100][16.564s][info][gc,heap     ] GC(203) Old regions: 6->6
[2026-04-19T22:10:32.321+0100][16.564s][info][gc,heap     ] GC(203) Humongous regions: 0->0
[2026-04-19T22:10:32.321+0100][16.564s][info][gc,metaspace] GC(203) Metaspace: 247K(448K)->247K(448K) NonClass: 235K(320K)->235K(320K) Class: 12K(128K)->12K(128K)
[2026-04-19T22:10:32.321+0100][16.564s][info][gc          ] GC(203) Pause Young (Normal) (G1 Evacuation Pause) 117M->5M(189M) 0.645ms
[2026-04-19T22:10:32.321+0100][16.564s][info][gc,cpu      ] GC(203) User=0.00s Sys=0.00s Real=0.00s
[2026-04-19T22:10:32.402+0100][16.645s][info][gc,start    ] GC(204) Pause Young (Normal) (G1 Evacuation Pause)
[2026-04-19T22:10:32.402+0100][16.645s][info][gc,task     ] GC(204) Using 4 workers of 8 for evacuation
[2026-04-19T22:10:32.402+0100][16.645s][info][gc,phases   ] GC(204)   Pre Evacuate Collection Set: 0.1ms
[2026-04-19T22:10:32.402+0100][16.645s][info][gc,phases   ] GC(204)   Merge Heap Roots: 0.0ms
[2026-04-19T22:10:32.402+0100][16.645s][info][gc,phases   ] GC(204)   Evacuate Collection Set: 0.3ms
[2026-04-19T22:10:32.402+0100][16.645s][info][gc,phases   ] GC(204)   Post Evacuate Collection Set: 0.1ms
[2026-04-19T22:10:32.402+0100][16.645s][info][gc,phases   ] GC(204)   Other: 0.0ms
[2026-04-19T22:10:32.402+0100][16.645s][info][gc,heap     ] GC(204) Eden regions: 112->0(112)
[2026-04-19T22:10:32.402+0100][16.645s][info][gc,heap     ] GC(204) Survivor regions: 1->1(15)
[2026-04-19T22:10:32.402+0100][16.645s][info][gc,heap     ] GC(204) Old regions: 6->6
[2026-04-19T22:10:32.402+0100][16.645s][info][gc,heap     ] GC(204) Humongous regions: 0->0
[2026-04-19T22:10:32.402+0100][16.645s][info][gc,metaspace] GC(204) Metaspace: 247K(448K)->247K(448K) NonClass: 235K(320K)->235K(320K) Class: 12K(128K)->12K(128K)
[2026-04-19T22:10:32.402+0100][16.645s][info][gc          ] GC(204) Pause Young (Normal) (G1 Evacuation Pause) 117M->5M(189M) 0.618ms
[2026-04-19T22:10:32.402+0100][16.645s][info][gc,cpu      ] GC(204) User=0.00s Sys=0.00s Real=0.00s
[2026-04-19T22:10:32.483+0100][16.726s][info][gc,start    ] GC(205) Pause Young (Normal) (G1 Evacuation Pause)
[2026-04-19T22:10:32.483+0100][16.726s][info][gc,task     ] GC(205) Using 4 workers of 8 for evacuation
[2026-04-19T22:10:32.484+0100][16.727s][info][gc,phases   ] GC(205)   Pre Evacuate Collection Set: 0.0ms
[2026-04-19T22:10:32.484+0100][16.727s][info][gc,phases   ] GC(205)   Merge Heap Roots: 0.0ms
[2026-04-19T22:10:32.484+0100][16.727s][info][gc,phases   ] GC(205)   Evacuate Collection Set: 0.3ms
[2026-04-19T22:10:32.484+0100][16.727s][info][gc,phases   ] GC(205)   Post Evacuate Collection Set: 0.1ms
[2026-04-19T22:10:32.484+0100][16.727s][info][gc,phases   ] GC(205)   Other: 0.0ms
[2026-04-19T22:10:32.484+0100][16.727s][info][gc,heap     ] GC(205) Eden regions: 112->0(112)
[2026-04-19T22:10:32.484+0100][16.727s][info][gc,heap     ] GC(205) Survivor regions: 1->1(15)
[2026-04-19T22:10:32.484+0100][16.727s][info][gc,heap     ] GC(205) Old regions: 6->6
[2026-04-19T22:10:32.484+0100][16.727s][info][gc,heap     ] GC(205) Humongous regions: 0->0
[2026-04-19T22:10:32.484+0100][16.727s][info][gc,metaspace] GC(205) Metaspace: 247K(448K)->247K(448K) NonClass: 235K(320K)->235K(320K) Class: 12K(128K)->12K(128K)
[2026-04-19T22:10:32.484+0100][16.727s][info][gc          ] GC(205) Pause Young (Normal) (G1 Evacuation Pause) 117M->5M(189M) 0.571ms
[2026-04-19T22:10:32.484+0100][16.727s][info][gc,cpu      ] GC(205) User=0.00s Sys=0.00s Real=0.00s
[2026-04-19T22:10:32.564+0100][16.807s][info][gc,start    ] GC(206) Pause Young (Normal) (G1 Evacuation Pause)
[2026-04-19T22:10:32.565+0100][16.807s][info][gc,task     ] GC(206) Using 4 workers of 8 for evacuation
[2026-04-19T22:10:32.565+0100][16.808s][info][gc,phases   ] GC(206)   Pre Evacuate Collection Set: 0.1ms
[2026-04-19T22:10:32.565+0100][16.808s][info][gc,phases   ] GC(206)   Merge Heap Roots: 0.0ms
[2026-04-19T22:10:32.565+0100][16.808s][info][gc,phases   ] GC(206)   Evacuate Collection Set: 0.3ms
[2026-04-19T22:10:32.565+0100][16.808s][info][gc,phases   ] GC(206)   Post Evacuate Collection Set: 0.1ms
[2026-04-19T22:10:32.565+0100][16.808s][info][gc,phases   ] GC(206)   Other: 0.0ms
[2026-04-19T22:10:32.565+0100][16.808s][info][gc,heap     ] GC(206) Eden regions: 112->0(112)
[2026-04-19T22:10:32.565+0100][16.808s][info][gc,heap     ] GC(206) Survivor regions: 1->1(15)
[2026-04-19T22:10:32.565+0100][16.808s][info][gc,heap     ] GC(206) Old regions: 6->6
[2026-04-19T22:10:32.565+0100][16.808s][info][gc,heap     ] GC(206) Humongous regions: 0->0
[2026-04-19T22:10:32.565+0100][16.808s][info][gc,metaspace] GC(206) Metaspace: 247K(448K)->247K(448K) NonClass: 235K(320K)->235K(320K) Class: 12K(128K)->12K(128K)
[2026-04-19T22:10:32.565+0100][16.808s][info][gc          ] GC(206) Pause Young (Normal) (G1 Evacuation Pause) 117M->5M(189M) 0.583ms
[2026-04-19T22:10:32.565+0100][16.808s][info][gc,cpu      ] GC(206) User=0.01s Sys=0.00s Real=0.00s
[2026-04-19T22:10:32.646+0100][16.888s][info][gc,start    ] GC(207) Pause Young (Normal) (G1 Evacuation Pause)
[2026-04-19T22:10:32.646+0100][16.888s][info][gc,task     ] GC(207) Using 4 workers of 8 for evacuation
[2026-04-19T22:10:32.646+0100][16.889s][info][gc,phases   ] GC(207)   Pre Evacuate Collection Set: 0.1ms
[2026-04-19T22:10:32.646+0100][16.889s][info][gc,phases   ] GC(207)   Merge Heap Roots: 0.0ms
[2026-04-19T22:10:32.646+0100][16.889s][info][gc,phases   ] GC(207)   Evacuate Collection Set: 0.3ms
[2026-04-19T22:10:32.646+0100][16.889s][info][gc,phases   ] GC(207)   Post Evacuate Collection Set: 0.1ms
[2026-04-19T22:10:32.646+0100][16.889s][info][gc,phases   ] GC(207)   Other: 0.0ms
[2026-04-19T22:10:32.646+0100][16.889s][info][gc,heap     ] GC(207) Eden regions: 112->0(112)
[2026-04-19T22:10:32.646+0100][16.889s][info][gc,heap     ] GC(207) Survivor regions: 1->1(15)
[2026-04-19T22:10:32.646+0100][16.889s][info][gc,heap     ] GC(207) Old regions: 6->6
[2026-04-19T22:10:32.646+0100][16.889s][info][gc,heap     ] GC(207) Humongous regions: 0->0
[2026-04-19T22:10:32.646+0100][16.889s][info][gc,metaspace] GC(207) Metaspace: 247K(448K)->247K(448K) NonClass: 235K(320K)->235K(320K) Class: 12K(128K)->12K(128K)
[2026-04-19T22:10:32.646+0100][16.889s][info][gc          ] GC(207) Pause Young (Normal) (G1 Evacuation Pause) 117M->5M(189M) 0.617ms
[2026-04-19T22:10:32.646+0100][16.889s][info][gc,cpu      ] GC(207) User=0.00s Sys=0.00s Real=0.00s
[2026-04-19T22:10:32.726+0100][16.969s][info][gc,start    ] GC(208) Pause Young (Normal) (G1 Evacuation Pause)
[2026-04-19T22:10:32.726+0100][16.969s][info][gc,task     ] GC(208) Using 4 workers of 8 for evacuation
[2026-04-19T22:10:32.727+0100][16.970s][info][gc,phases   ] GC(208)   Pre Evacuate Collection Set: 0.1ms
[2026-04-19T22:10:32.727+0100][16.970s][info][gc,phases   ] GC(208)   Merge Heap Roots: 0.0ms
[2026-04-19T22:10:32.727+0100][16.970s][info][gc,phases   ] GC(208)   Evacuate Collection Set: 0.3ms
[2026-04-19T22:10:32.727+0100][16.970s][info][gc,phases   ] GC(208)   Post Evacuate Collection Set: 0.1ms
[2026-04-19T22:10:32.727+0100][16.970s][info][gc,phases   ] GC(208)   Other: 0.0ms
[2026-04-19T22:10:32.727+0100][16.970s][info][gc,heap     ] GC(208) Eden regions: 112->0(112)
[2026-04-19T22:10:32.727+0100][16.970s][info][gc,heap     ] GC(208) Survivor regions: 1->1(15)
[2026-04-19T22:10:32.727+0100][16.970s][info][gc,heap     ] GC(208) Old regions: 6->6
[2026-04-19T22:10:32.727+0100][16.970s][info][gc,heap     ] GC(208) Humongous regions: 0->0
[2026-04-19T22:10:32.727+0100][16.970s][info][gc,metaspace] GC(208) Metaspace: 247K(448K)->247K(448K) NonClass: 235K(320K)->235K(320K) Class: 12K(128K)->12K(128K)
[2026-04-19T22:10:32.727+0100][16.970s][info][gc          ] GC(208) Pause Young (Normal) (G1 Evacuation Pause) 117M->5M(189M) 0.615ms
[2026-04-19T22:10:32.727+0100][16.970s][info][gc,cpu      ] GC(208) User=0.00s Sys=0.00s Real=0.00s
[2026-04-19T22:10:32.807+0100][17.050s][info][gc,start    ] GC(209) Pause Young (Normal) (G1 Evacuation Pause)
[2026-04-19T22:10:32.807+0100][17.050s][info][gc,task     ] GC(209) Using 4 workers of 8 for evacuation
[2026-04-19T22:10:32.807+0100][17.050s][info][gc,phases   ] GC(209)   Pre Evacuate Collection Set: 0.1ms
[2026-04-19T22:10:32.807+0100][17.050s][info][gc,phases   ] GC(209)   Merge Heap Roots: 0.0ms
[2026-04-19T22:10:32.807+0100][17.050s][info][gc,phases   ] GC(209)   Evacuate Collection Set: 0.3ms
[2026-04-19T22:10:32.807+0100][17.050s][info][gc,phases   ] GC(209)   Post Evacuate Collection Set: 0.1ms
[2026-04-19T22:10:32.807+0100][17.050s][info][gc,phases   ] GC(209)   Other: 0.0ms
[2026-04-19T22:10:32.807+0100][17.050s][info][gc,heap     ] GC(209) Eden regions: 112->0(112)
[2026-04-19T22:10:32.807+0100][17.050s][info][gc,heap     ] GC(209) Survivor regions: 1->1(15)
[2026-04-19T22:10:32.807+0100][17.050s][info][gc,heap     ] GC(209) Old regions: 6->6
[2026-04-19T22:10:32.807+0100][17.050s][info][gc,heap     ] GC(209) Humongous regions: 0->0
[2026-04-19T22:10:32.807+0100][17.050s][info][gc,metaspace] GC(209) Metaspace: 247K(448K)->247K(448K) NonClass: 235K(320K)->235K(320K) Class: 12K(128K)->12K(128K)
[2026-04-19T22:10:32.807+0100][17.050s][info][gc          ] GC(209) Pause Young (Normal) (G1 Evacuation Pause) 117M->5M(189M) 0.603ms
[2026-04-19T22:10:32.807+0100][17.050s][info][gc,cpu      ] GC(209) User=0.00s Sys=0.00s Real=0.00s
[2026-04-19T22:10:32.888+0100][17.131s][info][gc,start    ] GC(210) Pause Young (Normal) (G1 Evacuation Pause)
[2026-04-19T22:10:32.888+0100][17.131s][info][gc,task     ] GC(210) Using 4 workers of 8 for evacuation
[2026-04-19T22:10:32.888+0100][17.131s][info][gc,phases   ] GC(210)   Pre Evacuate Collection Set: 0.1ms
[2026-04-19T22:10:32.888+0100][17.131s][info][gc,phases   ] GC(210)   Merge Heap Roots: 0.0ms
[2026-04-19T22:10:32.888+0100][17.131s][info][gc,phases   ] GC(210)   Evacuate Collection Set: 0.3ms
[2026-04-19T22:10:32.888+0100][17.131s][info][gc,phases   ] GC(210)   Post Evacuate Collection Set: 0.1ms
[2026-04-19T22:10:32.888+0100][17.131s][info][gc,phases   ] GC(210)   Other: 0.0ms
[2026-04-19T22:10:32.888+0100][17.131s][info][gc,heap     ] GC(210) Eden regions: 112->0(112)
[2026-04-19T22:10:32.888+0100][17.131s][info][gc,heap     ] GC(210) Survivor regions: 1->1(15)
[2026-04-19T22:10:32.888+0100][17.131s][info][gc,heap     ] GC(210) Old regions: 6->6
[2026-04-19T22:10:32.889+0100][17.131s][info][gc,heap     ] GC(210) Humongous regions: 0->0
[2026-04-19T22:10:32.889+0100][17.131s][info][gc,metaspace] GC(210) Metaspace: 247K(448K)->247K(448K) NonClass: 235K(320K)->235K(320K) Class: 12K(128K)->12K(128K)
[2026-04-19T22:10:32.889+0100][17.131s][info][gc          ] GC(210) Pause Young (Normal) (G1 Evacuation Pause) 117M->5M(189M) 0.571ms
[2026-04-19T22:10:32.889+0100][17.131s][info][gc,cpu      ] GC(210) User=0.00s Sys=0.00s Real=0.00s
[2026-04-19T22:10:32.969+0100][17.212s][info][gc,start    ] GC(211) Pause Young (Normal) (G1 Evacuation Pause)
[2026-04-19T22:10:32.969+0100][17.212s][info][gc,task     ] GC(211) Using 4 workers of 8 for evacuation
[2026-04-19T22:10:32.969+0100][17.212s][info][gc,phases   ] GC(211)   Pre Evacuate Collection Set: 0.0ms
[2026-04-19T22:10:32.969+0100][17.212s][info][gc,phases   ] GC(211)   Merge Heap Roots: 0.0ms
[2026-04-19T22:10:32.969+0100][17.212s][info][gc,phases   ] GC(211)   Evacuate Collection Set: 0.3ms
[2026-04-19T22:10:32.969+0100][17.212s][info][gc,phases   ] GC(211)   Post Evacuate Collection Set: 0.1ms
[2026-04-19T22:10:32.969+0100][17.212s][info][gc,phases   ] GC(211)   Other: 0.0ms
[2026-04-19T22:10:32.969+0100][17.212s][info][gc,heap     ] GC(211) Eden regions: 112->0(112)
[2026-04-19T22:10:32.969+0100][17.212s][info][gc,heap     ] GC(211) Survivor regions: 1->1(15)
[2026-04-19T22:10:32.969+0100][17.212s][info][gc,heap     ] GC(211) Old regions: 6->6
[2026-04-19T22:10:32.969+0100][17.212s][info][gc,heap     ] GC(211) Humongous regions: 0->0
[2026-04-19T22:10:32.969+0100][17.212s][info][gc,metaspace] GC(211) Metaspace: 247K(448K)->247K(448K) NonClass: 235K(320K)->235K(320K) Class: 12K(128K)->12K(128K)
[2026-04-19T22:10:32.969+0100][17.212s][info][gc          ] GC(211) Pause Young (Normal) (G1 Evacuation Pause) 117M->5M(189M) 0.603ms
[2026-04-19T22:10:32.969+0100][17.212s][info][gc,cpu      ] GC(211) User=0.00s Sys=0.00s Real=0.00s
[2026-04-19T22:10:33.049+0100][17.292s][info][gc,start    ] GC(212) Pause Young (Normal) (G1 Evacuation Pause)
[2026-04-19T22:10:33.050+0100][17.292s][info][gc,task     ] GC(212) Using 4 workers of 8 for evacuation
[2026-04-19T22:10:33.050+0100][17.293s][info][gc,phases   ] GC(212)   Pre Evacuate Collection Set: 0.1ms
[2026-04-19T22:10:33.050+0100][17.293s][info][gc,phases   ] GC(212)   Merge Heap Roots: 0.0ms
[2026-04-19T22:10:33.050+0100][17.293s][info][gc,phases   ] GC(212)   Evacuate Collection Set: 0.3ms
[2026-04-19T22:10:33.050+0100][17.293s][info][gc,phases   ] GC(212)   Post Evacuate Collection Set: 0.1ms
[2026-04-19T22:10:33.050+0100][17.293s][info][gc,phases   ] GC(212)   Other: 0.0ms
[2026-04-19T22:10:33.050+0100][17.293s][info][gc,heap     ] GC(212) Eden regions: 112->0(112)
[2026-04-19T22:10:33.050+0100][17.293s][info][gc,heap     ] GC(212) Survivor regions: 1->1(15)
[2026-04-19T22:10:33.050+0100][17.293s][info][gc,heap     ] GC(212) Old regions: 6->6
[2026-04-19T22:10:33.050+0100][17.293s][info][gc,heap     ] GC(212) Humongous regions: 0->0
[2026-04-19T22:10:33.050+0100][17.293s][info][gc,metaspace] GC(212) Metaspace: 247K(448K)->247K(448K) NonClass: 235K(320K)->235K(320K) Class: 12K(128K)->12K(128K)
[2026-04-19T22:10:33.050+0100][17.293s][info][gc          ] GC(212) Pause Young (Normal) (G1 Evacuation Pause) 117M->5M(189M) 0.614ms
[2026-04-19T22:10:33.050+0100][17.293s][info][gc,cpu      ] GC(212) User=0.00s Sys=0.00s Real=0.01s
[2026-04-19T22:10:33.131+0100][17.374s][info][gc,start    ] GC(213) Pause Young (Normal) (G1 Evacuation Pause)
[2026-04-19T22:10:33.131+0100][17.374s][info][gc,task     ] GC(213) Using 4 workers of 8 for evacuation
[2026-04-19T22:10:33.132+0100][17.374s][info][gc,phases   ] GC(213)   Pre Evacuate Collection Set: 0.1ms
[2026-04-19T22:10:33.132+0100][17.374s][info][gc,phases   ] GC(213)   Merge Heap Roots: 0.0ms
[2026-04-19T22:10:33.132+0100][17.374s][info][gc,phases   ] GC(213)   Evacuate Collection Set: 0.3ms
[2026-04-19T22:10:33.132+0100][17.374s][info][gc,phases   ] GC(213)   Post Evacuate Collection Set: 0.1ms
[2026-04-19T22:10:33.132+0100][17.374s][info][gc,phases   ] GC(213)   Other: 0.0ms
[2026-04-19T22:10:33.132+0100][17.374s][info][gc,heap     ] GC(213) Eden regions: 112->0(112)
[2026-04-19T22:10:33.132+0100][17.374s][info][gc,heap     ] GC(213) Survivor regions: 1->1(15)
[2026-04-19T22:10:33.132+0100][17.374s][info][gc,heap     ] GC(213) Old regions: 6->6
[2026-04-19T22:10:33.132+0100][17.374s][info][gc,heap     ] GC(213) Humongous regions: 0->0
[2026-04-19T22:10:33.132+0100][17.374s][info][gc,metaspace] GC(213) Metaspace: 247K(448K)->247K(448K) NonClass: 235K(320K)->235K(320K) Class: 12K(128K)->12K(128K)
[2026-04-19T22:10:33.132+0100][17.374s][info][gc          ] GC(213) Pause Young (Normal) (G1 Evacuation Pause) 117M->5M(189M) 0.665ms
[2026-04-19T22:10:33.132+0100][17.374s][info][gc,cpu      ] GC(213) User=0.01s Sys=0.00s Real=0.00s
[2026-04-19T22:10:33.213+0100][17.456s][info][gc,start    ] GC(214) Pause Young (Normal) (G1 Evacuation Pause)
[2026-04-19T22:10:33.213+0100][17.456s][info][gc,task     ] GC(214) Using 4 workers of 8 for evacuation
[2026-04-19T22:10:33.214+0100][17.457s][info][gc,phases   ] GC(214)   Pre Evacuate Collection Set: 0.1ms
[2026-04-19T22:10:33.214+0100][17.457s][info][gc,phases   ] GC(214)   Merge Heap Roots: 0.0ms
[2026-04-19T22:10:33.214+0100][17.457s][info][gc,phases   ] GC(214)   Evacuate Collection Set: 0.3ms
[2026-04-19T22:10:33.214+0100][17.457s][info][gc,phases   ] GC(214)   Post Evacuate Collection Set: 0.1ms
[2026-04-19T22:10:33.214+0100][17.457s][info][gc,phases   ] GC(214)   Other: 0.0ms
[2026-04-19T22:10:33.214+0100][17.457s][info][gc,heap     ] GC(214) Eden regions: 112->0(112)
[2026-04-19T22:10:33.214+0100][17.457s][info][gc,heap     ] GC(214) Survivor regions: 1->1(15)
[2026-04-19T22:10:33.214+0100][17.457s][info][gc,heap     ] GC(214) Old regions: 6->6
[2026-04-19T22:10:33.214+0100][17.457s][info][gc,heap     ] GC(214) Humongous regions: 0->0
[2026-04-19T22:10:33.214+0100][17.457s][info][gc,metaspace] GC(214) Metaspace: 247K(448K)->247K(448K) NonClass: 235K(320K)->235K(320K) Class: 12K(128K)->12K(128K)
[2026-04-19T22:10:33.214+0100][17.457s][info][gc          ] GC(214) Pause Young (Normal) (G1 Evacuation Pause) 117M->5M(189M) 0.691ms
[2026-04-19T22:10:33.214+0100][17.457s][info][gc,cpu      ] GC(214) User=0.00s Sys=0.00s Real=0.00s
[2026-04-19T22:10:33.294+0100][17.537s][info][gc,start    ] GC(215) Pause Young (Normal) (G1 Evacuation Pause)
[2026-04-19T22:10:33.295+0100][17.537s][info][gc,task     ] GC(215) Using 4 workers of 8 for evacuation
[2026-04-19T22:10:33.295+0100][17.538s][info][gc,phases   ] GC(215)   Pre Evacuate Collection Set: 0.1ms
[2026-04-19T22:10:33.295+0100][17.538s][info][gc,phases   ] GC(215)   Merge Heap Roots: 0.0ms
[2026-04-19T22:10:33.295+0100][17.538s][info][gc,phases   ] GC(215)   Evacuate Collection Set: 0.3ms
[2026-04-19T22:10:33.295+0100][17.538s][info][gc,phases   ] GC(215)   Post Evacuate Collection Set: 0.1ms
[2026-04-19T22:10:33.295+0100][17.538s][info][gc,phases   ] GC(215)   Other: 0.0ms
[2026-04-19T22:10:33.295+0100][17.538s][info][gc,heap     ] GC(215) Eden regions: 112->0(112)
[2026-04-19T22:10:33.295+0100][17.538s][info][gc,heap     ] GC(215) Survivor regions: 1->1(15)
[2026-04-19T22:10:33.295+0100][17.538s][info][gc,heap     ] GC(215) Old regions: 6->6
[2026-04-19T22:10:33.295+0100][17.538s][info][gc,heap     ] GC(215) Humongous regions: 0->0
[2026-04-19T22:10:33.295+0100][17.538s][info][gc,metaspace] GC(215) Metaspace: 247K(448K)->247K(448K) NonClass: 235K(320K)->235K(320K) Class: 12K(128K)->12K(128K)
[2026-04-19T22:10:33.295+0100][17.538s][info][gc          ] GC(215) Pause Young (Normal) (G1 Evacuation Pause) 117M->5M(189M) 0.701ms
[2026-04-19T22:10:33.295+0100][17.538s][info][gc,cpu      ] GC(215) User=0.00s Sys=0.00s Real=0.00s
[2026-04-19T22:10:33.376+0100][17.619s][info][gc,start    ] GC(216) Pause Young (Normal) (G1 Evacuation Pause)
[2026-04-19T22:10:33.376+0100][17.619s][info][gc,task     ] GC(216) Using 4 workers of 8 for evacuation
[2026-04-19T22:10:33.376+0100][17.619s][info][gc,phases   ] GC(216)   Pre Evacuate Collection Set: 0.1ms
[2026-04-19T22:10:33.376+0100][17.619s][info][gc,phases   ] GC(216)   Merge Heap Roots: 0.0ms
[2026-04-19T22:10:33.376+0100][17.619s][info][gc,phases   ] GC(216)   Evacuate Collection Set: 0.3ms
[2026-04-19T22:10:33.376+0100][17.619s][info][gc,phases   ] GC(216)   Post Evacuate Collection Set: 0.1ms
[2026-04-19T22:10:33.376+0100][17.619s][info][gc,phases   ] GC(216)   Other: 0.0ms
[2026-04-19T22:10:33.376+0100][17.619s][info][gc,heap     ] GC(216) Eden regions: 112->0(112)
[2026-04-19T22:10:33.376+0100][17.619s][info][gc,heap     ] GC(216) Survivor regions: 1->1(15)
[2026-04-19T22:10:33.376+0100][17.619s][info][gc,heap     ] GC(216) Old regions: 6->6
[2026-04-19T22:10:33.376+0100][17.619s][info][gc,heap     ] GC(216) Humongous regions: 0->0
[2026-04-19T22:10:33.376+0100][17.619s][info][gc,metaspace] GC(216) Metaspace: 247K(448K)->247K(448K) NonClass: 235K(320K)->235K(320K) Class: 12K(128K)->12K(128K)
[2026-04-19T22:10:33.376+0100][17.619s][info][gc          ] GC(216) Pause Young (Normal) (G1 Evacuation Pause) 117M->5M(189M) 0.586ms
[2026-04-19T22:10:33.376+0100][17.619s][info][gc,cpu      ] GC(216) User=0.00s Sys=0.00s Real=0.00s
[2026-04-19T22:10:33.457+0100][17.700s][info][gc,start    ] GC(217) Pause Young (Normal) (G1 Evacuation Pause)
[2026-04-19T22:10:33.457+0100][17.700s][info][gc,task     ] GC(217) Using 4 workers of 8 for evacuation
[2026-04-19T22:10:33.457+0100][17.700s][info][gc,phases   ] GC(217)   Pre Evacuate Collection Set: 0.1ms
[2026-04-19T22:10:33.457+0100][17.700s][info][gc,phases   ] GC(217)   Merge Heap Roots: 0.0ms
[2026-04-19T22:10:33.457+0100][17.700s][info][gc,phases   ] GC(217)   Evacuate Collection Set: 0.3ms
[2026-04-19T22:10:33.457+0100][17.700s][info][gc,phases   ] GC(217)   Post Evacuate Collection Set: 0.1ms
[2026-04-19T22:10:33.457+0100][17.700s][info][gc,phases   ] GC(217)   Other: 0.0ms
[2026-04-19T22:10:33.457+0100][17.700s][info][gc,heap     ] GC(217) Eden regions: 112->0(112)
[2026-04-19T22:10:33.457+0100][17.700s][info][gc,heap     ] GC(217) Survivor regions: 1->1(15)
[2026-04-19T22:10:33.457+0100][17.700s][info][gc,heap     ] GC(217) Old regions: 6->6
[2026-04-19T22:10:33.457+0100][17.700s][info][gc,heap     ] GC(217) Humongous regions: 0->0
[2026-04-19T22:10:33.457+0100][17.700s][info][gc,metaspace] GC(217) Metaspace: 247K(448K)->247K(448K) NonClass: 235K(320K)->235K(320K) Class: 12K(128K)->12K(128K)
[2026-04-19T22:10:33.457+0100][17.700s][info][gc          ] GC(217) Pause Young (Normal) (G1 Evacuation Pause) 117M->5M(189M) 0.574ms
[2026-04-19T22:10:33.457+0100][17.700s][info][gc,cpu      ] GC(217) User=0.00s Sys=0.00s Real=0.00s
[2026-04-19T22:10:33.538+0100][17.781s][info][gc,start    ] GC(218) Pause Young (Normal) (G1 Evacuation Pause)
[2026-04-19T22:10:33.538+0100][17.781s][info][gc,task     ] GC(218) Using 4 workers of 8 for evacuation
[2026-04-19T22:10:33.538+0100][17.781s][info][gc,phases   ] GC(218)   Pre Evacuate Collection Set: 0.1ms
[2026-04-19T22:10:33.538+0100][17.781s][info][gc,phases   ] GC(218)   Merge Heap Roots: 0.0ms
[2026-04-19T22:10:33.538+0100][17.781s][info][gc,phases   ] GC(218)   Evacuate Collection Set: 0.3ms
[2026-04-19T22:10:33.538+0100][17.781s][info][gc,phases   ] GC(218)   Post Evacuate Collection Set: 0.1ms
[2026-04-19T22:10:33.538+0100][17.781s][info][gc,phases   ] GC(218)   Other: 0.0ms
[2026-04-19T22:10:33.538+0100][17.781s][info][gc,heap     ] GC(218) Eden regions: 112->0(112)
[2026-04-19T22:10:33.538+0100][17.781s][info][gc,heap     ] GC(218) Survivor regions: 1->1(15)
[2026-04-19T22:10:33.538+0100][17.781s][info][gc,heap     ] GC(218) Old regions: 6->6
[2026-04-19T22:10:33.538+0100][17.781s][info][gc,heap     ] GC(218) Humongous regions: 0->0
[2026-04-19T22:10:33.538+0100][17.781s][info][gc,metaspace] GC(218) Metaspace: 247K(448K)->247K(448K) NonClass: 235K(320K)->235K(320K) Class: 12K(128K)->12K(128K)
[2026-04-19T22:10:33.538+0100][17.781s][info][gc          ] GC(218) Pause Young (Normal) (G1 Evacuation Pause) 117M->5M(189M) 0.610ms
[2026-04-19T22:10:33.538+0100][17.781s][info][gc,cpu      ] GC(218) User=0.01s Sys=0.00s Real=0.00s
[2026-04-19T22:10:33.619+0100][17.861s][info][gc,start    ] GC(219) Pause Young (Normal) (G1 Evacuation Pause)
[2026-04-19T22:10:33.619+0100][17.861s][info][gc,task     ] GC(219) Using 4 workers of 8 for evacuation
[2026-04-19T22:10:33.619+0100][17.862s][info][gc,phases   ] GC(219)   Pre Evacuate Collection Set: 0.1ms
[2026-04-19T22:10:33.619+0100][17.862s][info][gc,phases   ] GC(219)   Merge Heap Roots: 0.0ms
[2026-04-19T22:10:33.619+0100][17.862s][info][gc,phases   ] GC(219)   Evacuate Collection Set: 0.3ms
[2026-04-19T22:10:33.619+0100][17.862s][info][gc,phases   ] GC(219)   Post Evacuate Collection Set: 0.1ms
[2026-04-19T22:10:33.619+0100][17.862s][info][gc,phases   ] GC(219)   Other: 0.0ms
[2026-04-19T22:10:33.619+0100][17.862s][info][gc,heap     ] GC(219) Eden regions: 112->0(112)
[2026-04-19T22:10:33.619+0100][17.862s][info][gc,heap     ] GC(219) Survivor regions: 1->1(15)
[2026-04-19T22:10:33.619+0100][17.862s][info][gc,heap     ] GC(219) Old regions: 6->6
[2026-04-19T22:10:33.619+0100][17.862s][info][gc,heap     ] GC(219) Humongous regions: 0->0
[2026-04-19T22:10:33.619+0100][17.862s][info][gc,metaspace] GC(219) Metaspace: 247K(448K)->247K(448K) NonClass: 235K(320K)->235K(320K) Class: 12K(128K)->12K(128K)
[2026-04-19T22:10:33.619+0100][17.862s][info][gc          ] GC(219) Pause Young (Normal) (G1 Evacuation Pause) 117M->5M(189M) 0.683ms
[2026-04-19T22:10:33.619+0100][17.862s][info][gc,cpu      ] GC(219) User=0.00s Sys=0.00s Real=0.00s
[2026-04-19T22:10:33.699+0100][17.942s][info][gc,start    ] GC(220) Pause Young (Normal) (G1 Evacuation Pause)
[2026-04-19T22:10:33.699+0100][17.942s][info][gc,task     ] GC(220) Using 4 workers of 8 for evacuation
[2026-04-19T22:10:33.699+0100][17.942s][info][gc,phases   ] GC(220)   Pre Evacuate Collection Set: 0.1ms
[2026-04-19T22:10:33.699+0100][17.942s][info][gc,phases   ] GC(220)   Merge Heap Roots: 0.0ms
[2026-04-19T22:10:33.699+0100][17.942s][info][gc,phases   ] GC(220)   Evacuate Collection Set: 0.3ms
[2026-04-19T22:10:33.699+0100][17.942s][info][gc,phases   ] GC(220)   Post Evacuate Collection Set: 0.1ms
[2026-04-19T22:10:33.699+0100][17.942s][info][gc,phases   ] GC(220)   Other: 0.0ms
[2026-04-19T22:10:33.699+0100][17.942s][info][gc,heap     ] GC(220) Eden regions: 112->0(112)
[2026-04-19T22:10:33.699+0100][17.942s][info][gc,heap     ] GC(220) Survivor regions: 1->1(15)
[2026-04-19T22:10:33.699+0100][17.942s][info][gc,heap     ] GC(220) Old regions: 6->6
[2026-04-19T22:10:33.699+0100][17.942s][info][gc,heap     ] GC(220) Humongous regions: 0->0
[2026-04-19T22:10:33.699+0100][17.942s][info][gc,metaspace] GC(220) Metaspace: 247K(448K)->247K(448K) NonClass: 235K(320K)->235K(320K) Class: 12K(128K)->12K(128K)
[2026-04-19T22:10:33.699+0100][17.942s][info][gc          ] GC(220) Pause Young (Normal) (G1 Evacuation Pause) 117M->5M(189M) 0.583ms
[2026-04-19T22:10:33.699+0100][17.942s][info][gc,cpu      ] GC(220) User=0.00s Sys=0.00s Real=0.00s
[2026-04-19T22:10:33.780+0100][18.023s][info][gc,start    ] GC(221) Pause Young (Normal) (G1 Evacuation Pause)
[2026-04-19T22:10:33.780+0100][18.023s][info][gc,task     ] GC(221) Using 4 workers of 8 for evacuation
[2026-04-19T22:10:33.781+0100][18.023s][info][gc,phases   ] GC(221)   Pre Evacuate Collection Set: 0.1ms
[2026-04-19T22:10:33.781+0100][18.023s][info][gc,phases   ] GC(221)   Merge Heap Roots: 0.0ms
[2026-04-19T22:10:33.781+0100][18.023s][info][gc,phases   ] GC(221)   Evacuate Collection Set: 0.3ms
[2026-04-19T22:10:33.781+0100][18.023s][info][gc,phases   ] GC(221)   Post Evacuate Collection Set: 0.1ms
[2026-04-19T22:10:33.781+0100][18.023s][info][gc,phases   ] GC(221)   Other: 0.0ms
[2026-04-19T22:10:33.781+0100][18.023s][info][gc,heap     ] GC(221) Eden regions: 112->0(112)
[2026-04-19T22:10:33.781+0100][18.023s][info][gc,heap     ] GC(221) Survivor regions: 1->1(15)
[2026-04-19T22:10:33.781+0100][18.023s][info][gc,heap     ] GC(221) Old regions: 6->6
[2026-04-19T22:10:33.781+0100][18.023s][info][gc,heap     ] GC(221) Humongous regions: 0->0
[2026-04-19T22:10:33.781+0100][18.023s][info][gc,metaspace] GC(221) Metaspace: 247K(448K)->247K(448K) NonClass: 235K(320K)->235K(320K) Class: 12K(128K)->12K(128K)
[2026-04-19T22:10:33.781+0100][18.023s][info][gc          ] GC(221) Pause Young (Normal) (G1 Evacuation Pause) 117M->5M(189M) 0.614ms
[2026-04-19T22:10:33.781+0100][18.023s][info][gc,cpu      ] GC(221) User=0.00s Sys=0.00s Real=0.00s
[2026-04-19T22:10:33.861+0100][18.104s][info][gc,start    ] GC(222) Pause Young (Normal) (G1 Evacuation Pause)
[2026-04-19T22:10:33.861+0100][18.104s][info][gc,task     ] GC(222) Using 4 workers of 8 for evacuation
[2026-04-19T22:10:33.861+0100][18.104s][info][gc,phases   ] GC(222)   Pre Evacuate Collection Set: 0.1ms
[2026-04-19T22:10:33.861+0100][18.104s][info][gc,phases   ] GC(222)   Merge Heap Roots: 0.0ms
[2026-04-19T22:10:33.861+0100][18.104s][info][gc,phases   ] GC(222)   Evacuate Collection Set: 0.3ms
[2026-04-19T22:10:33.861+0100][18.104s][info][gc,phases   ] GC(222)   Post Evacuate Collection Set: 0.1ms
[2026-04-19T22:10:33.861+0100][18.104s][info][gc,phases   ] GC(222)   Other: 0.0ms
[2026-04-19T22:10:33.862+0100][18.104s][info][gc,heap     ] GC(222) Eden regions: 112->0(112)
[2026-04-19T22:10:33.862+0100][18.104s][info][gc,heap     ] GC(222) Survivor regions: 1->1(15)
[2026-04-19T22:10:33.862+0100][18.104s][info][gc,heap     ] GC(222) Old regions: 6->6
[2026-04-19T22:10:33.862+0100][18.104s][info][gc,heap     ] GC(222) Humongous regions: 0->0
[2026-04-19T22:10:33.862+0100][18.104s][info][gc,metaspace] GC(222) Metaspace: 247K(448K)->247K(448K) NonClass: 235K(320K)->235K(320K) Class: 12K(128K)->12K(128K)
[2026-04-19T22:10:33.862+0100][18.104s][info][gc          ] GC(222) Pause Young (Normal) (G1 Evacuation Pause) 117M->5M(189M) 0.630ms
[2026-04-19T22:10:33.862+0100][18.104s][info][gc,cpu      ] GC(222) User=0.00s Sys=0.00s Real=0.00s
[2026-04-19T22:10:33.942+0100][18.185s][info][gc,start    ] GC(223) Pause Young (Normal) (G1 Evacuation Pause)
[2026-04-19T22:10:33.942+0100][18.185s][info][gc,task     ] GC(223) Using 4 workers of 8 for evacuation
[2026-04-19T22:10:33.942+0100][18.185s][info][gc,phases   ] GC(223)   Pre Evacuate Collection Set: 0.1ms
[2026-04-19T22:10:33.942+0100][18.185s][info][gc,phases   ] GC(223)   Merge Heap Roots: 0.0ms
[2026-04-19T22:10:33.942+0100][18.185s][info][gc,phases   ] GC(223)   Evacuate Collection Set: 0.3ms
[2026-04-19T22:10:33.942+0100][18.185s][info][gc,phases   ] GC(223)   Post Evacuate Collection Set: 0.1ms
[2026-04-19T22:10:33.942+0100][18.185s][info][gc,phases   ] GC(223)   Other: 0.0ms
[2026-04-19T22:10:33.942+0100][18.185s][info][gc,heap     ] GC(223) Eden regions: 112->0(112)
[2026-04-19T22:10:33.942+0100][18.185s][info][gc,heap     ] GC(223) Survivor regions: 1->1(15)
[2026-04-19T22:10:33.942+0100][18.185s][info][gc,heap     ] GC(223) Old regions: 6->6
[2026-04-19T22:10:33.942+0100][18.185s][info][gc,heap     ] GC(223) Humongous regions: 0->0
[2026-04-19T22:10:33.942+0100][18.185s][info][gc,metaspace] GC(223) Metaspace: 247K(448K)->247K(448K) NonClass: 235K(320K)->235K(320K) Class: 12K(128K)->12K(128K)
[2026-04-19T22:10:33.942+0100][18.185s][info][gc          ] GC(223) Pause Young (Normal) (G1 Evacuation Pause) 117M->5M(189M) 0.630ms
[2026-04-19T22:10:33.942+0100][18.185s][info][gc,cpu      ] GC(223) User=0.00s Sys=0.00s Real=0.00s
[2026-04-19T22:10:34.023+0100][18.266s][info][gc,start    ] GC(224) Pause Young (Normal) (G1 Evacuation Pause)
[2026-04-19T22:10:34.023+0100][18.266s][info][gc,task     ] GC(224) Using 4 workers of 8 for evacuation
[2026-04-19T22:10:34.024+0100][18.267s][info][gc,phases   ] GC(224)   Pre Evacuate Collection Set: 0.1ms
[2026-04-19T22:10:34.024+0100][18.267s][info][gc,phases   ] GC(224)   Merge Heap Roots: 0.0ms
[2026-04-19T22:10:34.024+0100][18.267s][info][gc,phases   ] GC(224)   Evacuate Collection Set: 0.3ms
[2026-04-19T22:10:34.024+0100][18.267s][info][gc,phases   ] GC(224)   Post Evacuate Collection Set: 0.1ms
[2026-04-19T22:10:34.024+0100][18.267s][info][gc,phases   ] GC(224)   Other: 0.0ms
[2026-04-19T22:10:34.024+0100][18.267s][info][gc,heap     ] GC(224) Eden regions: 112->0(112)
[2026-04-19T22:10:34.024+0100][18.267s][info][gc,heap     ] GC(224) Survivor regions: 1->1(15)
[2026-04-19T22:10:34.024+0100][18.267s][info][gc,heap     ] GC(224) Old regions: 6->6
[2026-04-19T22:10:34.024+0100][18.267s][info][gc,heap     ] GC(224) Humongous regions: 0->0
[2026-04-19T22:10:34.024+0100][18.267s][info][gc,metaspace] GC(224) Metaspace: 247K(448K)->247K(448K) NonClass: 235K(320K)->235K(320K) Class: 12K(128K)->12K(128K)
[2026-04-19T22:10:34.024+0100][18.267s][info][gc          ] GC(224) Pause Young (Normal) (G1 Evacuation Pause) 117M->5M(189M) 0.624ms
[2026-04-19T22:10:34.024+0100][18.267s][info][gc,cpu      ] GC(224) User=0.01s Sys=0.00s Real=0.00s
[2026-04-19T22:10:34.105+0100][18.348s][info][gc,start    ] GC(225) Pause Young (Normal) (G1 Evacuation Pause)
[2026-04-19T22:10:34.105+0100][18.348s][info][gc,task     ] GC(225) Using 4 workers of 8 for evacuation
[2026-04-19T22:10:34.105+0100][18.348s][info][gc,phases   ] GC(225)   Pre Evacuate Collection Set: 0.1ms
[2026-04-19T22:10:34.105+0100][18.348s][info][gc,phases   ] GC(225)   Merge Heap Roots: 0.0ms
[2026-04-19T22:10:34.105+0100][18.348s][info][gc,phases   ] GC(225)   Evacuate Collection Set: 0.3ms
[2026-04-19T22:10:34.105+0100][18.348s][info][gc,phases   ] GC(225)   Post Evacuate Collection Set: 0.1ms
[2026-04-19T22:10:34.105+0100][18.348s][info][gc,phases   ] GC(225)   Other: 0.0ms
[2026-04-19T22:10:34.105+0100][18.348s][info][gc,heap     ] GC(225) Eden regions: 112->0(112)
[2026-04-19T22:10:34.105+0100][18.348s][info][gc,heap     ] GC(225) Survivor regions: 1->1(15)
[2026-04-19T22:10:34.105+0100][18.348s][info][gc,heap     ] GC(225) Old regions: 6->6
[2026-04-19T22:10:34.105+0100][18.348s][info][gc,heap     ] GC(225) Humongous regions: 0->0
[2026-04-19T22:10:34.105+0100][18.348s][info][gc,metaspace] GC(225) Metaspace: 247K(448K)->247K(448K) NonClass: 235K(320K)->235K(320K) Class: 12K(128K)->12K(128K)
[2026-04-19T22:10:34.105+0100][18.348s][info][gc          ] GC(225) Pause Young (Normal) (G1 Evacuation Pause) 117M->5M(189M) 0.653ms
[2026-04-19T22:10:34.105+0100][18.348s][info][gc,cpu      ] GC(225) User=0.00s Sys=0.00s Real=0.00s
[2026-04-19T22:10:34.186+0100][18.429s][info][gc,start    ] GC(226) Pause Young (Normal) (G1 Evacuation Pause)
[2026-04-19T22:10:34.186+0100][18.429s][info][gc,task     ] GC(226) Using 4 workers of 8 for evacuation
[2026-04-19T22:10:34.187+0100][18.429s][info][gc,phases   ] GC(226)   Pre Evacuate Collection Set: 0.1ms
[2026-04-19T22:10:34.187+0100][18.429s][info][gc,phases   ] GC(226)   Merge Heap Roots: 0.0ms
[2026-04-19T22:10:34.187+0100][18.429s][info][gc,phases   ] GC(226)   Evacuate Collection Set: 0.3ms
[2026-04-19T22:10:34.187+0100][18.429s][info][gc,phases   ] GC(226)   Post Evacuate Collection Set: 0.1ms
[2026-04-19T22:10:34.187+0100][18.429s][info][gc,phases   ] GC(226)   Other: 0.0ms
[2026-04-19T22:10:34.187+0100][18.429s][info][gc,heap     ] GC(226) Eden regions: 112->0(112)
[2026-04-19T22:10:34.187+0100][18.429s][info][gc,heap     ] GC(226) Survivor regions: 1->1(15)
[2026-04-19T22:10:34.187+0100][18.429s][info][gc,heap     ] GC(226) Old regions: 6->6
[2026-04-19T22:10:34.187+0100][18.429s][info][gc,heap     ] GC(226) Humongous regions: 0->0
[2026-04-19T22:10:34.187+0100][18.429s][info][gc,metaspace] GC(226) Metaspace: 247K(448K)->247K(448K) NonClass: 235K(320K)->235K(320K) Class: 12K(128K)->12K(128K)
[2026-04-19T22:10:34.187+0100][18.429s][info][gc          ] GC(226) Pause Young (Normal) (G1 Evacuation Pause) 117M->5M(189M) 0.610ms
[2026-04-19T22:10:34.187+0100][18.429s][info][gc,cpu      ] GC(226) User=0.00s Sys=0.01s Real=0.00s
[2026-04-19T22:10:34.266+0100][18.509s][info][gc,start    ] GC(227) Pause Young (Normal) (G1 Evacuation Pause)
[2026-04-19T22:10:34.266+0100][18.509s][info][gc,task     ] GC(227) Using 4 workers of 8 for evacuation
[2026-04-19T22:10:34.267+0100][18.510s][info][gc,phases   ] GC(227)   Pre Evacuate Collection Set: 0.1ms
[2026-04-19T22:10:34.267+0100][18.510s][info][gc,phases   ] GC(227)   Merge Heap Roots: 0.0ms
[2026-04-19T22:10:34.267+0100][18.510s][info][gc,phases   ] GC(227)   Evacuate Collection Set: 0.3ms
[2026-04-19T22:10:34.267+0100][18.510s][info][gc,phases   ] GC(227)   Post Evacuate Collection Set: 0.1ms
[2026-04-19T22:10:34.267+0100][18.510s][info][gc,phases   ] GC(227)   Other: 0.0ms
[2026-04-19T22:10:34.267+0100][18.510s][info][gc,heap     ] GC(227) Eden regions: 112->0(112)
[2026-04-19T22:10:34.267+0100][18.510s][info][gc,heap     ] GC(227) Survivor regions: 1->1(15)
[2026-04-19T22:10:34.267+0100][18.510s][info][gc,heap     ] GC(227) Old regions: 6->6
[2026-04-19T22:10:34.267+0100][18.510s][info][gc,heap     ] GC(227) Humongous regions: 0->0
[2026-04-19T22:10:34.267+0100][18.510s][info][gc,metaspace] GC(227) Metaspace: 247K(448K)->247K(448K) NonClass: 235K(320K)->235K(320K) Class: 12K(128K)->12K(128K)
[2026-04-19T22:10:34.267+0100][18.510s][info][gc          ] GC(227) Pause Young (Normal) (G1 Evacuation Pause) 117M->5M(189M) 0.620ms
[2026-04-19T22:10:34.267+0100][18.510s][info][gc,cpu      ] GC(227) User=0.00s Sys=0.00s Real=0.00s
[2026-04-19T22:10:34.347+0100][18.589s][info][gc,start    ] GC(228) Pause Young (Normal) (G1 Evacuation Pause)
[2026-04-19T22:10:34.347+0100][18.589s][info][gc,task     ] GC(228) Using 4 workers of 8 for evacuation
[2026-04-19T22:10:34.347+0100][18.590s][info][gc,phases   ] GC(228)   Pre Evacuate Collection Set: 0.1ms
[2026-04-19T22:10:34.347+0100][18.590s][info][gc,phases   ] GC(228)   Merge Heap Roots: 0.0ms
[2026-04-19T22:10:34.347+0100][18.590s][info][gc,phases   ] GC(228)   Evacuate Collection Set: 0.3ms
[2026-04-19T22:10:34.347+0100][18.590s][info][gc,phases   ] GC(228)   Post Evacuate Collection Set: 0.1ms
[2026-04-19T22:10:34.347+0100][18.590s][info][gc,phases   ] GC(228)   Other: 0.0ms
[2026-04-19T22:10:34.347+0100][18.590s][info][gc,heap     ] GC(228) Eden regions: 112->0(112)
[2026-04-19T22:10:34.347+0100][18.590s][info][gc,heap     ] GC(228) Survivor regions: 1->1(15)
[2026-04-19T22:10:34.347+0100][18.590s][info][gc,heap     ] GC(228) Old regions: 6->6
[2026-04-19T22:10:34.347+0100][18.590s][info][gc,heap     ] GC(228) Humongous regions: 0->0
[2026-04-19T22:10:34.347+0100][18.590s][info][gc,metaspace] GC(228) Metaspace: 247K(448K)->247K(448K) NonClass: 235K(320K)->235K(320K) Class: 12K(128K)->12K(128K)
[2026-04-19T22:10:34.347+0100][18.590s][info][gc          ] GC(228) Pause Young (Normal) (G1 Evacuation Pause) 117M->5M(189M) 0.587ms
[2026-04-19T22:10:34.347+0100][18.590s][info][gc,cpu      ] GC(228) User=0.00s Sys=0.00s Real=0.00s
[2026-04-19T22:10:34.427+0100][18.669s][info][gc,start    ] GC(229) Pause Young (Normal) (G1 Evacuation Pause)
[2026-04-19T22:10:34.427+0100][18.670s][info][gc,task     ] GC(229) Using 4 workers of 8 for evacuation
[2026-04-19T22:10:34.427+0100][18.670s][info][gc,phases   ] GC(229)   Pre Evacuate Collection Set: 0.1ms
[2026-04-19T22:10:34.427+0100][18.670s][info][gc,phases   ] GC(229)   Merge Heap Roots: 0.0ms
[2026-04-19T22:10:34.427+0100][18.670s][info][gc,phases   ] GC(229)   Evacuate Collection Set: 0.3ms
[2026-04-19T22:10:34.427+0100][18.670s][info][gc,phases   ] GC(229)   Post Evacuate Collection Set: 0.1ms
[2026-04-19T22:10:34.427+0100][18.670s][info][gc,phases   ] GC(229)   Other: 0.0ms
[2026-04-19T22:10:34.427+0100][18.670s][info][gc,heap     ] GC(229) Eden regions: 112->0(112)
[2026-04-19T22:10:34.427+0100][18.670s][info][gc,heap     ] GC(229) Survivor regions: 1->1(15)
[2026-04-19T22:10:34.427+0100][18.670s][info][gc,heap     ] GC(229) Old regions: 6->6
[2026-04-19T22:10:34.427+0100][18.670s][info][gc,heap     ] GC(229) Humongous regions: 0->0
[2026-04-19T22:10:34.427+0100][18.670s][info][gc,metaspace] GC(229) Metaspace: 247K(448K)->247K(448K) NonClass: 235K(320K)->235K(320K) Class: 12K(128K)->12K(128K)
[2026-04-19T22:10:34.427+0100][18.670s][info][gc          ] GC(229) Pause Young (Normal) (G1 Evacuation Pause) 117M->5M(189M) 0.626ms
[2026-04-19T22:10:34.427+0100][18.670s][info][gc,cpu      ] GC(229) User=0.00s Sys=0.00s Real=0.00s
[2026-04-19T22:10:34.508+0100][18.751s][info][gc,start    ] GC(230) Pause Young (Normal) (G1 Evacuation Pause)
[2026-04-19T22:10:34.508+0100][18.751s][info][gc,task     ] GC(230) Using 4 workers of 8 for evacuation
[2026-04-19T22:10:34.509+0100][18.751s][info][gc,phases   ] GC(230)   Pre Evacuate Collection Set: 0.0ms
[2026-04-19T22:10:34.509+0100][18.751s][info][gc,phases   ] GC(230)   Merge Heap Roots: 0.0ms
[2026-04-19T22:10:34.509+0100][18.751s][info][gc,phases   ] GC(230)   Evacuate Collection Set: 0.4ms
[2026-04-19T22:10:34.509+0100][18.751s][info][gc,phases   ] GC(230)   Post Evacuate Collection Set: 0.1ms
[2026-04-19T22:10:34.509+0100][18.751s][info][gc,phases   ] GC(230)   Other: 0.0ms
[2026-04-19T22:10:34.509+0100][18.751s][info][gc,heap     ] GC(230) Eden regions: 112->0(112)
[2026-04-19T22:10:34.509+0100][18.751s][info][gc,heap     ] GC(230) Survivor regions: 1->1(15)
[2026-04-19T22:10:34.509+0100][18.751s][info][gc,heap     ] GC(230) Old regions: 6->6
[2026-04-19T22:10:34.509+0100][18.751s][info][gc,heap     ] GC(230) Humongous regions: 0->0
[2026-04-19T22:10:34.509+0100][18.751s][info][gc,metaspace] GC(230) Metaspace: 247K(448K)->247K(448K) NonClass: 235K(320K)->235K(320K) Class: 12K(128K)->12K(128K)
[2026-04-19T22:10:34.509+0100][18.751s][info][gc          ] GC(230) Pause Young (Normal) (G1 Evacuation Pause) 117M->5M(189M) 0.653ms
[2026-04-19T22:10:34.509+0100][18.751s][info][gc,cpu      ] GC(230) User=0.00s Sys=0.00s Real=0.00s
[2026-04-19T22:10:34.589+0100][18.832s][info][gc,start    ] GC(231) Pause Young (Normal) (G1 Evacuation Pause)
[2026-04-19T22:10:34.589+0100][18.832s][info][gc,task     ] GC(231) Using 4 workers of 8 for evacuation
[2026-04-19T22:10:34.590+0100][18.832s][info][gc,phases   ] GC(231)   Pre Evacuate Collection Set: 0.1ms
[2026-04-19T22:10:34.590+0100][18.832s][info][gc,phases   ] GC(231)   Merge Heap Roots: 0.0ms
[2026-04-19T22:10:34.590+0100][18.832s][info][gc,phases   ] GC(231)   Evacuate Collection Set: 0.3ms
[2026-04-19T22:10:34.590+0100][18.832s][info][gc,phases   ] GC(231)   Post Evacuate Collection Set: 0.1ms
[2026-04-19T22:10:34.590+0100][18.832s][info][gc,phases   ] GC(231)   Other: 0.0ms
[2026-04-19T22:10:34.590+0100][18.832s][info][gc,heap     ] GC(231) Eden regions: 112->0(112)
[2026-04-19T22:10:34.590+0100][18.832s][info][gc,heap     ] GC(231) Survivor regions: 1->1(15)
[2026-04-19T22:10:34.590+0100][18.832s][info][gc,heap     ] GC(231) Old regions: 6->6
[2026-04-19T22:10:34.590+0100][18.832s][info][gc,heap     ] GC(231) Humongous regions: 0->0
[2026-04-19T22:10:34.590+0100][18.832s][info][gc,metaspace] GC(231) Metaspace: 247K(448K)->247K(448K) NonClass: 235K(320K)->235K(320K) Class: 12K(128K)->12K(128K)
[2026-04-19T22:10:34.590+0100][18.832s][info][gc          ] GC(231) Pause Young (Normal) (G1 Evacuation Pause) 117M->5M(189M) 0.602ms
[2026-04-19T22:10:34.590+0100][18.832s][info][gc,cpu      ] GC(231) User=0.00s Sys=0.00s Real=0.01s
[2026-04-19T22:10:34.670+0100][18.913s][info][gc,start    ] GC(232) Pause Young (Normal) (G1 Evacuation Pause)
[2026-04-19T22:10:34.670+0100][18.913s][info][gc,task     ] GC(232) Using 4 workers of 8 for evacuation
[2026-04-19T22:10:34.670+0100][18.913s][info][gc,phases   ] GC(232)   Pre Evacuate Collection Set: 0.1ms
[2026-04-19T22:10:34.671+0100][18.913s][info][gc,phases   ] GC(232)   Merge Heap Roots: 0.0ms
[2026-04-19T22:10:34.671+0100][18.913s][info][gc,phases   ] GC(232)   Evacuate Collection Set: 0.3ms
[2026-04-19T22:10:34.671+0100][18.913s][info][gc,phases   ] GC(232)   Post Evacuate Collection Set: 0.1ms
[2026-04-19T22:10:34.671+0100][18.913s][info][gc,phases   ] GC(232)   Other: 0.0ms
[2026-04-19T22:10:34.671+0100][18.913s][info][gc,heap     ] GC(232) Eden regions: 112->0(112)
[2026-04-19T22:10:34.671+0100][18.913s][info][gc,heap     ] GC(232) Survivor regions: 1->1(15)
[2026-04-19T22:10:34.671+0100][18.913s][info][gc,heap     ] GC(232) Old regions: 6->6
[2026-04-19T22:10:34.671+0100][18.913s][info][gc,heap     ] GC(232) Humongous regions: 0->0
[2026-04-19T22:10:34.671+0100][18.913s][info][gc,metaspace] GC(232) Metaspace: 247K(448K)->247K(448K) NonClass: 235K(320K)->235K(320K) Class: 12K(128K)->12K(128K)
[2026-04-19T22:10:34.671+0100][18.913s][info][gc          ] GC(232) Pause Young (Normal) (G1 Evacuation Pause) 117M->5M(189M) 0.587ms
[2026-04-19T22:10:34.671+0100][18.913s][info][gc,cpu      ] GC(232) User=0.01s Sys=0.00s Real=0.00s
[2026-04-19T22:10:34.751+0100][18.994s][info][gc,start    ] GC(233) Pause Young (Normal) (G1 Evacuation Pause)
[2026-04-19T22:10:34.751+0100][18.994s][info][gc,task     ] GC(233) Using 4 workers of 8 for evacuation
[2026-04-19T22:10:34.752+0100][18.994s][info][gc,phases   ] GC(233)   Pre Evacuate Collection Set: 0.1ms
[2026-04-19T22:10:34.752+0100][18.994s][info][gc,phases   ] GC(233)   Merge Heap Roots: 0.0ms
[2026-04-19T22:10:34.752+0100][18.994s][info][gc,phases   ] GC(233)   Evacuate Collection Set: 0.3ms
[2026-04-19T22:10:34.752+0100][18.994s][info][gc,phases   ] GC(233)   Post Evacuate Collection Set: 0.1ms
[2026-04-19T22:10:34.752+0100][18.994s][info][gc,phases   ] GC(233)   Other: 0.0ms
[2026-04-19T22:10:34.752+0100][18.994s][info][gc,heap     ] GC(233) Eden regions: 112->0(112)
[2026-04-19T22:10:34.752+0100][18.994s][info][gc,heap     ] GC(233) Survivor regions: 1->1(15)
[2026-04-19T22:10:34.752+0100][18.994s][info][gc,heap     ] GC(233) Old regions: 6->6
[2026-04-19T22:10:34.752+0100][18.994s][info][gc,heap     ] GC(233) Humongous regions: 0->0
[2026-04-19T22:10:34.752+0100][18.994s][info][gc,metaspace] GC(233) Metaspace: 247K(448K)->247K(448K) NonClass: 235K(320K)->235K(320K) Class: 12K(128K)->12K(128K)
[2026-04-19T22:10:34.752+0100][18.994s][info][gc          ] GC(233) Pause Young (Normal) (G1 Evacuation Pause) 117M->5M(189M) 0.634ms
[2026-04-19T22:10:34.752+0100][18.994s][info][gc,cpu      ] GC(233) User=0.00s Sys=0.00s Real=0.00s
[2026-04-19T22:10:34.832+0100][19.075s][info][gc,start    ] GC(234) Pause Young (Normal) (G1 Evacuation Pause)
[2026-04-19T22:10:34.832+0100][19.075s][info][gc,task     ] GC(234) Using 4 workers of 8 for evacuation
[2026-04-19T22:10:34.833+0100][19.076s][info][gc,phases   ] GC(234)   Pre Evacuate Collection Set: 0.1ms
[2026-04-19T22:10:34.833+0100][19.076s][info][gc,phases   ] GC(234)   Merge Heap Roots: 0.0ms
[2026-04-19T22:10:34.833+0100][19.076s][info][gc,phases   ] GC(234)   Evacuate Collection Set: 0.3ms
[2026-04-19T22:10:34.833+0100][19.076s][info][gc,phases   ] GC(234)   Post Evacuate Collection Set: 0.1ms
[2026-04-19T22:10:34.833+0100][19.076s][info][gc,phases   ] GC(234)   Other: 0.0ms
[2026-04-19T22:10:34.833+0100][19.076s][info][gc,heap     ] GC(234) Eden regions: 112->0(112)
[2026-04-19T22:10:34.833+0100][19.076s][info][gc,heap     ] GC(234) Survivor regions: 1->1(15)
[2026-04-19T22:10:34.833+0100][19.076s][info][gc,heap     ] GC(234) Old regions: 6->6
[2026-04-19T22:10:34.833+0100][19.076s][info][gc,heap     ] GC(234) Humongous regions: 0->0
[2026-04-19T22:10:34.833+0100][19.076s][info][gc,metaspace] GC(234) Metaspace: 247K(448K)->247K(448K) NonClass: 235K(320K)->235K(320K) Class: 12K(128K)->12K(128K)
[2026-04-19T22:10:34.833+0100][19.076s][info][gc          ] GC(234) Pause Young (Normal) (G1 Evacuation Pause) 117M->5M(189M) 0.612ms
[2026-04-19T22:10:34.833+0100][19.076s][info][gc,cpu      ] GC(234) User=0.00s Sys=0.00s Real=0.00s
[2026-04-19T22:10:34.914+0100][19.156s][info][gc,start    ] GC(235) Pause Young (Normal) (G1 Evacuation Pause)
[2026-04-19T22:10:34.914+0100][19.156s][info][gc,task     ] GC(235) Using 4 workers of 8 for evacuation
[2026-04-19T22:10:34.914+0100][19.157s][info][gc,phases   ] GC(235)   Pre Evacuate Collection Set: 0.1ms
[2026-04-19T22:10:34.914+0100][19.157s][info][gc,phases   ] GC(235)   Merge Heap Roots: 0.0ms
[2026-04-19T22:10:34.914+0100][19.157s][info][gc,phases   ] GC(235)   Evacuate Collection Set: 0.3ms
[2026-04-19T22:10:34.914+0100][19.157s][info][gc,phases   ] GC(235)   Post Evacuate Collection Set: 0.1ms
[2026-04-19T22:10:34.914+0100][19.157s][info][gc,phases   ] GC(235)   Other: 0.0ms
[2026-04-19T22:10:34.914+0100][19.157s][info][gc,heap     ] GC(235) Eden regions: 112->0(112)
[2026-04-19T22:10:34.914+0100][19.157s][info][gc,heap     ] GC(235) Survivor regions: 1->1(15)
[2026-04-19T22:10:34.914+0100][19.157s][info][gc,heap     ] GC(235) Old regions: 6->6
[2026-04-19T22:10:34.914+0100][19.157s][info][gc,heap     ] GC(235) Humongous regions: 0->0
[2026-04-19T22:10:34.914+0100][19.157s][info][gc,metaspace] GC(235) Metaspace: 247K(448K)->247K(448K) NonClass: 235K(320K)->235K(320K) Class: 12K(128K)->12K(128K)
[2026-04-19T22:10:34.914+0100][19.157s][info][gc          ] GC(235) Pause Young (Normal) (G1 Evacuation Pause) 117M->5M(189M) 0.600ms
[2026-04-19T22:10:34.914+0100][19.157s][info][gc,cpu      ] GC(235) User=0.00s Sys=0.00s Real=0.00s
[2026-04-19T22:10:34.994+0100][19.237s][info][gc,start    ] GC(236) Pause Young (Normal) (G1 Evacuation Pause)
[2026-04-19T22:10:34.994+0100][19.237s][info][gc,task     ] GC(236) Using 4 workers of 8 for evacuation
[2026-04-19T22:10:34.995+0100][19.237s][info][gc,phases   ] GC(236)   Pre Evacuate Collection Set: 0.1ms
[2026-04-19T22:10:34.995+0100][19.237s][info][gc,phases   ] GC(236)   Merge Heap Roots: 0.0ms
[2026-04-19T22:10:34.995+0100][19.237s][info][gc,phases   ] GC(236)   Evacuate Collection Set: 0.3ms
[2026-04-19T22:10:34.995+0100][19.237s][info][gc,phases   ] GC(236)   Post Evacuate Collection Set: 0.1ms
[2026-04-19T22:10:34.995+0100][19.238s][info][gc,phases   ] GC(236)   Other: 0.0ms
[2026-04-19T22:10:34.995+0100][19.238s][info][gc,heap     ] GC(236) Eden regions: 112->0(112)
[2026-04-19T22:10:34.995+0100][19.238s][info][gc,heap     ] GC(236) Survivor regions: 1->1(15)
[2026-04-19T22:10:34.995+0100][19.238s][info][gc,heap     ] GC(236) Old regions: 6->6
[2026-04-19T22:10:34.995+0100][19.238s][info][gc,heap     ] GC(236) Humongous regions: 0->0
[2026-04-19T22:10:34.995+0100][19.238s][info][gc,metaspace] GC(236) Metaspace: 247K(448K)->247K(448K) NonClass: 235K(320K)->235K(320K) Class: 12K(128K)->12K(128K)
[2026-04-19T22:10:34.995+0100][19.238s][info][gc          ] GC(236) Pause Young (Normal) (G1 Evacuation Pause) 117M->5M(189M) 0.630ms
[2026-04-19T22:10:34.995+0100][19.238s][info][gc,cpu      ] GC(236) User=0.00s Sys=0.00s Real=0.00s
[2026-04-19T22:10:35.076+0100][19.319s][info][gc,start    ] GC(237) Pause Young (Normal) (G1 Evacuation Pause)
[2026-04-19T22:10:35.077+0100][19.319s][info][gc,task     ] GC(237) Using 4 workers of 8 for evacuation
[2026-04-19T22:10:35.077+0100][19.320s][info][gc,phases   ] GC(237)   Pre Evacuate Collection Set: 0.1ms
[2026-04-19T22:10:35.077+0100][19.320s][info][gc,phases   ] GC(237)   Merge Heap Roots: 0.0ms
[2026-04-19T22:10:35.077+0100][19.320s][info][gc,phases   ] GC(237)   Evacuate Collection Set: 0.3ms
[2026-04-19T22:10:35.077+0100][19.320s][info][gc,phases   ] GC(237)   Post Evacuate Collection Set: 0.1ms
[2026-04-19T22:10:35.077+0100][19.320s][info][gc,phases   ] GC(237)   Other: 0.0ms
[2026-04-19T22:10:35.077+0100][19.320s][info][gc,heap     ] GC(237) Eden regions: 112->0(112)
[2026-04-19T22:10:35.077+0100][19.320s][info][gc,heap     ] GC(237) Survivor regions: 1->1(15)
[2026-04-19T22:10:35.077+0100][19.320s][info][gc,heap     ] GC(237) Old regions: 6->6
[2026-04-19T22:10:35.077+0100][19.320s][info][gc,heap     ] GC(237) Humongous regions: 0->0
[2026-04-19T22:10:35.077+0100][19.320s][info][gc,metaspace] GC(237) Metaspace: 247K(448K)->247K(448K) NonClass: 235K(320K)->235K(320K) Class: 12K(128K)->12K(128K)
[2026-04-19T22:10:35.077+0100][19.320s][info][gc          ] GC(237) Pause Young (Normal) (G1 Evacuation Pause) 117M->5M(189M) 0.646ms
[2026-04-19T22:10:35.077+0100][19.320s][info][gc,cpu      ] GC(237) User=0.01s Sys=0.00s Real=0.00s
[2026-04-19T22:10:35.158+0100][19.401s][info][gc,start    ] GC(238) Pause Young (Normal) (G1 Evacuation Pause)
[2026-04-19T22:10:35.158+0100][19.401s][info][gc,task     ] GC(238) Using 4 workers of 8 for evacuation
[2026-04-19T22:10:35.158+0100][19.401s][info][gc,phases   ] GC(238)   Pre Evacuate Collection Set: 0.1ms
[2026-04-19T22:10:35.158+0100][19.401s][info][gc,phases   ] GC(238)   Merge Heap Roots: 0.0ms
[2026-04-19T22:10:35.158+0100][19.401s][info][gc,phases   ] GC(238)   Evacuate Collection Set: 0.3ms
[2026-04-19T22:10:35.158+0100][19.401s][info][gc,phases   ] GC(238)   Post Evacuate Collection Set: 0.1ms
[2026-04-19T22:10:35.158+0100][19.401s][info][gc,phases   ] GC(238)   Other: 0.0ms
[2026-04-19T22:10:35.158+0100][19.401s][info][gc,heap     ] GC(238) Eden regions: 112->0(112)
[2026-04-19T22:10:35.158+0100][19.401s][info][gc,heap     ] GC(238) Survivor regions: 1->1(15)
[2026-04-19T22:10:35.158+0100][19.401s][info][gc,heap     ] GC(238) Old regions: 6->6
[2026-04-19T22:10:35.158+0100][19.401s][info][gc,heap     ] GC(238) Humongous regions: 0->0
[2026-04-19T22:10:35.158+0100][19.401s][info][gc,metaspace] GC(238) Metaspace: 247K(448K)->247K(448K) NonClass: 235K(320K)->235K(320K) Class: 12K(128K)->12K(128K)
[2026-04-19T22:10:35.158+0100][19.401s][info][gc          ] GC(238) Pause Young (Normal) (G1 Evacuation Pause) 117M->5M(189M) 0.657ms
[2026-04-19T22:10:35.158+0100][19.401s][info][gc,cpu      ] GC(238) User=0.00s Sys=0.00s Real=0.00s
[2026-04-19T22:10:35.240+0100][19.482s][info][gc,start    ] GC(239) Pause Young (Normal) (G1 Evacuation Pause)
[2026-04-19T22:10:35.240+0100][19.482s][info][gc,task     ] GC(239) Using 4 workers of 8 for evacuation
[2026-04-19T22:10:35.240+0100][19.483s][info][gc,phases   ] GC(239)   Pre Evacuate Collection Set: 0.1ms
[2026-04-19T22:10:35.240+0100][19.483s][info][gc,phases   ] GC(239)   Merge Heap Roots: 0.0ms
[2026-04-19T22:10:35.240+0100][19.483s][info][gc,phases   ] GC(239)   Evacuate Collection Set: 0.3ms
[2026-04-19T22:10:35.240+0100][19.483s][info][gc,phases   ] GC(239)   Post Evacuate Collection Set: 0.1ms
[2026-04-19T22:10:35.240+0100][19.483s][info][gc,phases   ] GC(239)   Other: 0.0ms
[2026-04-19T22:10:35.240+0100][19.483s][info][gc,heap     ] GC(239) Eden regions: 112->0(112)
[2026-04-19T22:10:35.240+0100][19.483s][info][gc,heap     ] GC(239) Survivor regions: 1->1(15)
[2026-04-19T22:10:35.240+0100][19.483s][info][gc,heap     ] GC(239) Old regions: 6->6
[2026-04-19T22:10:35.240+0100][19.483s][info][gc,heap     ] GC(239) Humongous regions: 0->0
[2026-04-19T22:10:35.240+0100][19.483s][info][gc,metaspace] GC(239) Metaspace: 247K(448K)->247K(448K) NonClass: 235K(320K)->235K(320K) Class: 12K(128K)->12K(128K)
[2026-04-19T22:10:35.240+0100][19.483s][info][gc          ] GC(239) Pause Young (Normal) (G1 Evacuation Pause) 117M->5M(189M) 0.632ms
[2026-04-19T22:10:35.240+0100][19.483s][info][gc,cpu      ] GC(239) User=0.00s Sys=0.00s Real=0.00s
[2026-04-19T22:10:35.322+0100][19.565s][info][gc,start    ] GC(240) Pause Young (Normal) (G1 Evacuation Pause)
[2026-04-19T22:10:35.323+0100][19.565s][info][gc,task     ] GC(240) Using 4 workers of 8 for evacuation
[2026-04-19T22:10:35.323+0100][19.566s][info][gc,phases   ] GC(240)   Pre Evacuate Collection Set: 0.0ms
[2026-04-19T22:10:35.323+0100][19.566s][info][gc,phases   ] GC(240)   Merge Heap Roots: 0.0ms
[2026-04-19T22:10:35.323+0100][19.566s][info][gc,phases   ] GC(240)   Evacuate Collection Set: 0.3ms
[2026-04-19T22:10:35.323+0100][19.566s][info][gc,phases   ] GC(240)   Post Evacuate Collection Set: 0.1ms
[2026-04-19T22:10:35.323+0100][19.566s][info][gc,phases   ] GC(240)   Other: 0.0ms
[2026-04-19T22:10:35.323+0100][19.566s][info][gc,heap     ] GC(240) Eden regions: 112->0(112)
[2026-04-19T22:10:35.323+0100][19.566s][info][gc,heap     ] GC(240) Survivor regions: 1->1(15)
[2026-04-19T22:10:35.323+0100][19.566s][info][gc,heap     ] GC(240) Old regions: 6->6
[2026-04-19T22:10:35.323+0100][19.566s][info][gc,heap     ] GC(240) Humongous regions: 0->0
[2026-04-19T22:10:35.323+0100][19.566s][info][gc,metaspace] GC(240) Metaspace: 247K(448K)->247K(448K) NonClass: 235K(320K)->235K(320K) Class: 12K(128K)->12K(128K)
[2026-04-19T22:10:35.323+0100][19.566s][info][gc          ] GC(240) Pause Young (Normal) (G1 Evacuation Pause) 117M->5M(189M) 0.593ms
[2026-04-19T22:10:35.323+0100][19.566s][info][gc,cpu      ] GC(240) User=0.00s Sys=0.00s Real=0.00s
[2026-04-19T22:10:35.403+0100][19.646s][info][gc,start    ] GC(241) Pause Young (Normal) (G1 Evacuation Pause)
[2026-04-19T22:10:35.403+0100][19.646s][info][gc,task     ] GC(241) Using 4 workers of 8 for evacuation
[2026-04-19T22:10:35.404+0100][19.647s][info][gc,phases   ] GC(241)   Pre Evacuate Collection Set: 0.1ms
[2026-04-19T22:10:35.404+0100][19.647s][info][gc,phases   ] GC(241)   Merge Heap Roots: 0.0ms
[2026-04-19T22:10:35.404+0100][19.647s][info][gc,phases   ] GC(241)   Evacuate Collection Set: 0.3ms
[2026-04-19T22:10:35.404+0100][19.647s][info][gc,phases   ] GC(241)   Post Evacuate Collection Set: 0.1ms
[2026-04-19T22:10:35.404+0100][19.647s][info][gc,phases   ] GC(241)   Other: 0.0ms
[2026-04-19T22:10:35.404+0100][19.647s][info][gc,heap     ] GC(241) Eden regions: 112->0(112)
[2026-04-19T22:10:35.404+0100][19.647s][info][gc,heap     ] GC(241) Survivor regions: 1->1(15)
[2026-04-19T22:10:35.404+0100][19.647s][info][gc,heap     ] GC(241) Old regions: 6->6
[2026-04-19T22:10:35.404+0100][19.647s][info][gc,heap     ] GC(241) Humongous regions: 0->0
[2026-04-19T22:10:35.404+0100][19.647s][info][gc,metaspace] GC(241) Metaspace: 247K(448K)->247K(448K) NonClass: 235K(320K)->235K(320K) Class: 12K(128K)->12K(128K)
[2026-04-19T22:10:35.404+0100][19.647s][info][gc          ] GC(241) Pause Young (Normal) (G1 Evacuation Pause) 117M->5M(189M) 0.658ms
[2026-04-19T22:10:35.404+0100][19.647s][info][gc,cpu      ] GC(241) User=0.00s Sys=0.00s Real=0.00s
[2026-04-19T22:10:35.484+0100][19.727s][info][gc,start    ] GC(242) Pause Young (Normal) (G1 Evacuation Pause)
[2026-04-19T22:10:35.484+0100][19.727s][info][gc,task     ] GC(242) Using 4 workers of 8 for evacuation
[2026-04-19T22:10:35.485+0100][19.728s][info][gc,phases   ] GC(242)   Pre Evacuate Collection Set: 0.1ms
[2026-04-19T22:10:35.485+0100][19.728s][info][gc,phases   ] GC(242)   Merge Heap Roots: 0.0ms
[2026-04-19T22:10:35.485+0100][19.728s][info][gc,phases   ] GC(242)   Evacuate Collection Set: 0.3ms
[2026-04-19T22:10:35.485+0100][19.728s][info][gc,phases   ] GC(242)   Post Evacuate Collection Set: 0.1ms
[2026-04-19T22:10:35.485+0100][19.728s][info][gc,phases   ] GC(242)   Other: 0.0ms
[2026-04-19T22:10:35.485+0100][19.728s][info][gc,heap     ] GC(242) Eden regions: 112->0(112)
[2026-04-19T22:10:35.485+0100][19.728s][info][gc,heap     ] GC(242) Survivor regions: 1->1(15)
[2026-04-19T22:10:35.485+0100][19.728s][info][gc,heap     ] GC(242) Old regions: 6->6
[2026-04-19T22:10:35.485+0100][19.728s][info][gc,heap     ] GC(242) Humongous regions: 0->0
[2026-04-19T22:10:35.485+0100][19.728s][info][gc,metaspace] GC(242) Metaspace: 247K(448K)->247K(448K) NonClass: 235K(320K)->235K(320K) Class: 12K(128K)->12K(128K)
[2026-04-19T22:10:35.485+0100][19.728s][info][gc          ] GC(242) Pause Young (Normal) (G1 Evacuation Pause) 117M->5M(189M) 0.592ms
[2026-04-19T22:10:35.485+0100][19.728s][info][gc,cpu      ] GC(242) User=0.01s Sys=0.00s Real=0.00s
[2026-04-19T22:10:35.566+0100][19.808s][info][gc,start    ] GC(243) Pause Young (Normal) (G1 Evacuation Pause)
[2026-04-19T22:10:35.566+0100][19.808s][info][gc,task     ] GC(243) Using 4 workers of 8 for evacuation
[2026-04-19T22:10:35.566+0100][19.809s][info][gc,phases   ] GC(243)   Pre Evacuate Collection Set: 0.1ms
[2026-04-19T22:10:35.566+0100][19.809s][info][gc,phases   ] GC(243)   Merge Heap Roots: 0.0ms
[2026-04-19T22:10:35.566+0100][19.809s][info][gc,phases   ] GC(243)   Evacuate Collection Set: 0.4ms
[2026-04-19T22:10:35.566+0100][19.809s][info][gc,phases   ] GC(243)   Post Evacuate Collection Set: 0.1ms
[2026-04-19T22:10:35.566+0100][19.809s][info][gc,phases   ] GC(243)   Other: 0.0ms
[2026-04-19T22:10:35.566+0100][19.809s][info][gc,heap     ] GC(243) Eden regions: 112->0(112)
[2026-04-19T22:10:35.566+0100][19.809s][info][gc,heap     ] GC(243) Survivor regions: 1->1(15)
[2026-04-19T22:10:35.566+0100][19.809s][info][gc,heap     ] GC(243) Old regions: 6->6
[2026-04-19T22:10:35.566+0100][19.809s][info][gc,heap     ] GC(243) Humongous regions: 0->0
[2026-04-19T22:10:35.566+0100][19.809s][info][gc,metaspace] GC(243) Metaspace: 247K(448K)->247K(448K) NonClass: 235K(320K)->235K(320K) Class: 12K(128K)->12K(128K)
[2026-04-19T22:10:35.566+0100][19.809s][info][gc          ] GC(243) Pause Young (Normal) (G1 Evacuation Pause) 117M->5M(189M) 0.698ms
[2026-04-19T22:10:35.566+0100][19.809s][info][gc,cpu      ] GC(243) User=0.00s Sys=0.00s Real=0.00s
[2026-04-19T22:10:35.647+0100][19.889s][info][gc,start    ] GC(244) Pause Young (Normal) (G1 Evacuation Pause)
[2026-04-19T22:10:35.647+0100][19.889s][info][gc,task     ] GC(244) Using 4 workers of 8 for evacuation
[2026-04-19T22:10:35.647+0100][19.890s][info][gc,phases   ] GC(244)   Pre Evacuate Collection Set: 0.1ms
[2026-04-19T22:10:35.647+0100][19.890s][info][gc,phases   ] GC(244)   Merge Heap Roots: 0.0ms
[2026-04-19T22:10:35.647+0100][19.890s][info][gc,phases   ] GC(244)   Evacuate Collection Set: 0.3ms
[2026-04-19T22:10:35.647+0100][19.890s][info][gc,phases   ] GC(244)   Post Evacuate Collection Set: 0.1ms
[2026-04-19T22:10:35.647+0100][19.890s][info][gc,phases   ] GC(244)   Other: 0.0ms
[2026-04-19T22:10:35.647+0100][19.890s][info][gc,heap     ] GC(244) Eden regions: 112->0(112)
[2026-04-19T22:10:35.647+0100][19.890s][info][gc,heap     ] GC(244) Survivor regions: 1->1(15)
[2026-04-19T22:10:35.647+0100][19.890s][info][gc,heap     ] GC(244) Old regions: 6->6
[2026-04-19T22:10:35.647+0100][19.890s][info][gc,heap     ] GC(244) Humongous regions: 0->0
[2026-04-19T22:10:35.647+0100][19.890s][info][gc,metaspace] GC(244) Metaspace: 247K(448K)->247K(448K) NonClass: 235K(320K)->235K(320K) Class: 12K(128K)->12K(128K)
[2026-04-19T22:10:35.647+0100][19.890s][info][gc          ] GC(244) Pause Young (Normal) (G1 Evacuation Pause) 117M->5M(189M) 0.609ms
[2026-04-19T22:10:35.647+0100][19.890s][info][gc,cpu      ] GC(244) User=0.00s Sys=0.00s Real=0.00s
[2026-04-19T22:10:35.727+0100][19.970s][info][gc,start    ] GC(245) Pause Young (Normal) (G1 Evacuation Pause)
[2026-04-19T22:10:35.727+0100][19.970s][info][gc,task     ] GC(245) Using 4 workers of 8 for evacuation
[2026-04-19T22:10:35.728+0100][19.971s][info][gc,phases   ] GC(245)   Pre Evacuate Collection Set: 0.1ms
[2026-04-19T22:10:35.728+0100][19.971s][info][gc,phases   ] GC(245)   Merge Heap Roots: 0.0ms
[2026-04-19T22:10:35.728+0100][19.971s][info][gc,phases   ] GC(245)   Evacuate Collection Set: 0.3ms
[2026-04-19T22:10:35.728+0100][19.971s][info][gc,phases   ] GC(245)   Post Evacuate Collection Set: 0.1ms
[2026-04-19T22:10:35.728+0100][19.971s][info][gc,phases   ] GC(245)   Other: 0.0ms
[2026-04-19T22:10:35.728+0100][19.971s][info][gc,heap     ] GC(245) Eden regions: 112->0(112)
[2026-04-19T22:10:35.728+0100][19.971s][info][gc,heap     ] GC(245) Survivor regions: 1->1(15)
[2026-04-19T22:10:35.728+0100][19.971s][info][gc,heap     ] GC(245) Old regions: 6->6
[2026-04-19T22:10:35.728+0100][19.971s][info][gc,heap     ] GC(245) Humongous regions: 0->0
[2026-04-19T22:10:35.728+0100][19.971s][info][gc,metaspace] GC(245) Metaspace: 247K(448K)->247K(448K) NonClass: 235K(320K)->235K(320K) Class: 12K(128K)->12K(128K)
[2026-04-19T22:10:35.728+0100][19.971s][info][gc          ] GC(245) Pause Young (Normal) (G1 Evacuation Pause) 117M->5M(189M) 0.605ms
[2026-04-19T22:10:35.728+0100][19.971s][info][gc,cpu      ] GC(245) User=0.00s Sys=0.00s Real=0.00s
[2026-04-19T22:10:35.808+0100][20.051s][info][gc,start    ] GC(246) Pause Young (Normal) (G1 Evacuation Pause)
[2026-04-19T22:10:35.809+0100][20.051s][info][gc,task     ] GC(246) Using 4 workers of 8 for evacuation
[2026-04-19T22:10:35.809+0100][20.052s][info][gc,phases   ] GC(246)   Pre Evacuate Collection Set: 0.1ms
[2026-04-19T22:10:35.809+0100][20.052s][info][gc,phases   ] GC(246)   Merge Heap Roots: 0.0ms
[2026-04-19T22:10:35.809+0100][20.052s][info][gc,phases   ] GC(246)   Evacuate Collection Set: 0.3ms
[2026-04-19T22:10:35.809+0100][20.052s][info][gc,phases   ] GC(246)   Post Evacuate Collection Set: 0.1ms
[2026-04-19T22:10:35.809+0100][20.052s][info][gc,phases   ] GC(246)   Other: 0.0ms
[2026-04-19T22:10:35.809+0100][20.052s][info][gc,heap     ] GC(246) Eden regions: 112->0(112)
[2026-04-19T22:10:35.809+0100][20.052s][info][gc,heap     ] GC(246) Survivor regions: 1->1(15)
[2026-04-19T22:10:35.809+0100][20.052s][info][gc,heap     ] GC(246) Old regions: 6->6
[2026-04-19T22:10:35.809+0100][20.052s][info][gc,heap     ] GC(246) Humongous regions: 0->0
[2026-04-19T22:10:35.809+0100][20.052s][info][gc,metaspace] GC(246) Metaspace: 247K(448K)->247K(448K) NonClass: 235K(320K)->235K(320K) Class: 12K(128K)->12K(128K)
[2026-04-19T22:10:35.809+0100][20.052s][info][gc          ] GC(246) Pause Young (Normal) (G1 Evacuation Pause) 117M->5M(189M) 0.595ms
[2026-04-19T22:10:35.809+0100][20.052s][info][gc,cpu      ] GC(246) User=0.00s Sys=0.00s Real=0.00s
[2026-04-19T22:10:35.889+0100][20.132s][info][gc,start    ] GC(247) Pause Young (Normal) (G1 Evacuation Pause)
[2026-04-19T22:10:35.889+0100][20.132s][info][gc,task     ] GC(247) Using 4 workers of 8 for evacuation
[2026-04-19T22:10:35.890+0100][20.133s][info][gc,phases   ] GC(247)   Pre Evacuate Collection Set: 0.1ms
[2026-04-19T22:10:35.890+0100][20.133s][info][gc,phases   ] GC(247)   Merge Heap Roots: 0.0ms
[2026-04-19T22:10:35.890+0100][20.133s][info][gc,phases   ] GC(247)   Evacuate Collection Set: 0.3ms
[2026-04-19T22:10:35.890+0100][20.133s][info][gc,phases   ] GC(247)   Post Evacuate Collection Set: 0.1ms
[2026-04-19T22:10:35.890+0100][20.133s][info][gc,phases   ] GC(247)   Other: 0.0ms
[2026-04-19T22:10:35.890+0100][20.133s][info][gc,heap     ] GC(247) Eden regions: 112->0(112)
[2026-04-19T22:10:35.890+0100][20.133s][info][gc,heap     ] GC(247) Survivor regions: 1->1(15)
[2026-04-19T22:10:35.890+0100][20.133s][info][gc,heap     ] GC(247) Old regions: 6->6
[2026-04-19T22:10:35.890+0100][20.133s][info][gc,heap     ] GC(247) Humongous regions: 0->0
[2026-04-19T22:10:35.890+0100][20.133s][info][gc,metaspace] GC(247) Metaspace: 247K(448K)->247K(448K) NonClass: 235K(320K)->235K(320K) Class: 12K(128K)->12K(128K)
[2026-04-19T22:10:35.890+0100][20.133s][info][gc          ] GC(247) Pause Young (Normal) (G1 Evacuation Pause) 117M->5M(189M) 0.613ms
[2026-04-19T22:10:35.890+0100][20.133s][info][gc,cpu      ] GC(247) User=0.00s Sys=0.00s Real=0.01s
[2026-04-19T22:10:35.971+0100][20.213s][info][gc,start    ] GC(248) Pause Young (Normal) (G1 Evacuation Pause)
[2026-04-19T22:10:35.971+0100][20.213s][info][gc,task     ] GC(248) Using 4 workers of 8 for evacuation
[2026-04-19T22:10:35.971+0100][20.214s][info][gc,phases   ] GC(248)   Pre Evacuate Collection Set: 0.1ms
[2026-04-19T22:10:35.971+0100][20.214s][info][gc,phases   ] GC(248)   Merge Heap Roots: 0.0ms
[2026-04-19T22:10:35.971+0100][20.214s][info][gc,phases   ] GC(248)   Evacuate Collection Set: 0.3ms
[2026-04-19T22:10:35.971+0100][20.214s][info][gc,phases   ] GC(248)   Post Evacuate Collection Set: 0.1ms
[2026-04-19T22:10:35.971+0100][20.214s][info][gc,phases   ] GC(248)   Other: 0.0ms
[2026-04-19T22:10:35.971+0100][20.214s][info][gc,heap     ] GC(248) Eden regions: 112->0(112)
[2026-04-19T22:10:35.971+0100][20.214s][info][gc,heap     ] GC(248) Survivor regions: 1->1(15)
[2026-04-19T22:10:35.971+0100][20.214s][info][gc,heap     ] GC(248) Old regions: 6->6
[2026-04-19T22:10:35.971+0100][20.214s][info][gc,heap     ] GC(248) Humongous regions: 0->0
[2026-04-19T22:10:35.971+0100][20.214s][info][gc,metaspace] GC(248) Metaspace: 247K(448K)->247K(448K) NonClass: 235K(320K)->235K(320K) Class: 12K(128K)->12K(128K)
[2026-04-19T22:10:35.971+0100][20.214s][info][gc          ] GC(248) Pause Young (Normal) (G1 Evacuation Pause) 117M->5M(189M) 0.608ms
[2026-04-19T22:10:35.971+0100][20.214s][info][gc,cpu      ] GC(248) User=0.01s Sys=0.00s Real=0.00s
[2026-04-19T22:10:36.052+0100][20.294s][info][gc,start    ] GC(249) Pause Young (Normal) (G1 Evacuation Pause)
[2026-04-19T22:10:36.052+0100][20.294s][info][gc,task     ] GC(249) Using 4 workers of 8 for evacuation
[2026-04-19T22:10:36.052+0100][20.295s][info][gc,phases   ] GC(249)   Pre Evacuate Collection Set: 0.1ms
[2026-04-19T22:10:36.052+0100][20.295s][info][gc,phases   ] GC(249)   Merge Heap Roots: 0.0ms
[2026-04-19T22:10:36.052+0100][20.295s][info][gc,phases   ] GC(249)   Evacuate Collection Set: 0.3ms
[2026-04-19T22:10:36.052+0100][20.295s][info][gc,phases   ] GC(249)   Post Evacuate Collection Set: 0.1ms
[2026-04-19T22:10:36.052+0100][20.295s][info][gc,phases   ] GC(249)   Other: 0.0ms
[2026-04-19T22:10:36.052+0100][20.295s][info][gc,heap     ] GC(249) Eden regions: 112->0(112)
[2026-04-19T22:10:36.052+0100][20.295s][info][gc,heap     ] GC(249) Survivor regions: 1->1(15)
[2026-04-19T22:10:36.052+0100][20.295s][info][gc,heap     ] GC(249) Old regions: 6->6
[2026-04-19T22:10:36.052+0100][20.295s][info][gc,heap     ] GC(249) Humongous regions: 0->0
[2026-04-19T22:10:36.052+0100][20.295s][info][gc,metaspace] GC(249) Metaspace: 247K(448K)->247K(448K) NonClass: 235K(320K)->235K(320K) Class: 12K(128K)->12K(128K)
[2026-04-19T22:10:36.052+0100][20.295s][info][gc          ] GC(249) Pause Young (Normal) (G1 Evacuation Pause) 117M->5M(189M) 0.603ms
[2026-04-19T22:10:36.052+0100][20.295s][info][gc,cpu      ] GC(249) User=0.00s Sys=0.00s Real=0.00s
[2026-04-19T22:10:36.133+0100][20.376s][info][gc,start    ] GC(250) Pause Young (Normal) (G1 Evacuation Pause)
[2026-04-19T22:10:36.133+0100][20.376s][info][gc,task     ] GC(250) Using 4 workers of 8 for evacuation
[2026-04-19T22:10:36.134+0100][20.376s][info][gc,phases   ] GC(250)   Pre Evacuate Collection Set: 0.1ms
[2026-04-19T22:10:36.134+0100][20.376s][info][gc,phases   ] GC(250)   Merge Heap Roots: 0.0ms
[2026-04-19T22:10:36.134+0100][20.376s][info][gc,phases   ] GC(250)   Evacuate Collection Set: 0.3ms
[2026-04-19T22:10:36.134+0100][20.376s][info][gc,phases   ] GC(250)   Post Evacuate Collection Set: 0.1ms
[2026-04-19T22:10:36.134+0100][20.376s][info][gc,phases   ] GC(250)   Other: 0.0ms
[2026-04-19T22:10:36.134+0100][20.376s][info][gc,heap     ] GC(250) Eden regions: 112->0(112)
[2026-04-19T22:10:36.134+0100][20.376s][info][gc,heap     ] GC(250) Survivor regions: 1->1(15)
[2026-04-19T22:10:36.134+0100][20.376s][info][gc,heap     ] GC(250) Old regions: 6->6
[2026-04-19T22:10:36.134+0100][20.376s][info][gc,heap     ] GC(250) Humongous regions: 0->0
[2026-04-19T22:10:36.134+0100][20.376s][info][gc,metaspace] GC(250) Metaspace: 247K(448K)->247K(448K) NonClass: 235K(320K)->235K(320K) Class: 12K(128K)->12K(128K)
[2026-04-19T22:10:36.134+0100][20.377s][info][gc          ] GC(250) Pause Young (Normal) (G1 Evacuation Pause) 117M->5M(189M) 0.643ms
[2026-04-19T22:10:36.134+0100][20.377s][info][gc,cpu      ] GC(250) User=0.00s Sys=0.00s Real=0.00s
[2026-04-19T22:10:36.215+0100][20.457s][info][gc,start    ] GC(251) Pause Young (Normal) (G1 Evacuation Pause)
[2026-04-19T22:10:36.215+0100][20.457s][info][gc,task     ] GC(251) Using 4 workers of 8 for evacuation
[2026-04-19T22:10:36.215+0100][20.458s][info][gc,phases   ] GC(251)   Pre Evacuate Collection Set: 0.1ms
[2026-04-19T22:10:36.215+0100][20.458s][info][gc,phases   ] GC(251)   Merge Heap Roots: 0.0ms
[2026-04-19T22:10:36.215+0100][20.458s][info][gc,phases   ] GC(251)   Evacuate Collection Set: 0.3ms
[2026-04-19T22:10:36.215+0100][20.458s][info][gc,phases   ] GC(251)   Post Evacuate Collection Set: 0.1ms
[2026-04-19T22:10:36.215+0100][20.458s][info][gc,phases   ] GC(251)   Other: 0.0ms
[2026-04-19T22:10:36.215+0100][20.458s][info][gc,heap     ] GC(251) Eden regions: 112->0(112)
[2026-04-19T22:10:36.215+0100][20.458s][info][gc,heap     ] GC(251) Survivor regions: 1->1(15)
[2026-04-19T22:10:36.215+0100][20.458s][info][gc,heap     ] GC(251) Old regions: 6->6
[2026-04-19T22:10:36.215+0100][20.458s][info][gc,heap     ] GC(251) Humongous regions: 0->0
[2026-04-19T22:10:36.215+0100][20.458s][info][gc,metaspace] GC(251) Metaspace: 247K(448K)->247K(448K) NonClass: 235K(320K)->235K(320K) Class: 12K(128K)->12K(128K)
[2026-04-19T22:10:36.215+0100][20.458s][info][gc          ] GC(251) Pause Young (Normal) (G1 Evacuation Pause) 117M->5M(189M) 0.589ms
[2026-04-19T22:10:36.215+0100][20.458s][info][gc,cpu      ] GC(251) User=0.00s Sys=0.00s Real=0.00s
[2026-04-19T22:10:36.296+0100][20.539s][info][gc,start    ] GC(252) Pause Young (Normal) (G1 Evacuation Pause)
[2026-04-19T22:10:36.296+0100][20.539s][info][gc,task     ] GC(252) Using 4 workers of 8 for evacuation
[2026-04-19T22:10:36.296+0100][20.539s][info][gc,phases   ] GC(252)   Pre Evacuate Collection Set: 0.1ms
[2026-04-19T22:10:36.296+0100][20.539s][info][gc,phases   ] GC(252)   Merge Heap Roots: 0.0ms
[2026-04-19T22:10:36.296+0100][20.539s][info][gc,phases   ] GC(252)   Evacuate Collection Set: 0.3ms
[2026-04-19T22:10:36.296+0100][20.539s][info][gc,phases   ] GC(252)   Post Evacuate Collection Set: 0.1ms
[2026-04-19T22:10:36.296+0100][20.539s][info][gc,phases   ] GC(252)   Other: 0.0ms
[2026-04-19T22:10:36.296+0100][20.539s][info][gc,heap     ] GC(252) Eden regions: 112->0(112)
[2026-04-19T22:10:36.296+0100][20.539s][info][gc,heap     ] GC(252) Survivor regions: 1->1(15)
[2026-04-19T22:10:36.296+0100][20.539s][info][gc,heap     ] GC(252) Old regions: 6->6
[2026-04-19T22:10:36.296+0100][20.539s][info][gc,heap     ] GC(252) Humongous regions: 0->0
[2026-04-19T22:10:36.296+0100][20.539s][info][gc,metaspace] GC(252) Metaspace: 247K(448K)->247K(448K) NonClass: 235K(320K)->235K(320K) Class: 12K(128K)->12K(128K)
[2026-04-19T22:10:36.296+0100][20.539s][info][gc          ] GC(252) Pause Young (Normal) (G1 Evacuation Pause) 117M->5M(189M) 0.619ms
[2026-04-19T22:10:36.296+0100][20.539s][info][gc,cpu      ] GC(252) User=0.00s Sys=0.00s Real=0.00s
[2026-04-19T22:10:36.378+0100][20.621s][info][gc,start    ] GC(253) Pause Young (Normal) (G1 Evacuation Pause)
[2026-04-19T22:10:36.378+0100][20.621s][info][gc,task     ] GC(253) Using 4 workers of 8 for evacuation
[2026-04-19T22:10:36.379+0100][20.622s][info][gc,phases   ] GC(253)   Pre Evacuate Collection Set: 0.1ms
[2026-04-19T22:10:36.379+0100][20.622s][info][gc,phases   ] GC(253)   Merge Heap Roots: 0.0ms
[2026-04-19T22:10:36.379+0100][20.622s][info][gc,phases   ] GC(253)   Evacuate Collection Set: 0.6ms
[2026-04-19T22:10:36.379+0100][20.622s][info][gc,phases   ] GC(253)   Post Evacuate Collection Set: 0.1ms
[2026-04-19T22:10:36.379+0100][20.622s][info][gc,phases   ] GC(253)   Other: 0.0ms
[2026-04-19T22:10:36.379+0100][20.622s][info][gc,heap     ] GC(253) Eden regions: 112->0(112)
[2026-04-19T22:10:36.379+0100][20.622s][info][gc,heap     ] GC(253) Survivor regions: 1->1(15)
[2026-04-19T22:10:36.379+0100][20.622s][info][gc,heap     ] GC(253) Old regions: 6->6
[2026-04-19T22:10:36.379+0100][20.622s][info][gc,heap     ] GC(253) Humongous regions: 0->0
[2026-04-19T22:10:36.379+0100][20.622s][info][gc,metaspace] GC(253) Metaspace: 247K(448K)->247K(448K) NonClass: 235K(320K)->235K(320K) Class: 12K(128K)->12K(128K)
[2026-04-19T22:10:36.379+0100][20.622s][info][gc          ] GC(253) Pause Young (Normal) (G1 Evacuation Pause) 117M->5M(189M) 0.965ms
[2026-04-19T22:10:36.379+0100][20.622s][info][gc,cpu      ] GC(253) User=0.01s Sys=0.00s Real=0.00s
[2026-04-19T22:10:36.463+0100][20.706s][info][gc,start    ] GC(254) Pause Young (Normal) (G1 Evacuation Pause)
[2026-04-19T22:10:36.463+0100][20.706s][info][gc,task     ] GC(254) Using 4 workers of 8 for evacuation
[2026-04-19T22:10:36.463+0100][20.706s][info][gc,phases   ] GC(254)   Pre Evacuate Collection Set: 0.1ms
[2026-04-19T22:10:36.463+0100][20.706s][info][gc,phases   ] GC(254)   Merge Heap Roots: 0.0ms
[2026-04-19T22:10:36.463+0100][20.706s][info][gc,phases   ] GC(254)   Evacuate Collection Set: 0.3ms
[2026-04-19T22:10:36.463+0100][20.706s][info][gc,phases   ] GC(254)   Post Evacuate Collection Set: 0.1ms
[2026-04-19T22:10:36.463+0100][20.706s][info][gc,phases   ] GC(254)   Other: 0.0ms
[2026-04-19T22:10:36.463+0100][20.706s][info][gc,heap     ] GC(254) Eden regions: 112->0(112)
[2026-04-19T22:10:36.463+0100][20.706s][info][gc,heap     ] GC(254) Survivor regions: 1->1(15)
[2026-04-19T22:10:36.463+0100][20.706s][info][gc,heap     ] GC(254) Old regions: 6->6
[2026-04-19T22:10:36.463+0100][20.706s][info][gc,heap     ] GC(254) Humongous regions: 0->0
[2026-04-19T22:10:36.463+0100][20.706s][info][gc,metaspace] GC(254) Metaspace: 247K(448K)->247K(448K) NonClass: 235K(320K)->235K(320K) Class: 12K(128K)->12K(128K)
[2026-04-19T22:10:36.463+0100][20.706s][info][gc          ] GC(254) Pause Young (Normal) (G1 Evacuation Pause) 117M->5M(189M) 0.647ms
[2026-04-19T22:10:36.463+0100][20.706s][info][gc,cpu      ] GC(254) User=0.00s Sys=0.01s Real=0.00s
[2026-04-19T22:10:36.544+0100][20.786s][info][gc,start    ] GC(255) Pause Young (Normal) (G1 Evacuation Pause)
[2026-04-19T22:10:36.544+0100][20.786s][info][gc,task     ] GC(255) Using 4 workers of 8 for evacuation
[2026-04-19T22:10:36.544+0100][20.787s][info][gc,phases   ] GC(255)   Pre Evacuate Collection Set: 0.1ms
[2026-04-19T22:10:36.544+0100][20.787s][info][gc,phases   ] GC(255)   Merge Heap Roots: 0.0ms
[2026-04-19T22:10:36.544+0100][20.787s][info][gc,phases   ] GC(255)   Evacuate Collection Set: 0.3ms
[2026-04-19T22:10:36.544+0100][20.787s][info][gc,phases   ] GC(255)   Post Evacuate Collection Set: 0.1ms
[2026-04-19T22:10:36.544+0100][20.787s][info][gc,phases   ] GC(255)   Other: 0.0ms
[2026-04-19T22:10:36.544+0100][20.787s][info][gc,heap     ] GC(255) Eden regions: 112->0(112)
[2026-04-19T22:10:36.544+0100][20.787s][info][gc,heap     ] GC(255) Survivor regions: 1->1(15)
[2026-04-19T22:10:36.544+0100][20.787s][info][gc,heap     ] GC(255) Old regions: 6->6
[2026-04-19T22:10:36.544+0100][20.787s][info][gc,heap     ] GC(255) Humongous regions: 0->0
[2026-04-19T22:10:36.544+0100][20.787s][info][gc,metaspace] GC(255) Metaspace: 247K(448K)->247K(448K) NonClass: 235K(320K)->235K(320K) Class: 12K(128K)->12K(128K)
[2026-04-19T22:10:36.544+0100][20.787s][info][gc          ] GC(255) Pause Young (Normal) (G1 Evacuation Pause) 117M->5M(189M) 0.694ms
[2026-04-19T22:10:36.544+0100][20.787s][info][gc,cpu      ] GC(255) User=0.00s Sys=0.00s Real=0.00s
[2026-04-19T22:10:36.625+0100][20.868s][info][gc,start    ] GC(256) Pause Young (Normal) (G1 Evacuation Pause)
[2026-04-19T22:10:36.625+0100][20.868s][info][gc,task     ] GC(256) Using 4 workers of 8 for evacuation
[2026-04-19T22:10:36.626+0100][20.869s][info][gc,phases   ] GC(256)   Pre Evacuate Collection Set: 0.1ms
[2026-04-19T22:10:36.626+0100][20.869s][info][gc,phases   ] GC(256)   Merge Heap Roots: 0.0ms
[2026-04-19T22:10:36.626+0100][20.869s][info][gc,phases   ] GC(256)   Evacuate Collection Set: 0.3ms
[2026-04-19T22:10:36.626+0100][20.869s][info][gc,phases   ] GC(256)   Post Evacuate Collection Set: 0.1ms
[2026-04-19T22:10:36.626+0100][20.869s][info][gc,phases   ] GC(256)   Other: 0.0ms
[2026-04-19T22:10:36.626+0100][20.869s][info][gc,heap     ] GC(256) Eden regions: 112->0(112)
[2026-04-19T22:10:36.626+0100][20.869s][info][gc,heap     ] GC(256) Survivor regions: 1->1(15)
[2026-04-19T22:10:36.626+0100][20.869s][info][gc,heap     ] GC(256) Old regions: 6->6
[2026-04-19T22:10:36.626+0100][20.869s][info][gc,heap     ] GC(256) Humongous regions: 0->0
[2026-04-19T22:10:36.626+0100][20.869s][info][gc,metaspace] GC(256) Metaspace: 247K(448K)->247K(448K) NonClass: 235K(320K)->235K(320K) Class: 12K(128K)->12K(128K)
[2026-04-19T22:10:36.626+0100][20.869s][info][gc          ] GC(256) Pause Young (Normal) (G1 Evacuation Pause) 117M->5M(189M) 0.663ms
[2026-04-19T22:10:36.626+0100][20.869s][info][gc,cpu      ] GC(256) User=0.00s Sys=0.00s Real=0.00s
[2026-04-19T22:10:36.706+0100][20.949s][info][gc,start    ] GC(257) Pause Young (Normal) (G1 Evacuation Pause)
[2026-04-19T22:10:36.706+0100][20.949s][info][gc,task     ] GC(257) Using 4 workers of 8 for evacuation
[2026-04-19T22:10:36.707+0100][20.950s][info][gc,phases   ] GC(257)   Pre Evacuate Collection Set: 0.1ms
[2026-04-19T22:10:36.707+0100][20.950s][info][gc,phases   ] GC(257)   Merge Heap Roots: 0.0ms
[2026-04-19T22:10:36.707+0100][20.950s][info][gc,phases   ] GC(257)   Evacuate Collection Set: 0.3ms
[2026-04-19T22:10:36.707+0100][20.950s][info][gc,phases   ] GC(257)   Post Evacuate Collection Set: 0.1ms
[2026-04-19T22:10:36.707+0100][20.950s][info][gc,phases   ] GC(257)   Other: 0.0ms
[2026-04-19T22:10:36.707+0100][20.950s][info][gc,heap     ] GC(257) Eden regions: 112->0(112)
[2026-04-19T22:10:36.707+0100][20.950s][info][gc,heap     ] GC(257) Survivor regions: 1->1(15)
[2026-04-19T22:10:36.707+0100][20.950s][info][gc,heap     ] GC(257) Old regions: 6->6
[2026-04-19T22:10:36.707+0100][20.950s][info][gc,heap     ] GC(257) Humongous regions: 0->0
[2026-04-19T22:10:36.707+0100][20.950s][info][gc,metaspace] GC(257) Metaspace: 247K(448K)->247K(448K) NonClass: 235K(320K)->235K(320K) Class: 12K(128K)->12K(128K)
[2026-04-19T22:10:36.707+0100][20.950s][info][gc          ] GC(257) Pause Young (Normal) (G1 Evacuation Pause) 117M->5M(189M) 0.632ms
[2026-04-19T22:10:36.707+0100][20.950s][info][gc,cpu      ] GC(257) User=0.00s Sys=0.00s Real=0.00s
[2026-04-19T22:10:36.788+0100][21.030s][info][gc,start    ] GC(258) Pause Young (Normal) (G1 Evacuation Pause)
[2026-04-19T22:10:36.788+0100][21.031s][info][gc,task     ] GC(258) Using 4 workers of 8 for evacuation
[2026-04-19T22:10:36.788+0100][21.031s][info][gc,phases   ] GC(258)   Pre Evacuate Collection Set: 0.1ms
[2026-04-19T22:10:36.788+0100][21.031s][info][gc,phases   ] GC(258)   Merge Heap Roots: 0.0ms
[2026-04-19T22:10:36.788+0100][21.031s][info][gc,phases   ] GC(258)   Evacuate Collection Set: 0.3ms
[2026-04-19T22:10:36.788+0100][21.031s][info][gc,phases   ] GC(258)   Post Evacuate Collection Set: 0.1ms
[2026-04-19T22:10:36.788+0100][21.031s][info][gc,phases   ] GC(258)   Other: 0.0ms
[2026-04-19T22:10:36.788+0100][21.031s][info][gc,heap     ] GC(258) Eden regions: 112->0(112)
[2026-04-19T22:10:36.788+0100][21.031s][info][gc,heap     ] GC(258) Survivor regions: 1->1(15)
[2026-04-19T22:10:36.788+0100][21.031s][info][gc,heap     ] GC(258) Old regions: 6->6
[2026-04-19T22:10:36.788+0100][21.031s][info][gc,heap     ] GC(258) Humongous regions: 0->0
[2026-04-19T22:10:36.788+0100][21.031s][info][gc,metaspace] GC(258) Metaspace: 247K(448K)->247K(448K) NonClass: 235K(320K)->235K(320K) Class: 12K(128K)->12K(128K)
[2026-04-19T22:10:36.788+0100][21.031s][info][gc          ] GC(258) Pause Young (Normal) (G1 Evacuation Pause) 117M->5M(189M) 0.630ms
[2026-04-19T22:10:36.788+0100][21.031s][info][gc,cpu      ] GC(258) User=0.00s Sys=0.00s Real=0.00s
[2026-04-19T22:10:36.869+0100][21.112s][info][gc,start    ] GC(259) Pause Young (Normal) (G1 Evacuation Pause)
[2026-04-19T22:10:36.869+0100][21.112s][info][gc,task     ] GC(259) Using 4 workers of 8 for evacuation
[2026-04-19T22:10:36.870+0100][21.112s][info][gc,phases   ] GC(259)   Pre Evacuate Collection Set: 0.1ms
[2026-04-19T22:10:36.870+0100][21.112s][info][gc,phases   ] GC(259)   Merge Heap Roots: 0.0ms
[2026-04-19T22:10:36.870+0100][21.112s][info][gc,phases   ] GC(259)   Evacuate Collection Set: 0.3ms
[2026-04-19T22:10:36.870+0100][21.112s][info][gc,phases   ] GC(259)   Post Evacuate Collection Set: 0.1ms
[2026-04-19T22:10:36.870+0100][21.112s][info][gc,phases   ] GC(259)   Other: 0.0ms
[2026-04-19T22:10:36.870+0100][21.112s][info][gc,heap     ] GC(259) Eden regions: 112->0(112)
[2026-04-19T22:10:36.870+0100][21.112s][info][gc,heap     ] GC(259) Survivor regions: 1->1(15)
[2026-04-19T22:10:36.870+0100][21.112s][info][gc,heap     ] GC(259) Old regions: 6->6
[2026-04-19T22:10:36.870+0100][21.112s][info][gc,heap     ] GC(259) Humongous regions: 0->0
[2026-04-19T22:10:36.870+0100][21.112s][info][gc,metaspace] GC(259) Metaspace: 247K(448K)->247K(448K) NonClass: 235K(320K)->235K(320K) Class: 12K(128K)->12K(128K)
[2026-04-19T22:10:36.870+0100][21.113s][info][gc          ] GC(259) Pause Young (Normal) (G1 Evacuation Pause) 117M->5M(189M) 0.616ms
[2026-04-19T22:10:36.870+0100][21.113s][info][gc,cpu      ] GC(259) User=0.00s Sys=0.00s Real=0.01s
[2026-04-19T22:10:36.950+0100][21.193s][info][gc,start    ] GC(260) Pause Young (Normal) (G1 Evacuation Pause)
[2026-04-19T22:10:36.950+0100][21.193s][info][gc,task     ] GC(260) Using 4 workers of 8 for evacuation
[2026-04-19T22:10:36.951+0100][21.194s][info][gc,phases   ] GC(260)   Pre Evacuate Collection Set: 0.1ms
[2026-04-19T22:10:36.951+0100][21.194s][info][gc,phases   ] GC(260)   Merge Heap Roots: 0.0ms
[2026-04-19T22:10:36.951+0100][21.194s][info][gc,phases   ] GC(260)   Evacuate Collection Set: 0.3ms
[2026-04-19T22:10:36.951+0100][21.194s][info][gc,phases   ] GC(260)   Post Evacuate Collection Set: 0.1ms
[2026-04-19T22:10:36.951+0100][21.194s][info][gc,phases   ] GC(260)   Other: 0.0ms
[2026-04-19T22:10:36.951+0100][21.194s][info][gc,heap     ] GC(260) Eden regions: 112->0(112)
[2026-04-19T22:10:36.951+0100][21.194s][info][gc,heap     ] GC(260) Survivor regions: 1->1(15)
[2026-04-19T22:10:36.951+0100][21.194s][info][gc,heap     ] GC(260) Old regions: 6->6
[2026-04-19T22:10:36.951+0100][21.194s][info][gc,heap     ] GC(260) Humongous regions: 0->0
[2026-04-19T22:10:36.951+0100][21.194s][info][gc,metaspace] GC(260) Metaspace: 247K(448K)->247K(448K) NonClass: 235K(320K)->235K(320K) Class: 12K(128K)->12K(128K)
[2026-04-19T22:10:36.951+0100][21.194s][info][gc          ] GC(260) Pause Young (Normal) (G1 Evacuation Pause) 117M->5M(189M) 0.614ms
[2026-04-19T22:10:36.951+0100][21.194s][info][gc,cpu      ] GC(260) User=0.00s Sys=0.00s Real=0.00s
[2026-04-19T22:10:37.031+0100][21.274s][info][gc,start    ] GC(261) Pause Young (Normal) (G1 Evacuation Pause)
[2026-04-19T22:10:37.031+0100][21.274s][info][gc,task     ] GC(261) Using 4 workers of 8 for evacuation
[2026-04-19T22:10:37.032+0100][21.274s][info][gc,phases   ] GC(261)   Pre Evacuate Collection Set: 0.1ms
[2026-04-19T22:10:37.032+0100][21.274s][info][gc,phases   ] GC(261)   Merge Heap Roots: 0.0ms
[2026-04-19T22:10:37.032+0100][21.274s][info][gc,phases   ] GC(261)   Evacuate Collection Set: 0.3ms
[2026-04-19T22:10:37.032+0100][21.274s][info][gc,phases   ] GC(261)   Post Evacuate Collection Set: 0.1ms
[2026-04-19T22:10:37.032+0100][21.274s][info][gc,phases   ] GC(261)   Other: 0.0ms
[2026-04-19T22:10:37.032+0100][21.275s][info][gc,heap     ] GC(261) Eden regions: 112->0(112)
[2026-04-19T22:10:37.032+0100][21.275s][info][gc,heap     ] GC(261) Survivor regions: 1->1(15)
[2026-04-19T22:10:37.032+0100][21.275s][info][gc,heap     ] GC(261) Old regions: 6->6
[2026-04-19T22:10:37.032+0100][21.275s][info][gc,heap     ] GC(261) Humongous regions: 0->0
[2026-04-19T22:10:37.032+0100][21.275s][info][gc,metaspace] GC(261) Metaspace: 247K(448K)->247K(448K) NonClass: 235K(320K)->235K(320K) Class: 12K(128K)->12K(128K)
[2026-04-19T22:10:37.032+0100][21.275s][info][gc          ] GC(261) Pause Young (Normal) (G1 Evacuation Pause) 117M->5M(189M) 0.605ms
[2026-04-19T22:10:37.032+0100][21.275s][info][gc,cpu      ] GC(261) User=0.00s Sys=0.00s Real=0.00s
[2026-04-19T22:10:37.114+0100][21.357s][info][gc,start    ] GC(262) Pause Young (Normal) (G1 Evacuation Pause)
[2026-04-19T22:10:37.114+0100][21.357s][info][gc,task     ] GC(262) Using 4 workers of 8 for evacuation
[2026-04-19T22:10:37.115+0100][21.357s][info][gc,phases   ] GC(262)   Pre Evacuate Collection Set: 0.1ms
[2026-04-19T22:10:37.115+0100][21.357s][info][gc,phases   ] GC(262)   Merge Heap Roots: 0.0ms
[2026-04-19T22:10:37.115+0100][21.357s][info][gc,phases   ] GC(262)   Evacuate Collection Set: 0.3ms
[2026-04-19T22:10:37.115+0100][21.357s][info][gc,phases   ] GC(262)   Post Evacuate Collection Set: 0.1ms
[2026-04-19T22:10:37.115+0100][21.357s][info][gc,phases   ] GC(262)   Other: 0.0ms
[2026-04-19T22:10:37.115+0100][21.357s][info][gc,heap     ] GC(262) Eden regions: 112->0(112)
[2026-04-19T22:10:37.115+0100][21.357s][info][gc,heap     ] GC(262) Survivor regions: 1->1(15)
[2026-04-19T22:10:37.115+0100][21.357s][info][gc,heap     ] GC(262) Old regions: 6->6
[2026-04-19T22:10:37.115+0100][21.357s][info][gc,heap     ] GC(262) Humongous regions: 0->0
[2026-04-19T22:10:37.115+0100][21.357s][info][gc,metaspace] GC(262) Metaspace: 247K(448K)->247K(448K) NonClass: 235K(320K)->235K(320K) Class: 12K(128K)->12K(128K)
[2026-04-19T22:10:37.115+0100][21.357s][info][gc          ] GC(262) Pause Young (Normal) (G1 Evacuation Pause) 117M->5M(189M) 0.610ms
[2026-04-19T22:10:37.115+0100][21.357s][info][gc,cpu      ] GC(262) User=0.00s Sys=0.00s Real=0.00s
[2026-04-19T22:10:37.195+0100][21.438s][info][gc,start    ] GC(263) Pause Young (Normal) (G1 Evacuation Pause)
[2026-04-19T22:10:37.195+0100][21.438s][info][gc,task     ] GC(263) Using 4 workers of 8 for evacuation
[2026-04-19T22:10:37.196+0100][21.439s][info][gc,phases   ] GC(263)   Pre Evacuate Collection Set: 0.1ms
[2026-04-19T22:10:37.196+0100][21.439s][info][gc,phases   ] GC(263)   Merge Heap Roots: 0.0ms
[2026-04-19T22:10:37.196+0100][21.439s][info][gc,phases   ] GC(263)   Evacuate Collection Set: 0.3ms
[2026-04-19T22:10:37.196+0100][21.439s][info][gc,phases   ] GC(263)   Post Evacuate Collection Set: 0.1ms
[2026-04-19T22:10:37.196+0100][21.439s][info][gc,phases   ] GC(263)   Other: 0.0ms
[2026-04-19T22:10:37.196+0100][21.439s][info][gc,heap     ] GC(263) Eden regions: 112->0(112)
[2026-04-19T22:10:37.196+0100][21.439s][info][gc,heap     ] GC(263) Survivor regions: 1->1(15)
[2026-04-19T22:10:37.196+0100][21.439s][info][gc,heap     ] GC(263) Old regions: 6->6
[2026-04-19T22:10:37.196+0100][21.439s][info][gc,heap     ] GC(263) Humongous regions: 0->0
[2026-04-19T22:10:37.196+0100][21.439s][info][gc,metaspace] GC(263) Metaspace: 247K(448K)->247K(448K) NonClass: 235K(320K)->235K(320K) Class: 12K(128K)->12K(128K)
[2026-04-19T22:10:37.196+0100][21.439s][info][gc          ] GC(263) Pause Young (Normal) (G1 Evacuation Pause) 117M->5M(189M) 0.606ms
[2026-04-19T22:10:37.196+0100][21.439s][info][gc,cpu      ] GC(263) User=0.00s Sys=0.00s Real=0.00s
[2026-04-19T22:10:37.276+0100][21.519s][info][gc,start    ] GC(264) Pause Young (Normal) (G1 Evacuation Pause)
[2026-04-19T22:10:37.276+0100][21.519s][info][gc,task     ] GC(264) Using 4 workers of 8 for evacuation
[2026-04-19T22:10:37.277+0100][21.519s][info][gc,phases   ] GC(264)   Pre Evacuate Collection Set: 0.1ms
[2026-04-19T22:10:37.277+0100][21.519s][info][gc,phases   ] GC(264)   Merge Heap Roots: 0.0ms
[2026-04-19T22:10:37.277+0100][21.519s][info][gc,phases   ] GC(264)   Evacuate Collection Set: 0.3ms
[2026-04-19T22:10:37.277+0100][21.519s][info][gc,phases   ] GC(264)   Post Evacuate Collection Set: 0.1ms
[2026-04-19T22:10:37.277+0100][21.519s][info][gc,phases   ] GC(264)   Other: 0.0ms
[2026-04-19T22:10:37.277+0100][21.519s][info][gc,heap     ] GC(264) Eden regions: 112->0(112)
[2026-04-19T22:10:37.277+0100][21.519s][info][gc,heap     ] GC(264) Survivor regions: 1->1(15)
[2026-04-19T22:10:37.277+0100][21.519s][info][gc,heap     ] GC(264) Old regions: 6->6
[2026-04-19T22:10:37.277+0100][21.519s][info][gc,heap     ] GC(264) Humongous regions: 0->0
[2026-04-19T22:10:37.277+0100][21.519s][info][gc,metaspace] GC(264) Metaspace: 247K(448K)->247K(448K) NonClass: 235K(320K)->235K(320K) Class: 12K(128K)->12K(128K)
[2026-04-19T22:10:37.277+0100][21.519s][info][gc          ] GC(264) Pause Young (Normal) (G1 Evacuation Pause) 117M->5M(189M) 0.617ms
[2026-04-19T22:10:37.277+0100][21.519s][info][gc,cpu      ] GC(264) User=0.00s Sys=0.00s Real=0.00s
[2026-04-19T22:10:37.357+0100][21.600s][info][gc,start    ] GC(265) Pause Young (Normal) (G1 Evacuation Pause)
[2026-04-19T22:10:37.357+0100][21.600s][info][gc,task     ] GC(265) Using 4 workers of 8 for evacuation
[2026-04-19T22:10:37.358+0100][21.600s][info][gc,phases   ] GC(265)   Pre Evacuate Collection Set: 0.1ms
[2026-04-19T22:10:37.358+0100][21.600s][info][gc,phases   ] GC(265)   Merge Heap Roots: 0.0ms
[2026-04-19T22:10:37.358+0100][21.600s][info][gc,phases   ] GC(265)   Evacuate Collection Set: 0.3ms
[2026-04-19T22:10:37.358+0100][21.600s][info][gc,phases   ] GC(265)   Post Evacuate Collection Set: 0.1ms
[2026-04-19T22:10:37.358+0100][21.600s][info][gc,phases   ] GC(265)   Other: 0.0ms
[2026-04-19T22:10:37.358+0100][21.600s][info][gc,heap     ] GC(265) Eden regions: 112->0(112)
[2026-04-19T22:10:37.358+0100][21.600s][info][gc,heap     ] GC(265) Survivor regions: 1->1(15)
[2026-04-19T22:10:37.358+0100][21.600s][info][gc,heap     ] GC(265) Old regions: 6->6
[2026-04-19T22:10:37.358+0100][21.600s][info][gc,heap     ] GC(265) Humongous regions: 0->0
[2026-04-19T22:10:37.358+0100][21.600s][info][gc,metaspace] GC(265) Metaspace: 247K(448K)->247K(448K) NonClass: 235K(320K)->235K(320K) Class: 12K(128K)->12K(128K)
[2026-04-19T22:10:37.358+0100][21.600s][info][gc          ] GC(265) Pause Young (Normal) (G1 Evacuation Pause) 117M->5M(189M) 0.588ms
[2026-04-19T22:10:37.358+0100][21.600s][info][gc,cpu      ] GC(265) User=0.00s Sys=0.00s Real=0.00s
[2026-04-19T22:10:37.440+0100][21.682s][info][gc,start    ] GC(266) Pause Young (Normal) (G1 Evacuation Pause)
[2026-04-19T22:10:37.440+0100][21.683s][info][gc,task     ] GC(266) Using 4 workers of 8 for evacuation
[2026-04-19T22:10:37.440+0100][21.683s][info][gc,phases   ] GC(266)   Pre Evacuate Collection Set: 0.1ms
[2026-04-19T22:10:37.440+0100][21.683s][info][gc,phases   ] GC(266)   Merge Heap Roots: 0.0ms
[2026-04-19T22:10:37.440+0100][21.683s][info][gc,phases   ] GC(266)   Evacuate Collection Set: 0.4ms
[2026-04-19T22:10:37.440+0100][21.683s][info][gc,phases   ] GC(266)   Post Evacuate Collection Set: 0.1ms
[2026-04-19T22:10:37.440+0100][21.683s][info][gc,phases   ] GC(266)   Other: 0.0ms
[2026-04-19T22:10:37.440+0100][21.683s][info][gc,heap     ] GC(266) Eden regions: 112->0(112)
[2026-04-19T22:10:37.440+0100][21.683s][info][gc,heap     ] GC(266) Survivor regions: 1->1(15)
[2026-04-19T22:10:37.440+0100][21.683s][info][gc,heap     ] GC(266) Old regions: 6->6
[2026-04-19T22:10:37.440+0100][21.683s][info][gc,heap     ] GC(266) Humongous regions: 0->0
[2026-04-19T22:10:37.440+0100][21.683s][info][gc,metaspace] GC(266) Metaspace: 247K(448K)->247K(448K) NonClass: 235K(320K)->235K(320K) Class: 12K(128K)->12K(128K)
[2026-04-19T22:10:37.441+0100][21.683s][info][gc          ] GC(266) Pause Young (Normal) (G1 Evacuation Pause) 117M->5M(189M) 0.788ms
[2026-04-19T22:10:37.441+0100][21.683s][info][gc,cpu      ] GC(266) User=0.00s Sys=0.00s Real=0.00s
[2026-04-19T22:10:37.521+0100][21.764s][info][gc,start    ] GC(267) Pause Young (Normal) (G1 Evacuation Pause)
[2026-04-19T22:10:37.521+0100][21.764s][info][gc,task     ] GC(267) Using 4 workers of 8 for evacuation
[2026-04-19T22:10:37.522+0100][21.765s][info][gc,phases   ] GC(267)   Pre Evacuate Collection Set: 0.1ms
[2026-04-19T22:10:37.522+0100][21.765s][info][gc,phases   ] GC(267)   Merge Heap Roots: 0.0ms
[2026-04-19T22:10:37.522+0100][21.765s][info][gc,phases   ] GC(267)   Evacuate Collection Set: 0.3ms
[2026-04-19T22:10:37.522+0100][21.765s][info][gc,phases   ] GC(267)   Post Evacuate Collection Set: 0.1ms
[2026-04-19T22:10:37.522+0100][21.765s][info][gc,phases   ] GC(267)   Other: 0.0ms
[2026-04-19T22:10:37.522+0100][21.765s][info][gc,heap     ] GC(267) Eden regions: 112->0(112)
[2026-04-19T22:10:37.522+0100][21.765s][info][gc,heap     ] GC(267) Survivor regions: 1->1(15)
[2026-04-19T22:10:37.522+0100][21.765s][info][gc,heap     ] GC(267) Old regions: 6->6
[2026-04-19T22:10:37.522+0100][21.765s][info][gc,heap     ] GC(267) Humongous regions: 0->0
[2026-04-19T22:10:37.522+0100][21.765s][info][gc,metaspace] GC(267) Metaspace: 247K(448K)->247K(448K) NonClass: 235K(320K)->235K(320K) Class: 12K(128K)->12K(128K)
[2026-04-19T22:10:37.522+0100][21.765s][info][gc          ] GC(267) Pause Young (Normal) (G1 Evacuation Pause) 117M->5M(189M) 0.613ms
[2026-04-19T22:10:37.522+0100][21.765s][info][gc,cpu      ] GC(267) User=0.00s Sys=0.00s Real=0.00s
[2026-04-19T22:10:37.608+0100][21.851s][info][gc,start    ] GC(268) Pause Young (Normal) (G1 Evacuation Pause)
[2026-04-19T22:10:37.608+0100][21.851s][info][gc,task     ] GC(268) Using 4 workers of 8 for evacuation
[2026-04-19T22:10:37.609+0100][21.852s][info][gc,phases   ] GC(268)   Pre Evacuate Collection Set: 0.1ms
[2026-04-19T22:10:37.609+0100][21.852s][info][gc,phases   ] GC(268)   Merge Heap Roots: 0.1ms
[2026-04-19T22:10:37.609+0100][21.852s][info][gc,phases   ] GC(268)   Evacuate Collection Set: 0.7ms
[2026-04-19T22:10:37.609+0100][21.852s][info][gc,phases   ] GC(268)   Post Evacuate Collection Set: 0.1ms
[2026-04-19T22:10:37.609+0100][21.852s][info][gc,phases   ] GC(268)   Other: 0.0ms
[2026-04-19T22:10:37.609+0100][21.852s][info][gc,heap     ] GC(268) Eden regions: 112->0(112)
[2026-04-19T22:10:37.609+0100][21.852s][info][gc,heap     ] GC(268) Survivor regions: 1->1(15)
[2026-04-19T22:10:37.609+0100][21.852s][info][gc,heap     ] GC(268) Old regions: 6->6
[2026-04-19T22:10:37.609+0100][21.852s][info][gc,heap     ] GC(268) Humongous regions: 0->0
[2026-04-19T22:10:37.609+0100][21.852s][info][gc,metaspace] GC(268) Metaspace: 247K(448K)->247K(448K) NonClass: 235K(320K)->235K(320K) Class: 12K(128K)->12K(128K)
[2026-04-19T22:10:37.609+0100][21.852s][info][gc          ] GC(268) Pause Young (Normal) (G1 Evacuation Pause) 117M->5M(189M) 1.197ms
[2026-04-19T22:10:37.609+0100][21.852s][info][gc,cpu      ] GC(268) User=0.00s Sys=0.00s Real=0.00s
[2026-04-19T22:10:37.699+0100][21.941s][info][gc,start    ] GC(269) Pause Young (Normal) (G1 Evacuation Pause)
[2026-04-19T22:10:37.699+0100][21.941s][info][gc,task     ] GC(269) Using 4 workers of 8 for evacuation
[2026-04-19T22:10:37.699+0100][21.942s][info][gc,phases   ] GC(269)   Pre Evacuate Collection Set: 0.1ms
[2026-04-19T22:10:37.699+0100][21.942s][info][gc,phases   ] GC(269)   Merge Heap Roots: 0.0ms
[2026-04-19T22:10:37.699+0100][21.942s][info][gc,phases   ] GC(269)   Evacuate Collection Set: 0.3ms
[2026-04-19T22:10:37.699+0100][21.942s][info][gc,phases   ] GC(269)   Post Evacuate Collection Set: 0.1ms
[2026-04-19T22:10:37.699+0100][21.942s][info][gc,phases   ] GC(269)   Other: 0.0ms
[2026-04-19T22:10:37.699+0100][21.942s][info][gc,heap     ] GC(269) Eden regions: 112->0(112)
[2026-04-19T22:10:37.699+0100][21.942s][info][gc,heap     ] GC(269) Survivor regions: 1->1(15)
[2026-04-19T22:10:37.699+0100][21.942s][info][gc,heap     ] GC(269) Old regions: 6->6
[2026-04-19T22:10:37.699+0100][21.942s][info][gc,heap     ] GC(269) Humongous regions: 0->0
[2026-04-19T22:10:37.699+0100][21.942s][info][gc,metaspace] GC(269) Metaspace: 247K(448K)->247K(448K) NonClass: 235K(320K)->235K(320K) Class: 12K(128K)->12K(128K)
[2026-04-19T22:10:37.699+0100][21.942s][info][gc          ] GC(269) Pause Young (Normal) (G1 Evacuation Pause) 117M->5M(189M) 0.673ms
[2026-04-19T22:10:37.699+0100][21.942s][info][gc,cpu      ] GC(269) User=0.00s Sys=0.00s Real=0.00s
[2026-04-19T22:10:37.782+0100][22.024s][info][gc,start    ] GC(270) Pause Young (Normal) (G1 Evacuation Pause)
[2026-04-19T22:10:37.782+0100][22.024s][info][gc,task     ] GC(270) Using 4 workers of 8 for evacuation
[2026-04-19T22:10:37.782+0100][22.025s][info][gc,phases   ] GC(270)   Pre Evacuate Collection Set: 0.1ms
[2026-04-19T22:10:37.782+0100][22.025s][info][gc,phases   ] GC(270)   Merge Heap Roots: 0.0ms
[2026-04-19T22:10:37.782+0100][22.025s][info][gc,phases   ] GC(270)   Evacuate Collection Set: 0.3ms
[2026-04-19T22:10:37.782+0100][22.025s][info][gc,phases   ] GC(270)   Post Evacuate Collection Set: 0.1ms
[2026-04-19T22:10:37.782+0100][22.025s][info][gc,phases   ] GC(270)   Other: 0.0ms
[2026-04-19T22:10:37.782+0100][22.025s][info][gc,heap     ] GC(270) Eden regions: 112->0(112)
[2026-04-19T22:10:37.782+0100][22.025s][info][gc,heap     ] GC(270) Survivor regions: 1->1(15)
[2026-04-19T22:10:37.782+0100][22.025s][info][gc,heap     ] GC(270) Old regions: 6->6
[2026-04-19T22:10:37.782+0100][22.025s][info][gc,heap     ] GC(270) Humongous regions: 0->0
[2026-04-19T22:10:37.782+0100][22.025s][info][gc,metaspace] GC(270) Metaspace: 247K(448K)->247K(448K) NonClass: 235K(320K)->235K(320K) Class: 12K(128K)->12K(128K)
[2026-04-19T22:10:37.782+0100][22.025s][info][gc          ] GC(270) Pause Young (Normal) (G1 Evacuation Pause) 117M->5M(189M) 0.658ms
[2026-04-19T22:10:37.782+0100][22.025s][info][gc,cpu      ] GC(270) User=0.01s Sys=0.00s Real=0.00s
[2026-04-19T22:10:37.863+0100][22.106s][info][gc,start    ] GC(271) Pause Young (Normal) (G1 Evacuation Pause)
[2026-04-19T22:10:37.863+0100][22.106s][info][gc,task     ] GC(271) Using 4 workers of 8 for evacuation
[2026-04-19T22:10:37.864+0100][22.107s][info][gc,phases   ] GC(271)   Pre Evacuate Collection Set: 0.1ms
[2026-04-19T22:10:37.864+0100][22.107s][info][gc,phases   ] GC(271)   Merge Heap Roots: 0.0ms
[2026-04-19T22:10:37.864+0100][22.107s][info][gc,phases   ] GC(271)   Evacuate Collection Set: 0.3ms
[2026-04-19T22:10:37.864+0100][22.107s][info][gc,phases   ] GC(271)   Post Evacuate Collection Set: 0.1ms
[2026-04-19T22:10:37.864+0100][22.107s][info][gc,phases   ] GC(271)   Other: 0.0ms
[2026-04-19T22:10:37.864+0100][22.107s][info][gc,heap     ] GC(271) Eden regions: 112->0(112)
[2026-04-19T22:10:37.864+0100][22.107s][info][gc,heap     ] GC(271) Survivor regions: 1->1(15)
[2026-04-19T22:10:37.864+0100][22.107s][info][gc,heap     ] GC(271) Old regions: 6->6
[2026-04-19T22:10:37.864+0100][22.107s][info][gc,heap     ] GC(271) Humongous regions: 0->0
[2026-04-19T22:10:37.864+0100][22.107s][info][gc,metaspace] GC(271) Metaspace: 247K(448K)->247K(448K) NonClass: 235K(320K)->235K(320K) Class: 12K(128K)->12K(128K)
[2026-04-19T22:10:37.864+0100][22.107s][info][gc          ] GC(271) Pause Young (Normal) (G1 Evacuation Pause) 117M->5M(189M) 0.656ms
[2026-04-19T22:10:37.864+0100][22.107s][info][gc,cpu      ] GC(271) User=0.00s Sys=0.00s Real=0.00s
[2026-04-19T22:10:37.945+0100][22.188s][info][gc,start    ] GC(272) Pause Young (Normal) (G1 Evacuation Pause)
[2026-04-19T22:10:37.945+0100][22.188s][info][gc,task     ] GC(272) Using 4 workers of 8 for evacuation
[2026-04-19T22:10:37.945+0100][22.188s][info][gc,phases   ] GC(272)   Pre Evacuate Collection Set: 0.1ms
[2026-04-19T22:10:37.945+0100][22.188s][info][gc,phases   ] GC(272)   Merge Heap Roots: 0.0ms
[2026-04-19T22:10:37.945+0100][22.188s][info][gc,phases   ] GC(272)   Evacuate Collection Set: 0.4ms
[2026-04-19T22:10:37.945+0100][22.188s][info][gc,phases   ] GC(272)   Post Evacuate Collection Set: 0.1ms
[2026-04-19T22:10:37.945+0100][22.188s][info][gc,phases   ] GC(272)   Other: 0.0ms
[2026-04-19T22:10:37.946+0100][22.188s][info][gc,heap     ] GC(272) Eden regions: 112->0(112)
[2026-04-19T22:10:37.946+0100][22.188s][info][gc,heap     ] GC(272) Survivor regions: 1->1(15)
[2026-04-19T22:10:37.946+0100][22.188s][info][gc,heap     ] GC(272) Old regions: 6->6
[2026-04-19T22:10:37.946+0100][22.188s][info][gc,heap     ] GC(272) Humongous regions: 0->0
[2026-04-19T22:10:37.946+0100][22.188s][info][gc,metaspace] GC(272) Metaspace: 247K(448K)->247K(448K) NonClass: 235K(320K)->235K(320K) Class: 12K(128K)->12K(128K)
[2026-04-19T22:10:37.946+0100][22.188s][info][gc          ] GC(272) Pause Young (Normal) (G1 Evacuation Pause) 117M->5M(189M) 0.658ms
[2026-04-19T22:10:37.946+0100][22.188s][info][gc,cpu      ] GC(272) User=0.00s Sys=0.00s Real=0.00s
[2026-04-19T22:10:38.029+0100][22.272s][info][gc,start    ] GC(273) Pause Young (Normal) (G1 Evacuation Pause)
[2026-04-19T22:10:38.030+0100][22.272s][info][gc,task     ] GC(273) Using 4 workers of 8 for evacuation
[2026-04-19T22:10:38.030+0100][22.273s][info][gc,phases   ] GC(273)   Pre Evacuate Collection Set: 0.0ms
[2026-04-19T22:10:38.030+0100][22.273s][info][gc,phases   ] GC(273)   Merge Heap Roots: 0.0ms
[2026-04-19T22:10:38.030+0100][22.273s][info][gc,phases   ] GC(273)   Evacuate Collection Set: 0.3ms
[2026-04-19T22:10:38.030+0100][22.273s][info][gc,phases   ] GC(273)   Post Evacuate Collection Set: 0.1ms
[2026-04-19T22:10:38.030+0100][22.273s][info][gc,phases   ] GC(273)   Other: 0.0ms
[2026-04-19T22:10:38.030+0100][22.273s][info][gc,heap     ] GC(273) Eden regions: 112->0(112)
[2026-04-19T22:10:38.030+0100][22.273s][info][gc,heap     ] GC(273) Survivor regions: 1->1(15)
[2026-04-19T22:10:38.030+0100][22.273s][info][gc,heap     ] GC(273) Old regions: 6->6
[2026-04-19T22:10:38.030+0100][22.273s][info][gc,heap     ] GC(273) Humongous regions: 0->0
[2026-04-19T22:10:38.030+0100][22.273s][info][gc,metaspace] GC(273) Metaspace: 247K(448K)->247K(448K) NonClass: 235K(320K)->235K(320K) Class: 12K(128K)->12K(128K)
[2026-04-19T22:10:38.030+0100][22.273s][info][gc          ] GC(273) Pause Young (Normal) (G1 Evacuation Pause) 117M->5M(189M) 0.575ms
[2026-04-19T22:10:38.030+0100][22.273s][info][gc,cpu      ] GC(273) User=0.00s Sys=0.00s Real=0.01s
[2026-04-19T22:10:38.111+0100][22.353s][info][gc,start    ] GC(274) Pause Young (Normal) (G1 Evacuation Pause)
[2026-04-19T22:10:38.111+0100][22.354s][info][gc,task     ] GC(274) Using 4 workers of 8 for evacuation
[2026-04-19T22:10:38.111+0100][22.354s][info][gc,phases   ] GC(274)   Pre Evacuate Collection Set: 0.0ms
[2026-04-19T22:10:38.111+0100][22.354s][info][gc,phases   ] GC(274)   Merge Heap Roots: 0.0ms
[2026-04-19T22:10:38.111+0100][22.354s][info][gc,phases   ] GC(274)   Evacuate Collection Set: 0.3ms
[2026-04-19T22:10:38.111+0100][22.354s][info][gc,phases   ] GC(274)   Post Evacuate Collection Set: 0.1ms
[2026-04-19T22:10:38.111+0100][22.354s][info][gc,phases   ] GC(274)   Other: 0.0ms
[2026-04-19T22:10:38.111+0100][22.354s][info][gc,heap     ] GC(274) Eden regions: 112->0(112)
[2026-04-19T22:10:38.111+0100][22.354s][info][gc,heap     ] GC(274) Survivor regions: 1->1(15)
[2026-04-19T22:10:38.111+0100][22.354s][info][gc,heap     ] GC(274) Old regions: 6->6
[2026-04-19T22:10:38.111+0100][22.354s][info][gc,heap     ] GC(274) Humongous regions: 0->0
[2026-04-19T22:10:38.111+0100][22.354s][info][gc,metaspace] GC(274) Metaspace: 247K(448K)->247K(448K) NonClass: 235K(320K)->235K(320K) Class: 12K(128K)->12K(128K)
[2026-04-19T22:10:38.111+0100][22.354s][info][gc          ] GC(274) Pause Young (Normal) (G1 Evacuation Pause) 117M->5M(189M) 0.679ms
[2026-04-19T22:10:38.111+0100][22.354s][info][gc,cpu      ] GC(274) User=0.01s Sys=0.00s Real=0.00s
[2026-04-19T22:10:38.191+0100][22.434s][info][gc,start    ] GC(275) Pause Young (Normal) (G1 Evacuation Pause)
[2026-04-19T22:10:38.191+0100][22.434s][info][gc,task     ] GC(275) Using 4 workers of 8 for evacuation
[2026-04-19T22:10:38.192+0100][22.435s][info][gc,phases   ] GC(275)   Pre Evacuate Collection Set: 0.1ms
[2026-04-19T22:10:38.192+0100][22.435s][info][gc,phases   ] GC(275)   Merge Heap Roots: 0.0ms
[2026-04-19T22:10:38.192+0100][22.435s][info][gc,phases   ] GC(275)   Evacuate Collection Set: 0.3ms
[2026-04-19T22:10:38.192+0100][22.435s][info][gc,phases   ] GC(275)   Post Evacuate Collection Set: 0.1ms
[2026-04-19T22:10:38.192+0100][22.435s][info][gc,phases   ] GC(275)   Other: 0.0ms
[2026-04-19T22:10:38.192+0100][22.435s][info][gc,heap     ] GC(275) Eden regions: 112->0(112)
[2026-04-19T22:10:38.192+0100][22.435s][info][gc,heap     ] GC(275) Survivor regions: 1->1(15)
[2026-04-19T22:10:38.192+0100][22.435s][info][gc,heap     ] GC(275) Old regions: 6->6
[2026-04-19T22:10:38.192+0100][22.435s][info][gc,heap     ] GC(275) Humongous regions: 0->0
[2026-04-19T22:10:38.192+0100][22.435s][info][gc,metaspace] GC(275) Metaspace: 247K(448K)->247K(448K) NonClass: 235K(320K)->235K(320K) Class: 12K(128K)->12K(128K)
[2026-04-19T22:10:38.192+0100][22.435s][info][gc          ] GC(275) Pause Young (Normal) (G1 Evacuation Pause) 117M->5M(189M) 0.623ms
[2026-04-19T22:10:38.192+0100][22.435s][info][gc,cpu      ] GC(275) User=0.00s Sys=0.00s Real=0.00s
[2026-04-19T22:10:38.273+0100][22.515s][info][gc,start    ] GC(276) Pause Young (Normal) (G1 Evacuation Pause)
[2026-04-19T22:10:38.273+0100][22.515s][info][gc,task     ] GC(276) Using 4 workers of 8 for evacuation
[2026-04-19T22:10:38.273+0100][22.516s][info][gc,phases   ] GC(276)   Pre Evacuate Collection Set: 0.1ms
[2026-04-19T22:10:38.273+0100][22.516s][info][gc,phases   ] GC(276)   Merge Heap Roots: 0.0ms
[2026-04-19T22:10:38.273+0100][22.516s][info][gc,phases   ] GC(276)   Evacuate Collection Set: 0.3ms
[2026-04-19T22:10:38.273+0100][22.516s][info][gc,phases   ] GC(276)   Post Evacuate Collection Set: 0.1ms
[2026-04-19T22:10:38.273+0100][22.516s][info][gc,phases   ] GC(276)   Other: 0.0ms
[2026-04-19T22:10:38.273+0100][22.516s][info][gc,heap     ] GC(276) Eden regions: 112->0(112)
[2026-04-19T22:10:38.273+0100][22.516s][info][gc,heap     ] GC(276) Survivor regions: 1->1(15)
[2026-04-19T22:10:38.273+0100][22.516s][info][gc,heap     ] GC(276) Old regions: 6->6
[2026-04-19T22:10:38.273+0100][22.516s][info][gc,heap     ] GC(276) Humongous regions: 0->0
[2026-04-19T22:10:38.273+0100][22.516s][info][gc,metaspace] GC(276) Metaspace: 247K(448K)->247K(448K) NonClass: 235K(320K)->235K(320K) Class: 12K(128K)->12K(128K)
[2026-04-19T22:10:38.273+0100][22.516s][info][gc          ] GC(276) Pause Young (Normal) (G1 Evacuation Pause) 117M->5M(189M) 0.616ms
[2026-04-19T22:10:38.273+0100][22.516s][info][gc,cpu      ] GC(276) User=0.00s Sys=0.00s Real=0.00s
[2026-04-19T22:10:38.354+0100][22.597s][info][gc,start    ] GC(277) Pause Young (Normal) (G1 Evacuation Pause)
[2026-04-19T22:10:38.354+0100][22.597s][info][gc,task     ] GC(277) Using 4 workers of 8 for evacuation
[2026-04-19T22:10:38.354+0100][22.597s][info][gc,phases   ] GC(277)   Pre Evacuate Collection Set: 0.1ms
[2026-04-19T22:10:38.355+0100][22.597s][info][gc,phases   ] GC(277)   Merge Heap Roots: 0.0ms
[2026-04-19T22:10:38.355+0100][22.597s][info][gc,phases   ] GC(277)   Evacuate Collection Set: 0.3ms
[2026-04-19T22:10:38.355+0100][22.597s][info][gc,phases   ] GC(277)   Post Evacuate Collection Set: 0.1ms
[2026-04-19T22:10:38.355+0100][22.597s][info][gc,phases   ] GC(277)   Other: 0.0ms
[2026-04-19T22:10:38.355+0100][22.597s][info][gc,heap     ] GC(277) Eden regions: 112->0(112)
[2026-04-19T22:10:38.355+0100][22.597s][info][gc,heap     ] GC(277) Survivor regions: 1->1(15)
[2026-04-19T22:10:38.355+0100][22.597s][info][gc,heap     ] GC(277) Old regions: 6->6
[2026-04-19T22:10:38.355+0100][22.597s][info][gc,heap     ] GC(277) Humongous regions: 0->0
[2026-04-19T22:10:38.355+0100][22.597s][info][gc,metaspace] GC(277) Metaspace: 247K(448K)->247K(448K) NonClass: 235K(320K)->235K(320K) Class: 12K(128K)->12K(128K)
[2026-04-19T22:10:38.355+0100][22.597s][info][gc          ] GC(277) Pause Young (Normal) (G1 Evacuation Pause) 117M->5M(189M) 0.602ms
[2026-04-19T22:10:38.355+0100][22.597s][info][gc,cpu      ] GC(277) User=0.00s Sys=0.01s Real=0.00s
[2026-04-19T22:10:38.435+0100][22.678s][info][gc,start    ] GC(278) Pause Young (Normal) (G1 Evacuation Pause)
[2026-04-19T22:10:38.435+0100][22.678s][info][gc,task     ] GC(278) Using 4 workers of 8 for evacuation
[2026-04-19T22:10:38.436+0100][22.679s][info][gc,phases   ] GC(278)   Pre Evacuate Collection Set: 0.1ms
[2026-04-19T22:10:38.436+0100][22.679s][info][gc,phases   ] GC(278)   Merge Heap Roots: 0.0ms
[2026-04-19T22:10:38.436+0100][22.679s][info][gc,phases   ] GC(278)   Evacuate Collection Set: 0.3ms
[2026-04-19T22:10:38.436+0100][22.679s][info][gc,phases   ] GC(278)   Post Evacuate Collection Set: 0.1ms
[2026-04-19T22:10:38.436+0100][22.679s][info][gc,phases   ] GC(278)   Other: 0.0ms
[2026-04-19T22:10:38.436+0100][22.679s][info][gc,heap     ] GC(278) Eden regions: 112->0(112)
[2026-04-19T22:10:38.436+0100][22.679s][info][gc,heap     ] GC(278) Survivor regions: 1->1(15)
[2026-04-19T22:10:38.436+0100][22.679s][info][gc,heap     ] GC(278) Old regions: 6->6
[2026-04-19T22:10:38.436+0100][22.679s][info][gc,heap     ] GC(278) Humongous regions: 0->0
[2026-04-19T22:10:38.436+0100][22.679s][info][gc,metaspace] GC(278) Metaspace: 247K(448K)->247K(448K) NonClass: 235K(320K)->235K(320K) Class: 12K(128K)->12K(128K)
[2026-04-19T22:10:38.436+0100][22.679s][info][gc          ] GC(278) Pause Young (Normal) (G1 Evacuation Pause) 117M->5M(189M) 0.623ms
[2026-04-19T22:10:38.436+0100][22.679s][info][gc,cpu      ] GC(278) User=0.00s Sys=0.00s Real=0.00s
[2026-04-19T22:10:38.517+0100][22.759s][info][gc,start    ] GC(279) Pause Young (Normal) (G1 Evacuation Pause)
[2026-04-19T22:10:38.517+0100][22.759s][info][gc,task     ] GC(279) Using 4 workers of 8 for evacuation
[2026-04-19T22:10:38.517+0100][22.760s][info][gc,phases   ] GC(279)   Pre Evacuate Collection Set: 0.1ms
[2026-04-19T22:10:38.517+0100][22.760s][info][gc,phases   ] GC(279)   Merge Heap Roots: 0.0ms
[2026-04-19T22:10:38.517+0100][22.760s][info][gc,phases   ] GC(279)   Evacuate Collection Set: 0.3ms
[2026-04-19T22:10:38.517+0100][22.760s][info][gc,phases   ] GC(279)   Post Evacuate Collection Set: 0.1ms
[2026-04-19T22:10:38.517+0100][22.760s][info][gc,phases   ] GC(279)   Other: 0.0ms
[2026-04-19T22:10:38.517+0100][22.760s][info][gc,heap     ] GC(279) Eden regions: 112->0(112)
[2026-04-19T22:10:38.517+0100][22.760s][info][gc,heap     ] GC(279) Survivor regions: 1->1(15)
[2026-04-19T22:10:38.517+0100][22.760s][info][gc,heap     ] GC(279) Old regions: 6->6
[2026-04-19T22:10:38.517+0100][22.760s][info][gc,heap     ] GC(279) Humongous regions: 0->0
[2026-04-19T22:10:38.517+0100][22.760s][info][gc,metaspace] GC(279) Metaspace: 247K(448K)->247K(448K) NonClass: 235K(320K)->235K(320K) Class: 12K(128K)->12K(128K)
[2026-04-19T22:10:38.517+0100][22.760s][info][gc          ] GC(279) Pause Young (Normal) (G1 Evacuation Pause) 117M->5M(189M) 0.594ms
[2026-04-19T22:10:38.517+0100][22.760s][info][gc,cpu      ] GC(279) User=0.00s Sys=0.00s Real=0.00s
[2026-04-19T22:10:38.604+0100][22.847s][info][gc,start    ] GC(280) Pause Young (Normal) (G1 Evacuation Pause)
[2026-04-19T22:10:38.604+0100][22.847s][info][gc,task     ] GC(280) Using 4 workers of 8 for evacuation
[2026-04-19T22:10:38.604+0100][22.847s][info][gc,phases   ] GC(280)   Pre Evacuate Collection Set: 0.1ms
[2026-04-19T22:10:38.604+0100][22.847s][info][gc,phases   ] GC(280)   Merge Heap Roots: 0.0ms
[2026-04-19T22:10:38.604+0100][22.847s][info][gc,phases   ] GC(280)   Evacuate Collection Set: 0.3ms
[2026-04-19T22:10:38.604+0100][22.847s][info][gc,phases   ] GC(280)   Post Evacuate Collection Set: 0.1ms
[2026-04-19T22:10:38.604+0100][22.847s][info][gc,phases   ] GC(280)   Other: 0.0ms
[2026-04-19T22:10:38.604+0100][22.847s][info][gc,heap     ] GC(280) Eden regions: 112->0(112)
[2026-04-19T22:10:38.604+0100][22.847s][info][gc,heap     ] GC(280) Survivor regions: 1->1(15)
[2026-04-19T22:10:38.604+0100][22.847s][info][gc,heap     ] GC(280) Old regions: 6->6
[2026-04-19T22:10:38.604+0100][22.847s][info][gc,heap     ] GC(280) Humongous regions: 0->0
[2026-04-19T22:10:38.604+0100][22.847s][info][gc,metaspace] GC(280) Metaspace: 247K(448K)->247K(448K) NonClass: 235K(320K)->235K(320K) Class: 12K(128K)->12K(128K)
[2026-04-19T22:10:38.604+0100][22.847s][info][gc          ] GC(280) Pause Young (Normal) (G1 Evacuation Pause) 117M->5M(189M) 0.661ms
[2026-04-19T22:10:38.604+0100][22.847s][info][gc,cpu      ] GC(280) User=0.00s Sys=0.00s Real=0.00s
[2026-04-19T22:10:38.685+0100][22.928s][info][gc,start    ] GC(281) Pause Young (Normal) (G1 Evacuation Pause)
[2026-04-19T22:10:38.685+0100][22.928s][info][gc,task     ] GC(281) Using 4 workers of 8 for evacuation
[2026-04-19T22:10:38.686+0100][22.929s][info][gc,phases   ] GC(281)   Pre Evacuate Collection Set: 0.1ms
[2026-04-19T22:10:38.686+0100][22.929s][info][gc,phases   ] GC(281)   Merge Heap Roots: 0.0ms
[2026-04-19T22:10:38.686+0100][22.929s][info][gc,phases   ] GC(281)   Evacuate Collection Set: 0.3ms
[2026-04-19T22:10:38.686+0100][22.929s][info][gc,phases   ] GC(281)   Post Evacuate Collection Set: 0.1ms
[2026-04-19T22:10:38.686+0100][22.929s][info][gc,phases   ] GC(281)   Other: 0.0ms
[2026-04-19T22:10:38.686+0100][22.929s][info][gc,heap     ] GC(281) Eden regions: 112->0(112)
[2026-04-19T22:10:38.686+0100][22.929s][info][gc,heap     ] GC(281) Survivor regions: 1->1(15)
[2026-04-19T22:10:38.686+0100][22.929s][info][gc,heap     ] GC(281) Old regions: 6->6
[2026-04-19T22:10:38.686+0100][22.929s][info][gc,heap     ] GC(281) Humongous regions: 0->0
[2026-04-19T22:10:38.686+0100][22.929s][info][gc,metaspace] GC(281) Metaspace: 247K(448K)->247K(448K) NonClass: 235K(320K)->235K(320K) Class: 12K(128K)->12K(128K)
[2026-04-19T22:10:38.686+0100][22.929s][info][gc          ] GC(281) Pause Young (Normal) (G1 Evacuation Pause) 117M->5M(189M) 0.610ms
[2026-04-19T22:10:38.686+0100][22.929s][info][gc,cpu      ] GC(281) User=0.00s Sys=0.00s Real=0.00s
[2026-04-19T22:10:38.766+0100][23.009s][info][gc,start    ] GC(282) Pause Young (Normal) (G1 Evacuation Pause)
[2026-04-19T22:10:38.766+0100][23.009s][info][gc,task     ] GC(282) Using 4 workers of 8 for evacuation
[2026-04-19T22:10:38.767+0100][23.010s][info][gc,phases   ] GC(282)   Pre Evacuate Collection Set: 0.1ms
[2026-04-19T22:10:38.767+0100][23.010s][info][gc,phases   ] GC(282)   Merge Heap Roots: 0.0ms
[2026-04-19T22:10:38.767+0100][23.010s][info][gc,phases   ] GC(282)   Evacuate Collection Set: 0.3ms
[2026-04-19T22:10:38.767+0100][23.010s][info][gc,phases   ] GC(282)   Post Evacuate Collection Set: 0.1ms
[2026-04-19T22:10:38.767+0100][23.010s][info][gc,phases   ] GC(282)   Other: 0.0ms
[2026-04-19T22:10:38.767+0100][23.010s][info][gc,heap     ] GC(282) Eden regions: 112->0(112)
[2026-04-19T22:10:38.767+0100][23.010s][info][gc,heap     ] GC(282) Survivor regions: 1->1(15)
[2026-04-19T22:10:38.767+0100][23.010s][info][gc,heap     ] GC(282) Old regions: 6->6
[2026-04-19T22:10:38.767+0100][23.010s][info][gc,heap     ] GC(282) Humongous regions: 0->0
[2026-04-19T22:10:38.767+0100][23.010s][info][gc,metaspace] GC(282) Metaspace: 247K(448K)->247K(448K) NonClass: 235K(320K)->235K(320K) Class: 12K(128K)->12K(128K)
[2026-04-19T22:10:38.767+0100][23.010s][info][gc          ] GC(282) Pause Young (Normal) (G1 Evacuation Pause) 117M->5M(189M) 0.639ms
[2026-04-19T22:10:38.767+0100][23.010s][info][gc,cpu      ] GC(282) User=0.01s Sys=0.00s Real=0.00s
[2026-04-19T22:10:38.847+0100][23.090s][info][gc,start    ] GC(283) Pause Young (Normal) (G1 Evacuation Pause)
[2026-04-19T22:10:38.847+0100][23.090s][info][gc,task     ] GC(283) Using 4 workers of 8 for evacuation
[2026-04-19T22:10:38.848+0100][23.090s][info][gc,phases   ] GC(283)   Pre Evacuate Collection Set: 0.1ms
[2026-04-19T22:10:38.848+0100][23.090s][info][gc,phases   ] GC(283)   Merge Heap Roots: 0.0ms
[2026-04-19T22:10:38.848+0100][23.090s][info][gc,phases   ] GC(283)   Evacuate Collection Set: 0.3ms
[2026-04-19T22:10:38.848+0100][23.090s][info][gc,phases   ] GC(283)   Post Evacuate Collection Set: 0.1ms
[2026-04-19T22:10:38.848+0100][23.090s][info][gc,phases   ] GC(283)   Other: 0.0ms
[2026-04-19T22:10:38.848+0100][23.090s][info][gc,heap     ] GC(283) Eden regions: 112->0(112)
[2026-04-19T22:10:38.848+0100][23.090s][info][gc,heap     ] GC(283) Survivor regions: 1->1(15)
[2026-04-19T22:10:38.848+0100][23.090s][info][gc,heap     ] GC(283) Old regions: 6->6
[2026-04-19T22:10:38.848+0100][23.090s][info][gc,heap     ] GC(283) Humongous regions: 0->0
[2026-04-19T22:10:38.848+0100][23.090s][info][gc,metaspace] GC(283) Metaspace: 247K(448K)->247K(448K) NonClass: 235K(320K)->235K(320K) Class: 12K(128K)->12K(128K)
[2026-04-19T22:10:38.848+0100][23.090s][info][gc          ] GC(283) Pause Young (Normal) (G1 Evacuation Pause) 117M->5M(189M) 0.616ms
[2026-04-19T22:10:38.848+0100][23.090s][info][gc,cpu      ] GC(283) User=0.00s Sys=0.00s Real=0.00s
[2026-04-19T22:10:38.928+0100][23.170s][info][gc,start    ] GC(284) Pause Young (Normal) (G1 Evacuation Pause)
[2026-04-19T22:10:38.928+0100][23.170s][info][gc,task     ] GC(284) Using 4 workers of 8 for evacuation
[2026-04-19T22:10:38.928+0100][23.171s][info][gc,phases   ] GC(284)   Pre Evacuate Collection Set: 0.1ms
[2026-04-19T22:10:38.928+0100][23.171s][info][gc,phases   ] GC(284)   Merge Heap Roots: 0.0ms
[2026-04-19T22:10:38.928+0100][23.171s][info][gc,phases   ] GC(284)   Evacuate Collection Set: 0.3ms
[2026-04-19T22:10:38.928+0100][23.171s][info][gc,phases   ] GC(284)   Post Evacuate Collection Set: 0.1ms
[2026-04-19T22:10:38.928+0100][23.171s][info][gc,phases   ] GC(284)   Other: 0.0ms
[2026-04-19T22:10:38.928+0100][23.171s][info][gc,heap     ] GC(284) Eden regions: 112->0(112)
[2026-04-19T22:10:38.928+0100][23.171s][info][gc,heap     ] GC(284) Survivor regions: 1->1(15)
[2026-04-19T22:10:38.928+0100][23.171s][info][gc,heap     ] GC(284) Old regions: 6->6
[2026-04-19T22:10:38.928+0100][23.171s][info][gc,heap     ] GC(284) Humongous regions: 0->0
[2026-04-19T22:10:38.928+0100][23.171s][info][gc,metaspace] GC(284) Metaspace: 247K(448K)->247K(448K) NonClass: 235K(320K)->235K(320K) Class: 12K(128K)->12K(128K)
[2026-04-19T22:10:38.928+0100][23.171s][info][gc          ] GC(284) Pause Young (Normal) (G1 Evacuation Pause) 117M->5M(189M) 0.588ms
[2026-04-19T22:10:38.928+0100][23.171s][info][gc,cpu      ] GC(284) User=0.00s Sys=0.00s Real=0.00s
[2026-04-19T22:10:39.010+0100][23.253s][info][gc,start    ] GC(285) Pause Young (Normal) (G1 Evacuation Pause)
[2026-04-19T22:10:39.010+0100][23.253s][info][gc,task     ] GC(285) Using 4 workers of 8 for evacuation
[2026-04-19T22:10:39.011+0100][23.254s][info][gc,phases   ] GC(285)   Pre Evacuate Collection Set: 0.1ms
[2026-04-19T22:10:39.011+0100][23.254s][info][gc,phases   ] GC(285)   Merge Heap Roots: 0.0ms
[2026-04-19T22:10:39.011+0100][23.254s][info][gc,phases   ] GC(285)   Evacuate Collection Set: 0.4ms
[2026-04-19T22:10:39.011+0100][23.254s][info][gc,phases   ] GC(285)   Post Evacuate Collection Set: 0.1ms
[2026-04-19T22:10:39.011+0100][23.254s][info][gc,phases   ] GC(285)   Other: 0.0ms
[2026-04-19T22:10:39.011+0100][23.254s][info][gc,heap     ] GC(285) Eden regions: 112->0(112)
[2026-04-19T22:10:39.011+0100][23.254s][info][gc,heap     ] GC(285) Survivor regions: 1->1(15)
[2026-04-19T22:10:39.011+0100][23.254s][info][gc,heap     ] GC(285) Old regions: 6->6
[2026-04-19T22:10:39.011+0100][23.254s][info][gc,heap     ] GC(285) Humongous regions: 0->0
[2026-04-19T22:10:39.011+0100][23.254s][info][gc,metaspace] GC(285) Metaspace: 247K(448K)->247K(448K) NonClass: 235K(320K)->235K(320K) Class: 12K(128K)->12K(128K)
[2026-04-19T22:10:39.011+0100][23.254s][info][gc          ] GC(285) Pause Young (Normal) (G1 Evacuation Pause) 117M->5M(189M) 0.688ms
[2026-04-19T22:10:39.011+0100][23.254s][info][gc,cpu      ] GC(285) User=0.00s Sys=0.00s Real=0.00s
[2026-04-19T22:10:39.092+0100][23.335s][info][gc,start    ] GC(286) Pause Young (Normal) (G1 Evacuation Pause)
[2026-04-19T22:10:39.093+0100][23.335s][info][gc,task     ] GC(286) Using 4 workers of 8 for evacuation
[2026-04-19T22:10:39.093+0100][23.336s][info][gc,phases   ] GC(286)   Pre Evacuate Collection Set: 0.1ms
[2026-04-19T22:10:39.093+0100][23.336s][info][gc,phases   ] GC(286)   Merge Heap Roots: 0.0ms
[2026-04-19T22:10:39.093+0100][23.336s][info][gc,phases   ] GC(286)   Evacuate Collection Set: 0.3ms
[2026-04-19T22:10:39.093+0100][23.336s][info][gc,phases   ] GC(286)   Post Evacuate Collection Set: 0.1ms
[2026-04-19T22:10:39.093+0100][23.336s][info][gc,phases   ] GC(286)   Other: 0.0ms
[2026-04-19T22:10:39.093+0100][23.336s][info][gc,heap     ] GC(286) Eden regions: 112->0(112)
[2026-04-19T22:10:39.093+0100][23.336s][info][gc,heap     ] GC(286) Survivor regions: 1->1(15)
[2026-04-19T22:10:39.093+0100][23.336s][info][gc,heap     ] GC(286) Old regions: 6->6
[2026-04-19T22:10:39.093+0100][23.336s][info][gc,heap     ] GC(286) Humongous regions: 0->0
[2026-04-19T22:10:39.093+0100][23.336s][info][gc,metaspace] GC(286) Metaspace: 247K(448K)->247K(448K) NonClass: 235K(320K)->235K(320K) Class: 12K(128K)->12K(128K)
[2026-04-19T22:10:39.093+0100][23.336s][info][gc          ] GC(286) Pause Young (Normal) (G1 Evacuation Pause) 117M->5M(189M) 0.616ms
[2026-04-19T22:10:39.093+0100][23.336s][info][gc,cpu      ] GC(286) User=0.00s Sys=0.00s Real=0.00s
[2026-04-19T22:10:39.173+0100][23.416s][info][gc,start    ] GC(287) Pause Young (Normal) (G1 Evacuation Pause)
[2026-04-19T22:10:39.173+0100][23.416s][info][gc,task     ] GC(287) Using 4 workers of 8 for evacuation
[2026-04-19T22:10:39.174+0100][23.417s][info][gc,phases   ] GC(287)   Pre Evacuate Collection Set: 0.1ms
[2026-04-19T22:10:39.174+0100][23.417s][info][gc,phases   ] GC(287)   Merge Heap Roots: 0.0ms
[2026-04-19T22:10:39.174+0100][23.417s][info][gc,phases   ] GC(287)   Evacuate Collection Set: 0.3ms
[2026-04-19T22:10:39.174+0100][23.417s][info][gc,phases   ] GC(287)   Post Evacuate Collection Set: 0.1ms
[2026-04-19T22:10:39.174+0100][23.417s][info][gc,phases   ] GC(287)   Other: 0.0ms
[2026-04-19T22:10:39.174+0100][23.417s][info][gc,heap     ] GC(287) Eden regions: 112->0(112)
[2026-04-19T22:10:39.174+0100][23.417s][info][gc,heap     ] GC(287) Survivor regions: 1->1(15)
[2026-04-19T22:10:39.174+0100][23.417s][info][gc,heap     ] GC(287) Old regions: 6->6
[2026-04-19T22:10:39.174+0100][23.417s][info][gc,heap     ] GC(287) Humongous regions: 0->0
[2026-04-19T22:10:39.174+0100][23.417s][info][gc,metaspace] GC(287) Metaspace: 247K(448K)->247K(448K) NonClass: 235K(320K)->235K(320K) Class: 12K(128K)->12K(128K)
[2026-04-19T22:10:39.174+0100][23.417s][info][gc          ] GC(287) Pause Young (Normal) (G1 Evacuation Pause) 117M->5M(189M) 0.598ms
[2026-04-19T22:10:39.174+0100][23.417s][info][gc,cpu      ] GC(287) User=0.01s Sys=0.00s Real=0.00s
[2026-04-19T22:10:39.254+0100][23.497s][info][gc,start    ] GC(288) Pause Young (Normal) (G1 Evacuation Pause)
[2026-04-19T22:10:39.254+0100][23.497s][info][gc,task     ] GC(288) Using 4 workers of 8 for evacuation
[2026-04-19T22:10:39.255+0100][23.498s][info][gc,phases   ] GC(288)   Pre Evacuate Collection Set: 0.1ms
[2026-04-19T22:10:39.255+0100][23.498s][info][gc,phases   ] GC(288)   Merge Heap Roots: 0.0ms
[2026-04-19T22:10:39.255+0100][23.498s][info][gc,phases   ] GC(288)   Evacuate Collection Set: 0.3ms
[2026-04-19T22:10:39.255+0100][23.498s][info][gc,phases   ] GC(288)   Post Evacuate Collection Set: 0.1ms
[2026-04-19T22:10:39.255+0100][23.498s][info][gc,phases   ] GC(288)   Other: 0.0ms
[2026-04-19T22:10:39.255+0100][23.498s][info][gc,heap     ] GC(288) Eden regions: 112->0(112)
[2026-04-19T22:10:39.255+0100][23.498s][info][gc,heap     ] GC(288) Survivor regions: 1->1(15)
[2026-04-19T22:10:39.255+0100][23.498s][info][gc,heap     ] GC(288) Old regions: 6->6
[2026-04-19T22:10:39.255+0100][23.498s][info][gc,heap     ] GC(288) Humongous regions: 0->0
[2026-04-19T22:10:39.255+0100][23.498s][info][gc,metaspace] GC(288) Metaspace: 247K(448K)->247K(448K) NonClass: 235K(320K)->235K(320K) Class: 12K(128K)->12K(128K)
[2026-04-19T22:10:39.255+0100][23.498s][info][gc          ] GC(288) Pause Young (Normal) (G1 Evacuation Pause) 117M->5M(189M) 0.615ms
[2026-04-19T22:10:39.255+0100][23.498s][info][gc,cpu      ] GC(288) User=0.00s Sys=0.00s Real=0.00s
[2026-04-19T22:10:39.336+0100][23.578s][info][gc,start    ] GC(289) Pause Young (Normal) (G1 Evacuation Pause)
[2026-04-19T22:10:39.336+0100][23.579s][info][gc,task     ] GC(289) Using 4 workers of 8 for evacuation
[2026-04-19T22:10:39.336+0100][23.579s][info][gc,phases   ] GC(289)   Pre Evacuate Collection Set: 0.1ms
[2026-04-19T22:10:39.336+0100][23.579s][info][gc,phases   ] GC(289)   Merge Heap Roots: 0.0ms
[2026-04-19T22:10:39.336+0100][23.579s][info][gc,phases   ] GC(289)   Evacuate Collection Set: 0.3ms
[2026-04-19T22:10:39.336+0100][23.579s][info][gc,phases   ] GC(289)   Post Evacuate Collection Set: 0.1ms
[2026-04-19T22:10:39.336+0100][23.579s][info][gc,phases   ] GC(289)   Other: 0.0ms
[2026-04-19T22:10:39.336+0100][23.579s][info][gc,heap     ] GC(289) Eden regions: 112->0(112)
[2026-04-19T22:10:39.336+0100][23.579s][info][gc,heap     ] GC(289) Survivor regions: 1->1(15)
[2026-04-19T22:10:39.336+0100][23.579s][info][gc,heap     ] GC(289) Old regions: 6->6
[2026-04-19T22:10:39.336+0100][23.579s][info][gc,heap     ] GC(289) Humongous regions: 0->0
[2026-04-19T22:10:39.336+0100][23.579s][info][gc,metaspace] GC(289) Metaspace: 247K(448K)->247K(448K) NonClass: 235K(320K)->235K(320K) Class: 12K(128K)->12K(128K)
[2026-04-19T22:10:39.336+0100][23.579s][info][gc          ] GC(289) Pause Young (Normal) (G1 Evacuation Pause) 117M->5M(189M) 0.647ms
[2026-04-19T22:10:39.336+0100][23.579s][info][gc,cpu      ] GC(289) User=0.00s Sys=0.00s Real=0.00s
[2026-04-19T22:10:39.417+0100][23.659s][info][gc,start    ] GC(290) Pause Young (Normal) (G1 Evacuation Pause)
[2026-04-19T22:10:39.417+0100][23.659s][info][gc,task     ] GC(290) Using 4 workers of 8 for evacuation
[2026-04-19T22:10:39.417+0100][23.660s][info][gc,phases   ] GC(290)   Pre Evacuate Collection Set: 0.1ms
[2026-04-19T22:10:39.417+0100][23.660s][info][gc,phases   ] GC(290)   Merge Heap Roots: 0.0ms
[2026-04-19T22:10:39.417+0100][23.660s][info][gc,phases   ] GC(290)   Evacuate Collection Set: 0.3ms
[2026-04-19T22:10:39.417+0100][23.660s][info][gc,phases   ] GC(290)   Post Evacuate Collection Set: 0.1ms
[2026-04-19T22:10:39.417+0100][23.660s][info][gc,phases   ] GC(290)   Other: 0.0ms
[2026-04-19T22:10:39.417+0100][23.660s][info][gc,heap     ] GC(290) Eden regions: 112->0(112)
[2026-04-19T22:10:39.417+0100][23.660s][info][gc,heap     ] GC(290) Survivor regions: 1->1(15)
[2026-04-19T22:10:39.417+0100][23.660s][info][gc,heap     ] GC(290) Old regions: 6->6
[2026-04-19T22:10:39.417+0100][23.660s][info][gc,heap     ] GC(290) Humongous regions: 0->0
[2026-04-19T22:10:39.417+0100][23.660s][info][gc,metaspace] GC(290) Metaspace: 247K(448K)->247K(448K) NonClass: 235K(320K)->235K(320K) Class: 12K(128K)->12K(128K)
[2026-04-19T22:10:39.417+0100][23.660s][info][gc          ] GC(290) Pause Young (Normal) (G1 Evacuation Pause) 117M->5M(189M) 0.618ms
[2026-04-19T22:10:39.417+0100][23.660s][info][gc,cpu      ] GC(290) User=0.00s Sys=0.00s Real=0.00s
[2026-04-19T22:10:39.498+0100][23.741s][info][gc,start    ] GC(291) Pause Young (Normal) (G1 Evacuation Pause)
[2026-04-19T22:10:39.498+0100][23.741s][info][gc,task     ] GC(291) Using 4 workers of 8 for evacuation
[2026-04-19T22:10:39.498+0100][23.741s][info][gc,phases   ] GC(291)   Pre Evacuate Collection Set: 0.1ms
[2026-04-19T22:10:39.499+0100][23.741s][info][gc,phases   ] GC(291)   Merge Heap Roots: 0.0ms
[2026-04-19T22:10:39.499+0100][23.741s][info][gc,phases   ] GC(291)   Evacuate Collection Set: 0.3ms
[2026-04-19T22:10:39.499+0100][23.741s][info][gc,phases   ] GC(291)   Post Evacuate Collection Set: 0.1ms
[2026-04-19T22:10:39.499+0100][23.741s][info][gc,phases   ] GC(291)   Other: 0.0ms
[2026-04-19T22:10:39.499+0100][23.741s][info][gc,heap     ] GC(291) Eden regions: 112->0(112)
[2026-04-19T22:10:39.499+0100][23.741s][info][gc,heap     ] GC(291) Survivor regions: 1->1(15)
[2026-04-19T22:10:39.499+0100][23.741s][info][gc,heap     ] GC(291) Old regions: 6->6
[2026-04-19T22:10:39.499+0100][23.741s][info][gc,heap     ] GC(291) Humongous regions: 0->0
[2026-04-19T22:10:39.499+0100][23.741s][info][gc,metaspace] GC(291) Metaspace: 247K(448K)->247K(448K) NonClass: 235K(320K)->235K(320K) Class: 12K(128K)->12K(128K)
[2026-04-19T22:10:39.499+0100][23.741s][info][gc          ] GC(291) Pause Young (Normal) (G1 Evacuation Pause) 117M->5M(189M) 0.617ms
[2026-04-19T22:10:39.499+0100][23.741s][info][gc,cpu      ] GC(291) User=0.00s Sys=0.00s Real=0.00s
[2026-04-19T22:10:39.580+0100][23.823s][info][gc,start    ] GC(292) Pause Young (Normal) (G1 Evacuation Pause)
[2026-04-19T22:10:39.580+0100][23.823s][info][gc,task     ] GC(292) Using 4 workers of 8 for evacuation
[2026-04-19T22:10:39.581+0100][23.824s][info][gc,phases   ] GC(292)   Pre Evacuate Collection Set: 0.1ms
[2026-04-19T22:10:39.581+0100][23.824s][info][gc,phases   ] GC(292)   Merge Heap Roots: 0.0ms
[2026-04-19T22:10:39.581+0100][23.824s][info][gc,phases   ] GC(292)   Evacuate Collection Set: 0.3ms
[2026-04-19T22:10:39.581+0100][23.824s][info][gc,phases   ] GC(292)   Post Evacuate Collection Set: 0.1ms
[2026-04-19T22:10:39.581+0100][23.824s][info][gc,phases   ] GC(292)   Other: 0.0ms
[2026-04-19T22:10:39.581+0100][23.824s][info][gc,heap     ] GC(292) Eden regions: 112->0(112)
[2026-04-19T22:10:39.581+0100][23.824s][info][gc,heap     ] GC(292) Survivor regions: 1->1(15)
[2026-04-19T22:10:39.581+0100][23.824s][info][gc,heap     ] GC(292) Old regions: 6->6
[2026-04-19T22:10:39.581+0100][23.824s][info][gc,heap     ] GC(292) Humongous regions: 0->0
[2026-04-19T22:10:39.581+0100][23.824s][info][gc,metaspace] GC(292) Metaspace: 247K(448K)->247K(448K) NonClass: 235K(320K)->235K(320K) Class: 12K(128K)->12K(128K)
[2026-04-19T22:10:39.581+0100][23.824s][info][gc          ] GC(292) Pause Young (Normal) (G1 Evacuation Pause) 117M->5M(189M) 0.691ms
[2026-04-19T22:10:39.581+0100][23.824s][info][gc,cpu      ] GC(292) User=0.00s Sys=0.00s Real=0.00s
[2026-04-19T22:10:39.661+0100][23.904s][info][gc,start    ] GC(293) Pause Young (Normal) (G1 Evacuation Pause)
[2026-04-19T22:10:39.661+0100][23.904s][info][gc,task     ] GC(293) Using 4 workers of 8 for evacuation
[2026-04-19T22:10:39.662+0100][23.905s][info][gc,phases   ] GC(293)   Pre Evacuate Collection Set: 0.1ms
[2026-04-19T22:10:39.662+0100][23.905s][info][gc,phases   ] GC(293)   Merge Heap Roots: 0.0ms
[2026-04-19T22:10:39.662+0100][23.905s][info][gc,phases   ] GC(293)   Evacuate Collection Set: 0.4ms
[2026-04-19T22:10:39.662+0100][23.905s][info][gc,phases   ] GC(293)   Post Evacuate Collection Set: 0.1ms
[2026-04-19T22:10:39.662+0100][23.905s][info][gc,phases   ] GC(293)   Other: 0.0ms
[2026-04-19T22:10:39.662+0100][23.905s][info][gc,heap     ] GC(293) Eden regions: 112->0(112)
[2026-04-19T22:10:39.662+0100][23.905s][info][gc,heap     ] GC(293) Survivor regions: 1->1(15)
[2026-04-19T22:10:39.662+0100][23.905s][info][gc,heap     ] GC(293) Old regions: 6->6
[2026-04-19T22:10:39.662+0100][23.905s][info][gc,heap     ] GC(293) Humongous regions: 0->0
[2026-04-19T22:10:39.662+0100][23.905s][info][gc,metaspace] GC(293) Metaspace: 247K(448K)->247K(448K) NonClass: 235K(320K)->235K(320K) Class: 12K(128K)->12K(128K)
[2026-04-19T22:10:39.662+0100][23.905s][info][gc          ] GC(293) Pause Young (Normal) (G1 Evacuation Pause) 117M->5M(189M) 0.744ms
[2026-04-19T22:10:39.662+0100][23.905s][info][gc,cpu      ] GC(293) User=0.01s Sys=0.00s Real=0.00s
[2026-04-19T22:10:39.742+0100][23.985s][info][gc,start    ] GC(294) Pause Young (Normal) (G1 Evacuation Pause)
[2026-04-19T22:10:39.743+0100][23.985s][info][gc,task     ] GC(294) Using 4 workers of 8 for evacuation
[2026-04-19T22:10:39.743+0100][23.986s][info][gc,phases   ] GC(294)   Pre Evacuate Collection Set: 0.1ms
[2026-04-19T22:10:39.743+0100][23.986s][info][gc,phases   ] GC(294)   Merge Heap Roots: 0.0ms
[2026-04-19T22:10:39.743+0100][23.986s][info][gc,phases   ] GC(294)   Evacuate Collection Set: 0.3ms
[2026-04-19T22:10:39.743+0100][23.986s][info][gc,phases   ] GC(294)   Post Evacuate Collection Set: 0.1ms
[2026-04-19T22:10:39.743+0100][23.986s][info][gc,phases   ] GC(294)   Other: 0.0ms
[2026-04-19T22:10:39.743+0100][23.986s][info][gc,heap     ] GC(294) Eden regions: 112->0(112)
[2026-04-19T22:10:39.743+0100][23.986s][info][gc,heap     ] GC(294) Survivor regions: 1->1(15)
[2026-04-19T22:10:39.743+0100][23.986s][info][gc,heap     ] GC(294) Old regions: 6->6
[2026-04-19T22:10:39.743+0100][23.986s][info][gc,heap     ] GC(294) Humongous regions: 0->0
[2026-04-19T22:10:39.743+0100][23.986s][info][gc,metaspace] GC(294) Metaspace: 247K(448K)->247K(448K) NonClass: 235K(320K)->235K(320K) Class: 12K(128K)->12K(128K)
[2026-04-19T22:10:39.743+0100][23.986s][info][gc          ] GC(294) Pause Young (Normal) (G1 Evacuation Pause) 117M->5M(189M) 0.588ms
[2026-04-19T22:10:39.743+0100][23.986s][info][gc,cpu      ] GC(294) User=0.00s Sys=0.00s Real=0.00s
[2026-04-19T22:10:39.823+0100][24.066s][info][gc,start    ] GC(295) Pause Young (Normal) (G1 Evacuation Pause)
[2026-04-19T22:10:39.823+0100][24.066s][info][gc,task     ] GC(295) Using 4 workers of 8 for evacuation
[2026-04-19T22:10:39.824+0100][24.066s][info][gc,phases   ] GC(295)   Pre Evacuate Collection Set: 0.1ms
[2026-04-19T22:10:39.824+0100][24.066s][info][gc,phases   ] GC(295)   Merge Heap Roots: 0.0ms
[2026-04-19T22:10:39.824+0100][24.066s][info][gc,phases   ] GC(295)   Evacuate Collection Set: 0.3ms
[2026-04-19T22:10:39.824+0100][24.066s][info][gc,phases   ] GC(295)   Post Evacuate Collection Set: 0.1ms
[2026-04-19T22:10:39.824+0100][24.066s][info][gc,phases   ] GC(295)   Other: 0.0ms
[2026-04-19T22:10:39.824+0100][24.066s][info][gc,heap     ] GC(295) Eden regions: 112->0(112)
[2026-04-19T22:10:39.824+0100][24.066s][info][gc,heap     ] GC(295) Survivor regions: 1->1(15)
[2026-04-19T22:10:39.824+0100][24.066s][info][gc,heap     ] GC(295) Old regions: 6->6
[2026-04-19T22:10:39.824+0100][24.066s][info][gc,heap     ] GC(295) Humongous regions: 0->0
[2026-04-19T22:10:39.824+0100][24.066s][info][gc,metaspace] GC(295) Metaspace: 247K(448K)->247K(448K) NonClass: 235K(320K)->235K(320K) Class: 12K(128K)->12K(128K)
[2026-04-19T22:10:39.824+0100][24.067s][info][gc          ] GC(295) Pause Young (Normal) (G1 Evacuation Pause) 117M->5M(189M) 0.657ms
[2026-04-19T22:10:39.824+0100][24.067s][info][gc,cpu      ] GC(295) User=0.00s Sys=0.00s Real=0.00s
[2026-04-19T22:10:39.904+0100][24.147s][info][gc,start    ] GC(296) Pause Young (Normal) (G1 Evacuation Pause)
[2026-04-19T22:10:39.904+0100][24.147s][info][gc,task     ] GC(296) Using 4 workers of 8 for evacuation
[2026-04-19T22:10:39.905+0100][24.147s][info][gc,phases   ] GC(296)   Pre Evacuate Collection Set: 0.1ms
[2026-04-19T22:10:39.905+0100][24.147s][info][gc,phases   ] GC(296)   Merge Heap Roots: 0.0ms
[2026-04-19T22:10:39.905+0100][24.148s][info][gc,phases   ] GC(296)   Evacuate Collection Set: 0.3ms
[2026-04-19T22:10:39.905+0100][24.148s][info][gc,phases   ] GC(296)   Post Evacuate Collection Set: 0.1ms
[2026-04-19T22:10:39.905+0100][24.148s][info][gc,phases   ] GC(296)   Other: 0.0ms
[2026-04-19T22:10:39.905+0100][24.148s][info][gc,heap     ] GC(296) Eden regions: 112->0(112)
[2026-04-19T22:10:39.905+0100][24.148s][info][gc,heap     ] GC(296) Survivor regions: 1->1(15)
[2026-04-19T22:10:39.905+0100][24.148s][info][gc,heap     ] GC(296) Old regions: 6->6
[2026-04-19T22:10:39.905+0100][24.148s][info][gc,heap     ] GC(296) Humongous regions: 0->0
[2026-04-19T22:10:39.905+0100][24.148s][info][gc,metaspace] GC(296) Metaspace: 247K(448K)->247K(448K) NonClass: 235K(320K)->235K(320K) Class: 12K(128K)->12K(128K)
[2026-04-19T22:10:39.905+0100][24.148s][info][gc          ] GC(296) Pause Young (Normal) (G1 Evacuation Pause) 117M->5M(189M) 0.615ms
[2026-04-19T22:10:39.905+0100][24.148s][info][gc,cpu      ] GC(296) User=0.00s Sys=0.00s Real=0.00s
[2026-04-19T22:10:39.985+0100][24.228s][info][gc,start    ] GC(297) Pause Young (Normal) (G1 Evacuation Pause)
[2026-04-19T22:10:39.985+0100][24.228s][info][gc,task     ] GC(297) Using 4 workers of 8 for evacuation
[2026-04-19T22:10:39.986+0100][24.228s][info][gc,phases   ] GC(297)   Pre Evacuate Collection Set: 0.1ms
[2026-04-19T22:10:39.986+0100][24.228s][info][gc,phases   ] GC(297)   Merge Heap Roots: 0.0ms
[2026-04-19T22:10:39.986+0100][24.228s][info][gc,phases   ] GC(297)   Evacuate Collection Set: 0.3ms
[2026-04-19T22:10:39.986+0100][24.228s][info][gc,phases   ] GC(297)   Post Evacuate Collection Set: 0.1ms
[2026-04-19T22:10:39.986+0100][24.228s][info][gc,phases   ] GC(297)   Other: 0.0ms
[2026-04-19T22:10:39.986+0100][24.228s][info][gc,heap     ] GC(297) Eden regions: 112->0(112)
[2026-04-19T22:10:39.986+0100][24.228s][info][gc,heap     ] GC(297) Survivor regions: 1->1(15)
[2026-04-19T22:10:39.986+0100][24.228s][info][gc,heap     ] GC(297) Old regions: 6->6
[2026-04-19T22:10:39.986+0100][24.228s][info][gc,heap     ] GC(297) Humongous regions: 0->0
[2026-04-19T22:10:39.986+0100][24.228s][info][gc,metaspace] GC(297) Metaspace: 247K(448K)->247K(448K) NonClass: 235K(320K)->235K(320K) Class: 12K(128K)->12K(128K)
[2026-04-19T22:10:39.986+0100][24.228s][info][gc          ] GC(297) Pause Young (Normal) (G1 Evacuation Pause) 117M->5M(189M) 0.611ms
[2026-04-19T22:10:39.986+0100][24.228s][info][gc,cpu      ] GC(297) User=0.00s Sys=0.00s Real=0.00s
[2026-04-19T22:10:40.066+0100][24.308s][info][gc,start    ] GC(298) Pause Young (Normal) (G1 Evacuation Pause)
[2026-04-19T22:10:40.066+0100][24.309s][info][gc,task     ] GC(298) Using 4 workers of 8 for evacuation
[2026-04-19T22:10:40.066+0100][24.309s][info][gc,phases   ] GC(298)   Pre Evacuate Collection Set: 0.1ms
[2026-04-19T22:10:40.066+0100][24.309s][info][gc,phases   ] GC(298)   Merge Heap Roots: 0.0ms
[2026-04-19T22:10:40.066+0100][24.309s][info][gc,phases   ] GC(298)   Evacuate Collection Set: 0.3ms
[2026-04-19T22:10:40.066+0100][24.309s][info][gc,phases   ] GC(298)   Post Evacuate Collection Set: 0.1ms
[2026-04-19T22:10:40.066+0100][24.309s][info][gc,phases   ] GC(298)   Other: 0.0ms
[2026-04-19T22:10:40.066+0100][24.309s][info][gc,heap     ] GC(298) Eden regions: 112->0(112)
[2026-04-19T22:10:40.066+0100][24.309s][info][gc,heap     ] GC(298) Survivor regions: 1->1(15)
[2026-04-19T22:10:40.066+0100][24.309s][info][gc,heap     ] GC(298) Old regions: 6->6
[2026-04-19T22:10:40.066+0100][24.309s][info][gc,heap     ] GC(298) Humongous regions: 0->0
[2026-04-19T22:10:40.066+0100][24.309s][info][gc,metaspace] GC(298) Metaspace: 247K(448K)->247K(448K) NonClass: 235K(320K)->235K(320K) Class: 12K(128K)->12K(128K)
[2026-04-19T22:10:40.066+0100][24.309s][info][gc          ] GC(298) Pause Young (Normal) (G1 Evacuation Pause) 117M->5M(189M) 0.580ms
[2026-04-19T22:10:40.066+0100][24.309s][info][gc,cpu      ] GC(298) User=0.00s Sys=0.00s Real=0.00s
[2026-04-19T22:10:40.146+0100][24.389s][info][gc,start    ] GC(299) Pause Young (Normal) (G1 Evacuation Pause)
[2026-04-19T22:10:40.146+0100][24.389s][info][gc,task     ] GC(299) Using 4 workers of 8 for evacuation
[2026-04-19T22:10:40.147+0100][24.390s][info][gc,phases   ] GC(299)   Pre Evacuate Collection Set: 0.1ms
[2026-04-19T22:10:40.147+0100][24.390s][info][gc,phases   ] GC(299)   Merge Heap Roots: 0.0ms
[2026-04-19T22:10:40.147+0100][24.390s][info][gc,phases   ] GC(299)   Evacuate Collection Set: 0.3ms
[2026-04-19T22:10:40.147+0100][24.390s][info][gc,phases   ] GC(299)   Post Evacuate Collection Set: 0.1ms
[2026-04-19T22:10:40.147+0100][24.390s][info][gc,phases   ] GC(299)   Other: 0.0ms
[2026-04-19T22:10:40.147+0100][24.390s][info][gc,heap     ] GC(299) Eden regions: 112->0(112)
[2026-04-19T22:10:40.147+0100][24.390s][info][gc,heap     ] GC(299) Survivor regions: 1->1(15)
[2026-04-19T22:10:40.147+0100][24.390s][info][gc,heap     ] GC(299) Old regions: 6->6
[2026-04-19T22:10:40.147+0100][24.390s][info][gc,heap     ] GC(299) Humongous regions: 0->0
[2026-04-19T22:10:40.147+0100][24.390s][info][gc,metaspace] GC(299) Metaspace: 247K(448K)->247K(448K) NonClass: 235K(320K)->235K(320K) Class: 12K(128K)->12K(128K)
[2026-04-19T22:10:40.147+0100][24.390s][info][gc          ] GC(299) Pause Young (Normal) (G1 Evacuation Pause) 117M->5M(189M) 0.579ms
[2026-04-19T22:10:40.147+0100][24.390s][info][gc,cpu      ] GC(299) User=0.01s Sys=0.00s Real=0.00s
[2026-04-19T22:10:40.227+0100][24.470s][info][gc,start    ] GC(300) Pause Young (Normal) (G1 Evacuation Pause)
[2026-04-19T22:10:40.227+0100][24.470s][info][gc,task     ] GC(300) Using 4 workers of 8 for evacuation
[2026-04-19T22:10:40.227+0100][24.470s][info][gc,phases   ] GC(300)   Pre Evacuate Collection Set: 0.1ms
[2026-04-19T22:10:40.227+0100][24.470s][info][gc,phases   ] GC(300)   Merge Heap Roots: 0.0ms
[2026-04-19T22:10:40.228+0100][24.470s][info][gc,phases   ] GC(300)   Evacuate Collection Set: 0.3ms
[2026-04-19T22:10:40.228+0100][24.470s][info][gc,phases   ] GC(300)   Post Evacuate Collection Set: 0.1ms
[2026-04-19T22:10:40.228+0100][24.470s][info][gc,phases   ] GC(300)   Other: 0.0ms
[2026-04-19T22:10:40.228+0100][24.470s][info][gc,heap     ] GC(300) Eden regions: 112->0(112)
[2026-04-19T22:10:40.228+0100][24.470s][info][gc,heap     ] GC(300) Survivor regions: 1->1(15)
[2026-04-19T22:10:40.228+0100][24.470s][info][gc,heap     ] GC(300) Old regions: 6->6
[2026-04-19T22:10:40.228+0100][24.470s][info][gc,heap     ] GC(300) Humongous regions: 0->0
[2026-04-19T22:10:40.228+0100][24.470s][info][gc,metaspace] GC(300) Metaspace: 247K(448K)->247K(448K) NonClass: 235K(320K)->235K(320K) Class: 12K(128K)->12K(128K)
[2026-04-19T22:10:40.228+0100][24.470s][info][gc          ] GC(300) Pause Young (Normal) (G1 Evacuation Pause) 117M->5M(189M) 0.588ms
[2026-04-19T22:10:40.228+0100][24.470s][info][gc,cpu      ] GC(300) User=0.00s Sys=0.00s Real=0.00s
[2026-04-19T22:10:40.308+0100][24.550s][info][gc,start    ] GC(301) Pause Young (Normal) (G1 Evacuation Pause)
[2026-04-19T22:10:40.308+0100][24.550s][info][gc,task     ] GC(301) Using 4 workers of 8 for evacuation
[2026-04-19T22:10:40.308+0100][24.551s][info][gc,phases   ] GC(301)   Pre Evacuate Collection Set: 0.1ms
[2026-04-19T22:10:40.308+0100][24.551s][info][gc,phases   ] GC(301)   Merge Heap Roots: 0.0ms
[2026-04-19T22:10:40.308+0100][24.551s][info][gc,phases   ] GC(301)   Evacuate Collection Set: 0.3ms
[2026-04-19T22:10:40.308+0100][24.551s][info][gc,phases   ] GC(301)   Post Evacuate Collection Set: 0.1ms
[2026-04-19T22:10:40.308+0100][24.551s][info][gc,phases   ] GC(301)   Other: 0.0ms
[2026-04-19T22:10:40.308+0100][24.551s][info][gc,heap     ] GC(301) Eden regions: 112->0(112)
[2026-04-19T22:10:40.308+0100][24.551s][info][gc,heap     ] GC(301) Survivor regions: 1->1(15)
[2026-04-19T22:10:40.308+0100][24.551s][info][gc,heap     ] GC(301) Old regions: 6->6
[2026-04-19T22:10:40.308+0100][24.551s][info][gc,heap     ] GC(301) Humongous regions: 0->0
[2026-04-19T22:10:40.308+0100][24.551s][info][gc,metaspace] GC(301) Metaspace: 247K(448K)->247K(448K) NonClass: 235K(320K)->235K(320K) Class: 12K(128K)->12K(128K)
[2026-04-19T22:10:40.308+0100][24.551s][info][gc          ] GC(301) Pause Young (Normal) (G1 Evacuation Pause) 117M->5M(189M) 0.582ms
[2026-04-19T22:10:40.308+0100][24.551s][info][gc,cpu      ] GC(301) User=0.00s Sys=0.00s Real=0.00s
[2026-04-19T22:10:40.389+0100][24.632s][info][gc,start    ] GC(302) Pause Young (Normal) (G1 Evacuation Pause)
[2026-04-19T22:10:40.389+0100][24.632s][info][gc,task     ] GC(302) Using 4 workers of 8 for evacuation
[2026-04-19T22:10:40.389+0100][24.632s][info][gc,phases   ] GC(302)   Pre Evacuate Collection Set: 0.1ms
[2026-04-19T22:10:40.389+0100][24.632s][info][gc,phases   ] GC(302)   Merge Heap Roots: 0.0ms
[2026-04-19T22:10:40.389+0100][24.632s][info][gc,phases   ] GC(302)   Evacuate Collection Set: 0.3ms
[2026-04-19T22:10:40.389+0100][24.632s][info][gc,phases   ] GC(302)   Post Evacuate Collection Set: 0.1ms
[2026-04-19T22:10:40.389+0100][24.632s][info][gc,phases   ] GC(302)   Other: 0.0ms
[2026-04-19T22:10:40.389+0100][24.632s][info][gc,heap     ] GC(302) Eden regions: 112->0(112)
[2026-04-19T22:10:40.389+0100][24.632s][info][gc,heap     ] GC(302) Survivor regions: 1->1(15)
[2026-04-19T22:10:40.389+0100][24.632s][info][gc,heap     ] GC(302) Old regions: 6->6
[2026-04-19T22:10:40.389+0100][24.632s][info][gc,heap     ] GC(302) Humongous regions: 0->0
[2026-04-19T22:10:40.389+0100][24.632s][info][gc,metaspace] GC(302) Metaspace: 247K(448K)->247K(448K) NonClass: 235K(320K)->235K(320K) Class: 12K(128K)->12K(128K)
[2026-04-19T22:10:40.389+0100][24.632s][info][gc          ] GC(302) Pause Young (Normal) (G1 Evacuation Pause) 117M->5M(189M) 0.615ms
[2026-04-19T22:10:40.389+0100][24.632s][info][gc,cpu      ] GC(302) User=0.00s Sys=0.00s Real=0.00s
[2026-04-19T22:10:40.470+0100][24.713s][info][gc,start    ] GC(303) Pause Young (Normal) (G1 Evacuation Pause)
[2026-04-19T22:10:40.470+0100][24.713s][info][gc,task     ] GC(303) Using 4 workers of 8 for evacuation
[2026-04-19T22:10:40.470+0100][24.713s][info][gc,phases   ] GC(303)   Pre Evacuate Collection Set: 0.1ms
[2026-04-19T22:10:40.470+0100][24.713s][info][gc,phases   ] GC(303)   Merge Heap Roots: 0.0ms
[2026-04-19T22:10:40.470+0100][24.713s][info][gc,phases   ] GC(303)   Evacuate Collection Set: 0.3ms
[2026-04-19T22:10:40.470+0100][24.713s][info][gc,phases   ] GC(303)   Post Evacuate Collection Set: 0.1ms
[2026-04-19T22:10:40.470+0100][24.713s][info][gc,phases   ] GC(303)   Other: 0.0ms
[2026-04-19T22:10:40.470+0100][24.713s][info][gc,heap     ] GC(303) Eden regions: 112->0(112)
[2026-04-19T22:10:40.470+0100][24.713s][info][gc,heap     ] GC(303) Survivor regions: 1->1(15)
[2026-04-19T22:10:40.470+0100][24.713s][info][gc,heap     ] GC(303) Old regions: 6->6
[2026-04-19T22:10:40.470+0100][24.713s][info][gc,heap     ] GC(303) Humongous regions: 0->0
[2026-04-19T22:10:40.470+0100][24.713s][info][gc,metaspace] GC(303) Metaspace: 247K(448K)->247K(448K) NonClass: 235K(320K)->235K(320K) Class: 12K(128K)->12K(128K)
[2026-04-19T22:10:40.470+0100][24.713s][info][gc          ] GC(303) Pause Young (Normal) (G1 Evacuation Pause) 117M->5M(189M) 0.596ms
[2026-04-19T22:10:40.470+0100][24.713s][info][gc,cpu      ] GC(303) User=0.00s Sys=0.00s Real=0.00s
[2026-04-19T22:10:40.551+0100][24.794s][info][gc,start    ] GC(304) Pause Young (Normal) (G1 Evacuation Pause)
[2026-04-19T22:10:40.551+0100][24.794s][info][gc,task     ] GC(304) Using 4 workers of 8 for evacuation
[2026-04-19T22:10:40.551+0100][24.794s][info][gc,phases   ] GC(304)   Pre Evacuate Collection Set: 0.1ms
[2026-04-19T22:10:40.551+0100][24.794s][info][gc,phases   ] GC(304)   Merge Heap Roots: 0.0ms
[2026-04-19T22:10:40.551+0100][24.794s][info][gc,phases   ] GC(304)   Evacuate Collection Set: 0.3ms
[2026-04-19T22:10:40.551+0100][24.794s][info][gc,phases   ] GC(304)   Post Evacuate Collection Set: 0.1ms
[2026-04-19T22:10:40.551+0100][24.794s][info][gc,phases   ] GC(304)   Other: 0.0ms
[2026-04-19T22:10:40.551+0100][24.794s][info][gc,heap     ] GC(304) Eden regions: 112->0(112)
[2026-04-19T22:10:40.551+0100][24.794s][info][gc,heap     ] GC(304) Survivor regions: 1->1(15)
[2026-04-19T22:10:40.551+0100][24.794s][info][gc,heap     ] GC(304) Old regions: 6->6
[2026-04-19T22:10:40.551+0100][24.794s][info][gc,heap     ] GC(304) Humongous regions: 0->0
[2026-04-19T22:10:40.551+0100][24.794s][info][gc,metaspace] GC(304) Metaspace: 247K(448K)->247K(448K) NonClass: 235K(320K)->235K(320K) Class: 12K(128K)->12K(128K)
[2026-04-19T22:10:40.551+0100][24.794s][info][gc          ] GC(304) Pause Young (Normal) (G1 Evacuation Pause) 117M->5M(189M) 0.628ms
[2026-04-19T22:10:40.551+0100][24.794s][info][gc,cpu      ] GC(304) User=0.00s Sys=0.00s Real=0.00s
[2026-04-19T22:10:40.632+0100][24.875s][info][gc,start    ] GC(305) Pause Young (Normal) (G1 Evacuation Pause)
[2026-04-19T22:10:40.632+0100][24.875s][info][gc,task     ] GC(305) Using 4 workers of 8 for evacuation
[2026-04-19T22:10:40.632+0100][24.875s][info][gc,phases   ] GC(305)   Pre Evacuate Collection Set: 0.1ms
[2026-04-19T22:10:40.632+0100][24.875s][info][gc,phases   ] GC(305)   Merge Heap Roots: 0.0ms
[2026-04-19T22:10:40.632+0100][24.875s][info][gc,phases   ] GC(305)   Evacuate Collection Set: 0.3ms
[2026-04-19T22:10:40.632+0100][24.875s][info][gc,phases   ] GC(305)   Post Evacuate Collection Set: 0.1ms
[2026-04-19T22:10:40.632+0100][24.875s][info][gc,phases   ] GC(305)   Other: 0.0ms
[2026-04-19T22:10:40.632+0100][24.875s][info][gc,heap     ] GC(305) Eden regions: 112->0(112)
[2026-04-19T22:10:40.632+0100][24.875s][info][gc,heap     ] GC(305) Survivor regions: 1->1(15)
[2026-04-19T22:10:40.632+0100][24.875s][info][gc,heap     ] GC(305) Old regions: 6->6
[2026-04-19T22:10:40.632+0100][24.875s][info][gc,heap     ] GC(305) Humongous regions: 0->0
[2026-04-19T22:10:40.632+0100][24.875s][info][gc,metaspace] GC(305) Metaspace: 247K(448K)->247K(448K) NonClass: 235K(320K)->235K(320K) Class: 12K(128K)->12K(128K)
[2026-04-19T22:10:40.632+0100][24.875s][info][gc          ] GC(305) Pause Young (Normal) (G1 Evacuation Pause) 117M->5M(189M) 0.597ms
[2026-04-19T22:10:40.632+0100][24.875s][info][gc,cpu      ] GC(305) User=0.00s Sys=0.00s Real=0.00s
[2026-04-19T22:10:40.712+0100][24.954s][info][gc,start    ] GC(306) Pause Young (Normal) (G1 Evacuation Pause)
[2026-04-19T22:10:40.712+0100][24.954s][info][gc,task     ] GC(306) Using 4 workers of 8 for evacuation
[2026-04-19T22:10:40.712+0100][24.955s][info][gc,phases   ] GC(306)   Pre Evacuate Collection Set: 0.1ms
[2026-04-19T22:10:40.712+0100][24.955s][info][gc,phases   ] GC(306)   Merge Heap Roots: 0.0ms
[2026-04-19T22:10:40.712+0100][24.955s][info][gc,phases   ] GC(306)   Evacuate Collection Set: 0.3ms
[2026-04-19T22:10:40.712+0100][24.955s][info][gc,phases   ] GC(306)   Post Evacuate Collection Set: 0.1ms
[2026-04-19T22:10:40.712+0100][24.955s][info][gc,phases   ] GC(306)   Other: 0.0ms
[2026-04-19T22:10:40.712+0100][24.955s][info][gc,heap     ] GC(306) Eden regions: 112->0(112)
[2026-04-19T22:10:40.712+0100][24.955s][info][gc,heap     ] GC(306) Survivor regions: 1->1(15)
[2026-04-19T22:10:40.712+0100][24.955s][info][gc,heap     ] GC(306) Old regions: 6->6
[2026-04-19T22:10:40.712+0100][24.955s][info][gc,heap     ] GC(306) Humongous regions: 0->0
[2026-04-19T22:10:40.712+0100][24.955s][info][gc,metaspace] GC(306) Metaspace: 247K(448K)->247K(448K) NonClass: 235K(320K)->235K(320K) Class: 12K(128K)->12K(128K)
[2026-04-19T22:10:40.712+0100][24.955s][info][gc          ] GC(306) Pause Young (Normal) (G1 Evacuation Pause) 117M->5M(189M) 0.594ms
[2026-04-19T22:10:40.712+0100][24.955s][info][gc,cpu      ] GC(306) User=0.00s Sys=0.00s Real=0.00s
[2026-04-19T22:10:40.793+0100][25.035s][info][gc,start    ] GC(307) Pause Young (Normal) (G1 Evacuation Pause)
[2026-04-19T22:10:40.793+0100][25.035s][info][gc,task     ] GC(307) Using 4 workers of 8 for evacuation
[2026-04-19T22:10:40.793+0100][25.036s][info][gc,phases   ] GC(307)   Pre Evacuate Collection Set: 0.1ms
[2026-04-19T22:10:40.793+0100][25.036s][info][gc,phases   ] GC(307)   Merge Heap Roots: 0.0ms
[2026-04-19T22:10:40.793+0100][25.036s][info][gc,phases   ] GC(307)   Evacuate Collection Set: 0.4ms
[2026-04-19T22:10:40.793+0100][25.036s][info][gc,phases   ] GC(307)   Post Evacuate Collection Set: 0.1ms
[2026-04-19T22:10:40.793+0100][25.036s][info][gc,phases   ] GC(307)   Other: 0.0ms
[2026-04-19T22:10:40.793+0100][25.036s][info][gc,heap     ] GC(307) Eden regions: 112->0(112)
[2026-04-19T22:10:40.793+0100][25.036s][info][gc,heap     ] GC(307) Survivor regions: 1->1(15)
[2026-04-19T22:10:40.793+0100][25.036s][info][gc,heap     ] GC(307) Old regions: 6->6
[2026-04-19T22:10:40.793+0100][25.036s][info][gc,heap     ] GC(307) Humongous regions: 0->0
[2026-04-19T22:10:40.793+0100][25.036s][info][gc,metaspace] GC(307) Metaspace: 247K(448K)->247K(448K) NonClass: 235K(320K)->235K(320K) Class: 12K(128K)->12K(128K)
[2026-04-19T22:10:40.793+0100][25.036s][info][gc          ] GC(307) Pause Young (Normal) (G1 Evacuation Pause) 117M->5M(189M) 0.711ms
[2026-04-19T22:10:40.793+0100][25.036s][info][gc,cpu      ] GC(307) User=0.00s Sys=0.00s Real=0.00s
[2026-04-19T22:10:40.874+0100][25.117s][info][gc,start    ] GC(308) Pause Young (Normal) (G1 Evacuation Pause)
[2026-04-19T22:10:40.874+0100][25.117s][info][gc,task     ] GC(308) Using 4 workers of 8 for evacuation
[2026-04-19T22:10:40.874+0100][25.117s][info][gc,phases   ] GC(308)   Pre Evacuate Collection Set: 0.1ms
[2026-04-19T22:10:40.874+0100][25.117s][info][gc,phases   ] GC(308)   Merge Heap Roots: 0.0ms
[2026-04-19T22:10:40.874+0100][25.117s][info][gc,phases   ] GC(308)   Evacuate Collection Set: 0.3ms
[2026-04-19T22:10:40.874+0100][25.117s][info][gc,phases   ] GC(308)   Post Evacuate Collection Set: 0.1ms
[2026-04-19T22:10:40.874+0100][25.117s][info][gc,phases   ] GC(308)   Other: 0.0ms
[2026-04-19T22:10:40.874+0100][25.117s][info][gc,heap     ] GC(308) Eden regions: 112->0(112)
[2026-04-19T22:10:40.874+0100][25.117s][info][gc,heap     ] GC(308) Survivor regions: 1->1(15)
[2026-04-19T22:10:40.874+0100][25.117s][info][gc,heap     ] GC(308) Old regions: 6->6
[2026-04-19T22:10:40.874+0100][25.117s][info][gc,heap     ] GC(308) Humongous regions: 0->0
[2026-04-19T22:10:40.874+0100][25.117s][info][gc,metaspace] GC(308) Metaspace: 247K(448K)->247K(448K) NonClass: 235K(320K)->235K(320K) Class: 12K(128K)->12K(128K)
[2026-04-19T22:10:40.874+0100][25.117s][info][gc          ] GC(308) Pause Young (Normal) (G1 Evacuation Pause) 117M->5M(189M) 0.573ms
[2026-04-19T22:10:40.874+0100][25.117s][info][gc,cpu      ] GC(308) User=0.00s Sys=0.00s Real=0.00s
[2026-04-19T22:10:40.955+0100][25.198s][info][gc,start    ] GC(309) Pause Young (Normal) (G1 Evacuation Pause)
[2026-04-19T22:10:40.955+0100][25.198s][info][gc,task     ] GC(309) Using 4 workers of 8 for evacuation
[2026-04-19T22:10:40.955+0100][25.198s][info][gc,phases   ] GC(309)   Pre Evacuate Collection Set: 0.1ms
[2026-04-19T22:10:40.955+0100][25.198s][info][gc,phases   ] GC(309)   Merge Heap Roots: 0.0ms
[2026-04-19T22:10:40.955+0100][25.198s][info][gc,phases   ] GC(309)   Evacuate Collection Set: 0.3ms
[2026-04-19T22:10:40.955+0100][25.198s][info][gc,phases   ] GC(309)   Post Evacuate Collection Set: 0.1ms
[2026-04-19T22:10:40.955+0100][25.198s][info][gc,phases   ] GC(309)   Other: 0.0ms
[2026-04-19T22:10:40.955+0100][25.198s][info][gc,heap     ] GC(309) Eden regions: 112->0(112)
[2026-04-19T22:10:40.955+0100][25.198s][info][gc,heap     ] GC(309) Survivor regions: 1->1(15)
[2026-04-19T22:10:40.955+0100][25.198s][info][gc,heap     ] GC(309) Old regions: 6->6
[2026-04-19T22:10:40.955+0100][25.198s][info][gc,heap     ] GC(309) Humongous regions: 0->0
[2026-04-19T22:10:40.955+0100][25.198s][info][gc,metaspace] GC(309) Metaspace: 247K(448K)->247K(448K) NonClass: 235K(320K)->235K(320K) Class: 12K(128K)->12K(128K)
[2026-04-19T22:10:40.955+0100][25.198s][info][gc          ] GC(309) Pause Young (Normal) (G1 Evacuation Pause) 117M->5M(189M) 0.593ms
[2026-04-19T22:10:40.955+0100][25.198s][info][gc,cpu      ] GC(309) User=0.00s Sys=0.01s Real=0.00s
[2026-04-19T22:10:41.036+0100][25.278s][info][gc,start    ] GC(310) Pause Young (Normal) (G1 Evacuation Pause)
[2026-04-19T22:10:41.036+0100][25.278s][info][gc,task     ] GC(310) Using 4 workers of 8 for evacuation
[2026-04-19T22:10:41.036+0100][25.279s][info][gc,phases   ] GC(310)   Pre Evacuate Collection Set: 0.1ms
[2026-04-19T22:10:41.036+0100][25.279s][info][gc,phases   ] GC(310)   Merge Heap Roots: 0.0ms
[2026-04-19T22:10:41.036+0100][25.279s][info][gc,phases   ] GC(310)   Evacuate Collection Set: 0.3ms
[2026-04-19T22:10:41.036+0100][25.279s][info][gc,phases   ] GC(310)   Post Evacuate Collection Set: 0.1ms
[2026-04-19T22:10:41.036+0100][25.279s][info][gc,phases   ] GC(310)   Other: 0.0ms
[2026-04-19T22:10:41.036+0100][25.279s][info][gc,heap     ] GC(310) Eden regions: 112->0(112)
[2026-04-19T22:10:41.036+0100][25.279s][info][gc,heap     ] GC(310) Survivor regions: 1->1(15)
[2026-04-19T22:10:41.036+0100][25.279s][info][gc,heap     ] GC(310) Old regions: 6->6
[2026-04-19T22:10:41.036+0100][25.279s][info][gc,heap     ] GC(310) Humongous regions: 0->0
[2026-04-19T22:10:41.036+0100][25.279s][info][gc,metaspace] GC(310) Metaspace: 247K(448K)->247K(448K) NonClass: 235K(320K)->235K(320K) Class: 12K(128K)->12K(128K)
[2026-04-19T22:10:41.036+0100][25.279s][info][gc          ] GC(310) Pause Young (Normal) (G1 Evacuation Pause) 117M->5M(189M) 0.634ms
[2026-04-19T22:10:41.036+0100][25.279s][info][gc,cpu      ] GC(310) User=0.00s Sys=0.00s Real=0.00s
[2026-04-19T22:10:41.116+0100][25.359s][info][gc,start    ] GC(311) Pause Young (Normal) (G1 Evacuation Pause)
[2026-04-19T22:10:41.116+0100][25.359s][info][gc,task     ] GC(311) Using 4 workers of 8 for evacuation
[2026-04-19T22:10:41.117+0100][25.360s][info][gc,phases   ] GC(311)   Pre Evacuate Collection Set: 0.1ms
[2026-04-19T22:10:41.117+0100][25.360s][info][gc,phases   ] GC(311)   Merge Heap Roots: 0.0ms
[2026-04-19T22:10:41.117+0100][25.360s][info][gc,phases   ] GC(311)   Evacuate Collection Set: 0.3ms
[2026-04-19T22:10:41.117+0100][25.360s][info][gc,phases   ] GC(311)   Post Evacuate Collection Set: 0.1ms
[2026-04-19T22:10:41.117+0100][25.360s][info][gc,phases   ] GC(311)   Other: 0.0ms
[2026-04-19T22:10:41.117+0100][25.360s][info][gc,heap     ] GC(311) Eden regions: 112->0(112)
[2026-04-19T22:10:41.117+0100][25.360s][info][gc,heap     ] GC(311) Survivor regions: 1->1(15)
[2026-04-19T22:10:41.117+0100][25.360s][info][gc,heap     ] GC(311) Old regions: 6->6
[2026-04-19T22:10:41.117+0100][25.360s][info][gc,heap     ] GC(311) Humongous regions: 0->0
[2026-04-19T22:10:41.117+0100][25.360s][info][gc,metaspace] GC(311) Metaspace: 247K(448K)->247K(448K) NonClass: 235K(320K)->235K(320K) Class: 12K(128K)->12K(128K)
[2026-04-19T22:10:41.117+0100][25.360s][info][gc          ] GC(311) Pause Young (Normal) (G1 Evacuation Pause) 117M->5M(189M) 0.592ms
[2026-04-19T22:10:41.117+0100][25.360s][info][gc,cpu      ] GC(311) User=0.00s Sys=0.00s Real=0.00s
[2026-04-19T22:10:41.198+0100][25.440s][info][gc,start    ] GC(312) Pause Young (Normal) (G1 Evacuation Pause)
[2026-04-19T22:10:41.198+0100][25.440s][info][gc,task     ] GC(312) Using 4 workers of 8 for evacuation
[2026-04-19T22:10:41.198+0100][25.441s][info][gc,phases   ] GC(312)   Pre Evacuate Collection Set: 0.1ms
[2026-04-19T22:10:41.198+0100][25.441s][info][gc,phases   ] GC(312)   Merge Heap Roots: 0.0ms
[2026-04-19T22:10:41.198+0100][25.441s][info][gc,phases   ] GC(312)   Evacuate Collection Set: 0.3ms
[2026-04-19T22:10:41.198+0100][25.441s][info][gc,phases   ] GC(312)   Post Evacuate Collection Set: 0.1ms
[2026-04-19T22:10:41.198+0100][25.441s][info][gc,phases   ] GC(312)   Other: 0.0ms
[2026-04-19T22:10:41.198+0100][25.441s][info][gc,heap     ] GC(312) Eden regions: 112->0(112)
[2026-04-19T22:10:41.198+0100][25.441s][info][gc,heap     ] GC(312) Survivor regions: 1->1(15)
[2026-04-19T22:10:41.198+0100][25.441s][info][gc,heap     ] GC(312) Old regions: 6->6
[2026-04-19T22:10:41.198+0100][25.441s][info][gc,heap     ] GC(312) Humongous regions: 0->0
[2026-04-19T22:10:41.198+0100][25.441s][info][gc,metaspace] GC(312) Metaspace: 247K(448K)->247K(448K) NonClass: 235K(320K)->235K(320K) Class: 12K(128K)->12K(128K)
[2026-04-19T22:10:41.198+0100][25.441s][info][gc          ] GC(312) Pause Young (Normal) (G1 Evacuation Pause) 117M->5M(189M) 0.601ms
[2026-04-19T22:10:41.198+0100][25.441s][info][gc,cpu      ] GC(312) User=0.00s Sys=0.00s Real=0.00s
[2026-04-19T22:10:41.279+0100][25.522s][info][gc,start    ] GC(313) Pause Young (Normal) (G1 Evacuation Pause)
[2026-04-19T22:10:41.279+0100][25.522s][info][gc,task     ] GC(313) Using 4 workers of 8 for evacuation
[2026-04-19T22:10:41.279+0100][25.522s][info][gc,phases   ] GC(313)   Pre Evacuate Collection Set: 0.1ms
[2026-04-19T22:10:41.279+0100][25.522s][info][gc,phases   ] GC(313)   Merge Heap Roots: 0.0ms
[2026-04-19T22:10:41.279+0100][25.522s][info][gc,phases   ] GC(313)   Evacuate Collection Set: 0.3ms
[2026-04-19T22:10:41.279+0100][25.522s][info][gc,phases   ] GC(313)   Post Evacuate Collection Set: 0.1ms
[2026-04-19T22:10:41.279+0100][25.522s][info][gc,phases   ] GC(313)   Other: 0.0ms
[2026-04-19T22:10:41.279+0100][25.522s][info][gc,heap     ] GC(313) Eden regions: 112->0(112)
[2026-04-19T22:10:41.279+0100][25.522s][info][gc,heap     ] GC(313) Survivor regions: 1->1(15)
[2026-04-19T22:10:41.279+0100][25.522s][info][gc,heap     ] GC(313) Old regions: 6->6
[2026-04-19T22:10:41.279+0100][25.522s][info][gc,heap     ] GC(313) Humongous regions: 0->0
[2026-04-19T22:10:41.279+0100][25.522s][info][gc,metaspace] GC(313) Metaspace: 247K(448K)->247K(448K) NonClass: 235K(320K)->235K(320K) Class: 12K(128K)->12K(128K)
[2026-04-19T22:10:41.279+0100][25.522s][info][gc          ] GC(313) Pause Young (Normal) (G1 Evacuation Pause) 117M->5M(189M) 0.611ms
[2026-04-19T22:10:41.279+0100][25.522s][info][gc,cpu      ] GC(313) User=0.00s Sys=0.00s Real=0.00s
[2026-04-19T22:10:41.360+0100][25.603s][info][gc,start    ] GC(314) Pause Young (Normal) (G1 Evacuation Pause)
[2026-04-19T22:10:41.360+0100][25.603s][info][gc,task     ] GC(314) Using 4 workers of 8 for evacuation
[2026-04-19T22:10:41.361+0100][25.603s][info][gc,phases   ] GC(314)   Pre Evacuate Collection Set: 0.1ms
[2026-04-19T22:10:41.361+0100][25.603s][info][gc,phases   ] GC(314)   Merge Heap Roots: 0.0ms
[2026-04-19T22:10:41.361+0100][25.603s][info][gc,phases   ] GC(314)   Evacuate Collection Set: 0.4ms
[2026-04-19T22:10:41.361+0100][25.603s][info][gc,phases   ] GC(314)   Post Evacuate Collection Set: 0.1ms
[2026-04-19T22:10:41.361+0100][25.603s][info][gc,phases   ] GC(314)   Other: 0.0ms
[2026-04-19T22:10:41.361+0100][25.603s][info][gc,heap     ] GC(314) Eden regions: 112->0(112)
[2026-04-19T22:10:41.361+0100][25.603s][info][gc,heap     ] GC(314) Survivor regions: 1->1(15)
[2026-04-19T22:10:41.361+0100][25.603s][info][gc,heap     ] GC(314) Old regions: 6->6
[2026-04-19T22:10:41.361+0100][25.603s][info][gc,heap     ] GC(314) Humongous regions: 0->0
[2026-04-19T22:10:41.361+0100][25.603s][info][gc,metaspace] GC(314) Metaspace: 247K(448K)->247K(448K) NonClass: 235K(320K)->235K(320K) Class: 12K(128K)->12K(128K)
[2026-04-19T22:10:41.361+0100][25.603s][info][gc          ] GC(314) Pause Young (Normal) (G1 Evacuation Pause) 117M->5M(189M) 0.747ms
[2026-04-19T22:10:41.361+0100][25.603s][info][gc,cpu      ] GC(314) User=0.00s Sys=0.00s Real=0.00s
[2026-04-19T22:10:41.445+0100][25.688s][info][gc,start    ] GC(315) Pause Young (Normal) (G1 Evacuation Pause)
[2026-04-19T22:10:41.445+0100][25.688s][info][gc,task     ] GC(315) Using 4 workers of 8 for evacuation
[2026-04-19T22:10:41.446+0100][25.689s][info][gc,phases   ] GC(315)   Pre Evacuate Collection Set: 0.1ms
[2026-04-19T22:10:41.446+0100][25.689s][info][gc,phases   ] GC(315)   Merge Heap Roots: 0.0ms
[2026-04-19T22:10:41.446+0100][25.689s][info][gc,phases   ] GC(315)   Evacuate Collection Set: 0.3ms
[2026-04-19T22:10:41.446+0100][25.689s][info][gc,phases   ] GC(315)   Post Evacuate Collection Set: 0.1ms
[2026-04-19T22:10:41.446+0100][25.689s][info][gc,phases   ] GC(315)   Other: 0.0ms
[2026-04-19T22:10:41.446+0100][25.689s][info][gc,heap     ] GC(315) Eden regions: 112->0(112)
[2026-04-19T22:10:41.446+0100][25.689s][info][gc,heap     ] GC(315) Survivor regions: 1->1(15)
[2026-04-19T22:10:41.446+0100][25.689s][info][gc,heap     ] GC(315) Old regions: 6->6
[2026-04-19T22:10:41.446+0100][25.689s][info][gc,heap     ] GC(315) Humongous regions: 0->0
[2026-04-19T22:10:41.446+0100][25.689s][info][gc,metaspace] GC(315) Metaspace: 247K(448K)->247K(448K) NonClass: 235K(320K)->235K(320K) Class: 12K(128K)->12K(128K)
[2026-04-19T22:10:41.446+0100][25.689s][info][gc          ] GC(315) Pause Young (Normal) (G1 Evacuation Pause) 117M->5M(189M) 0.615ms
[2026-04-19T22:10:41.446+0100][25.689s][info][gc,cpu      ] GC(315) User=0.00s Sys=0.00s Real=0.00s
[2026-04-19T22:10:41.526+0100][25.769s][info][gc,start    ] GC(316) Pause Young (Normal) (G1 Evacuation Pause)
[2026-04-19T22:10:41.526+0100][25.769s][info][gc,task     ] GC(316) Using 4 workers of 8 for evacuation
[2026-04-19T22:10:41.527+0100][25.770s][info][gc,phases   ] GC(316)   Pre Evacuate Collection Set: 0.1ms
[2026-04-19T22:10:41.527+0100][25.770s][info][gc,phases   ] GC(316)   Merge Heap Roots: 0.0ms
[2026-04-19T22:10:41.527+0100][25.770s][info][gc,phases   ] GC(316)   Evacuate Collection Set: 0.3ms
[2026-04-19T22:10:41.527+0100][25.770s][info][gc,phases   ] GC(316)   Post Evacuate Collection Set: 0.1ms
[2026-04-19T22:10:41.527+0100][25.770s][info][gc,phases   ] GC(316)   Other: 0.0ms
[2026-04-19T22:10:41.527+0100][25.770s][info][gc,heap     ] GC(316) Eden regions: 112->0(112)
[2026-04-19T22:10:41.527+0100][25.770s][info][gc,heap     ] GC(316) Survivor regions: 1->1(15)
[2026-04-19T22:10:41.527+0100][25.770s][info][gc,heap     ] GC(316) Old regions: 6->6
[2026-04-19T22:10:41.527+0100][25.770s][info][gc,heap     ] GC(316) Humongous regions: 0->0
[2026-04-19T22:10:41.527+0100][25.770s][info][gc,metaspace] GC(316) Metaspace: 247K(448K)->247K(448K) NonClass: 235K(320K)->235K(320K) Class: 12K(128K)->12K(128K)
[2026-04-19T22:10:41.527+0100][25.770s][info][gc          ] GC(316) Pause Young (Normal) (G1 Evacuation Pause) 117M->5M(189M) 0.629ms
[2026-04-19T22:10:41.527+0100][25.770s][info][gc,cpu      ] GC(316) User=0.01s Sys=0.00s Real=0.00s
[2026-04-19T22:10:41.607+0100][25.850s][info][gc,start    ] GC(317) Pause Young (Normal) (G1 Evacuation Pause)
[2026-04-19T22:10:41.607+0100][25.850s][info][gc,task     ] GC(317) Using 4 workers of 8 for evacuation
[2026-04-19T22:10:41.608+0100][25.851s][info][gc,phases   ] GC(317)   Pre Evacuate Collection Set: 0.1ms
[2026-04-19T22:10:41.608+0100][25.851s][info][gc,phases   ] GC(317)   Merge Heap Roots: 0.0ms
[2026-04-19T22:10:41.608+0100][25.851s][info][gc,phases   ] GC(317)   Evacuate Collection Set: 0.3ms
[2026-04-19T22:10:41.608+0100][25.851s][info][gc,phases   ] GC(317)   Post Evacuate Collection Set: 0.1ms
[2026-04-19T22:10:41.608+0100][25.851s][info][gc,phases   ] GC(317)   Other: 0.0ms
[2026-04-19T22:10:41.608+0100][25.851s][info][gc,heap     ] GC(317) Eden regions: 112->0(112)
[2026-04-19T22:10:41.608+0100][25.851s][info][gc,heap     ] GC(317) Survivor regions: 1->1(15)
[2026-04-19T22:10:41.608+0100][25.851s][info][gc,heap     ] GC(317) Old regions: 6->6
[2026-04-19T22:10:41.608+0100][25.851s][info][gc,heap     ] GC(317) Humongous regions: 0->0
[2026-04-19T22:10:41.608+0100][25.851s][info][gc,metaspace] GC(317) Metaspace: 247K(448K)->247K(448K) NonClass: 235K(320K)->235K(320K) Class: 12K(128K)->12K(128K)
[2026-04-19T22:10:41.608+0100][25.851s][info][gc          ] GC(317) Pause Young (Normal) (G1 Evacuation Pause) 117M->5M(189M) 0.577ms
[2026-04-19T22:10:41.608+0100][25.851s][info][gc,cpu      ] GC(317) User=0.00s Sys=0.00s Real=0.00s
[2026-04-19T22:10:41.690+0100][25.933s][info][gc,start    ] GC(318) Pause Young (Normal) (G1 Evacuation Pause)
[2026-04-19T22:10:41.690+0100][25.933s][info][gc,task     ] GC(318) Using 4 workers of 8 for evacuation
[2026-04-19T22:10:41.690+0100][25.933s][info][gc,phases   ] GC(318)   Pre Evacuate Collection Set: 0.1ms
[2026-04-19T22:10:41.691+0100][25.933s][info][gc,phases   ] GC(318)   Merge Heap Roots: 0.0ms
[2026-04-19T22:10:41.691+0100][25.933s][info][gc,phases   ] GC(318)   Evacuate Collection Set: 0.3ms
[2026-04-19T22:10:41.691+0100][25.933s][info][gc,phases   ] GC(318)   Post Evacuate Collection Set: 0.1ms
[2026-04-19T22:10:41.691+0100][25.933s][info][gc,phases   ] GC(318)   Other: 0.0ms
[2026-04-19T22:10:41.691+0100][25.933s][info][gc,heap     ] GC(318) Eden regions: 112->0(112)
[2026-04-19T22:10:41.691+0100][25.933s][info][gc,heap     ] GC(318) Survivor regions: 1->1(15)
[2026-04-19T22:10:41.691+0100][25.933s][info][gc,heap     ] GC(318) Old regions: 6->6
[2026-04-19T22:10:41.691+0100][25.933s][info][gc,heap     ] GC(318) Humongous regions: 0->0
[2026-04-19T22:10:41.691+0100][25.933s][info][gc,metaspace] GC(318) Metaspace: 247K(448K)->247K(448K) NonClass: 235K(320K)->235K(320K) Class: 12K(128K)->12K(128K)
[2026-04-19T22:10:41.691+0100][25.933s][info][gc          ] GC(318) Pause Young (Normal) (G1 Evacuation Pause) 117M->5M(189M) 0.656ms
[2026-04-19T22:10:41.691+0100][25.933s][info][gc,cpu      ] GC(318) User=0.00s Sys=0.00s Real=0.00s
[2026-04-19T22:10:41.771+0100][26.014s][info][gc,start    ] GC(319) Pause Young (Normal) (G1 Evacuation Pause)
[2026-04-19T22:10:41.771+0100][26.014s][info][gc,task     ] GC(319) Using 4 workers of 8 for evacuation
[2026-04-19T22:10:41.772+0100][26.014s][info][gc,phases   ] GC(319)   Pre Evacuate Collection Set: 0.1ms
[2026-04-19T22:10:41.772+0100][26.014s][info][gc,phases   ] GC(319)   Merge Heap Roots: 0.0ms
[2026-04-19T22:10:41.772+0100][26.014s][info][gc,phases   ] GC(319)   Evacuate Collection Set: 0.3ms
[2026-04-19T22:10:41.772+0100][26.014s][info][gc,phases   ] GC(319)   Post Evacuate Collection Set: 0.1ms
[2026-04-19T22:10:41.772+0100][26.014s][info][gc,phases   ] GC(319)   Other: 0.0ms
[2026-04-19T22:10:41.772+0100][26.014s][info][gc,heap     ] GC(319) Eden regions: 112->0(112)
[2026-04-19T22:10:41.772+0100][26.014s][info][gc,heap     ] GC(319) Survivor regions: 1->1(15)
[2026-04-19T22:10:41.772+0100][26.014s][info][gc,heap     ] GC(319) Old regions: 6->6
[2026-04-19T22:10:41.772+0100][26.014s][info][gc,heap     ] GC(319) Humongous regions: 0->0
[2026-04-19T22:10:41.772+0100][26.014s][info][gc,metaspace] GC(319) Metaspace: 247K(448K)->247K(448K) NonClass: 235K(320K)->235K(320K) Class: 12K(128K)->12K(128K)
[2026-04-19T22:10:41.772+0100][26.014s][info][gc          ] GC(319) Pause Young (Normal) (G1 Evacuation Pause) 117M->5M(189M) 0.640ms
[2026-04-19T22:10:41.772+0100][26.014s][info][gc,cpu      ] GC(319) User=0.00s Sys=0.00s Real=0.00s
[2026-04-19T22:10:41.852+0100][26.095s][info][gc,start    ] GC(320) Pause Young (Normal) (G1 Evacuation Pause)
[2026-04-19T22:10:41.852+0100][26.095s][info][gc,task     ] GC(320) Using 4 workers of 8 for evacuation
[2026-04-19T22:10:41.853+0100][26.095s][info][gc,phases   ] GC(320)   Pre Evacuate Collection Set: 0.1ms
[2026-04-19T22:10:41.853+0100][26.095s][info][gc,phases   ] GC(320)   Merge Heap Roots: 0.0ms
[2026-04-19T22:10:41.853+0100][26.095s][info][gc,phases   ] GC(320)   Evacuate Collection Set: 0.3ms
[2026-04-19T22:10:41.853+0100][26.095s][info][gc,phases   ] GC(320)   Post Evacuate Collection Set: 0.1ms
[2026-04-19T22:10:41.853+0100][26.096s][info][gc,phases   ] GC(320)   Other: 0.0ms
[2026-04-19T22:10:41.853+0100][26.096s][info][gc,heap     ] GC(320) Eden regions: 112->0(112)
[2026-04-19T22:10:41.853+0100][26.096s][info][gc,heap     ] GC(320) Survivor regions: 1->1(15)
[2026-04-19T22:10:41.853+0100][26.096s][info][gc,heap     ] GC(320) Old regions: 6->6
[2026-04-19T22:10:41.853+0100][26.096s][info][gc,heap     ] GC(320) Humongous regions: 0->0
[2026-04-19T22:10:41.853+0100][26.096s][info][gc,metaspace] GC(320) Metaspace: 247K(448K)->247K(448K) NonClass: 235K(320K)->235K(320K) Class: 12K(128K)->12K(128K)
[2026-04-19T22:10:41.853+0100][26.096s][info][gc          ] GC(320) Pause Young (Normal) (G1 Evacuation Pause) 117M->5M(189M) 0.589ms
[2026-04-19T22:10:41.853+0100][26.096s][info][gc,cpu      ] GC(320) User=0.00s Sys=0.00s Real=0.00s
[2026-04-19T22:10:41.933+0100][26.176s][info][gc,start    ] GC(321) Pause Young (Normal) (G1 Evacuation Pause)
[2026-04-19T22:10:41.933+0100][26.176s][info][gc,task     ] GC(321) Using 4 workers of 8 for evacuation
[2026-04-19T22:10:41.934+0100][26.177s][info][gc,phases   ] GC(321)   Pre Evacuate Collection Set: 0.1ms
[2026-04-19T22:10:41.934+0100][26.177s][info][gc,phases   ] GC(321)   Merge Heap Roots: 0.0ms
[2026-04-19T22:10:41.934+0100][26.177s][info][gc,phases   ] GC(321)   Evacuate Collection Set: 0.3ms
[2026-04-19T22:10:41.934+0100][26.177s][info][gc,phases   ] GC(321)   Post Evacuate Collection Set: 0.1ms
[2026-04-19T22:10:41.934+0100][26.177s][info][gc,phases   ] GC(321)   Other: 0.0ms
[2026-04-19T22:10:41.934+0100][26.177s][info][gc,heap     ] GC(321) Eden regions: 112->0(112)
[2026-04-19T22:10:41.934+0100][26.177s][info][gc,heap     ] GC(321) Survivor regions: 1->1(15)
[2026-04-19T22:10:41.934+0100][26.177s][info][gc,heap     ] GC(321) Old regions: 6->6
[2026-04-19T22:10:41.934+0100][26.177s][info][gc,heap     ] GC(321) Humongous regions: 0->0
[2026-04-19T22:10:41.934+0100][26.177s][info][gc,metaspace] GC(321) Metaspace: 247K(448K)->247K(448K) NonClass: 235K(320K)->235K(320K) Class: 12K(128K)->12K(128K)
[2026-04-19T22:10:41.934+0100][26.177s][info][gc          ] GC(321) Pause Young (Normal) (G1 Evacuation Pause) 117M->5M(189M) 0.623ms
[2026-04-19T22:10:41.934+0100][26.177s][info][gc,cpu      ] GC(321) User=0.01s Sys=0.00s Real=0.00s
[2026-04-19T22:10:42.014+0100][26.257s][info][gc,start    ] GC(322) Pause Young (Normal) (G1 Evacuation Pause)
[2026-04-19T22:10:42.014+0100][26.257s][info][gc,task     ] GC(322) Using 4 workers of 8 for evacuation
[2026-04-19T22:10:42.015+0100][26.257s][info][gc,phases   ] GC(322)   Pre Evacuate Collection Set: 0.1ms
[2026-04-19T22:10:42.015+0100][26.257s][info][gc,phases   ] GC(322)   Merge Heap Roots: 0.0ms
[2026-04-19T22:10:42.015+0100][26.257s][info][gc,phases   ] GC(322)   Evacuate Collection Set: 0.3ms
[2026-04-19T22:10:42.015+0100][26.257s][info][gc,phases   ] GC(322)   Post Evacuate Collection Set: 0.1ms
[2026-04-19T22:10:42.015+0100][26.257s][info][gc,phases   ] GC(322)   Other: 0.0ms
[2026-04-19T22:10:42.015+0100][26.257s][info][gc,heap     ] GC(322) Eden regions: 112->0(112)
[2026-04-19T22:10:42.015+0100][26.257s][info][gc,heap     ] GC(322) Survivor regions: 1->1(15)
[2026-04-19T22:10:42.015+0100][26.257s][info][gc,heap     ] GC(322) Old regions: 6->6
[2026-04-19T22:10:42.015+0100][26.257s][info][gc,heap     ] GC(322) Humongous regions: 0->0
[2026-04-19T22:10:42.015+0100][26.257s][info][gc,metaspace] GC(322) Metaspace: 247K(448K)->247K(448K) NonClass: 235K(320K)->235K(320K) Class: 12K(128K)->12K(128K)
[2026-04-19T22:10:42.015+0100][26.257s][info][gc          ] GC(322) Pause Young (Normal) (G1 Evacuation Pause) 117M->5M(189M) 0.579ms
[2026-04-19T22:10:42.015+0100][26.257s][info][gc,cpu      ] GC(322) User=0.00s Sys=0.00s Real=0.00s
[2026-04-19T22:10:42.095+0100][26.338s][info][gc,start    ] GC(323) Pause Young (Normal) (G1 Evacuation Pause)
[2026-04-19T22:10:42.095+0100][26.338s][info][gc,task     ] GC(323) Using 4 workers of 8 for evacuation
[2026-04-19T22:10:42.095+0100][26.338s][info][gc,phases   ] GC(323)   Pre Evacuate Collection Set: 0.1ms
[2026-04-19T22:10:42.095+0100][26.338s][info][gc,phases   ] GC(323)   Merge Heap Roots: 0.0ms
[2026-04-19T22:10:42.095+0100][26.338s][info][gc,phases   ] GC(323)   Evacuate Collection Set: 0.3ms
[2026-04-19T22:10:42.095+0100][26.338s][info][gc,phases   ] GC(323)   Post Evacuate Collection Set: 0.1ms
[2026-04-19T22:10:42.095+0100][26.338s][info][gc,phases   ] GC(323)   Other: 0.0ms
[2026-04-19T22:10:42.095+0100][26.338s][info][gc,heap     ] GC(323) Eden regions: 112->0(112)
[2026-04-19T22:10:42.095+0100][26.338s][info][gc,heap     ] GC(323) Survivor regions: 1->1(15)
[2026-04-19T22:10:42.095+0100][26.338s][info][gc,heap     ] GC(323) Old regions: 6->6
[2026-04-19T22:10:42.095+0100][26.338s][info][gc,heap     ] GC(323) Humongous regions: 0->0
[2026-04-19T22:10:42.095+0100][26.338s][info][gc,metaspace] GC(323) Metaspace: 247K(448K)->247K(448K) NonClass: 235K(320K)->235K(320K) Class: 12K(128K)->12K(128K)
[2026-04-19T22:10:42.095+0100][26.338s][info][gc          ] GC(323) Pause Young (Normal) (G1 Evacuation Pause) 117M->5M(189M) 0.582ms
[2026-04-19T22:10:42.095+0100][26.338s][info][gc,cpu      ] GC(323) User=0.00s Sys=0.00s Real=0.00s
[2026-04-19T22:10:42.175+0100][26.418s][info][gc,start    ] GC(324) Pause Young (Normal) (G1 Evacuation Pause)
[2026-04-19T22:10:42.176+0100][26.418s][info][gc,task     ] GC(324) Using 4 workers of 8 for evacuation
[2026-04-19T22:10:42.176+0100][26.419s][info][gc,phases   ] GC(324)   Pre Evacuate Collection Set: 0.1ms
[2026-04-19T22:10:42.176+0100][26.419s][info][gc,phases   ] GC(324)   Merge Heap Roots: 0.0ms
[2026-04-19T22:10:42.176+0100][26.419s][info][gc,phases   ] GC(324)   Evacuate Collection Set: 0.3ms
[2026-04-19T22:10:42.176+0100][26.419s][info][gc,phases   ] GC(324)   Post Evacuate Collection Set: 0.1ms
[2026-04-19T22:10:42.176+0100][26.419s][info][gc,phases   ] GC(324)   Other: 0.0ms
[2026-04-19T22:10:42.176+0100][26.419s][info][gc,heap     ] GC(324) Eden regions: 112->0(112)
[2026-04-19T22:10:42.176+0100][26.419s][info][gc,heap     ] GC(324) Survivor regions: 1->1(15)
[2026-04-19T22:10:42.176+0100][26.419s][info][gc,heap     ] GC(324) Old regions: 6->6
[2026-04-19T22:10:42.176+0100][26.419s][info][gc,heap     ] GC(324) Humongous regions: 0->0
[2026-04-19T22:10:42.176+0100][26.419s][info][gc,metaspace] GC(324) Metaspace: 247K(448K)->247K(448K) NonClass: 235K(320K)->235K(320K) Class: 12K(128K)->12K(128K)
[2026-04-19T22:10:42.176+0100][26.419s][info][gc          ] GC(324) Pause Young (Normal) (G1 Evacuation Pause) 117M->5M(189M) 0.611ms
[2026-04-19T22:10:42.176+0100][26.419s][info][gc,cpu      ] GC(324) User=0.00s Sys=0.00s Real=0.00s
[2026-04-19T22:10:42.257+0100][26.499s][info][gc,start    ] GC(325) Pause Young (Normal) (G1 Evacuation Pause)
[2026-04-19T22:10:42.257+0100][26.499s][info][gc,task     ] GC(325) Using 4 workers of 8 for evacuation
[2026-04-19T22:10:42.257+0100][26.500s][info][gc,phases   ] GC(325)   Pre Evacuate Collection Set: 0.1ms
[2026-04-19T22:10:42.257+0100][26.500s][info][gc,phases   ] GC(325)   Merge Heap Roots: 0.0ms
[2026-04-19T22:10:42.257+0100][26.500s][info][gc,phases   ] GC(325)   Evacuate Collection Set: 0.3ms
[2026-04-19T22:10:42.257+0100][26.500s][info][gc,phases   ] GC(325)   Post Evacuate Collection Set: 0.1ms
[2026-04-19T22:10:42.257+0100][26.500s][info][gc,phases   ] GC(325)   Other: 0.0ms
[2026-04-19T22:10:42.257+0100][26.500s][info][gc,heap     ] GC(325) Eden regions: 112->0(112)
[2026-04-19T22:10:42.257+0100][26.500s][info][gc,heap     ] GC(325) Survivor regions: 1->1(15)
[2026-04-19T22:10:42.257+0100][26.500s][info][gc,heap     ] GC(325) Old regions: 6->6
[2026-04-19T22:10:42.257+0100][26.500s][info][gc,heap     ] GC(325) Humongous regions: 0->0
[2026-04-19T22:10:42.257+0100][26.500s][info][gc,metaspace] GC(325) Metaspace: 247K(448K)->247K(448K) NonClass: 235K(320K)->235K(320K) Class: 12K(128K)->12K(128K)
[2026-04-19T22:10:42.257+0100][26.500s][info][gc          ] GC(325) Pause Young (Normal) (G1 Evacuation Pause) 117M->5M(189M) 0.629ms
[2026-04-19T22:10:42.257+0100][26.500s][info][gc,cpu      ] GC(325) User=0.00s Sys=0.00s Real=0.00s
[2026-04-19T22:10:42.338+0100][26.581s][info][gc,start    ] GC(326) Pause Young (Normal) (G1 Evacuation Pause)
[2026-04-19T22:10:42.338+0100][26.581s][info][gc,task     ] GC(326) Using 4 workers of 8 for evacuation
[2026-04-19T22:10:42.338+0100][26.581s][info][gc,phases   ] GC(326)   Pre Evacuate Collection Set: 0.1ms
[2026-04-19T22:10:42.338+0100][26.581s][info][gc,phases   ] GC(326)   Merge Heap Roots: 0.0ms
[2026-04-19T22:10:42.338+0100][26.581s][info][gc,phases   ] GC(326)   Evacuate Collection Set: 0.3ms
[2026-04-19T22:10:42.338+0100][26.581s][info][gc,phases   ] GC(326)   Post Evacuate Collection Set: 0.1ms
[2026-04-19T22:10:42.338+0100][26.581s][info][gc,phases   ] GC(326)   Other: 0.0ms
[2026-04-19T22:10:42.338+0100][26.581s][info][gc,heap     ] GC(326) Eden regions: 112->0(112)
[2026-04-19T22:10:42.338+0100][26.581s][info][gc,heap     ] GC(326) Survivor regions: 1->1(15)
[2026-04-19T22:10:42.338+0100][26.581s][info][gc,heap     ] GC(326) Old regions: 6->6
[2026-04-19T22:10:42.338+0100][26.581s][info][gc,heap     ] GC(326) Humongous regions: 0->0
[2026-04-19T22:10:42.338+0100][26.581s][info][gc,metaspace] GC(326) Metaspace: 247K(448K)->247K(448K) NonClass: 235K(320K)->235K(320K) Class: 12K(128K)->12K(128K)
[2026-04-19T22:10:42.338+0100][26.581s][info][gc          ] GC(326) Pause Young (Normal) (G1 Evacuation Pause) 117M->5M(189M) 0.608ms
[2026-04-19T22:10:42.338+0100][26.581s][info][gc,cpu      ] GC(326) User=0.00s Sys=0.00s Real=0.00s
[2026-04-19T22:10:42.419+0100][26.662s][info][gc,start    ] GC(327) Pause Young (Normal) (G1 Evacuation Pause)
[2026-04-19T22:10:42.419+0100][26.662s][info][gc,task     ] GC(327) Using 4 workers of 8 for evacuation
[2026-04-19T22:10:42.419+0100][26.662s][info][gc,phases   ] GC(327)   Pre Evacuate Collection Set: 0.1ms
[2026-04-19T22:10:42.419+0100][26.662s][info][gc,phases   ] GC(327)   Merge Heap Roots: 0.0ms
[2026-04-19T22:10:42.419+0100][26.662s][info][gc,phases   ] GC(327)   Evacuate Collection Set: 0.3ms
[2026-04-19T22:10:42.419+0100][26.662s][info][gc,phases   ] GC(327)   Post Evacuate Collection Set: 0.1ms
[2026-04-19T22:10:42.419+0100][26.662s][info][gc,phases   ] GC(327)   Other: 0.0ms
[2026-04-19T22:10:42.419+0100][26.662s][info][gc,heap     ] GC(327) Eden regions: 112->0(112)
[2026-04-19T22:10:42.419+0100][26.662s][info][gc,heap     ] GC(327) Survivor regions: 1->1(15)
[2026-04-19T22:10:42.419+0100][26.662s][info][gc,heap     ] GC(327) Old regions: 6->6
[2026-04-19T22:10:42.419+0100][26.662s][info][gc,heap     ] GC(327) Humongous regions: 0->0
[2026-04-19T22:10:42.419+0100][26.662s][info][gc,metaspace] GC(327) Metaspace: 247K(448K)->247K(448K) NonClass: 235K(320K)->235K(320K) Class: 12K(128K)->12K(128K)
[2026-04-19T22:10:42.419+0100][26.662s][info][gc          ] GC(327) Pause Young (Normal) (G1 Evacuation Pause) 117M->5M(189M) 0.590ms
[2026-04-19T22:10:42.419+0100][26.662s][info][gc,cpu      ] GC(327) User=0.00s Sys=0.00s Real=0.00s
[2026-04-19T22:10:42.500+0100][26.743s][info][gc,start    ] GC(328) Pause Young (Normal) (G1 Evacuation Pause)
[2026-04-19T22:10:42.500+0100][26.743s][info][gc,task     ] GC(328) Using 4 workers of 8 for evacuation
[2026-04-19T22:10:42.500+0100][26.743s][info][gc,phases   ] GC(328)   Pre Evacuate Collection Set: 0.1ms
[2026-04-19T22:10:42.500+0100][26.743s][info][gc,phases   ] GC(328)   Merge Heap Roots: 0.0ms
[2026-04-19T22:10:42.500+0100][26.743s][info][gc,phases   ] GC(328)   Evacuate Collection Set: 0.3ms
[2026-04-19T22:10:42.500+0100][26.743s][info][gc,phases   ] GC(328)   Post Evacuate Collection Set: 0.1ms
[2026-04-19T22:10:42.500+0100][26.743s][info][gc,phases   ] GC(328)   Other: 0.0ms
[2026-04-19T22:10:42.500+0100][26.743s][info][gc,heap     ] GC(328) Eden regions: 112->0(112)
[2026-04-19T22:10:42.500+0100][26.743s][info][gc,heap     ] GC(328) Survivor regions: 1->1(15)
[2026-04-19T22:10:42.500+0100][26.743s][info][gc,heap     ] GC(328) Old regions: 6->6
[2026-04-19T22:10:42.500+0100][26.743s][info][gc,heap     ] GC(328) Humongous regions: 0->0
[2026-04-19T22:10:42.500+0100][26.743s][info][gc,metaspace] GC(328) Metaspace: 247K(448K)->247K(448K) NonClass: 235K(320K)->235K(320K) Class: 12K(128K)->12K(128K)
[2026-04-19T22:10:42.500+0100][26.743s][info][gc          ] GC(328) Pause Young (Normal) (G1 Evacuation Pause) 117M->5M(189M) 0.617ms
[2026-04-19T22:10:42.500+0100][26.743s][info][gc,cpu      ] GC(328) User=0.00s Sys=0.00s Real=0.00s
[2026-04-19T22:10:42.581+0100][26.824s][info][gc,start    ] GC(329) Pause Young (Normal) (G1 Evacuation Pause)
[2026-04-19T22:10:42.581+0100][26.824s][info][gc,task     ] GC(329) Using 4 workers of 8 for evacuation
[2026-04-19T22:10:42.581+0100][26.824s][info][gc,phases   ] GC(329)   Pre Evacuate Collection Set: 0.1ms
[2026-04-19T22:10:42.581+0100][26.824s][info][gc,phases   ] GC(329)   Merge Heap Roots: 0.0ms
[2026-04-19T22:10:42.581+0100][26.824s][info][gc,phases   ] GC(329)   Evacuate Collection Set: 0.3ms
[2026-04-19T22:10:42.581+0100][26.824s][info][gc,phases   ] GC(329)   Post Evacuate Collection Set: 0.1ms
[2026-04-19T22:10:42.581+0100][26.824s][info][gc,phases   ] GC(329)   Other: 0.0ms
[2026-04-19T22:10:42.581+0100][26.824s][info][gc,heap     ] GC(329) Eden regions: 112->0(112)
[2026-04-19T22:10:42.581+0100][26.824s][info][gc,heap     ] GC(329) Survivor regions: 1->1(15)
[2026-04-19T22:10:42.581+0100][26.824s][info][gc,heap     ] GC(329) Old regions: 6->6
[2026-04-19T22:10:42.581+0100][26.824s][info][gc,heap     ] GC(329) Humongous regions: 0->0
[2026-04-19T22:10:42.581+0100][26.824s][info][gc,metaspace] GC(329) Metaspace: 247K(448K)->247K(448K) NonClass: 235K(320K)->235K(320K) Class: 12K(128K)->12K(128K)
[2026-04-19T22:10:42.581+0100][26.824s][info][gc          ] GC(329) Pause Young (Normal) (G1 Evacuation Pause) 117M->5M(189M) 0.580ms
[2026-04-19T22:10:42.581+0100][26.824s][info][gc,cpu      ] GC(329) User=0.00s Sys=0.00s Real=0.00s
[2026-04-19T22:10:42.662+0100][26.905s][info][gc,start    ] GC(330) Pause Young (Normal) (G1 Evacuation Pause)
[2026-04-19T22:10:42.662+0100][26.905s][info][gc,task     ] GC(330) Using 4 workers of 8 for evacuation
[2026-04-19T22:10:42.662+0100][26.905s][info][gc,phases   ] GC(330)   Pre Evacuate Collection Set: 0.1ms
[2026-04-19T22:10:42.662+0100][26.905s][info][gc,phases   ] GC(330)   Merge Heap Roots: 0.0ms
[2026-04-19T22:10:42.662+0100][26.905s][info][gc,phases   ] GC(330)   Evacuate Collection Set: 0.3ms
[2026-04-19T22:10:42.662+0100][26.905s][info][gc,phases   ] GC(330)   Post Evacuate Collection Set: 0.1ms
[2026-04-19T22:10:42.662+0100][26.905s][info][gc,phases   ] GC(330)   Other: 0.0ms
[2026-04-19T22:10:42.662+0100][26.905s][info][gc,heap     ] GC(330) Eden regions: 112->0(112)
[2026-04-19T22:10:42.663+0100][26.905s][info][gc,heap     ] GC(330) Survivor regions: 1->1(15)
[2026-04-19T22:10:42.663+0100][26.905s][info][gc,heap     ] GC(330) Old regions: 6->6
[2026-04-19T22:10:42.663+0100][26.905s][info][gc,heap     ] GC(330) Humongous regions: 0->0
[2026-04-19T22:10:42.663+0100][26.905s][info][gc,metaspace] GC(330) Metaspace: 247K(448K)->247K(448K) NonClass: 235K(320K)->235K(320K) Class: 12K(128K)->12K(128K)
[2026-04-19T22:10:42.663+0100][26.905s][info][gc          ] GC(330) Pause Young (Normal) (G1 Evacuation Pause) 117M->5M(189M) 0.662ms
[2026-04-19T22:10:42.663+0100][26.905s][info][gc,cpu      ] GC(330) User=0.00s Sys=0.00s Real=0.00s
[2026-04-19T22:10:42.743+0100][26.986s][info][gc,start    ] GC(331) Pause Young (Normal) (G1 Evacuation Pause)
[2026-04-19T22:10:42.743+0100][26.986s][info][gc,task     ] GC(331) Using 4 workers of 8 for evacuation
[2026-04-19T22:10:42.743+0100][26.986s][info][gc,phases   ] GC(331)   Pre Evacuate Collection Set: 0.1ms
[2026-04-19T22:10:42.743+0100][26.986s][info][gc,phases   ] GC(331)   Merge Heap Roots: 0.0ms
[2026-04-19T22:10:42.743+0100][26.986s][info][gc,phases   ] GC(331)   Evacuate Collection Set: 0.3ms
[2026-04-19T22:10:42.743+0100][26.986s][info][gc,phases   ] GC(331)   Post Evacuate Collection Set: 0.1ms
[2026-04-19T22:10:42.743+0100][26.986s][info][gc,phases   ] GC(331)   Other: 0.0ms
[2026-04-19T22:10:42.743+0100][26.986s][info][gc,heap     ] GC(331) Eden regions: 112->0(112)
[2026-04-19T22:10:42.743+0100][26.986s][info][gc,heap     ] GC(331) Survivor regions: 1->1(15)
[2026-04-19T22:10:42.743+0100][26.986s][info][gc,heap     ] GC(331) Old regions: 6->6
[2026-04-19T22:10:42.743+0100][26.986s][info][gc,heap     ] GC(331) Humongous regions: 0->0
[2026-04-19T22:10:42.743+0100][26.986s][info][gc,metaspace] GC(331) Metaspace: 247K(448K)->247K(448K) NonClass: 235K(320K)->235K(320K) Class: 12K(128K)->12K(128K)
[2026-04-19T22:10:42.743+0100][26.986s][info][gc          ] GC(331) Pause Young (Normal) (G1 Evacuation Pause) 117M->5M(189M) 0.624ms
[2026-04-19T22:10:42.743+0100][26.986s][info][gc,cpu      ] GC(331) User=0.00s Sys=0.00s Real=0.00s
[2026-04-19T22:10:42.824+0100][27.067s][info][gc,start    ] GC(332) Pause Young (Normal) (G1 Evacuation Pause)
[2026-04-19T22:10:42.824+0100][27.067s][info][gc,task     ] GC(332) Using 4 workers of 8 for evacuation
[2026-04-19T22:10:42.825+0100][27.067s][info][gc,phases   ] GC(332)   Pre Evacuate Collection Set: 0.1ms
[2026-04-19T22:10:42.825+0100][27.067s][info][gc,phases   ] GC(332)   Merge Heap Roots: 0.0ms
[2026-04-19T22:10:42.825+0100][27.067s][info][gc,phases   ] GC(332)   Evacuate Collection Set: 0.3ms
[2026-04-19T22:10:42.825+0100][27.067s][info][gc,phases   ] GC(332)   Post Evacuate Collection Set: 0.1ms
[2026-04-19T22:10:42.825+0100][27.067s][info][gc,phases   ] GC(332)   Other: 0.0ms
[2026-04-19T22:10:42.825+0100][27.067s][info][gc,heap     ] GC(332) Eden regions: 112->0(112)
[2026-04-19T22:10:42.825+0100][27.067s][info][gc,heap     ] GC(332) Survivor regions: 1->1(15)
[2026-04-19T22:10:42.825+0100][27.067s][info][gc,heap     ] GC(332) Old regions: 6->6
[2026-04-19T22:10:42.825+0100][27.067s][info][gc,heap     ] GC(332) Humongous regions: 0->0
[2026-04-19T22:10:42.825+0100][27.067s][info][gc,metaspace] GC(332) Metaspace: 247K(448K)->247K(448K) NonClass: 235K(320K)->235K(320K) Class: 12K(128K)->12K(128K)
[2026-04-19T22:10:42.825+0100][27.067s][info][gc          ] GC(332) Pause Young (Normal) (G1 Evacuation Pause) 117M->5M(189M) 0.569ms
[2026-04-19T22:10:42.825+0100][27.067s][info][gc,cpu      ] GC(332) User=0.00s Sys=0.00s Real=0.00s
[2026-04-19T22:10:42.905+0100][27.148s][info][gc,start    ] GC(333) Pause Young (Normal) (G1 Evacuation Pause)
[2026-04-19T22:10:42.905+0100][27.148s][info][gc,task     ] GC(333) Using 4 workers of 8 for evacuation
[2026-04-19T22:10:42.906+0100][27.149s][info][gc,phases   ] GC(333)   Pre Evacuate Collection Set: 0.1ms
[2026-04-19T22:10:42.906+0100][27.149s][info][gc,phases   ] GC(333)   Merge Heap Roots: 0.0ms
[2026-04-19T22:10:42.906+0100][27.149s][info][gc,phases   ] GC(333)   Evacuate Collection Set: 0.3ms
[2026-04-19T22:10:42.906+0100][27.149s][info][gc,phases   ] GC(333)   Post Evacuate Collection Set: 0.1ms
[2026-04-19T22:10:42.906+0100][27.149s][info][gc,phases   ] GC(333)   Other: 0.0ms
[2026-04-19T22:10:42.906+0100][27.149s][info][gc,heap     ] GC(333) Eden regions: 112->0(112)
[2026-04-19T22:10:42.906+0100][27.149s][info][gc,heap     ] GC(333) Survivor regions: 1->1(15)
[2026-04-19T22:10:42.906+0100][27.149s][info][gc,heap     ] GC(333) Old regions: 6->6
[2026-04-19T22:10:42.906+0100][27.149s][info][gc,heap     ] GC(333) Humongous regions: 0->0
[2026-04-19T22:10:42.906+0100][27.149s][info][gc,metaspace] GC(333) Metaspace: 247K(448K)->247K(448K) NonClass: 235K(320K)->235K(320K) Class: 12K(128K)->12K(128K)
[2026-04-19T22:10:42.906+0100][27.149s][info][gc          ] GC(333) Pause Young (Normal) (G1 Evacuation Pause) 117M->5M(189M) 0.575ms
[2026-04-19T22:10:42.906+0100][27.149s][info][gc,cpu      ] GC(333) User=0.00s Sys=0.00s Real=0.00s
[2026-04-19T22:10:42.986+0100][27.229s][info][gc,start    ] GC(334) Pause Young (Normal) (G1 Evacuation Pause)
[2026-04-19T22:10:42.986+0100][27.229s][info][gc,task     ] GC(334) Using 4 workers of 8 for evacuation
[2026-04-19T22:10:42.987+0100][27.230s][info][gc,phases   ] GC(334)   Pre Evacuate Collection Set: 0.1ms
[2026-04-19T22:10:42.987+0100][27.230s][info][gc,phases   ] GC(334)   Merge Heap Roots: 0.0ms
[2026-04-19T22:10:42.987+0100][27.230s][info][gc,phases   ] GC(334)   Evacuate Collection Set: 0.3ms
[2026-04-19T22:10:42.987+0100][27.230s][info][gc,phases   ] GC(334)   Post Evacuate Collection Set: 0.1ms
[2026-04-19T22:10:42.987+0100][27.230s][info][gc,phases   ] GC(334)   Other: 0.0ms
[2026-04-19T22:10:42.987+0100][27.230s][info][gc,heap     ] GC(334) Eden regions: 112->0(112)
[2026-04-19T22:10:42.987+0100][27.230s][info][gc,heap     ] GC(334) Survivor regions: 1->1(15)
[2026-04-19T22:10:42.987+0100][27.230s][info][gc,heap     ] GC(334) Old regions: 6->6
[2026-04-19T22:10:42.987+0100][27.230s][info][gc,heap     ] GC(334) Humongous regions: 0->0
[2026-04-19T22:10:42.987+0100][27.230s][info][gc,metaspace] GC(334) Metaspace: 247K(448K)->247K(448K) NonClass: 235K(320K)->235K(320K) Class: 12K(128K)->12K(128K)
[2026-04-19T22:10:42.987+0100][27.230s][info][gc          ] GC(334) Pause Young (Normal) (G1 Evacuation Pause) 117M->5M(189M) 0.586ms
[2026-04-19T22:10:42.987+0100][27.230s][info][gc,cpu      ] GC(334) User=0.00s Sys=0.00s Real=0.00s
[2026-04-19T22:10:43.067+0100][27.310s][info][gc,start    ] GC(335) Pause Young (Normal) (G1 Evacuation Pause)
[2026-04-19T22:10:43.067+0100][27.310s][info][gc,task     ] GC(335) Using 4 workers of 8 for evacuation
[2026-04-19T22:10:43.068+0100][27.310s][info][gc,phases   ] GC(335)   Pre Evacuate Collection Set: 0.1ms
[2026-04-19T22:10:43.068+0100][27.310s][info][gc,phases   ] GC(335)   Merge Heap Roots: 0.0ms
[2026-04-19T22:10:43.068+0100][27.310s][info][gc,phases   ] GC(335)   Evacuate Collection Set: 0.3ms
[2026-04-19T22:10:43.068+0100][27.310s][info][gc,phases   ] GC(335)   Post Evacuate Collection Set: 0.1ms
[2026-04-19T22:10:43.068+0100][27.310s][info][gc,phases   ] GC(335)   Other: 0.0ms
[2026-04-19T22:10:43.068+0100][27.310s][info][gc,heap     ] GC(335) Eden regions: 112->0(112)
[2026-04-19T22:10:43.068+0100][27.310s][info][gc,heap     ] GC(335) Survivor regions: 1->1(15)
[2026-04-19T22:10:43.068+0100][27.310s][info][gc,heap     ] GC(335) Old regions: 6->6
[2026-04-19T22:10:43.068+0100][27.310s][info][gc,heap     ] GC(335) Humongous regions: 0->0
[2026-04-19T22:10:43.068+0100][27.310s][info][gc,metaspace] GC(335) Metaspace: 247K(448K)->247K(448K) NonClass: 235K(320K)->235K(320K) Class: 12K(128K)->12K(128K)
[2026-04-19T22:10:43.068+0100][27.310s][info][gc          ] GC(335) Pause Young (Normal) (G1 Evacuation Pause) 117M->5M(189M) 0.617ms
[2026-04-19T22:10:43.068+0100][27.311s][info][gc,cpu      ] GC(335) User=0.00s Sys=0.00s Real=0.00s
[2026-04-19T22:10:43.148+0100][27.391s][info][gc,start    ] GC(336) Pause Young (Normal) (G1 Evacuation Pause)
[2026-04-19T22:10:43.148+0100][27.391s][info][gc,task     ] GC(336) Using 4 workers of 8 for evacuation
[2026-04-19T22:10:43.148+0100][27.391s][info][gc,phases   ] GC(336)   Pre Evacuate Collection Set: 0.1ms
[2026-04-19T22:10:43.148+0100][27.391s][info][gc,phases   ] GC(336)   Merge Heap Roots: 0.0ms
[2026-04-19T22:10:43.148+0100][27.391s][info][gc,phases   ] GC(336)   Evacuate Collection Set: 0.3ms
[2026-04-19T22:10:43.148+0100][27.391s][info][gc,phases   ] GC(336)   Post Evacuate Collection Set: 0.1ms
[2026-04-19T22:10:43.148+0100][27.391s][info][gc,phases   ] GC(336)   Other: 0.0ms
[2026-04-19T22:10:43.148+0100][27.391s][info][gc,heap     ] GC(336) Eden regions: 112->0(112)
[2026-04-19T22:10:43.148+0100][27.391s][info][gc,heap     ] GC(336) Survivor regions: 1->1(15)
[2026-04-19T22:10:43.148+0100][27.391s][info][gc,heap     ] GC(336) Old regions: 6->6
[2026-04-19T22:10:43.148+0100][27.391s][info][gc,heap     ] GC(336) Humongous regions: 0->0
[2026-04-19T22:10:43.148+0100][27.391s][info][gc,metaspace] GC(336) Metaspace: 247K(448K)->247K(448K) NonClass: 235K(320K)->235K(320K) Class: 12K(128K)->12K(128K)
[2026-04-19T22:10:43.148+0100][27.391s][info][gc          ] GC(336) Pause Young (Normal) (G1 Evacuation Pause) 117M->5M(189M) 0.571ms
[2026-04-19T22:10:43.148+0100][27.391s][info][gc,cpu      ] GC(336) User=0.00s Sys=0.00s Real=0.00s
[2026-04-19T22:10:43.236+0100][27.478s][info][gc,start    ] GC(337) Pause Young (Normal) (G1 Evacuation Pause)
[2026-04-19T22:10:43.236+0100][27.478s][info][gc,task     ] GC(337) Using 4 workers of 8 for evacuation
[2026-04-19T22:10:43.236+0100][27.479s][info][gc,phases   ] GC(337)   Pre Evacuate Collection Set: 0.1ms
[2026-04-19T22:10:43.236+0100][27.479s][info][gc,phases   ] GC(337)   Merge Heap Roots: 0.0ms
[2026-04-19T22:10:43.236+0100][27.479s][info][gc,phases   ] GC(337)   Evacuate Collection Set: 0.5ms
[2026-04-19T22:10:43.236+0100][27.479s][info][gc,phases   ] GC(337)   Post Evacuate Collection Set: 0.1ms
[2026-04-19T22:10:43.236+0100][27.479s][info][gc,phases   ] GC(337)   Other: 0.0ms
[2026-04-19T22:10:43.236+0100][27.479s][info][gc,heap     ] GC(337) Eden regions: 112->0(112)
[2026-04-19T22:10:43.236+0100][27.479s][info][gc,heap     ] GC(337) Survivor regions: 1->1(15)
[2026-04-19T22:10:43.236+0100][27.479s][info][gc,heap     ] GC(337) Old regions: 6->6
[2026-04-19T22:10:43.236+0100][27.479s][info][gc,heap     ] GC(337) Humongous regions: 0->0
[2026-04-19T22:10:43.236+0100][27.479s][info][gc,metaspace] GC(337) Metaspace: 247K(448K)->247K(448K) NonClass: 235K(320K)->235K(320K) Class: 12K(128K)->12K(128K)
[2026-04-19T22:10:43.236+0100][27.479s][info][gc          ] GC(337) Pause Young (Normal) (G1 Evacuation Pause) 117M->5M(189M) 0.808ms
[2026-04-19T22:10:43.236+0100][27.479s][info][gc,cpu      ] GC(337) User=0.00s Sys=0.00s Real=0.00s
[2026-04-19T22:10:43.323+0100][27.566s][info][gc,start    ] GC(338) Pause Young (Normal) (G1 Evacuation Pause)
[2026-04-19T22:10:43.324+0100][27.566s][info][gc,task     ] GC(338) Using 4 workers of 8 for evacuation
[2026-04-19T22:10:43.324+0100][27.567s][info][gc,phases   ] GC(338)   Pre Evacuate Collection Set: 0.0ms
[2026-04-19T22:10:43.324+0100][27.567s][info][gc,phases   ] GC(338)   Merge Heap Roots: 0.0ms
[2026-04-19T22:10:43.324+0100][27.567s][info][gc,phases   ] GC(338)   Evacuate Collection Set: 0.3ms
[2026-04-19T22:10:43.324+0100][27.567s][info][gc,phases   ] GC(338)   Post Evacuate Collection Set: 0.1ms
[2026-04-19T22:10:43.324+0100][27.567s][info][gc,phases   ] GC(338)   Other: 0.0ms
[2026-04-19T22:10:43.324+0100][27.567s][info][gc,heap     ] GC(338) Eden regions: 112->0(112)
[2026-04-19T22:10:43.324+0100][27.567s][info][gc,heap     ] GC(338) Survivor regions: 1->1(15)
[2026-04-19T22:10:43.324+0100][27.567s][info][gc,heap     ] GC(338) Old regions: 6->6
[2026-04-19T22:10:43.324+0100][27.567s][info][gc,heap     ] GC(338) Humongous regions: 0->0
[2026-04-19T22:10:43.324+0100][27.567s][info][gc,metaspace] GC(338) Metaspace: 247K(448K)->247K(448K) NonClass: 235K(320K)->235K(320K) Class: 12K(128K)->12K(128K)
[2026-04-19T22:10:43.324+0100][27.567s][info][gc          ] GC(338) Pause Young (Normal) (G1 Evacuation Pause) 117M->5M(189M) 0.640ms
[2026-04-19T22:10:43.324+0100][27.567s][info][gc,cpu      ] GC(338) User=0.01s Sys=0.00s Real=0.00s
[2026-04-19T22:10:43.405+0100][27.647s][info][gc,start    ] GC(339) Pause Young (Normal) (G1 Evacuation Pause)
[2026-04-19T22:10:43.405+0100][27.647s][info][gc,task     ] GC(339) Using 4 workers of 8 for evacuation
[2026-04-19T22:10:43.405+0100][27.648s][info][gc,phases   ] GC(339)   Pre Evacuate Collection Set: 0.1ms
[2026-04-19T22:10:43.405+0100][27.648s][info][gc,phases   ] GC(339)   Merge Heap Roots: 0.0ms
[2026-04-19T22:10:43.405+0100][27.648s][info][gc,phases   ] GC(339)   Evacuate Collection Set: 0.3ms
[2026-04-19T22:10:43.405+0100][27.648s][info][gc,phases   ] GC(339)   Post Evacuate Collection Set: 0.1ms
[2026-04-19T22:10:43.405+0100][27.648s][info][gc,phases   ] GC(339)   Other: 0.0ms
[2026-04-19T22:10:43.405+0100][27.648s][info][gc,heap     ] GC(339) Eden regions: 112->0(112)
[2026-04-19T22:10:43.405+0100][27.648s][info][gc,heap     ] GC(339) Survivor regions: 1->1(15)
[2026-04-19T22:10:43.405+0100][27.648s][info][gc,heap     ] GC(339) Old regions: 6->6
[2026-04-19T22:10:43.405+0100][27.648s][info][gc,heap     ] GC(339) Humongous regions: 0->0
[2026-04-19T22:10:43.405+0100][27.648s][info][gc,metaspace] GC(339) Metaspace: 247K(448K)->247K(448K) NonClass: 235K(320K)->235K(320K) Class: 12K(128K)->12K(128K)
[2026-04-19T22:10:43.405+0100][27.648s][info][gc          ] GC(339) Pause Young (Normal) (G1 Evacuation Pause) 117M->5M(189M) 0.637ms
[2026-04-19T22:10:43.405+0100][27.648s][info][gc,cpu      ] GC(339) User=0.00s Sys=0.00s Real=0.00s
[2026-04-19T22:10:43.486+0100][27.728s][info][gc,start    ] GC(340) Pause Young (Normal) (G1 Evacuation Pause)
[2026-04-19T22:10:43.486+0100][27.728s][info][gc,task     ] GC(340) Using 4 workers of 8 for evacuation
[2026-04-19T22:10:43.486+0100][27.729s][info][gc,phases   ] GC(340)   Pre Evacuate Collection Set: 0.1ms
[2026-04-19T22:10:43.486+0100][27.729s][info][gc,phases   ] GC(340)   Merge Heap Roots: 0.0ms
[2026-04-19T22:10:43.486+0100][27.729s][info][gc,phases   ] GC(340)   Evacuate Collection Set: 0.3ms
[2026-04-19T22:10:43.486+0100][27.729s][info][gc,phases   ] GC(340)   Post Evacuate Collection Set: 0.1ms
[2026-04-19T22:10:43.486+0100][27.729s][info][gc,phases   ] GC(340)   Other: 0.0ms
[2026-04-19T22:10:43.486+0100][27.729s][info][gc,heap     ] GC(340) Eden regions: 112->0(112)
[2026-04-19T22:10:43.486+0100][27.729s][info][gc,heap     ] GC(340) Survivor regions: 1->1(15)
[2026-04-19T22:10:43.486+0100][27.729s][info][gc,heap     ] GC(340) Old regions: 6->6
[2026-04-19T22:10:43.486+0100][27.729s][info][gc,heap     ] GC(340) Humongous regions: 0->0
[2026-04-19T22:10:43.486+0100][27.729s][info][gc,metaspace] GC(340) Metaspace: 247K(448K)->247K(448K) NonClass: 235K(320K)->235K(320K) Class: 12K(128K)->12K(128K)
[2026-04-19T22:10:43.486+0100][27.729s][info][gc          ] GC(340) Pause Young (Normal) (G1 Evacuation Pause) 117M->5M(189M) 0.613ms
[2026-04-19T22:10:43.486+0100][27.729s][info][gc,cpu      ] GC(340) User=0.00s Sys=0.00s Real=0.00s
[2026-04-19T22:10:43.567+0100][27.809s][info][gc,start    ] GC(341) Pause Young (Normal) (G1 Evacuation Pause)
[2026-04-19T22:10:43.567+0100][27.809s][info][gc,task     ] GC(341) Using 4 workers of 8 for evacuation
[2026-04-19T22:10:43.567+0100][27.810s][info][gc,phases   ] GC(341)   Pre Evacuate Collection Set: 0.1ms
[2026-04-19T22:10:43.567+0100][27.810s][info][gc,phases   ] GC(341)   Merge Heap Roots: 0.0ms
[2026-04-19T22:10:43.567+0100][27.810s][info][gc,phases   ] GC(341)   Evacuate Collection Set: 0.3ms
[2026-04-19T22:10:43.567+0100][27.810s][info][gc,phases   ] GC(341)   Post Evacuate Collection Set: 0.1ms
[2026-04-19T22:10:43.567+0100][27.810s][info][gc,phases   ] GC(341)   Other: 0.0ms
[2026-04-19T22:10:43.567+0100][27.810s][info][gc,heap     ] GC(341) Eden regions: 112->0(112)
[2026-04-19T22:10:43.567+0100][27.810s][info][gc,heap     ] GC(341) Survivor regions: 1->1(15)
[2026-04-19T22:10:43.567+0100][27.810s][info][gc,heap     ] GC(341) Old regions: 6->6
[2026-04-19T22:10:43.567+0100][27.810s][info][gc,heap     ] GC(341) Humongous regions: 0->0
[2026-04-19T22:10:43.567+0100][27.810s][info][gc,metaspace] GC(341) Metaspace: 247K(448K)->247K(448K) NonClass: 235K(320K)->235K(320K) Class: 12K(128K)->12K(128K)
[2026-04-19T22:10:43.567+0100][27.810s][info][gc          ] GC(341) Pause Young (Normal) (G1 Evacuation Pause) 117M->5M(189M) 0.622ms
[2026-04-19T22:10:43.567+0100][27.810s][info][gc,cpu      ] GC(341) User=0.00s Sys=0.00s Real=0.00s
[2026-04-19T22:10:43.648+0100][27.891s][info][gc,start    ] GC(342) Pause Young (Normal) (G1 Evacuation Pause)
[2026-04-19T22:10:43.648+0100][27.891s][info][gc,task     ] GC(342) Using 4 workers of 8 for evacuation
[2026-04-19T22:10:43.648+0100][27.891s][info][gc,phases   ] GC(342)   Pre Evacuate Collection Set: 0.1ms
[2026-04-19T22:10:43.648+0100][27.891s][info][gc,phases   ] GC(342)   Merge Heap Roots: 0.0ms
[2026-04-19T22:10:43.648+0100][27.891s][info][gc,phases   ] GC(342)   Evacuate Collection Set: 0.3ms
[2026-04-19T22:10:43.648+0100][27.891s][info][gc,phases   ] GC(342)   Post Evacuate Collection Set: 0.1ms
[2026-04-19T22:10:43.648+0100][27.891s][info][gc,phases   ] GC(342)   Other: 0.0ms
[2026-04-19T22:10:43.648+0100][27.891s][info][gc,heap     ] GC(342) Eden regions: 112->0(112)
[2026-04-19T22:10:43.648+0100][27.891s][info][gc,heap     ] GC(342) Survivor regions: 1->1(15)
[2026-04-19T22:10:43.648+0100][27.891s][info][gc,heap     ] GC(342) Old regions: 6->6
[2026-04-19T22:10:43.648+0100][27.891s][info][gc,heap     ] GC(342) Humongous regions: 0->0
[2026-04-19T22:10:43.648+0100][27.891s][info][gc,metaspace] GC(342) Metaspace: 247K(448K)->247K(448K) NonClass: 235K(320K)->235K(320K) Class: 12K(128K)->12K(128K)
[2026-04-19T22:10:43.649+0100][27.891s][info][gc          ] GC(342) Pause Young (Normal) (G1 Evacuation Pause) 117M->5M(189M) 0.641ms
[2026-04-19T22:10:43.649+0100][27.891s][info][gc,cpu      ] GC(342) User=0.00s Sys=0.01s Real=0.00s
[2026-04-19T22:10:43.730+0100][27.973s][info][gc,start    ] GC(343) Pause Young (Normal) (G1 Evacuation Pause)
[2026-04-19T22:10:43.730+0100][27.973s][info][gc,task     ] GC(343) Using 4 workers of 8 for evacuation
[2026-04-19T22:10:43.730+0100][27.973s][info][gc,phases   ] GC(343)   Pre Evacuate Collection Set: 0.1ms
[2026-04-19T22:10:43.730+0100][27.973s][info][gc,phases   ] GC(343)   Merge Heap Roots: 0.0ms
[2026-04-19T22:10:43.730+0100][27.973s][info][gc,phases   ] GC(343)   Evacuate Collection Set: 0.3ms
[2026-04-19T22:10:43.730+0100][27.973s][info][gc,phases   ] GC(343)   Post Evacuate Collection Set: 0.1ms
[2026-04-19T22:10:43.730+0100][27.973s][info][gc,phases   ] GC(343)   Other: 0.0ms
[2026-04-19T22:10:43.730+0100][27.973s][info][gc,heap     ] GC(343) Eden regions: 112->0(112)
[2026-04-19T22:10:43.730+0100][27.973s][info][gc,heap     ] GC(343) Survivor regions: 1->1(15)
[2026-04-19T22:10:43.730+0100][27.973s][info][gc,heap     ] GC(343) Old regions: 6->6
[2026-04-19T22:10:43.730+0100][27.973s][info][gc,heap     ] GC(343) Humongous regions: 0->0
[2026-04-19T22:10:43.730+0100][27.973s][info][gc,metaspace] GC(343) Metaspace: 247K(448K)->247K(448K) NonClass: 235K(320K)->235K(320K) Class: 12K(128K)->12K(128K)
[2026-04-19T22:10:43.730+0100][27.973s][info][gc          ] GC(343) Pause Young (Normal) (G1 Evacuation Pause) 117M->5M(189M) 0.666ms
[2026-04-19T22:10:43.730+0100][27.973s][info][gc,cpu      ] GC(343) User=0.00s Sys=0.00s Real=0.00s
[2026-04-19T22:10:43.813+0100][28.056s][info][gc,start    ] GC(344) Pause Young (Normal) (G1 Evacuation Pause)
[2026-04-19T22:10:43.813+0100][28.056s][info][gc,task     ] GC(344) Using 4 workers of 8 for evacuation
[2026-04-19T22:10:43.813+0100][28.056s][info][gc,phases   ] GC(344)   Pre Evacuate Collection Set: 0.1ms
[2026-04-19T22:10:43.813+0100][28.056s][info][gc,phases   ] GC(344)   Merge Heap Roots: 0.0ms
[2026-04-19T22:10:43.813+0100][28.056s][info][gc,phases   ] GC(344)   Evacuate Collection Set: 0.3ms
[2026-04-19T22:10:43.813+0100][28.056s][info][gc,phases   ] GC(344)   Post Evacuate Collection Set: 0.1ms
[2026-04-19T22:10:43.813+0100][28.056s][info][gc,phases   ] GC(344)   Other: 0.0ms
[2026-04-19T22:10:43.813+0100][28.056s][info][gc,heap     ] GC(344) Eden regions: 112->0(112)
[2026-04-19T22:10:43.813+0100][28.056s][info][gc,heap     ] GC(344) Survivor regions: 1->1(15)
[2026-04-19T22:10:43.813+0100][28.056s][info][gc,heap     ] GC(344) Old regions: 6->6
[2026-04-19T22:10:43.813+0100][28.056s][info][gc,heap     ] GC(344) Humongous regions: 0->0
[2026-04-19T22:10:43.813+0100][28.056s][info][gc,metaspace] GC(344) Metaspace: 247K(448K)->247K(448K) NonClass: 235K(320K)->235K(320K) Class: 12K(128K)->12K(128K)
[2026-04-19T22:10:43.813+0100][28.056s][info][gc          ] GC(344) Pause Young (Normal) (G1 Evacuation Pause) 117M->5M(189M) 0.627ms
[2026-04-19T22:10:43.813+0100][28.056s][info][gc,cpu      ] GC(344) User=0.00s Sys=0.00s Real=0.00s
[2026-04-19T22:10:43.894+0100][28.137s][info][gc,start    ] GC(345) Pause Young (Normal) (G1 Evacuation Pause)
[2026-04-19T22:10:43.894+0100][28.137s][info][gc,task     ] GC(345) Using 4 workers of 8 for evacuation
[2026-04-19T22:10:43.895+0100][28.138s][info][gc,phases   ] GC(345)   Pre Evacuate Collection Set: 0.0ms
[2026-04-19T22:10:43.895+0100][28.138s][info][gc,phases   ] GC(345)   Merge Heap Roots: 0.0ms
[2026-04-19T22:10:43.895+0100][28.138s][info][gc,phases   ] GC(345)   Evacuate Collection Set: 0.3ms
[2026-04-19T22:10:43.895+0100][28.138s][info][gc,phases   ] GC(345)   Post Evacuate Collection Set: 0.1ms
[2026-04-19T22:10:43.895+0100][28.138s][info][gc,phases   ] GC(345)   Other: 0.0ms
[2026-04-19T22:10:43.895+0100][28.138s][info][gc,heap     ] GC(345) Eden regions: 112->0(112)
[2026-04-19T22:10:43.895+0100][28.138s][info][gc,heap     ] GC(345) Survivor regions: 1->1(15)
[2026-04-19T22:10:43.895+0100][28.138s][info][gc,heap     ] GC(345) Old regions: 6->6
[2026-04-19T22:10:43.895+0100][28.138s][info][gc,heap     ] GC(345) Humongous regions: 0->0
[2026-04-19T22:10:43.895+0100][28.138s][info][gc,metaspace] GC(345) Metaspace: 247K(448K)->247K(448K) NonClass: 235K(320K)->235K(320K) Class: 12K(128K)->12K(128K)
[2026-04-19T22:10:43.895+0100][28.138s][info][gc          ] GC(345) Pause Young (Normal) (G1 Evacuation Pause) 117M->5M(189M) 0.650ms
[2026-04-19T22:10:43.895+0100][28.138s][info][gc,cpu      ] GC(345) User=0.00s Sys=0.00s Real=0.00s
[2026-04-19T22:10:43.976+0100][28.219s][info][gc,start    ] GC(346) Pause Young (Normal) (G1 Evacuation Pause)
[2026-04-19T22:10:43.976+0100][28.219s][info][gc,task     ] GC(346) Using 4 workers of 8 for evacuation
[2026-04-19T22:10:43.977+0100][28.220s][info][gc,phases   ] GC(346)   Pre Evacuate Collection Set: 0.1ms
[2026-04-19T22:10:43.977+0100][28.220s][info][gc,phases   ] GC(346)   Merge Heap Roots: 0.0ms
[2026-04-19T22:10:43.977+0100][28.220s][info][gc,phases   ] GC(346)   Evacuate Collection Set: 0.3ms
[2026-04-19T22:10:43.977+0100][28.220s][info][gc,phases   ] GC(346)   Post Evacuate Collection Set: 0.1ms
[2026-04-19T22:10:43.977+0100][28.220s][info][gc,phases   ] GC(346)   Other: 0.0ms
[2026-04-19T22:10:43.977+0100][28.220s][info][gc,heap     ] GC(346) Eden regions: 112->0(112)
[2026-04-19T22:10:43.977+0100][28.220s][info][gc,heap     ] GC(346) Survivor regions: 1->1(15)
[2026-04-19T22:10:43.977+0100][28.220s][info][gc,heap     ] GC(346) Old regions: 6->6
[2026-04-19T22:10:43.977+0100][28.220s][info][gc,heap     ] GC(346) Humongous regions: 0->0
[2026-04-19T22:10:43.977+0100][28.220s][info][gc,metaspace] GC(346) Metaspace: 247K(448K)->247K(448K) NonClass: 235K(320K)->235K(320K) Class: 12K(128K)->12K(128K)
[2026-04-19T22:10:43.977+0100][28.220s][info][gc          ] GC(346) Pause Young (Normal) (G1 Evacuation Pause) 117M->5M(189M) 0.662ms
[2026-04-19T22:10:43.977+0100][28.220s][info][gc,cpu      ] GC(346) User=0.00s Sys=0.00s Real=0.00s
[2026-04-19T22:10:44.057+0100][28.300s][info][gc,start    ] GC(347) Pause Young (Normal) (G1 Evacuation Pause)
[2026-04-19T22:10:44.057+0100][28.300s][info][gc,task     ] GC(347) Using 4 workers of 8 for evacuation
[2026-04-19T22:10:44.058+0100][28.301s][info][gc,phases   ] GC(347)   Pre Evacuate Collection Set: 0.1ms
[2026-04-19T22:10:44.058+0100][28.301s][info][gc,phases   ] GC(347)   Merge Heap Roots: 0.0ms
[2026-04-19T22:10:44.058+0100][28.301s][info][gc,phases   ] GC(347)   Evacuate Collection Set: 0.3ms
[2026-04-19T22:10:44.058+0100][28.301s][info][gc,phases   ] GC(347)   Post Evacuate Collection Set: 0.1ms
[2026-04-19T22:10:44.058+0100][28.301s][info][gc,phases   ] GC(347)   Other: 0.0ms
[2026-04-19T22:10:44.058+0100][28.301s][info][gc,heap     ] GC(347) Eden regions: 112->0(112)
[2026-04-19T22:10:44.058+0100][28.301s][info][gc,heap     ] GC(347) Survivor regions: 1->1(15)
[2026-04-19T22:10:44.058+0100][28.301s][info][gc,heap     ] GC(347) Old regions: 6->6
[2026-04-19T22:10:44.058+0100][28.301s][info][gc,heap     ] GC(347) Humongous regions: 0->0
[2026-04-19T22:10:44.058+0100][28.301s][info][gc,metaspace] GC(347) Metaspace: 247K(448K)->247K(448K) NonClass: 235K(320K)->235K(320K) Class: 12K(128K)->12K(128K)
[2026-04-19T22:10:44.058+0100][28.301s][info][gc          ] GC(347) Pause Young (Normal) (G1 Evacuation Pause) 117M->5M(189M) 0.617ms
[2026-04-19T22:10:44.058+0100][28.301s][info][gc,cpu      ] GC(347) User=0.00s Sys=0.00s Real=0.00s
[2026-04-19T22:10:44.138+0100][28.380s][info][gc,start    ] GC(348) Pause Young (Normal) (G1 Evacuation Pause)
[2026-04-19T22:10:44.138+0100][28.380s][info][gc,task     ] GC(348) Using 4 workers of 8 for evacuation
[2026-04-19T22:10:44.138+0100][28.381s][info][gc,phases   ] GC(348)   Pre Evacuate Collection Set: 0.1ms
[2026-04-19T22:10:44.138+0100][28.381s][info][gc,phases   ] GC(348)   Merge Heap Roots: 0.0ms
[2026-04-19T22:10:44.138+0100][28.381s][info][gc,phases   ] GC(348)   Evacuate Collection Set: 0.3ms
[2026-04-19T22:10:44.138+0100][28.381s][info][gc,phases   ] GC(348)   Post Evacuate Collection Set: 0.1ms
[2026-04-19T22:10:44.138+0100][28.381s][info][gc,phases   ] GC(348)   Other: 0.0ms
[2026-04-19T22:10:44.138+0100][28.381s][info][gc,heap     ] GC(348) Eden regions: 112->0(112)
[2026-04-19T22:10:44.138+0100][28.381s][info][gc,heap     ] GC(348) Survivor regions: 1->1(15)
[2026-04-19T22:10:44.138+0100][28.381s][info][gc,heap     ] GC(348) Old regions: 6->6
[2026-04-19T22:10:44.138+0100][28.381s][info][gc,heap     ] GC(348) Humongous regions: 0->0
[2026-04-19T22:10:44.138+0100][28.381s][info][gc,metaspace] GC(348) Metaspace: 247K(448K)->247K(448K) NonClass: 235K(320K)->235K(320K) Class: 12K(128K)->12K(128K)
[2026-04-19T22:10:44.138+0100][28.381s][info][gc          ] GC(348) Pause Young (Normal) (G1 Evacuation Pause) 117M->5M(189M) 0.608ms
[2026-04-19T22:10:44.138+0100][28.381s][info][gc,cpu      ] GC(348) User=0.01s Sys=0.00s Real=0.00s
[2026-04-19T22:10:44.219+0100][28.461s][info][gc,start    ] GC(349) Pause Young (Normal) (G1 Evacuation Pause)
[2026-04-19T22:10:44.219+0100][28.462s][info][gc,task     ] GC(349) Using 4 workers of 8 for evacuation
[2026-04-19T22:10:44.219+0100][28.462s][info][gc,phases   ] GC(349)   Pre Evacuate Collection Set: 0.1ms
[2026-04-19T22:10:44.219+0100][28.462s][info][gc,phases   ] GC(349)   Merge Heap Roots: 0.0ms
[2026-04-19T22:10:44.219+0100][28.462s][info][gc,phases   ] GC(349)   Evacuate Collection Set: 0.3ms
[2026-04-19T22:10:44.219+0100][28.462s][info][gc,phases   ] GC(349)   Post Evacuate Collection Set: 0.1ms
[2026-04-19T22:10:44.219+0100][28.462s][info][gc,phases   ] GC(349)   Other: 0.0ms
[2026-04-19T22:10:44.219+0100][28.462s][info][gc,heap     ] GC(349) Eden regions: 112->0(112)
[2026-04-19T22:10:44.219+0100][28.462s][info][gc,heap     ] GC(349) Survivor regions: 1->1(15)
[2026-04-19T22:10:44.219+0100][28.462s][info][gc,heap     ] GC(349) Old regions: 6->6
[2026-04-19T22:10:44.219+0100][28.462s][info][gc,heap     ] GC(349) Humongous regions: 0->0
[2026-04-19T22:10:44.219+0100][28.462s][info][gc,metaspace] GC(349) Metaspace: 247K(448K)->247K(448K) NonClass: 235K(320K)->235K(320K) Class: 12K(128K)->12K(128K)
[2026-04-19T22:10:44.219+0100][28.462s][info][gc          ] GC(349) Pause Young (Normal) (G1 Evacuation Pause) 117M->5M(189M) 0.612ms
[2026-04-19T22:10:44.219+0100][28.462s][info][gc,cpu      ] GC(349) User=0.00s Sys=0.00s Real=0.00s
[2026-04-19T22:10:44.300+0100][28.542s][info][gc,start    ] GC(350) Pause Young (Normal) (G1 Evacuation Pause)
[2026-04-19T22:10:44.300+0100][28.542s][info][gc,task     ] GC(350) Using 4 workers of 8 for evacuation
[2026-04-19T22:10:44.300+0100][28.543s][info][gc,phases   ] GC(350)   Pre Evacuate Collection Set: 0.1ms
[2026-04-19T22:10:44.300+0100][28.543s][info][gc,phases   ] GC(350)   Merge Heap Roots: 0.0ms
[2026-04-19T22:10:44.300+0100][28.543s][info][gc,phases   ] GC(350)   Evacuate Collection Set: 0.3ms
[2026-04-19T22:10:44.300+0100][28.543s][info][gc,phases   ] GC(350)   Post Evacuate Collection Set: 0.1ms
[2026-04-19T22:10:44.300+0100][28.543s][info][gc,phases   ] GC(350)   Other: 0.0ms
[2026-04-19T22:10:44.300+0100][28.543s][info][gc,heap     ] GC(350) Eden regions: 112->0(112)
[2026-04-19T22:10:44.300+0100][28.543s][info][gc,heap     ] GC(350) Survivor regions: 1->1(15)
[2026-04-19T22:10:44.300+0100][28.543s][info][gc,heap     ] GC(350) Old regions: 6->6
[2026-04-19T22:10:44.300+0100][28.543s][info][gc,heap     ] GC(350) Humongous regions: 0->0
[2026-04-19T22:10:44.300+0100][28.543s][info][gc,metaspace] GC(350) Metaspace: 247K(448K)->247K(448K) NonClass: 235K(320K)->235K(320K) Class: 12K(128K)->12K(128K)
[2026-04-19T22:10:44.300+0100][28.543s][info][gc          ] GC(350) Pause Young (Normal) (G1 Evacuation Pause) 117M->5M(189M) 0.640ms
[2026-04-19T22:10:44.300+0100][28.543s][info][gc,cpu      ] GC(350) User=0.00s Sys=0.00s Real=0.00s
[2026-04-19T22:10:44.380+0100][28.623s][info][gc,start    ] GC(351) Pause Young (Normal) (G1 Evacuation Pause)
[2026-04-19T22:10:44.380+0100][28.623s][info][gc,task     ] GC(351) Using 4 workers of 8 for evacuation
[2026-04-19T22:10:44.381+0100][28.624s][info][gc,phases   ] GC(351)   Pre Evacuate Collection Set: 0.1ms
[2026-04-19T22:10:44.381+0100][28.624s][info][gc,phases   ] GC(351)   Merge Heap Roots: 0.0ms
[2026-04-19T22:10:44.381+0100][28.624s][info][gc,phases   ] GC(351)   Evacuate Collection Set: 0.3ms
[2026-04-19T22:10:44.381+0100][28.624s][info][gc,phases   ] GC(351)   Post Evacuate Collection Set: 0.1ms
[2026-04-19T22:10:44.381+0100][28.624s][info][gc,phases   ] GC(351)   Other: 0.0ms
[2026-04-19T22:10:44.381+0100][28.624s][info][gc,heap     ] GC(351) Eden regions: 112->0(112)
[2026-04-19T22:10:44.381+0100][28.624s][info][gc,heap     ] GC(351) Survivor regions: 1->1(15)
[2026-04-19T22:10:44.381+0100][28.624s][info][gc,heap     ] GC(351) Old regions: 6->6
[2026-04-19T22:10:44.381+0100][28.624s][info][gc,heap     ] GC(351) Humongous regions: 0->0
[2026-04-19T22:10:44.381+0100][28.624s][info][gc,metaspace] GC(351) Metaspace: 247K(448K)->247K(448K) NonClass: 235K(320K)->235K(320K) Class: 12K(128K)->12K(128K)
[2026-04-19T22:10:44.381+0100][28.624s][info][gc          ] GC(351) Pause Young (Normal) (G1 Evacuation Pause) 117M->5M(189M) 0.626ms
[2026-04-19T22:10:44.381+0100][28.624s][info][gc,cpu      ] GC(351) User=0.00s Sys=0.00s Real=0.00s
[2026-04-19T22:10:44.461+0100][28.704s][info][gc,start    ] GC(352) Pause Young (Normal) (G1 Evacuation Pause)
[2026-04-19T22:10:44.461+0100][28.704s][info][gc,task     ] GC(352) Using 4 workers of 8 for evacuation
[2026-04-19T22:10:44.462+0100][28.704s][info][gc,phases   ] GC(352)   Pre Evacuate Collection Set: 0.1ms
[2026-04-19T22:10:44.462+0100][28.704s][info][gc,phases   ] GC(352)   Merge Heap Roots: 0.0ms
[2026-04-19T22:10:44.462+0100][28.704s][info][gc,phases   ] GC(352)   Evacuate Collection Set: 0.3ms
[2026-04-19T22:10:44.462+0100][28.704s][info][gc,phases   ] GC(352)   Post Evacuate Collection Set: 0.1ms
[2026-04-19T22:10:44.462+0100][28.704s][info][gc,phases   ] GC(352)   Other: 0.0ms
[2026-04-19T22:10:44.462+0100][28.704s][info][gc,heap     ] GC(352) Eden regions: 112->0(112)
[2026-04-19T22:10:44.462+0100][28.704s][info][gc,heap     ] GC(352) Survivor regions: 1->1(15)
[2026-04-19T22:10:44.462+0100][28.704s][info][gc,heap     ] GC(352) Old regions: 6->6
[2026-04-19T22:10:44.462+0100][28.704s][info][gc,heap     ] GC(352) Humongous regions: 0->0
[2026-04-19T22:10:44.462+0100][28.704s][info][gc,metaspace] GC(352) Metaspace: 247K(448K)->247K(448K) NonClass: 235K(320K)->235K(320K) Class: 12K(128K)->12K(128K)
[2026-04-19T22:10:44.462+0100][28.704s][info][gc          ] GC(352) Pause Young (Normal) (G1 Evacuation Pause) 117M->5M(189M) 0.617ms
[2026-04-19T22:10:44.462+0100][28.704s][info][gc,cpu      ] GC(352) User=0.00s Sys=0.00s Real=0.00s
[2026-04-19T22:10:44.541+0100][28.784s][info][gc,start    ] GC(353) Pause Young (Normal) (G1 Evacuation Pause)
[2026-04-19T22:10:44.541+0100][28.784s][info][gc,task     ] GC(353) Using 4 workers of 8 for evacuation
[2026-04-19T22:10:44.542+0100][28.785s][info][gc,phases   ] GC(353)   Pre Evacuate Collection Set: 0.1ms
[2026-04-19T22:10:44.542+0100][28.785s][info][gc,phases   ] GC(353)   Merge Heap Roots: 0.0ms
[2026-04-19T22:10:44.542+0100][28.785s][info][gc,phases   ] GC(353)   Evacuate Collection Set: 0.3ms
[2026-04-19T22:10:44.542+0100][28.785s][info][gc,phases   ] GC(353)   Post Evacuate Collection Set: 0.1ms
[2026-04-19T22:10:44.542+0100][28.785s][info][gc,phases   ] GC(353)   Other: 0.0ms
[2026-04-19T22:10:44.542+0100][28.785s][info][gc,heap     ] GC(353) Eden regions: 112->0(112)
[2026-04-19T22:10:44.542+0100][28.785s][info][gc,heap     ] GC(353) Survivor regions: 1->1(15)
[2026-04-19T22:10:44.542+0100][28.785s][info][gc,heap     ] GC(353) Old regions: 6->6
[2026-04-19T22:10:44.542+0100][28.785s][info][gc,heap     ] GC(353) Humongous regions: 0->0
[2026-04-19T22:10:44.542+0100][28.785s][info][gc,metaspace] GC(353) Metaspace: 247K(448K)->247K(448K) NonClass: 235K(320K)->235K(320K) Class: 12K(128K)->12K(128K)
[2026-04-19T22:10:44.542+0100][28.785s][info][gc          ] GC(353) Pause Young (Normal) (G1 Evacuation Pause) 117M->5M(189M) 0.616ms
[2026-04-19T22:10:44.542+0100][28.785s][info][gc,cpu      ] GC(353) User=0.00s Sys=0.00s Real=0.00s
[2026-04-19T22:10:44.622+0100][28.865s][info][gc,start    ] GC(354) Pause Young (Normal) (G1 Evacuation Pause)
[2026-04-19T22:10:44.622+0100][28.865s][info][gc,task     ] GC(354) Using 4 workers of 8 for evacuation
[2026-04-19T22:10:44.623+0100][28.866s][info][gc,phases   ] GC(354)   Pre Evacuate Collection Set: 0.1ms
[2026-04-19T22:10:44.623+0100][28.866s][info][gc,phases   ] GC(354)   Merge Heap Roots: 0.0ms
[2026-04-19T22:10:44.623+0100][28.866s][info][gc,phases   ] GC(354)   Evacuate Collection Set: 0.3ms
[2026-04-19T22:10:44.623+0100][28.866s][info][gc,phases   ] GC(354)   Post Evacuate Collection Set: 0.1ms
[2026-04-19T22:10:44.623+0100][28.866s][info][gc,phases   ] GC(354)   Other: 0.0ms
[2026-04-19T22:10:44.623+0100][28.866s][info][gc,heap     ] GC(354) Eden regions: 112->0(112)
[2026-04-19T22:10:44.623+0100][28.866s][info][gc,heap     ] GC(354) Survivor regions: 1->1(15)
[2026-04-19T22:10:44.623+0100][28.866s][info][gc,heap     ] GC(354) Old regions: 6->6
[2026-04-19T22:10:44.623+0100][28.866s][info][gc,heap     ] GC(354) Humongous regions: 0->0
[2026-04-19T22:10:44.623+0100][28.866s][info][gc,metaspace] GC(354) Metaspace: 247K(448K)->247K(448K) NonClass: 235K(320K)->235K(320K) Class: 12K(128K)->12K(128K)
[2026-04-19T22:10:44.623+0100][28.866s][info][gc          ] GC(354) Pause Young (Normal) (G1 Evacuation Pause) 117M->5M(189M) 0.565ms
[2026-04-19T22:10:44.623+0100][28.866s][info][gc,cpu      ] GC(354) User=0.00s Sys=0.00s Real=0.00s
[2026-04-19T22:10:44.702+0100][28.945s][info][gc,start    ] GC(355) Pause Young (Normal) (G1 Evacuation Pause)
[2026-04-19T22:10:44.702+0100][28.945s][info][gc,task     ] GC(355) Using 4 workers of 8 for evacuation
[2026-04-19T22:10:44.703+0100][28.946s][info][gc,phases   ] GC(355)   Pre Evacuate Collection Set: 0.1ms
[2026-04-19T22:10:44.703+0100][28.946s][info][gc,phases   ] GC(355)   Merge Heap Roots: 0.0ms
[2026-04-19T22:10:44.703+0100][28.946s][info][gc,phases   ] GC(355)   Evacuate Collection Set: 0.3ms
[2026-04-19T22:10:44.703+0100][28.946s][info][gc,phases   ] GC(355)   Post Evacuate Collection Set: 0.1ms
[2026-04-19T22:10:44.703+0100][28.946s][info][gc,phases   ] GC(355)   Other: 0.0ms
[2026-04-19T22:10:44.703+0100][28.946s][info][gc,heap     ] GC(355) Eden regions: 112->0(112)
[2026-04-19T22:10:44.703+0100][28.946s][info][gc,heap     ] GC(355) Survivor regions: 1->1(15)
[2026-04-19T22:10:44.703+0100][28.946s][info][gc,heap     ] GC(355) Old regions: 6->6
[2026-04-19T22:10:44.703+0100][28.946s][info][gc,heap     ] GC(355) Humongous regions: 0->0
[2026-04-19T22:10:44.703+0100][28.946s][info][gc,metaspace] GC(355) Metaspace: 247K(448K)->247K(448K) NonClass: 235K(320K)->235K(320K) Class: 12K(128K)->12K(128K)
[2026-04-19T22:10:44.703+0100][28.946s][info][gc          ] GC(355) Pause Young (Normal) (G1 Evacuation Pause) 117M->5M(189M) 0.586ms
[2026-04-19T22:10:44.703+0100][28.946s][info][gc,cpu      ] GC(355) User=0.00s Sys=0.00s Real=0.00s
[2026-04-19T22:10:44.784+0100][29.026s][info][gc,start    ] GC(356) Pause Young (Normal) (G1 Evacuation Pause)
[2026-04-19T22:10:44.784+0100][29.027s][info][gc,task     ] GC(356) Using 4 workers of 8 for evacuation
[2026-04-19T22:10:44.784+0100][29.027s][info][gc,phases   ] GC(356)   Pre Evacuate Collection Set: 0.1ms
[2026-04-19T22:10:44.784+0100][29.027s][info][gc,phases   ] GC(356)   Merge Heap Roots: 0.0ms
[2026-04-19T22:10:44.784+0100][29.027s][info][gc,phases   ] GC(356)   Evacuate Collection Set: 0.3ms
[2026-04-19T22:10:44.784+0100][29.027s][info][gc,phases   ] GC(356)   Post Evacuate Collection Set: 0.1ms
[2026-04-19T22:10:44.784+0100][29.027s][info][gc,phases   ] GC(356)   Other: 0.0ms
[2026-04-19T22:10:44.784+0100][29.027s][info][gc,heap     ] GC(356) Eden regions: 112->0(112)
[2026-04-19T22:10:44.784+0100][29.027s][info][gc,heap     ] GC(356) Survivor regions: 1->1(15)
[2026-04-19T22:10:44.784+0100][29.027s][info][gc,heap     ] GC(356) Old regions: 6->6
[2026-04-19T22:10:44.784+0100][29.027s][info][gc,heap     ] GC(356) Humongous regions: 0->0
[2026-04-19T22:10:44.784+0100][29.027s][info][gc,metaspace] GC(356) Metaspace: 247K(448K)->247K(448K) NonClass: 235K(320K)->235K(320K) Class: 12K(128K)->12K(128K)
[2026-04-19T22:10:44.784+0100][29.027s][info][gc          ] GC(356) Pause Young (Normal) (G1 Evacuation Pause) 117M->5M(189M) 0.595ms
[2026-04-19T22:10:44.784+0100][29.027s][info][gc,cpu      ] GC(356) User=0.01s Sys=0.00s Real=0.00s
[2026-04-19T22:10:44.865+0100][29.108s][info][gc,start    ] GC(357) Pause Young (Normal) (G1 Evacuation Pause)
[2026-04-19T22:10:44.865+0100][29.108s][info][gc,task     ] GC(357) Using 4 workers of 8 for evacuation
[2026-04-19T22:10:44.866+0100][29.108s][info][gc,phases   ] GC(357)   Pre Evacuate Collection Set: 0.1ms
[2026-04-19T22:10:44.866+0100][29.108s][info][gc,phases   ] GC(357)   Merge Heap Roots: 0.0ms
[2026-04-19T22:10:44.866+0100][29.108s][info][gc,phases   ] GC(357)   Evacuate Collection Set: 0.3ms
[2026-04-19T22:10:44.866+0100][29.108s][info][gc,phases   ] GC(357)   Post Evacuate Collection Set: 0.1ms
[2026-04-19T22:10:44.866+0100][29.108s][info][gc,phases   ] GC(357)   Other: 0.0ms
[2026-04-19T22:10:44.866+0100][29.108s][info][gc,heap     ] GC(357) Eden regions: 112->0(112)
[2026-04-19T22:10:44.866+0100][29.108s][info][gc,heap     ] GC(357) Survivor regions: 1->1(15)
[2026-04-19T22:10:44.866+0100][29.108s][info][gc,heap     ] GC(357) Old regions: 6->6
[2026-04-19T22:10:44.866+0100][29.108s][info][gc,heap     ] GC(357) Humongous regions: 0->0
[2026-04-19T22:10:44.866+0100][29.108s][info][gc,metaspace] GC(357) Metaspace: 247K(448K)->247K(448K) NonClass: 235K(320K)->235K(320K) Class: 12K(128K)->12K(128K)
[2026-04-19T22:10:44.866+0100][29.108s][info][gc          ] GC(357) Pause Young (Normal) (G1 Evacuation Pause) 117M->5M(189M) 0.603ms
[2026-04-19T22:10:44.866+0100][29.108s][info][gc,cpu      ] GC(357) User=0.00s Sys=0.00s Real=0.00s
[2026-04-19T22:10:44.947+0100][29.190s][info][gc,start    ] GC(358) Pause Young (Normal) (G1 Evacuation Pause)
[2026-04-19T22:10:44.947+0100][29.190s][info][gc,task     ] GC(358) Using 4 workers of 8 for evacuation
[2026-04-19T22:10:44.947+0100][29.190s][info][gc,phases   ] GC(358)   Pre Evacuate Collection Set: 0.0ms
[2026-04-19T22:10:44.947+0100][29.190s][info][gc,phases   ] GC(358)   Merge Heap Roots: 0.0ms
[2026-04-19T22:10:44.947+0100][29.190s][info][gc,phases   ] GC(358)   Evacuate Collection Set: 0.3ms
[2026-04-19T22:10:44.947+0100][29.190s][info][gc,phases   ] GC(358)   Post Evacuate Collection Set: 0.1ms
[2026-04-19T22:10:44.947+0100][29.190s][info][gc,phases   ] GC(358)   Other: 0.0ms
[2026-04-19T22:10:44.947+0100][29.190s][info][gc,heap     ] GC(358) Eden regions: 112->0(112)
[2026-04-19T22:10:44.947+0100][29.190s][info][gc,heap     ] GC(358) Survivor regions: 1->1(15)
[2026-04-19T22:10:44.947+0100][29.190s][info][gc,heap     ] GC(358) Old regions: 6->6
[2026-04-19T22:10:44.947+0100][29.190s][info][gc,heap     ] GC(358) Humongous regions: 0->0
[2026-04-19T22:10:44.947+0100][29.190s][info][gc,metaspace] GC(358) Metaspace: 247K(448K)->247K(448K) NonClass: 235K(320K)->235K(320K) Class: 12K(128K)->12K(128K)
[2026-04-19T22:10:44.947+0100][29.190s][info][gc          ] GC(358) Pause Young (Normal) (G1 Evacuation Pause) 117M->5M(189M) 0.534ms
[2026-04-19T22:10:44.947+0100][29.190s][info][gc,cpu      ] GC(358) User=0.00s Sys=0.00s Real=0.00s
[2026-04-19T22:10:45.028+0100][29.271s][info][gc,start    ] GC(359) Pause Young (Normal) (G1 Evacuation Pause)
[2026-04-19T22:10:45.028+0100][29.271s][info][gc,task     ] GC(359) Using 4 workers of 8 for evacuation
[2026-04-19T22:10:45.029+0100][29.271s][info][gc,phases   ] GC(359)   Pre Evacuate Collection Set: 0.1ms
[2026-04-19T22:10:45.029+0100][29.271s][info][gc,phases   ] GC(359)   Merge Heap Roots: 0.0ms
[2026-04-19T22:10:45.029+0100][29.271s][info][gc,phases   ] GC(359)   Evacuate Collection Set: 0.3ms
[2026-04-19T22:10:45.029+0100][29.271s][info][gc,phases   ] GC(359)   Post Evacuate Collection Set: 0.1ms
[2026-04-19T22:10:45.029+0100][29.271s][info][gc,phases   ] GC(359)   Other: 0.0ms
[2026-04-19T22:10:45.029+0100][29.271s][info][gc,heap     ] GC(359) Eden regions: 112->0(112)
[2026-04-19T22:10:45.029+0100][29.271s][info][gc,heap     ] GC(359) Survivor regions: 1->1(15)
[2026-04-19T22:10:45.029+0100][29.271s][info][gc,heap     ] GC(359) Old regions: 6->6
[2026-04-19T22:10:45.029+0100][29.271s][info][gc,heap     ] GC(359) Humongous regions: 0->0
[2026-04-19T22:10:45.029+0100][29.271s][info][gc,metaspace] GC(359) Metaspace: 247K(448K)->247K(448K) NonClass: 235K(320K)->235K(320K) Class: 12K(128K)->12K(128K)
[2026-04-19T22:10:45.029+0100][29.271s][info][gc          ] GC(359) Pause Young (Normal) (G1 Evacuation Pause) 117M->5M(189M) 0.623ms
[2026-04-19T22:10:45.029+0100][29.271s][info][gc,cpu      ] GC(359) User=0.00s Sys=0.00s Real=0.00s
[2026-04-19T22:10:45.108+0100][29.351s][info][gc,start    ] GC(360) Pause Young (Normal) (G1 Evacuation Pause)
[2026-04-19T22:10:45.109+0100][29.351s][info][gc,task     ] GC(360) Using 4 workers of 8 for evacuation
[2026-04-19T22:10:45.109+0100][29.352s][info][gc,phases   ] GC(360)   Pre Evacuate Collection Set: 0.1ms
[2026-04-19T22:10:45.109+0100][29.352s][info][gc,phases   ] GC(360)   Merge Heap Roots: 0.0ms
[2026-04-19T22:10:45.109+0100][29.352s][info][gc,phases   ] GC(360)   Evacuate Collection Set: 0.3ms
[2026-04-19T22:10:45.109+0100][29.352s][info][gc,phases   ] GC(360)   Post Evacuate Collection Set: 0.1ms
[2026-04-19T22:10:45.109+0100][29.352s][info][gc,phases   ] GC(360)   Other: 0.0ms
[2026-04-19T22:10:45.109+0100][29.352s][info][gc,heap     ] GC(360) Eden regions: 112->0(112)
[2026-04-19T22:10:45.109+0100][29.352s][info][gc,heap     ] GC(360) Survivor regions: 1->1(15)
[2026-04-19T22:10:45.109+0100][29.352s][info][gc,heap     ] GC(360) Old regions: 6->6
[2026-04-19T22:10:45.109+0100][29.352s][info][gc,heap     ] GC(360) Humongous regions: 0->0
[2026-04-19T22:10:45.109+0100][29.352s][info][gc,metaspace] GC(360) Metaspace: 247K(448K)->247K(448K) NonClass: 235K(320K)->235K(320K) Class: 12K(128K)->12K(128K)
[2026-04-19T22:10:45.109+0100][29.352s][info][gc          ] GC(360) Pause Young (Normal) (G1 Evacuation Pause) 117M->5M(189M) 0.625ms
[2026-04-19T22:10:45.109+0100][29.352s][info][gc,cpu      ] GC(360) User=0.00s Sys=0.00s Real=0.00s
[2026-04-19T22:10:45.190+0100][29.433s][info][gc,start    ] GC(361) Pause Young (Normal) (G1 Evacuation Pause)
[2026-04-19T22:10:45.190+0100][29.433s][info][gc,task     ] GC(361) Using 4 workers of 8 for evacuation
[2026-04-19T22:10:45.191+0100][29.434s][info][gc,phases   ] GC(361)   Pre Evacuate Collection Set: 0.1ms
[2026-04-19T22:10:45.191+0100][29.434s][info][gc,phases   ] GC(361)   Merge Heap Roots: 0.0ms
[2026-04-19T22:10:45.191+0100][29.434s][info][gc,phases   ] GC(361)   Evacuate Collection Set: 0.4ms
[2026-04-19T22:10:45.191+0100][29.434s][info][gc,phases   ] GC(361)   Post Evacuate Collection Set: 0.1ms
[2026-04-19T22:10:45.191+0100][29.434s][info][gc,phases   ] GC(361)   Other: 0.0ms
[2026-04-19T22:10:45.191+0100][29.434s][info][gc,heap     ] GC(361) Eden regions: 112->0(112)
[2026-04-19T22:10:45.191+0100][29.434s][info][gc,heap     ] GC(361) Survivor regions: 1->1(15)
[2026-04-19T22:10:45.191+0100][29.434s][info][gc,heap     ] GC(361) Old regions: 6->6
[2026-04-19T22:10:45.191+0100][29.434s][info][gc,heap     ] GC(361) Humongous regions: 0->0
[2026-04-19T22:10:45.191+0100][29.434s][info][gc,metaspace] GC(361) Metaspace: 247K(448K)->247K(448K) NonClass: 235K(320K)->235K(320K) Class: 12K(128K)->12K(128K)
[2026-04-19T22:10:45.191+0100][29.434s][info][gc          ] GC(361) Pause Young (Normal) (G1 Evacuation Pause) 117M->5M(189M) 0.714ms
[2026-04-19T22:10:45.191+0100][29.434s][info][gc,cpu      ] GC(361) User=0.01s Sys=0.00s Real=0.00s
[2026-04-19T22:10:45.292+0100][29.535s][info][gc,start    ] GC(362) Pause Young (Normal) (G1 Evacuation Pause)
[2026-04-19T22:10:45.292+0100][29.535s][info][gc,task     ] GC(362) Using 4 workers of 8 for evacuation
[2026-04-19T22:10:45.297+0100][29.540s][info][gc,phases   ] GC(362)   Pre Evacuate Collection Set: 0.2ms
[2026-04-19T22:10:45.297+0100][29.540s][info][gc,phases   ] GC(362)   Merge Heap Roots: 0.1ms
[2026-04-19T22:10:45.297+0100][29.540s][info][gc,phases   ] GC(362)   Evacuate Collection Set: 2.4ms
[2026-04-19T22:10:45.297+0100][29.540s][info][gc,phases   ] GC(362)   Post Evacuate Collection Set: 1.9ms
[2026-04-19T22:10:45.297+0100][29.540s][info][gc,phases   ] GC(362)   Other: 0.2ms
[2026-04-19T22:10:45.297+0100][29.540s][info][gc,heap     ] GC(362) Eden regions: 112->0(112)
[2026-04-19T22:10:45.297+0100][29.540s][info][gc,heap     ] GC(362) Survivor regions: 1->1(15)
[2026-04-19T22:10:45.297+0100][29.540s][info][gc,heap     ] GC(362) Old regions: 6->6
[2026-04-19T22:10:45.297+0100][29.540s][info][gc,heap     ] GC(362) Humongous regions: 0->0
[2026-04-19T22:10:45.297+0100][29.540s][info][gc,metaspace] GC(362) Metaspace: 247K(448K)->247K(448K) NonClass: 235K(320K)->235K(320K) Class: 12K(128K)->12K(128K)
[2026-04-19T22:10:45.297+0100][29.540s][info][gc          ] GC(362) Pause Young (Normal) (G1 Evacuation Pause) 117M->5M(189M) 5.290ms
[2026-04-19T22:10:45.298+0100][29.540s][info][gc,cpu      ] GC(362) User=0.00s Sys=0.00s Real=0.00s
[2026-04-19T22:10:45.421+0100][29.663s][info][gc,start    ] GC(363) Pause Young (Normal) (G1 Evacuation Pause)
[2026-04-19T22:10:45.421+0100][29.663s][info][gc,task     ] GC(363) Using 4 workers of 8 for evacuation
[2026-04-19T22:10:45.421+0100][29.664s][info][gc,phases   ] GC(363)   Pre Evacuate Collection Set: 0.1ms
[2026-04-19T22:10:45.421+0100][29.664s][info][gc,phases   ] GC(363)   Merge Heap Roots: 0.0ms
[2026-04-19T22:10:45.421+0100][29.664s][info][gc,phases   ] GC(363)   Evacuate Collection Set: 0.5ms
[2026-04-19T22:10:45.421+0100][29.664s][info][gc,phases   ] GC(363)   Post Evacuate Collection Set: 0.1ms
[2026-04-19T22:10:45.421+0100][29.664s][info][gc,phases   ] GC(363)   Other: 0.0ms
[2026-04-19T22:10:45.421+0100][29.664s][info][gc,heap     ] GC(363) Eden regions: 112->0(112)
[2026-04-19T22:10:45.421+0100][29.664s][info][gc,heap     ] GC(363) Survivor regions: 1->1(15)
[2026-04-19T22:10:45.421+0100][29.664s][info][gc,heap     ] GC(363) Old regions: 6->6
[2026-04-19T22:10:45.421+0100][29.664s][info][gc,heap     ] GC(363) Humongous regions: 0->0
[2026-04-19T22:10:45.421+0100][29.664s][info][gc,metaspace] GC(363) Metaspace: 247K(448K)->247K(448K) NonClass: 235K(320K)->235K(320K) Class: 12K(128K)->12K(128K)
[2026-04-19T22:10:45.421+0100][29.664s][info][gc          ] GC(363) Pause Young (Normal) (G1 Evacuation Pause) 117M->5M(189M) 0.811ms
[2026-04-19T22:10:45.421+0100][29.664s][info][gc,cpu      ] GC(363) User=0.00s Sys=0.00s Real=0.00s
[2026-04-19T22:10:45.505+0100][29.748s][info][gc,start    ] GC(364) Pause Young (Normal) (G1 Evacuation Pause)
[2026-04-19T22:10:45.505+0100][29.748s][info][gc,task     ] GC(364) Using 4 workers of 8 for evacuation
[2026-04-19T22:10:45.506+0100][29.748s][info][gc,phases   ] GC(364)   Pre Evacuate Collection Set: 0.1ms
[2026-04-19T22:10:45.506+0100][29.748s][info][gc,phases   ] GC(364)   Merge Heap Roots: 0.0ms
[2026-04-19T22:10:45.506+0100][29.748s][info][gc,phases   ] GC(364)   Evacuate Collection Set: 0.4ms
[2026-04-19T22:10:45.506+0100][29.748s][info][gc,phases   ] GC(364)   Post Evacuate Collection Set: 0.1ms
[2026-04-19T22:10:45.506+0100][29.748s][info][gc,phases   ] GC(364)   Other: 0.0ms
[2026-04-19T22:10:45.506+0100][29.748s][info][gc,heap     ] GC(364) Eden regions: 112->0(112)
[2026-04-19T22:10:45.506+0100][29.749s][info][gc,heap     ] GC(364) Survivor regions: 1->1(15)
[2026-04-19T22:10:45.506+0100][29.749s][info][gc,heap     ] GC(364) Old regions: 6->6
[2026-04-19T22:10:45.506+0100][29.749s][info][gc,heap     ] GC(364) Humongous regions: 0->0
[2026-04-19T22:10:45.506+0100][29.749s][info][gc,metaspace] GC(364) Metaspace: 247K(448K)->247K(448K) NonClass: 235K(320K)->235K(320K) Class: 12K(128K)->12K(128K)
[2026-04-19T22:10:45.506+0100][29.749s][info][gc          ] GC(364) Pause Young (Normal) (G1 Evacuation Pause) 117M->5M(189M) 0.736ms
[2026-04-19T22:10:45.506+0100][29.749s][info][gc,cpu      ] GC(364) User=0.00s Sys=0.00s Real=0.00s
[2026-04-19T22:10:45.589+0100][29.832s][info][gc,start    ] GC(365) Pause Young (Normal) (G1 Evacuation Pause)
[2026-04-19T22:10:45.589+0100][29.832s][info][gc,task     ] GC(365) Using 4 workers of 8 for evacuation
[2026-04-19T22:10:45.590+0100][29.833s][info][gc,phases   ] GC(365)   Pre Evacuate Collection Set: 0.1ms
[2026-04-19T22:10:45.590+0100][29.833s][info][gc,phases   ] GC(365)   Merge Heap Roots: 0.0ms
[2026-04-19T22:10:45.590+0100][29.833s][info][gc,phases   ] GC(365)   Evacuate Collection Set: 0.4ms
[2026-04-19T22:10:45.590+0100][29.833s][info][gc,phases   ] GC(365)   Post Evacuate Collection Set: 0.1ms
[2026-04-19T22:10:45.590+0100][29.833s][info][gc,phases   ] GC(365)   Other: 0.0ms
[2026-04-19T22:10:45.590+0100][29.833s][info][gc,heap     ] GC(365) Eden regions: 112->0(112)
[2026-04-19T22:10:45.590+0100][29.833s][info][gc,heap     ] GC(365) Survivor regions: 1->1(15)
[2026-04-19T22:10:45.590+0100][29.833s][info][gc,heap     ] GC(365) Old regions: 6->6
[2026-04-19T22:10:45.590+0100][29.833s][info][gc,heap     ] GC(365) Humongous regions: 0->0
[2026-04-19T22:10:45.590+0100][29.833s][info][gc,metaspace] GC(365) Metaspace: 247K(448K)->247K(448K) NonClass: 235K(320K)->235K(320K) Class: 12K(128K)->12K(128K)
[2026-04-19T22:10:45.590+0100][29.833s][info][gc          ] GC(365) Pause Young (Normal) (G1 Evacuation Pause) 117M->5M(189M) 0.717ms
[2026-04-19T22:10:45.590+0100][29.833s][info][gc,cpu      ] GC(365) User=0.00s Sys=0.00s Real=0.01s
[2026-04-19T22:10:45.684+0100][29.926s][info][gc,start    ] GC(366) Pause Young (Normal) (G1 Evacuation Pause)
[2026-04-19T22:10:45.684+0100][29.926s][info][gc,task     ] GC(366) Using 4 workers of 8 for evacuation
[2026-04-19T22:10:45.684+0100][29.927s][info][gc,phases   ] GC(366)   Pre Evacuate Collection Set: 0.1ms
[2026-04-19T22:10:45.684+0100][29.927s][info][gc,phases   ] GC(366)   Merge Heap Roots: 0.0ms
[2026-04-19T22:10:45.684+0100][29.927s][info][gc,phases   ] GC(366)   Evacuate Collection Set: 0.3ms
[2026-04-19T22:10:45.684+0100][29.927s][info][gc,phases   ] GC(366)   Post Evacuate Collection Set: 0.1ms
[2026-04-19T22:10:45.684+0100][29.927s][info][gc,phases   ] GC(366)   Other: 0.0ms
[2026-04-19T22:10:45.684+0100][29.927s][info][gc,heap     ] GC(366) Eden regions: 112->0(112)
[2026-04-19T22:10:45.684+0100][29.927s][info][gc,heap     ] GC(366) Survivor regions: 1->1(15)
[2026-04-19T22:10:45.684+0100][29.927s][info][gc,heap     ] GC(366) Old regions: 6->6
[2026-04-19T22:10:45.684+0100][29.927s][info][gc,heap     ] GC(366) Humongous regions: 0->0
[2026-04-19T22:10:45.684+0100][29.927s][info][gc,metaspace] GC(366) Metaspace: 247K(448K)->247K(448K) NonClass: 235K(320K)->235K(320K) Class: 12K(128K)->12K(128K)
[2026-04-19T22:10:45.684+0100][29.927s][info][gc          ] GC(366) Pause Young (Normal) (G1 Evacuation Pause) 117M->5M(189M) 0.648ms
[2026-04-19T22:10:45.684+0100][29.927s][info][gc,cpu      ] GC(366) User=0.01s Sys=0.00s Real=0.00s
[2026-04-19T22:10:45.765+0100][30.007s][info][gc,start    ] GC(367) Pause Young (Normal) (G1 Evacuation Pause)
[2026-04-19T22:10:45.765+0100][30.007s][info][gc,task     ] GC(367) Using 4 workers of 8 for evacuation
[2026-04-19T22:10:45.765+0100][30.008s][info][gc,phases   ] GC(367)   Pre Evacuate Collection Set: 0.1ms
[2026-04-19T22:10:45.765+0100][30.008s][info][gc,phases   ] GC(367)   Merge Heap Roots: 0.0ms
[2026-04-19T22:10:45.765+0100][30.008s][info][gc,phases   ] GC(367)   Evacuate Collection Set: 0.3ms
[2026-04-19T22:10:45.765+0100][30.008s][info][gc,phases   ] GC(367)   Post Evacuate Collection Set: 0.1ms
[2026-04-19T22:10:45.765+0100][30.008s][info][gc,phases   ] GC(367)   Other: 0.0ms
[2026-04-19T22:10:45.765+0100][30.008s][info][gc,heap     ] GC(367) Eden regions: 112->0(112)
[2026-04-19T22:10:45.765+0100][30.008s][info][gc,heap     ] GC(367) Survivor regions: 1->1(15)
[2026-04-19T22:10:45.765+0100][30.008s][info][gc,heap     ] GC(367) Old regions: 6->6
[2026-04-19T22:10:45.765+0100][30.008s][info][gc,heap     ] GC(367) Humongous regions: 0->0
[2026-04-19T22:10:45.765+0100][30.008s][info][gc,metaspace] GC(367) Metaspace: 247K(448K)->247K(448K) NonClass: 235K(320K)->235K(320K) Class: 12K(128K)->12K(128K)
[2026-04-19T22:10:45.765+0100][30.008s][info][gc          ] GC(367) Pause Young (Normal) (G1 Evacuation Pause) 117M->5M(189M) 0.605ms
[2026-04-19T22:10:45.765+0100][30.008s][info][gc,cpu      ] GC(367) User=0.00s Sys=0.00s Real=0.00s
[2026-04-19T22:10:45.845+0100][30.088s][info][gc,start    ] GC(368) Pause Young (Normal) (G1 Evacuation Pause)
[2026-04-19T22:10:45.845+0100][30.088s][info][gc,task     ] GC(368) Using 4 workers of 8 for evacuation
[2026-04-19T22:10:45.845+0100][30.088s][info][gc,phases   ] GC(368)   Pre Evacuate Collection Set: 0.1ms
[2026-04-19T22:10:45.845+0100][30.088s][info][gc,phases   ] GC(368)   Merge Heap Roots: 0.0ms
[2026-04-19T22:10:45.845+0100][30.088s][info][gc,phases   ] GC(368)   Evacuate Collection Set: 0.3ms
[2026-04-19T22:10:45.845+0100][30.088s][info][gc,phases   ] GC(368)   Post Evacuate Collection Set: 0.1ms
[2026-04-19T22:10:45.845+0100][30.088s][info][gc,phases   ] GC(368)   Other: 0.0ms
[2026-04-19T22:10:45.845+0100][30.088s][info][gc,heap     ] GC(368) Eden regions: 112->0(112)
[2026-04-19T22:10:45.845+0100][30.088s][info][gc,heap     ] GC(368) Survivor regions: 1->1(15)
[2026-04-19T22:10:45.845+0100][30.088s][info][gc,heap     ] GC(368) Old regions: 6->6
[2026-04-19T22:10:45.845+0100][30.088s][info][gc,heap     ] GC(368) Humongous regions: 0->0
[2026-04-19T22:10:45.845+0100][30.088s][info][gc,metaspace] GC(368) Metaspace: 247K(448K)->247K(448K) NonClass: 235K(320K)->235K(320K) Class: 12K(128K)->12K(128K)
[2026-04-19T22:10:45.845+0100][30.088s][info][gc          ] GC(368) Pause Young (Normal) (G1 Evacuation Pause) 117M->5M(189M) 0.654ms
[2026-04-19T22:10:45.845+0100][30.088s][info][gc,cpu      ] GC(368) User=0.00s Sys=0.00s Real=0.00s
[2026-04-19T22:10:45.928+0100][30.171s][info][gc,start    ] GC(369) Pause Young (Normal) (G1 Evacuation Pause)
[2026-04-19T22:10:45.928+0100][30.171s][info][gc,task     ] GC(369) Using 4 workers of 8 for evacuation
[2026-04-19T22:10:45.929+0100][30.171s][info][gc,phases   ] GC(369)   Pre Evacuate Collection Set: 0.1ms
[2026-04-19T22:10:45.929+0100][30.171s][info][gc,phases   ] GC(369)   Merge Heap Roots: 0.0ms
[2026-04-19T22:10:45.929+0100][30.171s][info][gc,phases   ] GC(369)   Evacuate Collection Set: 0.3ms
[2026-04-19T22:10:45.929+0100][30.171s][info][gc,phases   ] GC(369)   Post Evacuate Collection Set: 0.1ms
[2026-04-19T22:10:45.929+0100][30.171s][info][gc,phases   ] GC(369)   Other: 0.0ms
[2026-04-19T22:10:45.929+0100][30.171s][info][gc,heap     ] GC(369) Eden regions: 112->0(112)
[2026-04-19T22:10:45.929+0100][30.171s][info][gc,heap     ] GC(369) Survivor regions: 1->1(15)
[2026-04-19T22:10:45.929+0100][30.171s][info][gc,heap     ] GC(369) Old regions: 6->6
[2026-04-19T22:10:45.929+0100][30.171s][info][gc,heap     ] GC(369) Humongous regions: 0->0
[2026-04-19T22:10:45.929+0100][30.171s][info][gc,metaspace] GC(369) Metaspace: 247K(448K)->247K(448K) NonClass: 235K(320K)->235K(320K) Class: 12K(128K)->12K(128K)
[2026-04-19T22:10:45.929+0100][30.171s][info][gc          ] GC(369) Pause Young (Normal) (G1 Evacuation Pause) 117M->5M(189M) 0.615ms
[2026-04-19T22:10:45.929+0100][30.171s][info][gc,cpu      ] GC(369) User=0.00s Sys=0.00s Real=0.00s
[2026-04-19T22:10:46.009+0100][30.252s][info][gc,start    ] GC(370) Pause Young (Normal) (G1 Evacuation Pause)
[2026-04-19T22:10:46.009+0100][30.252s][info][gc,task     ] GC(370) Using 4 workers of 8 for evacuation
[2026-04-19T22:10:46.009+0100][30.252s][info][gc,phases   ] GC(370)   Pre Evacuate Collection Set: 0.1ms
[2026-04-19T22:10:46.009+0100][30.252s][info][gc,phases   ] GC(370)   Merge Heap Roots: 0.0ms
[2026-04-19T22:10:46.009+0100][30.252s][info][gc,phases   ] GC(370)   Evacuate Collection Set: 0.3ms
[2026-04-19T22:10:46.009+0100][30.252s][info][gc,phases   ] GC(370)   Post Evacuate Collection Set: 0.1ms
[2026-04-19T22:10:46.009+0100][30.252s][info][gc,phases   ] GC(370)   Other: 0.0ms
[2026-04-19T22:10:46.009+0100][30.252s][info][gc,heap     ] GC(370) Eden regions: 112->0(112)
[2026-04-19T22:10:46.009+0100][30.252s][info][gc,heap     ] GC(370) Survivor regions: 1->1(15)
[2026-04-19T22:10:46.009+0100][30.252s][info][gc,heap     ] GC(370) Old regions: 6->6
[2026-04-19T22:10:46.009+0100][30.252s][info][gc,heap     ] GC(370) Humongous regions: 0->0
[2026-04-19T22:10:46.009+0100][30.252s][info][gc,metaspace] GC(370) Metaspace: 247K(448K)->247K(448K) NonClass: 235K(320K)->235K(320K) Class: 12K(128K)->12K(128K)
[2026-04-19T22:10:46.009+0100][30.252s][info][gc          ] GC(370) Pause Young (Normal) (G1 Evacuation Pause) 117M->5M(189M) 0.626ms
[2026-04-19T22:10:46.009+0100][30.252s][info][gc,cpu      ] GC(370) User=0.00s Sys=0.00s Real=0.00s
[2026-04-19T22:10:46.090+0100][30.332s][info][gc,start    ] GC(371) Pause Young (Normal) (G1 Evacuation Pause)
[2026-04-19T22:10:46.090+0100][30.332s][info][gc,task     ] GC(371) Using 4 workers of 8 for evacuation
[2026-04-19T22:10:46.090+0100][30.333s][info][gc,phases   ] GC(371)   Pre Evacuate Collection Set: 0.1ms
[2026-04-19T22:10:46.090+0100][30.333s][info][gc,phases   ] GC(371)   Merge Heap Roots: 0.0ms
[2026-04-19T22:10:46.090+0100][30.333s][info][gc,phases   ] GC(371)   Evacuate Collection Set: 0.3ms
[2026-04-19T22:10:46.090+0100][30.333s][info][gc,phases   ] GC(371)   Post Evacuate Collection Set: 0.1ms
[2026-04-19T22:10:46.090+0100][30.333s][info][gc,phases   ] GC(371)   Other: 0.0ms
[2026-04-19T22:10:46.090+0100][30.333s][info][gc,heap     ] GC(371) Eden regions: 112->0(112)
[2026-04-19T22:10:46.090+0100][30.333s][info][gc,heap     ] GC(371) Survivor regions: 1->1(15)
[2026-04-19T22:10:46.090+0100][30.333s][info][gc,heap     ] GC(371) Old regions: 6->6
[2026-04-19T22:10:46.090+0100][30.333s][info][gc,heap     ] GC(371) Humongous regions: 0->0
[2026-04-19T22:10:46.090+0100][30.333s][info][gc,metaspace] GC(371) Metaspace: 247K(448K)->247K(448K) NonClass: 235K(320K)->235K(320K) Class: 12K(128K)->12K(128K)
[2026-04-19T22:10:46.090+0100][30.333s][info][gc          ] GC(371) Pause Young (Normal) (G1 Evacuation Pause) 117M->5M(189M) 0.630ms
[2026-04-19T22:10:46.090+0100][30.333s][info][gc,cpu      ] GC(371) User=0.00s Sys=0.00s Real=0.00s
[2026-04-19T22:10:46.171+0100][30.413s][info][gc,start    ] GC(372) Pause Young (Normal) (G1 Evacuation Pause)
[2026-04-19T22:10:46.171+0100][30.413s][info][gc,task     ] GC(372) Using 4 workers of 8 for evacuation
[2026-04-19T22:10:46.171+0100][30.414s][info][gc,phases   ] GC(372)   Pre Evacuate Collection Set: 0.1ms
[2026-04-19T22:10:46.171+0100][30.414s][info][gc,phases   ] GC(372)   Merge Heap Roots: 0.0ms
[2026-04-19T22:10:46.171+0100][30.414s][info][gc,phases   ] GC(372)   Evacuate Collection Set: 0.3ms
[2026-04-19T22:10:46.171+0100][30.414s][info][gc,phases   ] GC(372)   Post Evacuate Collection Set: 0.1ms
[2026-04-19T22:10:46.171+0100][30.414s][info][gc,phases   ] GC(372)   Other: 0.0ms
[2026-04-19T22:10:46.171+0100][30.414s][info][gc,heap     ] GC(372) Eden regions: 112->0(112)
[2026-04-19T22:10:46.171+0100][30.414s][info][gc,heap     ] GC(372) Survivor regions: 1->1(15)
[2026-04-19T22:10:46.171+0100][30.414s][info][gc,heap     ] GC(372) Old regions: 6->6
[2026-04-19T22:10:46.171+0100][30.414s][info][gc,heap     ] GC(372) Humongous regions: 0->0
[2026-04-19T22:10:46.171+0100][30.414s][info][gc,metaspace] GC(372) Metaspace: 247K(448K)->247K(448K) NonClass: 235K(320K)->235K(320K) Class: 12K(128K)->12K(128K)
[2026-04-19T22:10:46.171+0100][30.414s][info][gc          ] GC(372) Pause Young (Normal) (G1 Evacuation Pause) 117M->5M(189M) 0.635ms
[2026-04-19T22:10:46.171+0100][30.414s][info][gc,cpu      ] GC(372) User=0.01s Sys=0.00s Real=0.00s
[2026-04-19T22:10:46.252+0100][30.495s][info][gc,start    ] GC(373) Pause Young (Normal) (G1 Evacuation Pause)
[2026-04-19T22:10:46.252+0100][30.495s][info][gc,task     ] GC(373) Using 4 workers of 8 for evacuation
[2026-04-19T22:10:46.252+0100][30.495s][info][gc,phases   ] GC(373)   Pre Evacuate Collection Set: 0.1ms
[2026-04-19T22:10:46.252+0100][30.495s][info][gc,phases   ] GC(373)   Merge Heap Roots: 0.0ms
[2026-04-19T22:10:46.252+0100][30.495s][info][gc,phases   ] GC(373)   Evacuate Collection Set: 0.3ms
[2026-04-19T22:10:46.252+0100][30.495s][info][gc,phases   ] GC(373)   Post Evacuate Collection Set: 0.1ms
[2026-04-19T22:10:46.252+0100][30.495s][info][gc,phases   ] GC(373)   Other: 0.0ms
[2026-04-19T22:10:46.252+0100][30.495s][info][gc,heap     ] GC(373) Eden regions: 112->0(112)
[2026-04-19T22:10:46.252+0100][30.495s][info][gc,heap     ] GC(373) Survivor regions: 1->1(15)
[2026-04-19T22:10:46.252+0100][30.495s][info][gc,heap     ] GC(373) Old regions: 6->6
[2026-04-19T22:10:46.252+0100][30.495s][info][gc,heap     ] GC(373) Humongous regions: 0->0
[2026-04-19T22:10:46.252+0100][30.495s][info][gc,metaspace] GC(373) Metaspace: 247K(448K)->247K(448K) NonClass: 235K(320K)->235K(320K) Class: 12K(128K)->12K(128K)
[2026-04-19T22:10:46.252+0100][30.495s][info][gc          ] GC(373) Pause Young (Normal) (G1 Evacuation Pause) 117M->5M(189M) 0.573ms
[2026-04-19T22:10:46.252+0100][30.495s][info][gc,cpu      ] GC(373) User=0.00s Sys=0.00s Real=0.00s
[2026-04-19T22:10:46.333+0100][30.576s][info][gc,start    ] GC(374) Pause Young (Normal) (G1 Evacuation Pause)
[2026-04-19T22:10:46.333+0100][30.576s][info][gc,task     ] GC(374) Using 4 workers of 8 for evacuation
[2026-04-19T22:10:46.334+0100][30.576s][info][gc,phases   ] GC(374)   Pre Evacuate Collection Set: 0.1ms
[2026-04-19T22:10:46.334+0100][30.576s][info][gc,phases   ] GC(374)   Merge Heap Roots: 0.0ms
[2026-04-19T22:10:46.334+0100][30.576s][info][gc,phases   ] GC(374)   Evacuate Collection Set: 0.3ms
[2026-04-19T22:10:46.334+0100][30.576s][info][gc,phases   ] GC(374)   Post Evacuate Collection Set: 0.1ms
[2026-04-19T22:10:46.334+0100][30.576s][info][gc,phases   ] GC(374)   Other: 0.0ms
[2026-04-19T22:10:46.334+0100][30.576s][info][gc,heap     ] GC(374) Eden regions: 112->0(112)
[2026-04-19T22:10:46.334+0100][30.576s][info][gc,heap     ] GC(374) Survivor regions: 1->1(15)
[2026-04-19T22:10:46.334+0100][30.576s][info][gc,heap     ] GC(374) Old regions: 6->6
[2026-04-19T22:10:46.334+0100][30.576s][info][gc,heap     ] GC(374) Humongous regions: 0->0
[2026-04-19T22:10:46.334+0100][30.576s][info][gc,metaspace] GC(374) Metaspace: 247K(448K)->247K(448K) NonClass: 235K(320K)->235K(320K) Class: 12K(128K)->12K(128K)
[2026-04-19T22:10:46.334+0100][30.576s][info][gc          ] GC(374) Pause Young (Normal) (G1 Evacuation Pause) 117M->5M(189M) 0.583ms
[2026-04-19T22:10:46.334+0100][30.576s][info][gc,cpu      ] GC(374) User=0.00s Sys=0.00s Real=0.00s
[2026-04-19T22:10:46.417+0100][30.660s][info][gc,start    ] GC(375) Pause Young (Normal) (G1 Evacuation Pause)
[2026-04-19T22:10:46.417+0100][30.660s][info][gc,task     ] GC(375) Using 4 workers of 8 for evacuation
[2026-04-19T22:10:46.418+0100][30.660s][info][gc,phases   ] GC(375)   Pre Evacuate Collection Set: 0.1ms
[2026-04-19T22:10:46.418+0100][30.661s][info][gc,phases   ] GC(375)   Merge Heap Roots: 0.0ms
[2026-04-19T22:10:46.418+0100][30.661s][info][gc,phases   ] GC(375)   Evacuate Collection Set: 0.5ms
[2026-04-19T22:10:46.418+0100][30.661s][info][gc,phases   ] GC(375)   Post Evacuate Collection Set: 0.1ms
[2026-04-19T22:10:46.418+0100][30.661s][info][gc,phases   ] GC(375)   Other: 0.0ms
[2026-04-19T22:10:46.418+0100][30.661s][info][gc,heap     ] GC(375) Eden regions: 112->0(112)
[2026-04-19T22:10:46.418+0100][30.661s][info][gc,heap     ] GC(375) Survivor regions: 1->1(15)
[2026-04-19T22:10:46.418+0100][30.661s][info][gc,heap     ] GC(375) Old regions: 6->6
[2026-04-19T22:10:46.418+0100][30.661s][info][gc,heap     ] GC(375) Humongous regions: 0->0
[2026-04-19T22:10:46.418+0100][30.661s][info][gc,metaspace] GC(375) Metaspace: 247K(448K)->247K(448K) NonClass: 235K(320K)->235K(320K) Class: 12K(128K)->12K(128K)
[2026-04-19T22:10:46.418+0100][30.661s][info][gc          ] GC(375) Pause Young (Normal) (G1 Evacuation Pause) 117M->5M(189M) 0.797ms
[2026-04-19T22:10:46.418+0100][30.661s][info][gc,cpu      ] GC(375) User=0.00s Sys=0.00s Real=0.00s
[2026-04-19T22:10:46.499+0100][30.742s][info][gc,start    ] GC(376) Pause Young (Normal) (G1 Evacuation Pause)
[2026-04-19T22:10:46.499+0100][30.742s][info][gc,task     ] GC(376) Using 4 workers of 8 for evacuation
[2026-04-19T22:10:46.500+0100][30.742s][info][gc,phases   ] GC(376)   Pre Evacuate Collection Set: 0.1ms
[2026-04-19T22:10:46.500+0100][30.742s][info][gc,phases   ] GC(376)   Merge Heap Roots: 0.0ms
[2026-04-19T22:10:46.500+0100][30.742s][info][gc,phases   ] GC(376)   Evacuate Collection Set: 0.3ms
[2026-04-19T22:10:46.500+0100][30.742s][info][gc,phases   ] GC(376)   Post Evacuate Collection Set: 0.1ms
[2026-04-19T22:10:46.500+0100][30.742s][info][gc,phases   ] GC(376)   Other: 0.0ms
[2026-04-19T22:10:46.500+0100][30.742s][info][gc,heap     ] GC(376) Eden regions: 112->0(112)
[2026-04-19T22:10:46.500+0100][30.742s][info][gc,heap     ] GC(376) Survivor regions: 1->1(15)
[2026-04-19T22:10:46.500+0100][30.742s][info][gc,heap     ] GC(376) Old regions: 6->6
[2026-04-19T22:10:46.500+0100][30.742s][info][gc,heap     ] GC(376) Humongous regions: 0->0
[2026-04-19T22:10:46.500+0100][30.742s][info][gc,metaspace] GC(376) Metaspace: 247K(448K)->247K(448K) NonClass: 235K(320K)->235K(320K) Class: 12K(128K)->12K(128K)
[2026-04-19T22:10:46.500+0100][30.742s][info][gc          ] GC(376) Pause Young (Normal) (G1 Evacuation Pause) 117M->5M(189M) 0.621ms
[2026-04-19T22:10:46.500+0100][30.742s][info][gc,cpu      ] GC(376) User=0.00s Sys=0.00s Real=0.01s
[2026-04-19T22:10:46.580+0100][30.823s][info][gc,start    ] GC(377) Pause Young (Normal) (G1 Evacuation Pause)
[2026-04-19T22:10:46.581+0100][30.823s][info][gc,task     ] GC(377) Using 4 workers of 8 for evacuation
[2026-04-19T22:10:46.581+0100][30.824s][info][gc,phases   ] GC(377)   Pre Evacuate Collection Set: 0.1ms
[2026-04-19T22:10:46.581+0100][30.824s][info][gc,phases   ] GC(377)   Merge Heap Roots: 0.0ms
[2026-04-19T22:10:46.581+0100][30.824s][info][gc,phases   ] GC(377)   Evacuate Collection Set: 0.3ms
[2026-04-19T22:10:46.581+0100][30.824s][info][gc,phases   ] GC(377)   Post Evacuate Collection Set: 0.1ms
[2026-04-19T22:10:46.581+0100][30.824s][info][gc,phases   ] GC(377)   Other: 0.0ms
[2026-04-19T22:10:46.581+0100][30.824s][info][gc,heap     ] GC(377) Eden regions: 112->0(112)
[2026-04-19T22:10:46.581+0100][30.824s][info][gc,heap     ] GC(377) Survivor regions: 1->1(15)
[2026-04-19T22:10:46.581+0100][30.824s][info][gc,heap     ] GC(377) Old regions: 6->6
[2026-04-19T22:10:46.581+0100][30.824s][info][gc,heap     ] GC(377) Humongous regions: 0->0
[2026-04-19T22:10:46.581+0100][30.824s][info][gc,metaspace] GC(377) Metaspace: 247K(448K)->247K(448K) NonClass: 235K(320K)->235K(320K) Class: 12K(128K)->12K(128K)
[2026-04-19T22:10:46.581+0100][30.824s][info][gc          ] GC(377) Pause Young (Normal) (G1 Evacuation Pause) 117M->5M(189M) 0.607ms
[2026-04-19T22:10:46.581+0100][30.824s][info][gc,cpu      ] GC(377) User=0.00s Sys=0.00s Real=0.00s
[2026-04-19T22:10:46.672+0100][30.914s][info][gc,start    ] GC(378) Pause Young (Normal) (G1 Evacuation Pause)
[2026-04-19T22:10:46.672+0100][30.914s][info][gc,task     ] GC(378) Using 4 workers of 8 for evacuation
[2026-04-19T22:10:46.672+0100][30.915s][info][gc,phases   ] GC(378)   Pre Evacuate Collection Set: 0.1ms
[2026-04-19T22:10:46.672+0100][30.915s][info][gc,phases   ] GC(378)   Merge Heap Roots: 0.0ms
[2026-04-19T22:10:46.672+0100][30.915s][info][gc,phases   ] GC(378)   Evacuate Collection Set: 0.3ms
[2026-04-19T22:10:46.672+0100][30.915s][info][gc,phases   ] GC(378)   Post Evacuate Collection Set: 0.1ms
[2026-04-19T22:10:46.672+0100][30.915s][info][gc,phases   ] GC(378)   Other: 0.0ms
[2026-04-19T22:10:46.672+0100][30.915s][info][gc,heap     ] GC(378) Eden regions: 112->0(112)
[2026-04-19T22:10:46.672+0100][30.915s][info][gc,heap     ] GC(378) Survivor regions: 1->1(15)
[2026-04-19T22:10:46.672+0100][30.915s][info][gc,heap     ] GC(378) Old regions: 6->6
[2026-04-19T22:10:46.672+0100][30.915s][info][gc,heap     ] GC(378) Humongous regions: 0->0
[2026-04-19T22:10:46.672+0100][30.915s][info][gc,metaspace] GC(378) Metaspace: 247K(448K)->247K(448K) NonClass: 235K(320K)->235K(320K) Class: 12K(128K)->12K(128K)
[2026-04-19T22:10:46.672+0100][30.915s][info][gc          ] GC(378) Pause Young (Normal) (G1 Evacuation Pause) 117M->5M(189M) 0.646ms
[2026-04-19T22:10:46.672+0100][30.915s][info][gc,cpu      ] GC(378) User=0.00s Sys=0.00s Real=0.00s
[2026-04-19T22:10:46.752+0100][30.995s][info][gc,start    ] GC(379) Pause Young (Normal) (G1 Evacuation Pause)
[2026-04-19T22:10:46.752+0100][30.995s][info][gc,task     ] GC(379) Using 4 workers of 8 for evacuation
[2026-04-19T22:10:46.753+0100][30.996s][info][gc,phases   ] GC(379)   Pre Evacuate Collection Set: 0.1ms
[2026-04-19T22:10:46.753+0100][30.996s][info][gc,phases   ] GC(379)   Merge Heap Roots: 0.0ms
[2026-04-19T22:10:46.753+0100][30.996s][info][gc,phases   ] GC(379)   Evacuate Collection Set: 0.3ms
[2026-04-19T22:10:46.753+0100][30.996s][info][gc,phases   ] GC(379)   Post Evacuate Collection Set: 0.1ms
[2026-04-19T22:10:46.753+0100][30.996s][info][gc,phases   ] GC(379)   Other: 0.0ms
[2026-04-19T22:10:46.753+0100][30.996s][info][gc,heap     ] GC(379) Eden regions: 112->0(112)
[2026-04-19T22:10:46.753+0100][30.996s][info][gc,heap     ] GC(379) Survivor regions: 1->1(15)
[2026-04-19T22:10:46.753+0100][30.996s][info][gc,heap     ] GC(379) Old regions: 6->6
[2026-04-19T22:10:46.753+0100][30.996s][info][gc,heap     ] GC(379) Humongous regions: 0->0
[2026-04-19T22:10:46.753+0100][30.996s][info][gc,metaspace] GC(379) Metaspace: 247K(448K)->247K(448K) NonClass: 235K(320K)->235K(320K) Class: 12K(128K)->12K(128K)
[2026-04-19T22:10:46.753+0100][30.996s][info][gc          ] GC(379) Pause Young (Normal) (G1 Evacuation Pause) 117M->5M(189M) 0.607ms
[2026-04-19T22:10:46.753+0100][30.996s][info][gc,cpu      ] GC(379) User=0.00s Sys=0.00s Real=0.00s
[2026-04-19T22:10:46.833+0100][31.075s][info][gc,start    ] GC(380) Pause Young (Normal) (G1 Evacuation Pause)
[2026-04-19T22:10:46.833+0100][31.075s][info][gc,task     ] GC(380) Using 4 workers of 8 for evacuation
[2026-04-19T22:10:46.833+0100][31.076s][info][gc,phases   ] GC(380)   Pre Evacuate Collection Set: 0.0ms
[2026-04-19T22:10:46.833+0100][31.076s][info][gc,phases   ] GC(380)   Merge Heap Roots: 0.0ms
[2026-04-19T22:10:46.833+0100][31.076s][info][gc,phases   ] GC(380)   Evacuate Collection Set: 0.3ms
[2026-04-19T22:10:46.833+0100][31.076s][info][gc,phases   ] GC(380)   Post Evacuate Collection Set: 0.1ms
[2026-04-19T22:10:46.833+0100][31.076s][info][gc,phases   ] GC(380)   Other: 0.0ms
[2026-04-19T22:10:46.833+0100][31.076s][info][gc,heap     ] GC(380) Eden regions: 112->0(112)
[2026-04-19T22:10:46.833+0100][31.076s][info][gc,heap     ] GC(380) Survivor regions: 1->1(15)
[2026-04-19T22:10:46.833+0100][31.076s][info][gc,heap     ] GC(380) Old regions: 6->6
[2026-04-19T22:10:46.833+0100][31.076s][info][gc,heap     ] GC(380) Humongous regions: 0->0
[2026-04-19T22:10:46.833+0100][31.076s][info][gc,metaspace] GC(380) Metaspace: 247K(448K)->247K(448K) NonClass: 235K(320K)->235K(320K) Class: 12K(128K)->12K(128K)
[2026-04-19T22:10:46.833+0100][31.076s][info][gc          ] GC(380) Pause Young (Normal) (G1 Evacuation Pause) 117M->5M(189M) 0.606ms
[2026-04-19T22:10:46.833+0100][31.076s][info][gc,cpu      ] GC(380) User=0.00s Sys=0.00s Real=0.00s
[2026-04-19T22:10:46.913+0100][31.156s][info][gc,start    ] GC(381) Pause Young (Normal) (G1 Evacuation Pause)
[2026-04-19T22:10:46.913+0100][31.156s][info][gc,task     ] GC(381) Using 4 workers of 8 for evacuation
[2026-04-19T22:10:46.914+0100][31.157s][info][gc,phases   ] GC(381)   Pre Evacuate Collection Set: 0.1ms
[2026-04-19T22:10:46.914+0100][31.157s][info][gc,phases   ] GC(381)   Merge Heap Roots: 0.0ms
[2026-04-19T22:10:46.914+0100][31.157s][info][gc,phases   ] GC(381)   Evacuate Collection Set: 0.3ms
[2026-04-19T22:10:46.914+0100][31.157s][info][gc,phases   ] GC(381)   Post Evacuate Collection Set: 0.1ms
[2026-04-19T22:10:46.914+0100][31.157s][info][gc,phases   ] GC(381)   Other: 0.0ms
[2026-04-19T22:10:46.914+0100][31.157s][info][gc,heap     ] GC(381) Eden regions: 112->0(112)
[2026-04-19T22:10:46.914+0100][31.157s][info][gc,heap     ] GC(381) Survivor regions: 1->1(15)
[2026-04-19T22:10:46.914+0100][31.157s][info][gc,heap     ] GC(381) Old regions: 6->6
[2026-04-19T22:10:46.914+0100][31.157s][info][gc,heap     ] GC(381) Humongous regions: 0->0
[2026-04-19T22:10:46.914+0100][31.157s][info][gc,metaspace] GC(381) Metaspace: 247K(448K)->247K(448K) NonClass: 235K(320K)->235K(320K) Class: 12K(128K)->12K(128K)
[2026-04-19T22:10:46.914+0100][31.157s][info][gc          ] GC(381) Pause Young (Normal) (G1 Evacuation Pause) 117M->5M(189M) 0.611ms
[2026-04-19T22:10:46.914+0100][31.157s][info][gc,cpu      ] GC(381) User=0.00s Sys=0.00s Real=0.00s
[2026-04-19T22:10:46.994+0100][31.237s][info][gc,start    ] GC(382) Pause Young (Normal) (G1 Evacuation Pause)
[2026-04-19T22:10:46.994+0100][31.237s][info][gc,task     ] GC(382) Using 4 workers of 8 for evacuation
[2026-04-19T22:10:46.995+0100][31.238s][info][gc,phases   ] GC(382)   Pre Evacuate Collection Set: 0.1ms
[2026-04-19T22:10:46.995+0100][31.238s][info][gc,phases   ] GC(382)   Merge Heap Roots: 0.0ms
[2026-04-19T22:10:46.995+0100][31.238s][info][gc,phases   ] GC(382)   Evacuate Collection Set: 0.3ms
[2026-04-19T22:10:46.995+0100][31.238s][info][gc,phases   ] GC(382)   Post Evacuate Collection Set: 0.1ms
[2026-04-19T22:10:46.995+0100][31.238s][info][gc,phases   ] GC(382)   Other: 0.0ms
[2026-04-19T22:10:46.995+0100][31.238s][info][gc,heap     ] GC(382) Eden regions: 112->0(112)
[2026-04-19T22:10:46.995+0100][31.238s][info][gc,heap     ] GC(382) Survivor regions: 1->1(15)
[2026-04-19T22:10:46.995+0100][31.238s][info][gc,heap     ] GC(382) Old regions: 6->6
[2026-04-19T22:10:46.995+0100][31.238s][info][gc,heap     ] GC(382) Humongous regions: 0->0
[2026-04-19T22:10:46.995+0100][31.238s][info][gc,metaspace] GC(382) Metaspace: 247K(448K)->247K(448K) NonClass: 235K(320K)->235K(320K) Class: 12K(128K)->12K(128K)
[2026-04-19T22:10:46.995+0100][31.238s][info][gc          ] GC(382) Pause Young (Normal) (G1 Evacuation Pause) 117M->5M(189M) 0.617ms
[2026-04-19T22:10:46.995+0100][31.238s][info][gc,cpu      ] GC(382) User=0.00s Sys=0.00s Real=0.00s
[2026-04-19T22:10:47.075+0100][31.318s][info][gc,start    ] GC(383) Pause Young (Normal) (G1 Evacuation Pause)
[2026-04-19T22:10:47.075+0100][31.318s][info][gc,task     ] GC(383) Using 4 workers of 8 for evacuation
[2026-04-19T22:10:47.076+0100][31.318s][info][gc,phases   ] GC(383)   Pre Evacuate Collection Set: 0.1ms
[2026-04-19T22:10:47.076+0100][31.318s][info][gc,phases   ] GC(383)   Merge Heap Roots: 0.0ms
[2026-04-19T22:10:47.076+0100][31.318s][info][gc,phases   ] GC(383)   Evacuate Collection Set: 0.3ms
[2026-04-19T22:10:47.076+0100][31.318s][info][gc,phases   ] GC(383)   Post Evacuate Collection Set: 0.1ms
[2026-04-19T22:10:47.076+0100][31.318s][info][gc,phases   ] GC(383)   Other: 0.0ms
[2026-04-19T22:10:47.076+0100][31.318s][info][gc,heap     ] GC(383) Eden regions: 112->0(112)
[2026-04-19T22:10:47.076+0100][31.318s][info][gc,heap     ] GC(383) Survivor regions: 1->1(15)
[2026-04-19T22:10:47.076+0100][31.318s][info][gc,heap     ] GC(383) Old regions: 6->6
[2026-04-19T22:10:47.076+0100][31.318s][info][gc,heap     ] GC(383) Humongous regions: 0->0
[2026-04-19T22:10:47.076+0100][31.318s][info][gc,metaspace] GC(383) Metaspace: 247K(448K)->247K(448K) NonClass: 235K(320K)->235K(320K) Class: 12K(128K)->12K(128K)
[2026-04-19T22:10:47.076+0100][31.318s][info][gc          ] GC(383) Pause Young (Normal) (G1 Evacuation Pause) 117M->5M(189M) 0.625ms
[2026-04-19T22:10:47.076+0100][31.318s][info][gc,cpu      ] GC(383) User=0.00s Sys=0.00s Real=0.00s
[2026-04-19T22:10:47.160+0100][31.403s][info][gc,start    ] GC(384) Pause Young (Normal) (G1 Evacuation Pause)
[2026-04-19T22:10:47.160+0100][31.403s][info][gc,task     ] GC(384) Using 4 workers of 8 for evacuation
[2026-04-19T22:10:47.161+0100][31.403s][info][gc,phases   ] GC(384)   Pre Evacuate Collection Set: 0.1ms
[2026-04-19T22:10:47.161+0100][31.404s][info][gc,phases   ] GC(384)   Merge Heap Roots: 0.0ms
[2026-04-19T22:10:47.161+0100][31.404s][info][gc,phases   ] GC(384)   Evacuate Collection Set: 0.6ms
[2026-04-19T22:10:47.161+0100][31.404s][info][gc,phases   ] GC(384)   Post Evacuate Collection Set: 0.1ms
[2026-04-19T22:10:47.161+0100][31.404s][info][gc,phases   ] GC(384)   Other: 0.0ms
[2026-04-19T22:10:47.161+0100][31.404s][info][gc,heap     ] GC(384) Eden regions: 112->0(112)
[2026-04-19T22:10:47.161+0100][31.404s][info][gc,heap     ] GC(384) Survivor regions: 1->1(15)
[2026-04-19T22:10:47.161+0100][31.404s][info][gc,heap     ] GC(384) Old regions: 6->6
[2026-04-19T22:10:47.161+0100][31.404s][info][gc,heap     ] GC(384) Humongous regions: 0->0
[2026-04-19T22:10:47.161+0100][31.404s][info][gc,metaspace] GC(384) Metaspace: 247K(448K)->247K(448K) NonClass: 235K(320K)->235K(320K) Class: 12K(128K)->12K(128K)
[2026-04-19T22:10:47.161+0100][31.404s][info][gc          ] GC(384) Pause Young (Normal) (G1 Evacuation Pause) 117M->5M(189M) 0.883ms
[2026-04-19T22:10:47.161+0100][31.404s][info][gc,cpu      ] GC(384) User=0.00s Sys=0.00s Real=0.00s
[2026-04-19T22:10:47.244+0100][31.487s][info][gc,start    ] GC(385) Pause Young (Normal) (G1 Evacuation Pause)
[2026-04-19T22:10:47.244+0100][31.487s][info][gc,task     ] GC(385) Using 4 workers of 8 for evacuation
[2026-04-19T22:10:47.245+0100][31.488s][info][gc,phases   ] GC(385)   Pre Evacuate Collection Set: 0.1ms
[2026-04-19T22:10:47.245+0100][31.488s][info][gc,phases   ] GC(385)   Merge Heap Roots: 0.0ms
[2026-04-19T22:10:47.245+0100][31.488s][info][gc,phases   ] GC(385)   Evacuate Collection Set: 0.3ms
[2026-04-19T22:10:47.245+0100][31.488s][info][gc,phases   ] GC(385)   Post Evacuate Collection Set: 0.1ms
[2026-04-19T22:10:47.245+0100][31.488s][info][gc,phases   ] GC(385)   Other: 0.0ms
[2026-04-19T22:10:47.245+0100][31.488s][info][gc,heap     ] GC(385) Eden regions: 112->0(112)
[2026-04-19T22:10:47.245+0100][31.488s][info][gc,heap     ] GC(385) Survivor regions: 1->1(15)
[2026-04-19T22:10:47.245+0100][31.488s][info][gc,heap     ] GC(385) Old regions: 6->6
[2026-04-19T22:10:47.245+0100][31.488s][info][gc,heap     ] GC(385) Humongous regions: 0->0
[2026-04-19T22:10:47.245+0100][31.488s][info][gc,metaspace] GC(385) Metaspace: 247K(448K)->247K(448K) NonClass: 235K(320K)->235K(320K) Class: 12K(128K)->12K(128K)
[2026-04-19T22:10:47.245+0100][31.488s][info][gc          ] GC(385) Pause Young (Normal) (G1 Evacuation Pause) 117M->5M(189M) 0.613ms
[2026-04-19T22:10:47.245+0100][31.488s][info][gc,cpu      ] GC(385) User=0.00s Sys=0.00s Real=0.00s
[2026-04-19T22:10:47.326+0100][31.569s][info][gc,start    ] GC(386) Pause Young (Normal) (G1 Evacuation Pause)
[2026-04-19T22:10:47.326+0100][31.569s][info][gc,task     ] GC(386) Using 4 workers of 8 for evacuation
[2026-04-19T22:10:47.327+0100][31.569s][info][gc,phases   ] GC(386)   Pre Evacuate Collection Set: 0.1ms
[2026-04-19T22:10:47.327+0100][31.569s][info][gc,phases   ] GC(386)   Merge Heap Roots: 0.0ms
[2026-04-19T22:10:47.327+0100][31.569s][info][gc,phases   ] GC(386)   Evacuate Collection Set: 0.3ms
[2026-04-19T22:10:47.327+0100][31.569s][info][gc,phases   ] GC(386)   Post Evacuate Collection Set: 0.1ms
[2026-04-19T22:10:47.327+0100][31.569s][info][gc,phases   ] GC(386)   Other: 0.0ms
[2026-04-19T22:10:47.327+0100][31.569s][info][gc,heap     ] GC(386) Eden regions: 112->0(112)
[2026-04-19T22:10:47.327+0100][31.569s][info][gc,heap     ] GC(386) Survivor regions: 1->1(15)
[2026-04-19T22:10:47.327+0100][31.569s][info][gc,heap     ] GC(386) Old regions: 6->6
[2026-04-19T22:10:47.327+0100][31.569s][info][gc,heap     ] GC(386) Humongous regions: 0->0
[2026-04-19T22:10:47.327+0100][31.569s][info][gc,metaspace] GC(386) Metaspace: 247K(448K)->247K(448K) NonClass: 235K(320K)->235K(320K) Class: 12K(128K)->12K(128K)
[2026-04-19T22:10:47.327+0100][31.569s][info][gc          ] GC(386) Pause Young (Normal) (G1 Evacuation Pause) 117M->5M(189M) 0.609ms
[2026-04-19T22:10:47.327+0100][31.569s][info][gc,cpu      ] GC(386) User=0.00s Sys=0.00s Real=0.00s
[2026-04-19T22:10:47.407+0100][31.649s][info][gc,start    ] GC(387) Pause Young (Normal) (G1 Evacuation Pause)
[2026-04-19T22:10:47.407+0100][31.649s][info][gc,task     ] GC(387) Using 4 workers of 8 for evacuation
[2026-04-19T22:10:47.407+0100][31.650s][info][gc,phases   ] GC(387)   Pre Evacuate Collection Set: 0.1ms
[2026-04-19T22:10:47.407+0100][31.650s][info][gc,phases   ] GC(387)   Merge Heap Roots: 0.0ms
[2026-04-19T22:10:47.407+0100][31.650s][info][gc,phases   ] GC(387)   Evacuate Collection Set: 0.3ms
[2026-04-19T22:10:47.407+0100][31.650s][info][gc,phases   ] GC(387)   Post Evacuate Collection Set: 0.1ms
[2026-04-19T22:10:47.407+0100][31.650s][info][gc,phases   ] GC(387)   Other: 0.0ms
[2026-04-19T22:10:47.407+0100][31.650s][info][gc,heap     ] GC(387) Eden regions: 112->0(112)
[2026-04-19T22:10:47.407+0100][31.650s][info][gc,heap     ] GC(387) Survivor regions: 1->1(15)
[2026-04-19T22:10:47.407+0100][31.650s][info][gc,heap     ] GC(387) Old regions: 6->6
[2026-04-19T22:10:47.407+0100][31.650s][info][gc,heap     ] GC(387) Humongous regions: 0->0
[2026-04-19T22:10:47.407+0100][31.650s][info][gc,metaspace] GC(387) Metaspace: 247K(448K)->247K(448K) NonClass: 235K(320K)->235K(320K) Class: 12K(128K)->12K(128K)
[2026-04-19T22:10:47.407+0100][31.650s][info][gc          ] GC(387) Pause Young (Normal) (G1 Evacuation Pause) 117M->5M(189M) 0.600ms
[2026-04-19T22:10:47.407+0100][31.650s][info][gc,cpu      ] GC(387) User=0.00s Sys=0.00s Real=0.00s
[2026-04-19T22:10:47.490+0100][31.732s][info][gc,start    ] GC(388) Pause Young (Normal) (G1 Evacuation Pause)
[2026-04-19T22:10:47.490+0100][31.732s][info][gc,task     ] GC(388) Using 4 workers of 8 for evacuation
[2026-04-19T22:10:47.490+0100][31.733s][info][gc,phases   ] GC(388)   Pre Evacuate Collection Set: 0.1ms
[2026-04-19T22:10:47.490+0100][31.733s][info][gc,phases   ] GC(388)   Merge Heap Roots: 0.0ms
[2026-04-19T22:10:47.490+0100][31.733s][info][gc,phases   ] GC(388)   Evacuate Collection Set: 0.4ms
[2026-04-19T22:10:47.490+0100][31.733s][info][gc,phases   ] GC(388)   Post Evacuate Collection Set: 0.1ms
[2026-04-19T22:10:47.490+0100][31.733s][info][gc,phases   ] GC(388)   Other: 0.0ms
[2026-04-19T22:10:47.490+0100][31.733s][info][gc,heap     ] GC(388) Eden regions: 112->0(112)
[2026-04-19T22:10:47.490+0100][31.733s][info][gc,heap     ] GC(388) Survivor regions: 1->1(15)
[2026-04-19T22:10:47.490+0100][31.733s][info][gc,heap     ] GC(388) Old regions: 6->6
[2026-04-19T22:10:47.490+0100][31.733s][info][gc,heap     ] GC(388) Humongous regions: 0->0
[2026-04-19T22:10:47.490+0100][31.733s][info][gc,metaspace] GC(388) Metaspace: 247K(448K)->247K(448K) NonClass: 235K(320K)->235K(320K) Class: 12K(128K)->12K(128K)
[2026-04-19T22:10:47.490+0100][31.733s][info][gc          ] GC(388) Pause Young (Normal) (G1 Evacuation Pause) 117M->5M(189M) 0.696ms
[2026-04-19T22:10:47.490+0100][31.733s][info][gc,cpu      ] GC(388) User=0.00s Sys=0.00s Real=0.00s
[2026-04-19T22:10:47.573+0100][31.815s][info][gc,start    ] GC(389) Pause Young (Normal) (G1 Evacuation Pause)
[2026-04-19T22:10:47.573+0100][31.815s][info][gc,task     ] GC(389) Using 4 workers of 8 for evacuation
[2026-04-19T22:10:47.573+0100][31.816s][info][gc,phases   ] GC(389)   Pre Evacuate Collection Set: 0.1ms
[2026-04-19T22:10:47.573+0100][31.816s][info][gc,phases   ] GC(389)   Merge Heap Roots: 0.0ms
[2026-04-19T22:10:47.573+0100][31.816s][info][gc,phases   ] GC(389)   Evacuate Collection Set: 0.3ms
[2026-04-19T22:10:47.573+0100][31.816s][info][gc,phases   ] GC(389)   Post Evacuate Collection Set: 0.1ms
[2026-04-19T22:10:47.573+0100][31.816s][info][gc,phases   ] GC(389)   Other: 0.0ms
[2026-04-19T22:10:47.573+0100][31.816s][info][gc,heap     ] GC(389) Eden regions: 112->0(112)
[2026-04-19T22:10:47.573+0100][31.816s][info][gc,heap     ] GC(389) Survivor regions: 1->1(15)
[2026-04-19T22:10:47.573+0100][31.816s][info][gc,heap     ] GC(389) Old regions: 6->6
[2026-04-19T22:10:47.573+0100][31.816s][info][gc,heap     ] GC(389) Humongous regions: 0->0
[2026-04-19T22:10:47.573+0100][31.816s][info][gc,metaspace] GC(389) Metaspace: 247K(448K)->247K(448K) NonClass: 235K(320K)->235K(320K) Class: 12K(128K)->12K(128K)
[2026-04-19T22:10:47.573+0100][31.816s][info][gc          ] GC(389) Pause Young (Normal) (G1 Evacuation Pause) 117M->5M(189M) 0.568ms
[2026-04-19T22:10:47.573+0100][31.816s][info][gc,cpu      ] GC(389) User=0.00s Sys=0.00s Real=0.00s
[2026-04-19T22:10:47.654+0100][31.896s][info][gc,start    ] GC(390) Pause Young (Normal) (G1 Evacuation Pause)
[2026-04-19T22:10:47.654+0100][31.896s][info][gc,task     ] GC(390) Using 4 workers of 8 for evacuation
[2026-04-19T22:10:47.654+0100][31.897s][info][gc,phases   ] GC(390)   Pre Evacuate Collection Set: 0.1ms
[2026-04-19T22:10:47.654+0100][31.897s][info][gc,phases   ] GC(390)   Merge Heap Roots: 0.0ms
[2026-04-19T22:10:47.654+0100][31.897s][info][gc,phases   ] GC(390)   Evacuate Collection Set: 0.3ms
[2026-04-19T22:10:47.654+0100][31.897s][info][gc,phases   ] GC(390)   Post Evacuate Collection Set: 0.1ms
[2026-04-19T22:10:47.654+0100][31.897s][info][gc,phases   ] GC(390)   Other: 0.0ms
[2026-04-19T22:10:47.654+0100][31.897s][info][gc,heap     ] GC(390) Eden regions: 112->0(112)
[2026-04-19T22:10:47.654+0100][31.897s][info][gc,heap     ] GC(390) Survivor regions: 1->1(15)
[2026-04-19T22:10:47.654+0100][31.897s][info][gc,heap     ] GC(390) Old regions: 6->6
[2026-04-19T22:10:47.654+0100][31.897s][info][gc,heap     ] GC(390) Humongous regions: 0->0
[2026-04-19T22:10:47.654+0100][31.897s][info][gc,metaspace] GC(390) Metaspace: 247K(448K)->247K(448K) NonClass: 235K(320K)->235K(320K) Class: 12K(128K)->12K(128K)
[2026-04-19T22:10:47.654+0100][31.897s][info][gc          ] GC(390) Pause Young (Normal) (G1 Evacuation Pause) 117M->5M(189M) 0.629ms
[2026-04-19T22:10:47.654+0100][31.897s][info][gc,cpu      ] GC(390) User=0.00s Sys=0.00s Real=0.00s
[2026-04-19T22:10:47.735+0100][31.978s][info][gc,start    ] GC(391) Pause Young (Normal) (G1 Evacuation Pause)
[2026-04-19T22:10:47.735+0100][31.978s][info][gc,task     ] GC(391) Using 4 workers of 8 for evacuation
[2026-04-19T22:10:47.736+0100][31.978s][info][gc,phases   ] GC(391)   Pre Evacuate Collection Set: 0.1ms
[2026-04-19T22:10:47.736+0100][31.978s][info][gc,phases   ] GC(391)   Merge Heap Roots: 0.0ms
[2026-04-19T22:10:47.736+0100][31.978s][info][gc,phases   ] GC(391)   Evacuate Collection Set: 0.3ms
[2026-04-19T22:10:47.736+0100][31.978s][info][gc,phases   ] GC(391)   Post Evacuate Collection Set: 0.1ms
[2026-04-19T22:10:47.736+0100][31.978s][info][gc,phases   ] GC(391)   Other: 0.0ms
[2026-04-19T22:10:47.736+0100][31.978s][info][gc,heap     ] GC(391) Eden regions: 112->0(112)
[2026-04-19T22:10:47.736+0100][31.978s][info][gc,heap     ] GC(391) Survivor regions: 1->1(15)
[2026-04-19T22:10:47.736+0100][31.978s][info][gc,heap     ] GC(391) Old regions: 6->6
[2026-04-19T22:10:47.736+0100][31.978s][info][gc,heap     ] GC(391) Humongous regions: 0->0
[2026-04-19T22:10:47.736+0100][31.978s][info][gc,metaspace] GC(391) Metaspace: 247K(448K)->247K(448K) NonClass: 235K(320K)->235K(320K) Class: 12K(128K)->12K(128K)
[2026-04-19T22:10:47.736+0100][31.978s][info][gc          ] GC(391) Pause Young (Normal) (G1 Evacuation Pause) 117M->5M(189M) 0.662ms
[2026-04-19T22:10:47.736+0100][31.978s][info][gc,cpu      ] GC(391) User=0.01s Sys=0.01s Real=0.00s
[2026-04-19T22:10:47.816+0100][32.059s][info][gc,start    ] GC(392) Pause Young (Normal) (G1 Evacuation Pause)
[2026-04-19T22:10:47.816+0100][32.059s][info][gc,task     ] GC(392) Using 4 workers of 8 for evacuation
[2026-04-19T22:10:47.817+0100][32.059s][info][gc,phases   ] GC(392)   Pre Evacuate Collection Set: 0.1ms
[2026-04-19T22:10:47.817+0100][32.059s][info][gc,phases   ] GC(392)   Merge Heap Roots: 0.0ms
[2026-04-19T22:10:47.817+0100][32.059s][info][gc,phases   ] GC(392)   Evacuate Collection Set: 0.3ms
[2026-04-19T22:10:47.817+0100][32.059s][info][gc,phases   ] GC(392)   Post Evacuate Collection Set: 0.1ms
[2026-04-19T22:10:47.817+0100][32.059s][info][gc,phases   ] GC(392)   Other: 0.0ms
[2026-04-19T22:10:47.817+0100][32.059s][info][gc,heap     ] GC(392) Eden regions: 112->0(112)
[2026-04-19T22:10:47.817+0100][32.059s][info][gc,heap     ] GC(392) Survivor regions: 1->1(15)
[2026-04-19T22:10:47.817+0100][32.059s][info][gc,heap     ] GC(392) Old regions: 6->6
[2026-04-19T22:10:47.817+0100][32.059s][info][gc,heap     ] GC(392) Humongous regions: 0->0
[2026-04-19T22:10:47.817+0100][32.059s][info][gc,metaspace] GC(392) Metaspace: 247K(448K)->247K(448K) NonClass: 235K(320K)->235K(320K) Class: 12K(128K)->12K(128K)
[2026-04-19T22:10:47.817+0100][32.059s][info][gc          ] GC(392) Pause Young (Normal) (G1 Evacuation Pause) 117M->5M(189M) 0.654ms
[2026-04-19T22:10:47.817+0100][32.059s][info][gc,cpu      ] GC(392) User=0.00s Sys=0.00s Real=0.00s
[2026-04-19T22:10:47.897+0100][32.140s][info][gc,start    ] GC(393) Pause Young (Normal) (G1 Evacuation Pause)
[2026-04-19T22:10:47.897+0100][32.140s][info][gc,task     ] GC(393) Using 4 workers of 8 for evacuation
[2026-04-19T22:10:47.898+0100][32.140s][info][gc,phases   ] GC(393)   Pre Evacuate Collection Set: 0.1ms
[2026-04-19T22:10:47.898+0100][32.140s][info][gc,phases   ] GC(393)   Merge Heap Roots: 0.0ms
[2026-04-19T22:10:47.898+0100][32.140s][info][gc,phases   ] GC(393)   Evacuate Collection Set: 0.3ms
[2026-04-19T22:10:47.898+0100][32.140s][info][gc,phases   ] GC(393)   Post Evacuate Collection Set: 0.1ms
[2026-04-19T22:10:47.898+0100][32.140s][info][gc,phases   ] GC(393)   Other: 0.0ms
[2026-04-19T22:10:47.898+0100][32.140s][info][gc,heap     ] GC(393) Eden regions: 112->0(112)
[2026-04-19T22:10:47.898+0100][32.140s][info][gc,heap     ] GC(393) Survivor regions: 1->1(15)
[2026-04-19T22:10:47.898+0100][32.140s][info][gc,heap     ] GC(393) Old regions: 6->6
[2026-04-19T22:10:47.898+0100][32.140s][info][gc,heap     ] GC(393) Humongous regions: 0->0
[2026-04-19T22:10:47.898+0100][32.140s][info][gc,metaspace] GC(393) Metaspace: 247K(448K)->247K(448K) NonClass: 235K(320K)->235K(320K) Class: 12K(128K)->12K(128K)
[2026-04-19T22:10:47.898+0100][32.140s][info][gc          ] GC(393) Pause Young (Normal) (G1 Evacuation Pause) 117M->5M(189M) 0.590ms
[2026-04-19T22:10:47.898+0100][32.140s][info][gc,cpu      ] GC(393) User=0.00s Sys=0.00s Real=0.00s
[2026-04-19T22:10:47.978+0100][32.221s][info][gc,start    ] GC(394) Pause Young (Normal) (G1 Evacuation Pause)
[2026-04-19T22:10:47.978+0100][32.221s][info][gc,task     ] GC(394) Using 4 workers of 8 for evacuation
[2026-04-19T22:10:47.979+0100][32.221s][info][gc,phases   ] GC(394)   Pre Evacuate Collection Set: 0.1ms
[2026-04-19T22:10:47.979+0100][32.222s][info][gc,phases   ] GC(394)   Merge Heap Roots: 0.0ms
[2026-04-19T22:10:47.979+0100][32.222s][info][gc,phases   ] GC(394)   Evacuate Collection Set: 0.3ms
[2026-04-19T22:10:47.979+0100][32.222s][info][gc,phases   ] GC(394)   Post Evacuate Collection Set: 0.1ms
[2026-04-19T22:10:47.979+0100][32.222s][info][gc,phases   ] GC(394)   Other: 0.0ms
[2026-04-19T22:10:47.979+0100][32.222s][info][gc,heap     ] GC(394) Eden regions: 112->0(112)
[2026-04-19T22:10:47.979+0100][32.222s][info][gc,heap     ] GC(394) Survivor regions: 1->1(15)
[2026-04-19T22:10:47.979+0100][32.222s][info][gc,heap     ] GC(394) Old regions: 6->6
[2026-04-19T22:10:47.979+0100][32.222s][info][gc,heap     ] GC(394) Humongous regions: 0->0
[2026-04-19T22:10:47.979+0100][32.222s][info][gc,metaspace] GC(394) Metaspace: 247K(448K)->247K(448K) NonClass: 235K(320K)->235K(320K) Class: 12K(128K)->12K(128K)
[2026-04-19T22:10:47.979+0100][32.222s][info][gc          ] GC(394) Pause Young (Normal) (G1 Evacuation Pause) 117M->5M(189M) 0.591ms
[2026-04-19T22:10:47.979+0100][32.222s][info][gc,cpu      ] GC(394) User=0.00s Sys=0.00s Real=0.00s
[2026-04-19T22:10:48.061+0100][32.303s][info][gc,start    ] GC(395) Pause Young (Normal) (G1 Evacuation Pause)
[2026-04-19T22:10:48.061+0100][32.303s][info][gc,task     ] GC(395) Using 4 workers of 8 for evacuation
[2026-04-19T22:10:48.061+0100][32.304s][info][gc,phases   ] GC(395)   Pre Evacuate Collection Set: 0.1ms
[2026-04-19T22:10:48.061+0100][32.304s][info][gc,phases   ] GC(395)   Merge Heap Roots: 0.0ms
[2026-04-19T22:10:48.061+0100][32.304s][info][gc,phases   ] GC(395)   Evacuate Collection Set: 0.3ms
[2026-04-19T22:10:48.061+0100][32.304s][info][gc,phases   ] GC(395)   Post Evacuate Collection Set: 0.1ms
[2026-04-19T22:10:48.061+0100][32.304s][info][gc,phases   ] GC(395)   Other: 0.0ms
[2026-04-19T22:10:48.061+0100][32.304s][info][gc,heap     ] GC(395) Eden regions: 112->0(112)
[2026-04-19T22:10:48.061+0100][32.304s][info][gc,heap     ] GC(395) Survivor regions: 1->1(15)
[2026-04-19T22:10:48.061+0100][32.304s][info][gc,heap     ] GC(395) Old regions: 6->6
[2026-04-19T22:10:48.061+0100][32.304s][info][gc,heap     ] GC(395) Humongous regions: 0->0
[2026-04-19T22:10:48.061+0100][32.304s][info][gc,metaspace] GC(395) Metaspace: 247K(448K)->247K(448K) NonClass: 235K(320K)->235K(320K) Class: 12K(128K)->12K(128K)
[2026-04-19T22:10:48.061+0100][32.304s][info][gc          ] GC(395) Pause Young (Normal) (G1 Evacuation Pause) 117M->5M(189M) 0.620ms
[2026-04-19T22:10:48.061+0100][32.304s][info][gc,cpu      ] GC(395) User=0.00s Sys=0.00s Real=0.00s
[2026-04-19T22:10:48.141+0100][32.384s][info][gc,start    ] GC(396) Pause Young (Normal) (G1 Evacuation Pause)
[2026-04-19T22:10:48.141+0100][32.384s][info][gc,task     ] GC(396) Using 4 workers of 8 for evacuation
[2026-04-19T22:10:48.142+0100][32.384s][info][gc,phases   ] GC(396)   Pre Evacuate Collection Set: 0.1ms
[2026-04-19T22:10:48.142+0100][32.384s][info][gc,phases   ] GC(396)   Merge Heap Roots: 0.0ms
[2026-04-19T22:10:48.142+0100][32.384s][info][gc,phases   ] GC(396)   Evacuate Collection Set: 0.3ms
[2026-04-19T22:10:48.142+0100][32.384s][info][gc,phases   ] GC(396)   Post Evacuate Collection Set: 0.1ms
[2026-04-19T22:10:48.142+0100][32.384s][info][gc,phases   ] GC(396)   Other: 0.0ms
[2026-04-19T22:10:48.142+0100][32.384s][info][gc,heap     ] GC(396) Eden regions: 112->0(112)
[2026-04-19T22:10:48.142+0100][32.384s][info][gc,heap     ] GC(396) Survivor regions: 1->1(15)
[2026-04-19T22:10:48.142+0100][32.384s][info][gc,heap     ] GC(396) Old regions: 6->6
[2026-04-19T22:10:48.142+0100][32.384s][info][gc,heap     ] GC(396) Humongous regions: 0->0
[2026-04-19T22:10:48.142+0100][32.384s][info][gc,metaspace] GC(396) Metaspace: 247K(448K)->247K(448K) NonClass: 235K(320K)->235K(320K) Class: 12K(128K)->12K(128K)
[2026-04-19T22:10:48.142+0100][32.384s][info][gc          ] GC(396) Pause Young (Normal) (G1 Evacuation Pause) 117M->5M(189M) 0.653ms
[2026-04-19T22:10:48.142+0100][32.384s][info][gc,cpu      ] GC(396) User=0.00s Sys=0.00s Real=0.00s
[2026-04-19T22:10:48.222+0100][32.465s][info][gc,start    ] GC(397) Pause Young (Normal) (G1 Evacuation Pause)
[2026-04-19T22:10:48.222+0100][32.465s][info][gc,task     ] GC(397) Using 4 workers of 8 for evacuation
[2026-04-19T22:10:48.223+0100][32.465s][info][gc,phases   ] GC(397)   Pre Evacuate Collection Set: 0.1ms
[2026-04-19T22:10:48.223+0100][32.465s][info][gc,phases   ] GC(397)   Merge Heap Roots: 0.0ms
[2026-04-19T22:10:48.223+0100][32.465s][info][gc,phases   ] GC(397)   Evacuate Collection Set: 0.3ms
[2026-04-19T22:10:48.223+0100][32.465s][info][gc,phases   ] GC(397)   Post Evacuate Collection Set: 0.1ms
[2026-04-19T22:10:48.223+0100][32.465s][info][gc,phases   ] GC(397)   Other: 0.0ms
[2026-04-19T22:10:48.223+0100][32.465s][info][gc,heap     ] GC(397) Eden regions: 112->0(112)
[2026-04-19T22:10:48.223+0100][32.465s][info][gc,heap     ] GC(397) Survivor regions: 1->1(15)
[2026-04-19T22:10:48.223+0100][32.465s][info][gc,heap     ] GC(397) Old regions: 6->6
[2026-04-19T22:10:48.223+0100][32.465s][info][gc,heap     ] GC(397) Humongous regions: 0->0
[2026-04-19T22:10:48.223+0100][32.465s][info][gc,metaspace] GC(397) Metaspace: 247K(448K)->247K(448K) NonClass: 235K(320K)->235K(320K) Class: 12K(128K)->12K(128K)
[2026-04-19T22:10:48.223+0100][32.465s][info][gc          ] GC(397) Pause Young (Normal) (G1 Evacuation Pause) 117M->5M(189M) 0.587ms
[2026-04-19T22:10:48.223+0100][32.465s][info][gc,cpu      ] GC(397) User=0.01s Sys=0.00s Real=0.00s
[2026-04-19T22:10:48.303+0100][32.546s][info][gc,start    ] GC(398) Pause Young (Normal) (G1 Evacuation Pause)
[2026-04-19T22:10:48.303+0100][32.546s][info][gc,task     ] GC(398) Using 4 workers of 8 for evacuation
[2026-04-19T22:10:48.304+0100][32.546s][info][gc,phases   ] GC(398)   Pre Evacuate Collection Set: 0.1ms
[2026-04-19T22:10:48.304+0100][32.546s][info][gc,phases   ] GC(398)   Merge Heap Roots: 0.0ms
[2026-04-19T22:10:48.304+0100][32.546s][info][gc,phases   ] GC(398)   Evacuate Collection Set: 0.3ms
[2026-04-19T22:10:48.304+0100][32.546s][info][gc,phases   ] GC(398)   Post Evacuate Collection Set: 0.1ms
[2026-04-19T22:10:48.304+0100][32.546s][info][gc,phases   ] GC(398)   Other: 0.0ms
[2026-04-19T22:10:48.304+0100][32.546s][info][gc,heap     ] GC(398) Eden regions: 112->0(112)
[2026-04-19T22:10:48.304+0100][32.546s][info][gc,heap     ] GC(398) Survivor regions: 1->1(15)
[2026-04-19T22:10:48.304+0100][32.546s][info][gc,heap     ] GC(398) Old regions: 6->6
[2026-04-19T22:10:48.304+0100][32.546s][info][gc,heap     ] GC(398) Humongous regions: 0->0
[2026-04-19T22:10:48.304+0100][32.546s][info][gc,metaspace] GC(398) Metaspace: 247K(448K)->247K(448K) NonClass: 235K(320K)->235K(320K) Class: 12K(128K)->12K(128K)
[2026-04-19T22:10:48.304+0100][32.546s][info][gc          ] GC(398) Pause Young (Normal) (G1 Evacuation Pause) 117M->5M(189M) 0.574ms
[2026-04-19T22:10:48.304+0100][32.546s][info][gc,cpu      ] GC(398) User=0.00s Sys=0.00s Real=0.00s
[2026-04-19T22:10:48.385+0100][32.627s][info][gc,start    ] GC(399) Pause Young (Normal) (G1 Evacuation Pause)
[2026-04-19T22:10:48.385+0100][32.627s][info][gc,task     ] GC(399) Using 4 workers of 8 for evacuation
[2026-04-19T22:10:48.385+0100][32.628s][info][gc,phases   ] GC(399)   Pre Evacuate Collection Set: 0.1ms
[2026-04-19T22:10:48.385+0100][32.628s][info][gc,phases   ] GC(399)   Merge Heap Roots: 0.0ms
[2026-04-19T22:10:48.385+0100][32.628s][info][gc,phases   ] GC(399)   Evacuate Collection Set: 0.3ms
[2026-04-19T22:10:48.385+0100][32.628s][info][gc,phases   ] GC(399)   Post Evacuate Collection Set: 0.1ms
[2026-04-19T22:10:48.385+0100][32.628s][info][gc,phases   ] GC(399)   Other: 0.0ms
[2026-04-19T22:10:48.385+0100][32.628s][info][gc,heap     ] GC(399) Eden regions: 112->0(112)
[2026-04-19T22:10:48.385+0100][32.628s][info][gc,heap     ] GC(399) Survivor regions: 1->1(15)
[2026-04-19T22:10:48.385+0100][32.628s][info][gc,heap     ] GC(399) Old regions: 6->6
[2026-04-19T22:10:48.385+0100][32.628s][info][gc,heap     ] GC(399) Humongous regions: 0->0
[2026-04-19T22:10:48.385+0100][32.628s][info][gc,metaspace] GC(399) Metaspace: 247K(448K)->247K(448K) NonClass: 235K(320K)->235K(320K) Class: 12K(128K)->12K(128K)
[2026-04-19T22:10:48.385+0100][32.628s][info][gc          ] GC(399) Pause Young (Normal) (G1 Evacuation Pause) 117M->5M(189M) 0.615ms
[2026-04-19T22:10:48.385+0100][32.628s][info][gc,cpu      ] GC(399) User=0.00s Sys=0.00s Real=0.00s
[2026-04-19T22:10:48.465+0100][32.708s][info][gc,start    ] GC(400) Pause Young (Normal) (G1 Evacuation Pause)
[2026-04-19T22:10:48.465+0100][32.708s][info][gc,task     ] GC(400) Using 4 workers of 8 for evacuation
[2026-04-19T22:10:48.466+0100][32.709s][info][gc,phases   ] GC(400)   Pre Evacuate Collection Set: 0.1ms
[2026-04-19T22:10:48.466+0100][32.709s][info][gc,phases   ] GC(400)   Merge Heap Roots: 0.0ms
[2026-04-19T22:10:48.466+0100][32.709s][info][gc,phases   ] GC(400)   Evacuate Collection Set: 0.3ms
[2026-04-19T22:10:48.466+0100][32.709s][info][gc,phases   ] GC(400)   Post Evacuate Collection Set: 0.1ms
[2026-04-19T22:10:48.466+0100][32.709s][info][gc,phases   ] GC(400)   Other: 0.0ms
[2026-04-19T22:10:48.466+0100][32.709s][info][gc,heap     ] GC(400) Eden regions: 112->0(112)
[2026-04-19T22:10:48.466+0100][32.709s][info][gc,heap     ] GC(400) Survivor regions: 1->1(15)
[2026-04-19T22:10:48.466+0100][32.709s][info][gc,heap     ] GC(400) Old regions: 6->6
[2026-04-19T22:10:48.466+0100][32.709s][info][gc,heap     ] GC(400) Humongous regions: 0->0
[2026-04-19T22:10:48.466+0100][32.709s][info][gc,metaspace] GC(400) Metaspace: 247K(448K)->247K(448K) NonClass: 235K(320K)->235K(320K) Class: 12K(128K)->12K(128K)
[2026-04-19T22:10:48.466+0100][32.709s][info][gc          ] GC(400) Pause Young (Normal) (G1 Evacuation Pause) 117M->5M(189M) 0.578ms
[2026-04-19T22:10:48.466+0100][32.709s][info][gc,cpu      ] GC(400) User=0.00s Sys=0.00s Real=0.00s
[2026-04-19T22:10:48.546+0100][32.789s][info][gc,start    ] GC(401) Pause Young (Normal) (G1 Evacuation Pause)
[2026-04-19T22:10:48.546+0100][32.789s][info][gc,task     ] GC(401) Using 4 workers of 8 for evacuation
[2026-04-19T22:10:48.547+0100][32.789s][info][gc,phases   ] GC(401)   Pre Evacuate Collection Set: 0.1ms
[2026-04-19T22:10:48.547+0100][32.790s][info][gc,phases   ] GC(401)   Merge Heap Roots: 0.0ms
[2026-04-19T22:10:48.547+0100][32.790s][info][gc,phases   ] GC(401)   Evacuate Collection Set: 0.3ms
[2026-04-19T22:10:48.547+0100][32.790s][info][gc,phases   ] GC(401)   Post Evacuate Collection Set: 0.1ms
[2026-04-19T22:10:48.547+0100][32.790s][info][gc,phases   ] GC(401)   Other: 0.0ms
[2026-04-19T22:10:48.547+0100][32.790s][info][gc,heap     ] GC(401) Eden regions: 112->0(112)
[2026-04-19T22:10:48.547+0100][32.790s][info][gc,heap     ] GC(401) Survivor regions: 1->1(15)
[2026-04-19T22:10:48.547+0100][32.790s][info][gc,heap     ] GC(401) Old regions: 6->6
[2026-04-19T22:10:48.547+0100][32.790s][info][gc,heap     ] GC(401) Humongous regions: 0->0
[2026-04-19T22:10:48.547+0100][32.790s][info][gc,metaspace] GC(401) Metaspace: 247K(448K)->247K(448K) NonClass: 235K(320K)->235K(320K) Class: 12K(128K)->12K(128K)
[2026-04-19T22:10:48.547+0100][32.790s][info][gc          ] GC(401) Pause Young (Normal) (G1 Evacuation Pause) 117M->5M(189M) 0.640ms
[2026-04-19T22:10:48.547+0100][32.790s][info][gc,cpu      ] GC(401) User=0.00s Sys=0.00s Real=0.00s
[2026-04-19T22:10:48.627+0100][32.870s][info][gc,start    ] GC(402) Pause Young (Normal) (G1 Evacuation Pause)
[2026-04-19T22:10:48.627+0100][32.870s][info][gc,task     ] GC(402) Using 4 workers of 8 for evacuation
[2026-04-19T22:10:48.628+0100][32.870s][info][gc,phases   ] GC(402)   Pre Evacuate Collection Set: 0.1ms
[2026-04-19T22:10:48.628+0100][32.871s][info][gc,phases   ] GC(402)   Merge Heap Roots: 0.0ms
[2026-04-19T22:10:48.628+0100][32.871s][info][gc,phases   ] GC(402)   Evacuate Collection Set: 0.3ms
[2026-04-19T22:10:48.628+0100][32.871s][info][gc,phases   ] GC(402)   Post Evacuate Collection Set: 0.1ms
[2026-04-19T22:10:48.628+0100][32.871s][info][gc,phases   ] GC(402)   Other: 0.0ms
[2026-04-19T22:10:48.628+0100][32.871s][info][gc,heap     ] GC(402) Eden regions: 112->0(112)
[2026-04-19T22:10:48.628+0100][32.871s][info][gc,heap     ] GC(402) Survivor regions: 1->1(15)
[2026-04-19T22:10:48.628+0100][32.871s][info][gc,heap     ] GC(402) Old regions: 6->6
[2026-04-19T22:10:48.628+0100][32.871s][info][gc,heap     ] GC(402) Humongous regions: 0->0
[2026-04-19T22:10:48.628+0100][32.871s][info][gc,metaspace] GC(402) Metaspace: 247K(448K)->247K(448K) NonClass: 235K(320K)->235K(320K) Class: 12K(128K)->12K(128K)
[2026-04-19T22:10:48.628+0100][32.871s][info][gc          ] GC(402) Pause Young (Normal) (G1 Evacuation Pause) 117M->5M(189M) 0.619ms
[2026-04-19T22:10:48.628+0100][32.871s][info][gc,cpu      ] GC(402) User=0.00s Sys=0.00s Real=0.00s
[2026-04-19T22:10:48.708+0100][32.951s][info][gc,start    ] GC(403) Pause Young (Normal) (G1 Evacuation Pause)
[2026-04-19T22:10:48.708+0100][32.951s][info][gc,task     ] GC(403) Using 4 workers of 8 for evacuation
[2026-04-19T22:10:48.708+0100][32.951s][info][gc,phases   ] GC(403)   Pre Evacuate Collection Set: 0.1ms
[2026-04-19T22:10:48.708+0100][32.951s][info][gc,phases   ] GC(403)   Merge Heap Roots: 0.0ms
[2026-04-19T22:10:48.708+0100][32.951s][info][gc,phases   ] GC(403)   Evacuate Collection Set: 0.3ms
[2026-04-19T22:10:48.708+0100][32.951s][info][gc,phases   ] GC(403)   Post Evacuate Collection Set: 0.1ms
[2026-04-19T22:10:48.708+0100][32.951s][info][gc,phases   ] GC(403)   Other: 0.0ms
[2026-04-19T22:10:48.708+0100][32.951s][info][gc,heap     ] GC(403) Eden regions: 112->0(112)
[2026-04-19T22:10:48.708+0100][32.951s][info][gc,heap     ] GC(403) Survivor regions: 1->1(15)
[2026-04-19T22:10:48.708+0100][32.951s][info][gc,heap     ] GC(403) Old regions: 6->6
[2026-04-19T22:10:48.708+0100][32.951s][info][gc,heap     ] GC(403) Humongous regions: 0->0
[2026-04-19T22:10:48.708+0100][32.951s][info][gc,metaspace] GC(403) Metaspace: 247K(448K)->247K(448K) NonClass: 235K(320K)->235K(320K) Class: 12K(128K)->12K(128K)
[2026-04-19T22:10:48.708+0100][32.951s][info][gc          ] GC(403) Pause Young (Normal) (G1 Evacuation Pause) 117M->5M(189M) 0.603ms
[2026-04-19T22:10:48.708+0100][32.951s][info][gc,cpu      ] GC(403) User=0.01s Sys=0.00s Real=0.00s
[2026-04-19T22:10:48.789+0100][33.032s][info][gc,start    ] GC(404) Pause Young (Normal) (G1 Evacuation Pause)
[2026-04-19T22:10:48.789+0100][33.032s][info][gc,task     ] GC(404) Using 4 workers of 8 for evacuation
[2026-04-19T22:10:48.789+0100][33.032s][info][gc,phases   ] GC(404)   Pre Evacuate Collection Set: 0.1ms
[2026-04-19T22:10:48.789+0100][33.032s][info][gc,phases   ] GC(404)   Merge Heap Roots: 0.0ms
[2026-04-19T22:10:48.789+0100][33.032s][info][gc,phases   ] GC(404)   Evacuate Collection Set: 0.3ms
[2026-04-19T22:10:48.789+0100][33.032s][info][gc,phases   ] GC(404)   Post Evacuate Collection Set: 0.1ms
[2026-04-19T22:10:48.789+0100][33.032s][info][gc,phases   ] GC(404)   Other: 0.0ms
[2026-04-19T22:10:48.789+0100][33.032s][info][gc,heap     ] GC(404) Eden regions: 112->0(112)
[2026-04-19T22:10:48.789+0100][33.032s][info][gc,heap     ] GC(404) Survivor regions: 1->1(15)
[2026-04-19T22:10:48.789+0100][33.032s][info][gc,heap     ] GC(404) Old regions: 6->6
[2026-04-19T22:10:48.789+0100][33.032s][info][gc,heap     ] GC(404) Humongous regions: 0->0
[2026-04-19T22:10:48.789+0100][33.032s][info][gc,metaspace] GC(404) Metaspace: 247K(448K)->247K(448K) NonClass: 235K(320K)->235K(320K) Class: 12K(128K)->12K(128K)
[2026-04-19T22:10:48.789+0100][33.032s][info][gc          ] GC(404) Pause Young (Normal) (G1 Evacuation Pause) 117M->5M(189M) 0.581ms
[2026-04-19T22:10:48.789+0100][33.032s][info][gc,cpu      ] GC(404) User=0.00s Sys=0.00s Real=0.00s
[2026-04-19T22:10:48.870+0100][33.112s][info][gc,start    ] GC(405) Pause Young (Normal) (G1 Evacuation Pause)
[2026-04-19T22:10:48.870+0100][33.112s][info][gc,task     ] GC(405) Using 4 workers of 8 for evacuation
[2026-04-19T22:10:48.870+0100][33.113s][info][gc,phases   ] GC(405)   Pre Evacuate Collection Set: 0.1ms
[2026-04-19T22:10:48.870+0100][33.113s][info][gc,phases   ] GC(405)   Merge Heap Roots: 0.0ms
[2026-04-19T22:10:48.870+0100][33.113s][info][gc,phases   ] GC(405)   Evacuate Collection Set: 0.3ms
[2026-04-19T22:10:48.870+0100][33.113s][info][gc,phases   ] GC(405)   Post Evacuate Collection Set: 0.1ms
[2026-04-19T22:10:48.870+0100][33.113s][info][gc,phases   ] GC(405)   Other: 0.0ms
[2026-04-19T22:10:48.870+0100][33.113s][info][gc,heap     ] GC(405) Eden regions: 112->0(112)
[2026-04-19T22:10:48.870+0100][33.113s][info][gc,heap     ] GC(405) Survivor regions: 1->1(15)
[2026-04-19T22:10:48.870+0100][33.113s][info][gc,heap     ] GC(405) Old regions: 6->6
[2026-04-19T22:10:48.870+0100][33.113s][info][gc,heap     ] GC(405) Humongous regions: 0->0
[2026-04-19T22:10:48.870+0100][33.113s][info][gc,metaspace] GC(405) Metaspace: 247K(448K)->247K(448K) NonClass: 235K(320K)->235K(320K) Class: 12K(128K)->12K(128K)
[2026-04-19T22:10:48.870+0100][33.113s][info][gc          ] GC(405) Pause Young (Normal) (G1 Evacuation Pause) 117M->5M(189M) 0.613ms
[2026-04-19T22:10:48.870+0100][33.113s][info][gc,cpu      ] GC(405) User=0.00s Sys=0.00s Real=0.00s
[2026-04-19T22:10:48.951+0100][33.193s][info][gc,start    ] GC(406) Pause Young (Normal) (G1 Evacuation Pause)
[2026-04-19T22:10:48.951+0100][33.193s][info][gc,task     ] GC(406) Using 4 workers of 8 for evacuation
[2026-04-19T22:10:48.951+0100][33.194s][info][gc,phases   ] GC(406)   Pre Evacuate Collection Set: 0.0ms
[2026-04-19T22:10:48.951+0100][33.194s][info][gc,phases   ] GC(406)   Merge Heap Roots: 0.0ms
[2026-04-19T22:10:48.951+0100][33.194s][info][gc,phases   ] GC(406)   Evacuate Collection Set: 0.3ms
[2026-04-19T22:10:48.951+0100][33.194s][info][gc,phases   ] GC(406)   Post Evacuate Collection Set: 0.1ms
[2026-04-19T22:10:48.951+0100][33.194s][info][gc,phases   ] GC(406)   Other: 0.0ms
[2026-04-19T22:10:48.951+0100][33.194s][info][gc,heap     ] GC(406) Eden regions: 112->0(112)
[2026-04-19T22:10:48.951+0100][33.194s][info][gc,heap     ] GC(406) Survivor regions: 1->1(15)
[2026-04-19T22:10:48.951+0100][33.194s][info][gc,heap     ] GC(406) Old regions: 6->6
[2026-04-19T22:10:48.951+0100][33.194s][info][gc,heap     ] GC(406) Humongous regions: 0->0
[2026-04-19T22:10:48.951+0100][33.194s][info][gc,metaspace] GC(406) Metaspace: 247K(448K)->247K(448K) NonClass: 235K(320K)->235K(320K) Class: 12K(128K)->12K(128K)
[2026-04-19T22:10:48.951+0100][33.194s][info][gc          ] GC(406) Pause Young (Normal) (G1 Evacuation Pause) 117M->5M(189M) 0.652ms
[2026-04-19T22:10:48.951+0100][33.194s][info][gc,cpu      ] GC(406) User=0.00s Sys=0.00s Real=0.00s
[2026-04-19T22:10:49.032+0100][33.274s][info][gc,start    ] GC(407) Pause Young (Normal) (G1 Evacuation Pause)
[2026-04-19T22:10:49.032+0100][33.275s][info][gc,task     ] GC(407) Using 4 workers of 8 for evacuation
[2026-04-19T22:10:49.032+0100][33.275s][info][gc,phases   ] GC(407)   Pre Evacuate Collection Set: 0.1ms
[2026-04-19T22:10:49.032+0100][33.275s][info][gc,phases   ] GC(407)   Merge Heap Roots: 0.0ms
[2026-04-19T22:10:49.032+0100][33.275s][info][gc,phases   ] GC(407)   Evacuate Collection Set: 0.3ms
[2026-04-19T22:10:49.032+0100][33.275s][info][gc,phases   ] GC(407)   Post Evacuate Collection Set: 0.1ms
[2026-04-19T22:10:49.032+0100][33.275s][info][gc,phases   ] GC(407)   Other: 0.0ms
[2026-04-19T22:10:49.032+0100][33.275s][info][gc,heap     ] GC(407) Eden regions: 112->0(112)
[2026-04-19T22:10:49.032+0100][33.275s][info][gc,heap     ] GC(407) Survivor regions: 1->1(15)
[2026-04-19T22:10:49.032+0100][33.275s][info][gc,heap     ] GC(407) Old regions: 6->6
[2026-04-19T22:10:49.032+0100][33.275s][info][gc,heap     ] GC(407) Humongous regions: 0->0
[2026-04-19T22:10:49.032+0100][33.275s][info][gc,metaspace] GC(407) Metaspace: 247K(448K)->247K(448K) NonClass: 235K(320K)->235K(320K) Class: 12K(128K)->12K(128K)
[2026-04-19T22:10:49.032+0100][33.275s][info][gc          ] GC(407) Pause Young (Normal) (G1 Evacuation Pause) 117M->5M(189M) 0.607ms
[2026-04-19T22:10:49.032+0100][33.275s][info][gc,cpu      ] GC(407) User=0.00s Sys=0.00s Real=0.00s
[2026-04-19T22:10:49.112+0100][33.355s][info][gc,start    ] GC(408) Pause Young (Normal) (G1 Evacuation Pause)
[2026-04-19T22:10:49.112+0100][33.355s][info][gc,task     ] GC(408) Using 4 workers of 8 for evacuation
[2026-04-19T22:10:49.113+0100][33.356s][info][gc,phases   ] GC(408)   Pre Evacuate Collection Set: 0.1ms
[2026-04-19T22:10:49.113+0100][33.356s][info][gc,phases   ] GC(408)   Merge Heap Roots: 0.0ms
[2026-04-19T22:10:49.113+0100][33.356s][info][gc,phases   ] GC(408)   Evacuate Collection Set: 0.3ms
[2026-04-19T22:10:49.113+0100][33.356s][info][gc,phases   ] GC(408)   Post Evacuate Collection Set: 0.1ms
[2026-04-19T22:10:49.113+0100][33.356s][info][gc,phases   ] GC(408)   Other: 0.0ms
[2026-04-19T22:10:49.113+0100][33.356s][info][gc,heap     ] GC(408) Eden regions: 112->0(112)
[2026-04-19T22:10:49.113+0100][33.356s][info][gc,heap     ] GC(408) Survivor regions: 1->1(15)
[2026-04-19T22:10:49.113+0100][33.356s][info][gc,heap     ] GC(408) Old regions: 6->6
[2026-04-19T22:10:49.113+0100][33.356s][info][gc,heap     ] GC(408) Humongous regions: 0->0
[2026-04-19T22:10:49.113+0100][33.356s][info][gc,metaspace] GC(408) Metaspace: 247K(448K)->247K(448K) NonClass: 235K(320K)->235K(320K) Class: 12K(128K)->12K(128K)
[2026-04-19T22:10:49.113+0100][33.356s][info][gc          ] GC(408) Pause Young (Normal) (G1 Evacuation Pause) 117M->5M(189M) 0.578ms
[2026-04-19T22:10:49.113+0100][33.356s][info][gc,cpu      ] GC(408) User=0.00s Sys=0.00s Real=0.00s
[2026-04-19T22:10:49.193+0100][33.436s][info][gc,start    ] GC(409) Pause Young (Normal) (G1 Evacuation Pause)
[2026-04-19T22:10:49.193+0100][33.436s][info][gc,task     ] GC(409) Using 4 workers of 8 for evacuation
[2026-04-19T22:10:49.194+0100][33.437s][info][gc,phases   ] GC(409)   Pre Evacuate Collection Set: 0.1ms
[2026-04-19T22:10:49.194+0100][33.437s][info][gc,phases   ] GC(409)   Merge Heap Roots: 0.0ms
[2026-04-19T22:10:49.194+0100][33.437s][info][gc,phases   ] GC(409)   Evacuate Collection Set: 0.3ms
[2026-04-19T22:10:49.194+0100][33.437s][info][gc,phases   ] GC(409)   Post Evacuate Collection Set: 0.1ms
[2026-04-19T22:10:49.194+0100][33.437s][info][gc,phases   ] GC(409)   Other: 0.0ms
[2026-04-19T22:10:49.194+0100][33.437s][info][gc,heap     ] GC(409) Eden regions: 112->0(112)
[2026-04-19T22:10:49.194+0100][33.437s][info][gc,heap     ] GC(409) Survivor regions: 1->1(15)
[2026-04-19T22:10:49.194+0100][33.437s][info][gc,heap     ] GC(409) Old regions: 6->6
[2026-04-19T22:10:49.194+0100][33.437s][info][gc,heap     ] GC(409) Humongous regions: 0->0
[2026-04-19T22:10:49.194+0100][33.437s][info][gc,metaspace] GC(409) Metaspace: 247K(448K)->247K(448K) NonClass: 235K(320K)->235K(320K) Class: 12K(128K)->12K(128K)
[2026-04-19T22:10:49.194+0100][33.437s][info][gc          ] GC(409) Pause Young (Normal) (G1 Evacuation Pause) 117M->5M(189M) 0.656ms
[2026-04-19T22:10:49.194+0100][33.437s][info][gc,cpu      ] GC(409) User=0.00s Sys=0.00s Real=0.00s
[2026-04-19T22:10:49.274+0100][33.517s][info][gc,start    ] GC(410) Pause Young (Normal) (G1 Evacuation Pause)
[2026-04-19T22:10:49.274+0100][33.517s][info][gc,task     ] GC(410) Using 4 workers of 8 for evacuation
[2026-04-19T22:10:49.275+0100][33.518s][info][gc,phases   ] GC(410)   Pre Evacuate Collection Set: 0.1ms
[2026-04-19T22:10:49.275+0100][33.518s][info][gc,phases   ] GC(410)   Merge Heap Roots: 0.0ms
[2026-04-19T22:10:49.275+0100][33.518s][info][gc,phases   ] GC(410)   Evacuate Collection Set: 0.3ms
[2026-04-19T22:10:49.275+0100][33.518s][info][gc,phases   ] GC(410)   Post Evacuate Collection Set: 0.1ms
[2026-04-19T22:10:49.275+0100][33.518s][info][gc,phases   ] GC(410)   Other: 0.0ms
[2026-04-19T22:10:49.275+0100][33.518s][info][gc,heap     ] GC(410) Eden regions: 112->0(112)
[2026-04-19T22:10:49.275+0100][33.518s][info][gc,heap     ] GC(410) Survivor regions: 1->1(15)
[2026-04-19T22:10:49.275+0100][33.518s][info][gc,heap     ] GC(410) Old regions: 6->6
[2026-04-19T22:10:49.275+0100][33.518s][info][gc,heap     ] GC(410) Humongous regions: 0->0
[2026-04-19T22:10:49.275+0100][33.518s][info][gc,metaspace] GC(410) Metaspace: 247K(448K)->247K(448K) NonClass: 235K(320K)->235K(320K) Class: 12K(128K)->12K(128K)
[2026-04-19T22:10:49.275+0100][33.518s][info][gc          ] GC(410) Pause Young (Normal) (G1 Evacuation Pause) 117M->5M(189M) 0.630ms
[2026-04-19T22:10:49.275+0100][33.518s][info][gc,cpu      ] GC(410) User=0.01s Sys=0.00s Real=0.00s
[2026-04-19T22:10:49.355+0100][33.598s][info][gc,start    ] GC(411) Pause Young (Normal) (G1 Evacuation Pause)
[2026-04-19T22:10:49.355+0100][33.598s][info][gc,task     ] GC(411) Using 4 workers of 8 for evacuation
[2026-04-19T22:10:49.356+0100][33.599s][info][gc,phases   ] GC(411)   Pre Evacuate Collection Set: 0.1ms
[2026-04-19T22:10:49.356+0100][33.599s][info][gc,phases   ] GC(411)   Merge Heap Roots: 0.0ms
[2026-04-19T22:10:49.356+0100][33.599s][info][gc,phases   ] GC(411)   Evacuate Collection Set: 0.3ms
[2026-04-19T22:10:49.356+0100][33.599s][info][gc,phases   ] GC(411)   Post Evacuate Collection Set: 0.1ms
[2026-04-19T22:10:49.356+0100][33.599s][info][gc,phases   ] GC(411)   Other: 0.0ms
[2026-04-19T22:10:49.356+0100][33.599s][info][gc,heap     ] GC(411) Eden regions: 112->0(112)
[2026-04-19T22:10:49.356+0100][33.599s][info][gc,heap     ] GC(411) Survivor regions: 1->1(15)
[2026-04-19T22:10:49.356+0100][33.599s][info][gc,heap     ] GC(411) Old regions: 6->6
[2026-04-19T22:10:49.356+0100][33.599s][info][gc,heap     ] GC(411) Humongous regions: 0->0
[2026-04-19T22:10:49.356+0100][33.599s][info][gc,metaspace] GC(411) Metaspace: 247K(448K)->247K(448K) NonClass: 235K(320K)->235K(320K) Class: 12K(128K)->12K(128K)
[2026-04-19T22:10:49.356+0100][33.599s][info][gc          ] GC(411) Pause Young (Normal) (G1 Evacuation Pause) 117M->5M(189M) 0.611ms
[2026-04-19T22:10:49.356+0100][33.599s][info][gc,cpu      ] GC(411) User=0.00s Sys=0.00s Real=0.00s
[2026-04-19T22:10:49.436+0100][33.679s][info][gc,start    ] GC(412) Pause Young (Normal) (G1 Evacuation Pause)
[2026-04-19T22:10:49.436+0100][33.679s][info][gc,task     ] GC(412) Using 4 workers of 8 for evacuation
[2026-04-19T22:10:49.437+0100][33.680s][info][gc,phases   ] GC(412)   Pre Evacuate Collection Set: 0.1ms
[2026-04-19T22:10:49.437+0100][33.680s][info][gc,phases   ] GC(412)   Merge Heap Roots: 0.0ms
[2026-04-19T22:10:49.437+0100][33.680s][info][gc,phases   ] GC(412)   Evacuate Collection Set: 0.3ms
[2026-04-19T22:10:49.437+0100][33.680s][info][gc,phases   ] GC(412)   Post Evacuate Collection Set: 0.1ms
[2026-04-19T22:10:49.437+0100][33.680s][info][gc,phases   ] GC(412)   Other: 0.0ms
[2026-04-19T22:10:49.437+0100][33.680s][info][gc,heap     ] GC(412) Eden regions: 112->0(112)
[2026-04-19T22:10:49.437+0100][33.680s][info][gc,heap     ] GC(412) Survivor regions: 1->1(15)
[2026-04-19T22:10:49.437+0100][33.680s][info][gc,heap     ] GC(412) Old regions: 6->6
[2026-04-19T22:10:49.437+0100][33.680s][info][gc,heap     ] GC(412) Humongous regions: 0->0
[2026-04-19T22:10:49.437+0100][33.680s][info][gc,metaspace] GC(412) Metaspace: 247K(448K)->247K(448K) NonClass: 235K(320K)->235K(320K) Class: 12K(128K)->12K(128K)
[2026-04-19T22:10:49.437+0100][33.680s][info][gc          ] GC(412) Pause Young (Normal) (G1 Evacuation Pause) 117M->5M(189M) 0.598ms
[2026-04-19T22:10:49.437+0100][33.680s][info][gc,cpu      ] GC(412) User=0.00s Sys=0.00s Real=0.00s
[2026-04-19T22:10:49.517+0100][33.760s][info][gc,start    ] GC(413) Pause Young (Normal) (G1 Evacuation Pause)
[2026-04-19T22:10:49.517+0100][33.760s][info][gc,task     ] GC(413) Using 4 workers of 8 for evacuation
[2026-04-19T22:10:49.518+0100][33.761s][info][gc,phases   ] GC(413)   Pre Evacuate Collection Set: 0.1ms
[2026-04-19T22:10:49.518+0100][33.761s][info][gc,phases   ] GC(413)   Merge Heap Roots: 0.0ms
[2026-04-19T22:10:49.518+0100][33.761s][info][gc,phases   ] GC(413)   Evacuate Collection Set: 0.3ms
[2026-04-19T22:10:49.518+0100][33.761s][info][gc,phases   ] GC(413)   Post Evacuate Collection Set: 0.1ms
[2026-04-19T22:10:49.518+0100][33.761s][info][gc,phases   ] GC(413)   Other: 0.0ms
[2026-04-19T22:10:49.518+0100][33.761s][info][gc,heap     ] GC(413) Eden regions: 112->0(112)
[2026-04-19T22:10:49.518+0100][33.761s][info][gc,heap     ] GC(413) Survivor regions: 1->1(15)
[2026-04-19T22:10:49.518+0100][33.761s][info][gc,heap     ] GC(413) Old regions: 6->6
[2026-04-19T22:10:49.518+0100][33.761s][info][gc,heap     ] GC(413) Humongous regions: 0->0
[2026-04-19T22:10:49.518+0100][33.761s][info][gc,metaspace] GC(413) Metaspace: 247K(448K)->247K(448K) NonClass: 235K(320K)->235K(320K) Class: 12K(128K)->12K(128K)
[2026-04-19T22:10:49.518+0100][33.761s][info][gc          ] GC(413) Pause Young (Normal) (G1 Evacuation Pause) 117M->5M(189M) 0.581ms
[2026-04-19T22:10:49.518+0100][33.761s][info][gc,cpu      ] GC(413) User=0.00s Sys=0.00s Real=0.00s
[2026-04-19T22:10:49.599+0100][33.841s][info][gc,start    ] GC(414) Pause Young (Normal) (G1 Evacuation Pause)
[2026-04-19T22:10:49.599+0100][33.841s][info][gc,task     ] GC(414) Using 4 workers of 8 for evacuation
[2026-04-19T22:10:49.599+0100][33.842s][info][gc,phases   ] GC(414)   Pre Evacuate Collection Set: 0.1ms
[2026-04-19T22:10:49.599+0100][33.842s][info][gc,phases   ] GC(414)   Merge Heap Roots: 0.0ms
[2026-04-19T22:10:49.599+0100][33.842s][info][gc,phases   ] GC(414)   Evacuate Collection Set: 0.3ms
[2026-04-19T22:10:49.599+0100][33.842s][info][gc,phases   ] GC(414)   Post Evacuate Collection Set: 0.1ms
[2026-04-19T22:10:49.599+0100][33.842s][info][gc,phases   ] GC(414)   Other: 0.0ms
[2026-04-19T22:10:49.599+0100][33.842s][info][gc,heap     ] GC(414) Eden regions: 112->0(112)
[2026-04-19T22:10:49.599+0100][33.842s][info][gc,heap     ] GC(414) Survivor regions: 1->1(15)
[2026-04-19T22:10:49.599+0100][33.842s][info][gc,heap     ] GC(414) Old regions: 6->6
[2026-04-19T22:10:49.599+0100][33.842s][info][gc,heap     ] GC(414) Humongous regions: 0->0
[2026-04-19T22:10:49.599+0100][33.842s][info][gc,metaspace] GC(414) Metaspace: 247K(448K)->247K(448K) NonClass: 235K(320K)->235K(320K) Class: 12K(128K)->12K(128K)
[2026-04-19T22:10:49.599+0100][33.842s][info][gc          ] GC(414) Pause Young (Normal) (G1 Evacuation Pause) 117M->5M(189M) 0.621ms
[2026-04-19T22:10:49.599+0100][33.842s][info][gc,cpu      ] GC(414) User=0.00s Sys=0.00s Real=0.00s
[2026-04-19T22:10:49.680+0100][33.923s][info][gc,start    ] GC(415) Pause Young (Normal) (G1 Evacuation Pause)
[2026-04-19T22:10:49.680+0100][33.923s][info][gc,task     ] GC(415) Using 4 workers of 8 for evacuation
[2026-04-19T22:10:49.680+0100][33.923s][info][gc,phases   ] GC(415)   Pre Evacuate Collection Set: 0.1ms
[2026-04-19T22:10:49.680+0100][33.923s][info][gc,phases   ] GC(415)   Merge Heap Roots: 0.0ms
[2026-04-19T22:10:49.680+0100][33.923s][info][gc,phases   ] GC(415)   Evacuate Collection Set: 0.3ms
[2026-04-19T22:10:49.680+0100][33.923s][info][gc,phases   ] GC(415)   Post Evacuate Collection Set: 0.1ms
[2026-04-19T22:10:49.681+0100][33.923s][info][gc,phases   ] GC(415)   Other: 0.0ms
[2026-04-19T22:10:49.681+0100][33.923s][info][gc,heap     ] GC(415) Eden regions: 112->0(112)
[2026-04-19T22:10:49.681+0100][33.923s][info][gc,heap     ] GC(415) Survivor regions: 1->1(15)
[2026-04-19T22:10:49.681+0100][33.923s][info][gc,heap     ] GC(415) Old regions: 6->6
[2026-04-19T22:10:49.681+0100][33.923s][info][gc,heap     ] GC(415) Humongous regions: 0->0
[2026-04-19T22:10:49.681+0100][33.923s][info][gc,metaspace] GC(415) Metaspace: 247K(448K)->247K(448K) NonClass: 235K(320K)->235K(320K) Class: 12K(128K)->12K(128K)
[2026-04-19T22:10:49.681+0100][33.923s][info][gc          ] GC(415) Pause Young (Normal) (G1 Evacuation Pause) 117M->5M(189M) 0.601ms
[2026-04-19T22:10:49.681+0100][33.923s][info][gc,cpu      ] GC(415) User=0.00s Sys=0.00s Real=0.00s
[2026-04-19T22:10:49.761+0100][34.004s][info][gc,start    ] GC(416) Pause Young (Normal) (G1 Evacuation Pause)
[2026-04-19T22:10:49.761+0100][34.004s][info][gc,task     ] GC(416) Using 4 workers of 8 for evacuation
[2026-04-19T22:10:49.762+0100][34.004s][info][gc,phases   ] GC(416)   Pre Evacuate Collection Set: 0.1ms
[2026-04-19T22:10:49.762+0100][34.004s][info][gc,phases   ] GC(416)   Merge Heap Roots: 0.0ms
[2026-04-19T22:10:49.762+0100][34.004s][info][gc,phases   ] GC(416)   Evacuate Collection Set: 0.3ms
[2026-04-19T22:10:49.762+0100][34.004s][info][gc,phases   ] GC(416)   Post Evacuate Collection Set: 0.1ms
[2026-04-19T22:10:49.762+0100][34.004s][info][gc,phases   ] GC(416)   Other: 0.0ms
[2026-04-19T22:10:49.762+0100][34.004s][info][gc,heap     ] GC(416) Eden regions: 112->0(112)
[2026-04-19T22:10:49.762+0100][34.004s][info][gc,heap     ] GC(416) Survivor regions: 1->1(15)
[2026-04-19T22:10:49.762+0100][34.004s][info][gc,heap     ] GC(416) Old regions: 6->6
[2026-04-19T22:10:49.762+0100][34.004s][info][gc,heap     ] GC(416) Humongous regions: 0->0
[2026-04-19T22:10:49.762+0100][34.004s][info][gc,metaspace] GC(416) Metaspace: 247K(448K)->247K(448K) NonClass: 235K(320K)->235K(320K) Class: 12K(128K)->12K(128K)
[2026-04-19T22:10:49.762+0100][34.004s][info][gc          ] GC(416) Pause Young (Normal) (G1 Evacuation Pause) 117M->5M(189M) 0.586ms
[2026-04-19T22:10:49.762+0100][34.004s][info][gc,cpu      ] GC(416) User=0.00s Sys=0.00s Real=0.00s
[2026-04-19T22:10:49.842+0100][34.085s][info][gc,start    ] GC(417) Pause Young (Normal) (G1 Evacuation Pause)
[2026-04-19T22:10:49.842+0100][34.085s][info][gc,task     ] GC(417) Using 4 workers of 8 for evacuation
[2026-04-19T22:10:49.842+0100][34.085s][info][gc,phases   ] GC(417)   Pre Evacuate Collection Set: 0.1ms
[2026-04-19T22:10:49.842+0100][34.085s][info][gc,phases   ] GC(417)   Merge Heap Roots: 0.0ms
[2026-04-19T22:10:49.842+0100][34.085s][info][gc,phases   ] GC(417)   Evacuate Collection Set: 0.3ms
[2026-04-19T22:10:49.842+0100][34.085s][info][gc,phases   ] GC(417)   Post Evacuate Collection Set: 0.1ms
[2026-04-19T22:10:49.842+0100][34.085s][info][gc,phases   ] GC(417)   Other: 0.0ms
[2026-04-19T22:10:49.843+0100][34.085s][info][gc,heap     ] GC(417) Eden regions: 112->0(112)
[2026-04-19T22:10:49.843+0100][34.085s][info][gc,heap     ] GC(417) Survivor regions: 1->1(15)
[2026-04-19T22:10:49.843+0100][34.085s][info][gc,heap     ] GC(417) Old regions: 6->6
[2026-04-19T22:10:49.843+0100][34.085s][info][gc,heap     ] GC(417) Humongous regions: 0->0
[2026-04-19T22:10:49.843+0100][34.085s][info][gc,metaspace] GC(417) Metaspace: 247K(448K)->247K(448K) NonClass: 235K(320K)->235K(320K) Class: 12K(128K)->12K(128K)
[2026-04-19T22:10:49.843+0100][34.085s][info][gc          ] GC(417) Pause Young (Normal) (G1 Evacuation Pause) 117M->5M(189M) 0.583ms
[2026-04-19T22:10:49.843+0100][34.085s][info][gc,cpu      ] GC(417) User=0.00s Sys=0.00s Real=0.00s
[2026-04-19T22:10:49.923+0100][34.166s][info][gc,start    ] GC(418) Pause Young (Normal) (G1 Evacuation Pause)
[2026-04-19T22:10:49.923+0100][34.166s][info][gc,task     ] GC(418) Using 4 workers of 8 for evacuation
[2026-04-19T22:10:49.923+0100][34.166s][info][gc,phases   ] GC(418)   Pre Evacuate Collection Set: 0.1ms
[2026-04-19T22:10:49.923+0100][34.166s][info][gc,phases   ] GC(418)   Merge Heap Roots: 0.0ms
[2026-04-19T22:10:49.923+0100][34.166s][info][gc,phases   ] GC(418)   Evacuate Collection Set: 0.3ms
[2026-04-19T22:10:49.923+0100][34.166s][info][gc,phases   ] GC(418)   Post Evacuate Collection Set: 0.1ms
[2026-04-19T22:10:49.923+0100][34.166s][info][gc,phases   ] GC(418)   Other: 0.0ms
[2026-04-19T22:10:49.923+0100][34.166s][info][gc,heap     ] GC(418) Eden regions: 112->0(112)
[2026-04-19T22:10:49.924+0100][34.166s][info][gc,heap     ] GC(418) Survivor regions: 1->1(15)
[2026-04-19T22:10:49.924+0100][34.166s][info][gc,heap     ] GC(418) Old regions: 6->6
[2026-04-19T22:10:49.924+0100][34.166s][info][gc,heap     ] GC(418) Humongous regions: 0->0
[2026-04-19T22:10:49.924+0100][34.166s][info][gc,metaspace] GC(418) Metaspace: 247K(448K)->247K(448K) NonClass: 235K(320K)->235K(320K) Class: 12K(128K)->12K(128K)
[2026-04-19T22:10:49.924+0100][34.166s][info][gc          ] GC(418) Pause Young (Normal) (G1 Evacuation Pause) 117M->5M(189M) 0.577ms
[2026-04-19T22:10:49.924+0100][34.166s][info][gc,cpu      ] GC(418) User=0.00s Sys=0.00s Real=0.00s
[2026-04-19T22:10:50.004+0100][34.246s][info][gc,start    ] GC(419) Pause Young (Normal) (G1 Evacuation Pause)
[2026-04-19T22:10:50.004+0100][34.247s][info][gc,task     ] GC(419) Using 4 workers of 8 for evacuation
[2026-04-19T22:10:50.004+0100][34.247s][info][gc,phases   ] GC(419)   Pre Evacuate Collection Set: 0.1ms
[2026-04-19T22:10:50.004+0100][34.247s][info][gc,phases   ] GC(419)   Merge Heap Roots: 0.0ms
[2026-04-19T22:10:50.004+0100][34.247s][info][gc,phases   ] GC(419)   Evacuate Collection Set: 0.3ms
[2026-04-19T22:10:50.004+0100][34.247s][info][gc,phases   ] GC(419)   Post Evacuate Collection Set: 0.1ms
[2026-04-19T22:10:50.004+0100][34.247s][info][gc,phases   ] GC(419)   Other: 0.0ms
[2026-04-19T22:10:50.004+0100][34.247s][info][gc,heap     ] GC(419) Eden regions: 112->0(112)
[2026-04-19T22:10:50.004+0100][34.247s][info][gc,heap     ] GC(419) Survivor regions: 1->1(15)
[2026-04-19T22:10:50.004+0100][34.247s][info][gc,heap     ] GC(419) Old regions: 6->6
[2026-04-19T22:10:50.004+0100][34.247s][info][gc,heap     ] GC(419) Humongous regions: 0->0
[2026-04-19T22:10:50.004+0100][34.247s][info][gc,metaspace] GC(419) Metaspace: 247K(448K)->247K(448K) NonClass: 235K(320K)->235K(320K) Class: 12K(128K)->12K(128K)
[2026-04-19T22:10:50.004+0100][34.247s][info][gc          ] GC(419) Pause Young (Normal) (G1 Evacuation Pause) 117M->5M(189M) 0.578ms
[2026-04-19T22:10:50.004+0100][34.247s][info][gc,cpu      ] GC(419) User=0.00s Sys=0.00s Real=0.00s
[2026-04-19T22:10:50.085+0100][34.327s][info][gc,start    ] GC(420) Pause Young (Normal) (G1 Evacuation Pause)
[2026-04-19T22:10:50.085+0100][34.328s][info][gc,task     ] GC(420) Using 4 workers of 8 for evacuation
[2026-04-19T22:10:50.085+0100][34.328s][info][gc,phases   ] GC(420)   Pre Evacuate Collection Set: 0.1ms
[2026-04-19T22:10:50.085+0100][34.328s][info][gc,phases   ] GC(420)   Merge Heap Roots: 0.0ms
[2026-04-19T22:10:50.085+0100][34.328s][info][gc,phases   ] GC(420)   Evacuate Collection Set: 0.3ms
[2026-04-19T22:10:50.085+0100][34.328s][info][gc,phases   ] GC(420)   Post Evacuate Collection Set: 0.1ms
[2026-04-19T22:10:50.085+0100][34.328s][info][gc,phases   ] GC(420)   Other: 0.0ms
[2026-04-19T22:10:50.085+0100][34.328s][info][gc,heap     ] GC(420) Eden regions: 112->0(112)
[2026-04-19T22:10:50.085+0100][34.328s][info][gc,heap     ] GC(420) Survivor regions: 1->1(15)
[2026-04-19T22:10:50.085+0100][34.328s][info][gc,heap     ] GC(420) Old regions: 6->6
[2026-04-19T22:10:50.085+0100][34.328s][info][gc,heap     ] GC(420) Humongous regions: 0->0
[2026-04-19T22:10:50.085+0100][34.328s][info][gc,metaspace] GC(420) Metaspace: 247K(448K)->247K(448K) NonClass: 235K(320K)->235K(320K) Class: 12K(128K)->12K(128K)
[2026-04-19T22:10:50.085+0100][34.328s][info][gc          ] GC(420) Pause Young (Normal) (G1 Evacuation Pause) 117M->5M(189M) 0.573ms
[2026-04-19T22:10:50.085+0100][34.328s][info][gc,cpu      ] GC(420) User=0.00s Sys=0.00s Real=0.00s
[2026-04-19T22:10:50.167+0100][34.410s][info][gc,start    ] GC(421) Pause Young (Normal) (G1 Evacuation Pause)
[2026-04-19T22:10:50.167+0100][34.410s][info][gc,task     ] GC(421) Using 4 workers of 8 for evacuation
[2026-04-19T22:10:50.167+0100][34.410s][info][gc,phases   ] GC(421)   Pre Evacuate Collection Set: 0.0ms
[2026-04-19T22:10:50.167+0100][34.410s][info][gc,phases   ] GC(421)   Merge Heap Roots: 0.0ms
[2026-04-19T22:10:50.167+0100][34.410s][info][gc,phases   ] GC(421)   Evacuate Collection Set: 0.3ms
[2026-04-19T22:10:50.167+0100][34.410s][info][gc,phases   ] GC(421)   Post Evacuate Collection Set: 0.1ms
[2026-04-19T22:10:50.167+0100][34.410s][info][gc,phases   ] GC(421)   Other: 0.0ms
[2026-04-19T22:10:50.167+0100][34.410s][info][gc,heap     ] GC(421) Eden regions: 112->0(112)
[2026-04-19T22:10:50.167+0100][34.410s][info][gc,heap     ] GC(421) Survivor regions: 1->1(15)
[2026-04-19T22:10:50.167+0100][34.410s][info][gc,heap     ] GC(421) Old regions: 6->6
[2026-04-19T22:10:50.167+0100][34.410s][info][gc,heap     ] GC(421) Humongous regions: 0->0
[2026-04-19T22:10:50.168+0100][34.410s][info][gc,metaspace] GC(421) Metaspace: 247K(448K)->247K(448K) NonClass: 235K(320K)->235K(320K) Class: 12K(128K)->12K(128K)
[2026-04-19T22:10:50.168+0100][34.410s][info][gc          ] GC(421) Pause Young (Normal) (G1 Evacuation Pause) 117M->5M(189M) 0.589ms
[2026-04-19T22:10:50.168+0100][34.410s][info][gc,cpu      ] GC(421) User=0.01s Sys=0.00s Real=0.00s
[2026-04-19T22:10:50.248+0100][34.491s][info][gc,start    ] GC(422) Pause Young (Normal) (G1 Evacuation Pause)
[2026-04-19T22:10:50.248+0100][34.491s][info][gc,task     ] GC(422) Using 4 workers of 8 for evacuation
[2026-04-19T22:10:50.249+0100][34.492s][info][gc,phases   ] GC(422)   Pre Evacuate Collection Set: 0.1ms
[2026-04-19T22:10:50.249+0100][34.492s][info][gc,phases   ] GC(422)   Merge Heap Roots: 0.0ms
[2026-04-19T22:10:50.249+0100][34.492s][info][gc,phases   ] GC(422)   Evacuate Collection Set: 0.3ms
[2026-04-19T22:10:50.249+0100][34.492s][info][gc,phases   ] GC(422)   Post Evacuate Collection Set: 0.1ms
[2026-04-19T22:10:50.249+0100][34.492s][info][gc,phases   ] GC(422)   Other: 0.0ms
[2026-04-19T22:10:50.249+0100][34.492s][info][gc,heap     ] GC(422) Eden regions: 112->0(112)
[2026-04-19T22:10:50.249+0100][34.492s][info][gc,heap     ] GC(422) Survivor regions: 1->1(15)
[2026-04-19T22:10:50.249+0100][34.492s][info][gc,heap     ] GC(422) Old regions: 6->6
[2026-04-19T22:10:50.249+0100][34.492s][info][gc,heap     ] GC(422) Humongous regions: 0->0
[2026-04-19T22:10:50.249+0100][34.492s][info][gc,metaspace] GC(422) Metaspace: 247K(448K)->247K(448K) NonClass: 235K(320K)->235K(320K) Class: 12K(128K)->12K(128K)
[2026-04-19T22:10:50.249+0100][34.492s][info][gc          ] GC(422) Pause Young (Normal) (G1 Evacuation Pause) 117M->5M(189M) 0.641ms
[2026-04-19T22:10:50.249+0100][34.492s][info][gc,cpu      ] GC(422) User=0.00s Sys=0.00s Real=0.00s
[2026-04-19T22:10:50.329+0100][34.572s][info][gc,start    ] GC(423) Pause Young (Normal) (G1 Evacuation Pause)
[2026-04-19T22:10:50.329+0100][34.572s][info][gc,task     ] GC(423) Using 4 workers of 8 for evacuation
[2026-04-19T22:10:50.330+0100][34.573s][info][gc,phases   ] GC(423)   Pre Evacuate Collection Set: 0.1ms
[2026-04-19T22:10:50.330+0100][34.573s][info][gc,phases   ] GC(423)   Merge Heap Roots: 0.0ms
[2026-04-19T22:10:50.330+0100][34.573s][info][gc,phases   ] GC(423)   Evacuate Collection Set: 0.3ms
[2026-04-19T22:10:50.330+0100][34.573s][info][gc,phases   ] GC(423)   Post Evacuate Collection Set: 0.1ms
[2026-04-19T22:10:50.330+0100][34.573s][info][gc,phases   ] GC(423)   Other: 0.0ms
[2026-04-19T22:10:50.330+0100][34.573s][info][gc,heap     ] GC(423) Eden regions: 112->0(112)
[2026-04-19T22:10:50.330+0100][34.573s][info][gc,heap     ] GC(423) Survivor regions: 1->1(15)
[2026-04-19T22:10:50.330+0100][34.573s][info][gc,heap     ] GC(423) Old regions: 6->6
[2026-04-19T22:10:50.330+0100][34.573s][info][gc,heap     ] GC(423) Humongous regions: 0->0
[2026-04-19T22:10:50.330+0100][34.573s][info][gc,metaspace] GC(423) Metaspace: 247K(448K)->247K(448K) NonClass: 235K(320K)->235K(320K) Class: 12K(128K)->12K(128K)
[2026-04-19T22:10:50.330+0100][34.573s][info][gc          ] GC(423) Pause Young (Normal) (G1 Evacuation Pause) 117M->5M(189M) 0.610ms
[2026-04-19T22:10:50.330+0100][34.573s][info][gc,cpu      ] GC(423) User=0.00s Sys=0.00s Real=0.01s
[2026-04-19T22:10:50.411+0100][34.653s][info][gc,start    ] GC(424) Pause Young (Normal) (G1 Evacuation Pause)
[2026-04-19T22:10:50.411+0100][34.653s][info][gc,task     ] GC(424) Using 4 workers of 8 for evacuation
[2026-04-19T22:10:50.411+0100][34.654s][info][gc,phases   ] GC(424)   Pre Evacuate Collection Set: 0.1ms
[2026-04-19T22:10:50.411+0100][34.654s][info][gc,phases   ] GC(424)   Merge Heap Roots: 0.0ms
[2026-04-19T22:10:50.411+0100][34.654s][info][gc,phases   ] GC(424)   Evacuate Collection Set: 0.3ms
[2026-04-19T22:10:50.411+0100][34.654s][info][gc,phases   ] GC(424)   Post Evacuate Collection Set: 0.1ms
[2026-04-19T22:10:50.411+0100][34.654s][info][gc,phases   ] GC(424)   Other: 0.0ms
[2026-04-19T22:10:50.411+0100][34.654s][info][gc,heap     ] GC(424) Eden regions: 112->0(112)
[2026-04-19T22:10:50.411+0100][34.654s][info][gc,heap     ] GC(424) Survivor regions: 1->1(15)
[2026-04-19T22:10:50.411+0100][34.654s][info][gc,heap     ] GC(424) Old regions: 6->6
[2026-04-19T22:10:50.411+0100][34.654s][info][gc,heap     ] GC(424) Humongous regions: 0->0
[2026-04-19T22:10:50.411+0100][34.654s][info][gc,metaspace] GC(424) Metaspace: 247K(448K)->247K(448K) NonClass: 235K(320K)->235K(320K) Class: 12K(128K)->12K(128K)
[2026-04-19T22:10:50.411+0100][34.654s][info][gc          ] GC(424) Pause Young (Normal) (G1 Evacuation Pause) 117M->5M(189M) 0.623ms
[2026-04-19T22:10:50.411+0100][34.654s][info][gc,cpu      ] GC(424) User=0.00s Sys=0.00s Real=0.00s
[2026-04-19T22:10:50.492+0100][34.734s][info][gc,start    ] GC(425) Pause Young (Normal) (G1 Evacuation Pause)
[2026-04-19T22:10:50.492+0100][34.734s][info][gc,task     ] GC(425) Using 4 workers of 8 for evacuation
[2026-04-19T22:10:50.492+0100][34.735s][info][gc,phases   ] GC(425)   Pre Evacuate Collection Set: 0.1ms
[2026-04-19T22:10:50.492+0100][34.735s][info][gc,phases   ] GC(425)   Merge Heap Roots: 0.0ms
[2026-04-19T22:10:50.492+0100][34.735s][info][gc,phases   ] GC(425)   Evacuate Collection Set: 0.3ms
[2026-04-19T22:10:50.492+0100][34.735s][info][gc,phases   ] GC(425)   Post Evacuate Collection Set: 0.1ms
[2026-04-19T22:10:50.492+0100][34.735s][info][gc,phases   ] GC(425)   Other: 0.0ms
[2026-04-19T22:10:50.492+0100][34.735s][info][gc,heap     ] GC(425) Eden regions: 112->0(112)
[2026-04-19T22:10:50.492+0100][34.735s][info][gc,heap     ] GC(425) Survivor regions: 1->1(15)
[2026-04-19T22:10:50.492+0100][34.735s][info][gc,heap     ] GC(425) Old regions: 6->6
[2026-04-19T22:10:50.492+0100][34.735s][info][gc,heap     ] GC(425) Humongous regions: 0->0
[2026-04-19T22:10:50.492+0100][34.735s][info][gc,metaspace] GC(425) Metaspace: 247K(448K)->247K(448K) NonClass: 235K(320K)->235K(320K) Class: 12K(128K)->12K(128K)
[2026-04-19T22:10:50.492+0100][34.735s][info][gc          ] GC(425) Pause Young (Normal) (G1 Evacuation Pause) 117M->5M(189M) 0.638ms
[2026-04-19T22:10:50.492+0100][34.735s][info][gc,cpu      ] GC(425) User=0.00s Sys=0.01s Real=0.00s
[2026-04-19T22:10:50.573+0100][34.815s][info][gc,start    ] GC(426) Pause Young (Normal) (G1 Evacuation Pause)
[2026-04-19T22:10:50.573+0100][34.815s][info][gc,task     ] GC(426) Using 4 workers of 8 for evacuation
[2026-04-19T22:10:50.573+0100][34.816s][info][gc,phases   ] GC(426)   Pre Evacuate Collection Set: 0.1ms
[2026-04-19T22:10:50.573+0100][34.816s][info][gc,phases   ] GC(426)   Merge Heap Roots: 0.0ms
[2026-04-19T22:10:50.573+0100][34.816s][info][gc,phases   ] GC(426)   Evacuate Collection Set: 0.3ms
[2026-04-19T22:10:50.573+0100][34.816s][info][gc,phases   ] GC(426)   Post Evacuate Collection Set: 0.1ms
[2026-04-19T22:10:50.573+0100][34.816s][info][gc,phases   ] GC(426)   Other: 0.0ms
[2026-04-19T22:10:50.573+0100][34.816s][info][gc,heap     ] GC(426) Eden regions: 112->0(112)
[2026-04-19T22:10:50.573+0100][34.816s][info][gc,heap     ] GC(426) Survivor regions: 1->1(15)
[2026-04-19T22:10:50.573+0100][34.816s][info][gc,heap     ] GC(426) Old regions: 6->6
[2026-04-19T22:10:50.573+0100][34.816s][info][gc,heap     ] GC(426) Humongous regions: 0->0
[2026-04-19T22:10:50.573+0100][34.816s][info][gc,metaspace] GC(426) Metaspace: 247K(448K)->247K(448K) NonClass: 235K(320K)->235K(320K) Class: 12K(128K)->12K(128K)
[2026-04-19T22:10:50.573+0100][34.816s][info][gc          ] GC(426) Pause Young (Normal) (G1 Evacuation Pause) 117M->5M(189M) 0.577ms
[2026-04-19T22:10:50.573+0100][34.816s][info][gc,cpu      ] GC(426) User=0.00s Sys=0.00s Real=0.00s
[2026-04-19T22:10:50.654+0100][34.896s][info][gc,start    ] GC(427) Pause Young (Normal) (G1 Evacuation Pause)
[2026-04-19T22:10:50.654+0100][34.896s][info][gc,task     ] GC(427) Using 4 workers of 8 for evacuation
[2026-04-19T22:10:50.654+0100][34.897s][info][gc,phases   ] GC(427)   Pre Evacuate Collection Set: 0.1ms
[2026-04-19T22:10:50.654+0100][34.897s][info][gc,phases   ] GC(427)   Merge Heap Roots: 0.0ms
[2026-04-19T22:10:50.654+0100][34.897s][info][gc,phases   ] GC(427)   Evacuate Collection Set: 0.3ms
[2026-04-19T22:10:50.654+0100][34.897s][info][gc,phases   ] GC(427)   Post Evacuate Collection Set: 0.1ms
[2026-04-19T22:10:50.654+0100][34.897s][info][gc,phases   ] GC(427)   Other: 0.0ms
[2026-04-19T22:10:50.654+0100][34.897s][info][gc,heap     ] GC(427) Eden regions: 112->0(112)
[2026-04-19T22:10:50.654+0100][34.897s][info][gc,heap     ] GC(427) Survivor regions: 1->1(15)
[2026-04-19T22:10:50.654+0100][34.897s][info][gc,heap     ] GC(427) Old regions: 6->6
[2026-04-19T22:10:50.654+0100][34.897s][info][gc,heap     ] GC(427) Humongous regions: 0->0
[2026-04-19T22:10:50.654+0100][34.897s][info][gc,metaspace] GC(427) Metaspace: 247K(448K)->247K(448K) NonClass: 235K(320K)->235K(320K) Class: 12K(128K)->12K(128K)
[2026-04-19T22:10:50.654+0100][34.897s][info][gc          ] GC(427) Pause Young (Normal) (G1 Evacuation Pause) 117M->5M(189M) 0.614ms
[2026-04-19T22:10:50.654+0100][34.897s][info][gc,cpu      ] GC(427) User=0.01s Sys=0.00s Real=0.00s
[2026-04-19T22:10:50.734+0100][34.976s][info][gc,start    ] GC(428) Pause Young (Normal) (G1 Evacuation Pause)
[2026-04-19T22:10:50.734+0100][34.977s][info][gc,task     ] GC(428) Using 4 workers of 8 for evacuation
[2026-04-19T22:10:50.734+0100][34.977s][info][gc,phases   ] GC(428)   Pre Evacuate Collection Set: 0.1ms
[2026-04-19T22:10:50.734+0100][34.977s][info][gc,phases   ] GC(428)   Merge Heap Roots: 0.0ms
[2026-04-19T22:10:50.734+0100][34.977s][info][gc,phases   ] GC(428)   Evacuate Collection Set: 0.3ms
[2026-04-19T22:10:50.734+0100][34.977s][info][gc,phases   ] GC(428)   Post Evacuate Collection Set: 0.1ms
[2026-04-19T22:10:50.734+0100][34.977s][info][gc,phases   ] GC(428)   Other: 0.0ms
[2026-04-19T22:10:50.734+0100][34.977s][info][gc,heap     ] GC(428) Eden regions: 112->0(112)
[2026-04-19T22:10:50.734+0100][34.977s][info][gc,heap     ] GC(428) Survivor regions: 1->1(15)
[2026-04-19T22:10:50.734+0100][34.977s][info][gc,heap     ] GC(428) Old regions: 6->6
[2026-04-19T22:10:50.734+0100][34.977s][info][gc,heap     ] GC(428) Humongous regions: 0->0
[2026-04-19T22:10:50.734+0100][34.977s][info][gc,metaspace] GC(428) Metaspace: 247K(448K)->247K(448K) NonClass: 235K(320K)->235K(320K) Class: 12K(128K)->12K(128K)
[2026-04-19T22:10:50.734+0100][34.977s][info][gc          ] GC(428) Pause Young (Normal) (G1 Evacuation Pause) 117M->5M(189M) 0.569ms
[2026-04-19T22:10:50.734+0100][34.977s][info][gc,cpu      ] GC(428) User=0.00s Sys=0.00s Real=0.00s
[2026-04-19T22:10:50.814+0100][35.057s][info][gc,start    ] GC(429) Pause Young (Normal) (G1 Evacuation Pause)
[2026-04-19T22:10:50.814+0100][35.057s][info][gc,task     ] GC(429) Using 4 workers of 8 for evacuation
[2026-04-19T22:10:50.815+0100][35.058s][info][gc,phases   ] GC(429)   Pre Evacuate Collection Set: 0.1ms
[2026-04-19T22:10:50.815+0100][35.058s][info][gc,phases   ] GC(429)   Merge Heap Roots: 0.0ms
[2026-04-19T22:10:50.815+0100][35.058s][info][gc,phases   ] GC(429)   Evacuate Collection Set: 0.3ms
[2026-04-19T22:10:50.815+0100][35.058s][info][gc,phases   ] GC(429)   Post Evacuate Collection Set: 0.1ms
[2026-04-19T22:10:50.815+0100][35.058s][info][gc,phases   ] GC(429)   Other: 0.0ms
[2026-04-19T22:10:50.815+0100][35.058s][info][gc,heap     ] GC(429) Eden regions: 112->0(112)
[2026-04-19T22:10:50.815+0100][35.058s][info][gc,heap     ] GC(429) Survivor regions: 1->1(15)
[2026-04-19T22:10:50.815+0100][35.058s][info][gc,heap     ] GC(429) Old regions: 6->6
[2026-04-19T22:10:50.815+0100][35.058s][info][gc,heap     ] GC(429) Humongous regions: 0->0
[2026-04-19T22:10:50.815+0100][35.058s][info][gc,metaspace] GC(429) Metaspace: 247K(448K)->247K(448K) NonClass: 235K(320K)->235K(320K) Class: 12K(128K)->12K(128K)
[2026-04-19T22:10:50.815+0100][35.058s][info][gc          ] GC(429) Pause Young (Normal) (G1 Evacuation Pause) 117M->5M(189M) 0.649ms
[2026-04-19T22:10:50.815+0100][35.058s][info][gc,cpu      ] GC(429) User=0.00s Sys=0.00s Real=0.00s
[2026-04-19T22:10:50.837+0100][35.080s][info][gc,heap,exit] Heap
[2026-04-19T22:10:50.837+0100][35.080s][info][gc,heap,exit]  garbage-first heap   total 193536K, used 28284K [0x0000000780000000, 0x0000000800000000)
[2026-04-19T22:10:50.837+0100][35.080s][info][gc,heap,exit]   region size 1024K, 24 young (24576K), 1 survivors (1024K)
[2026-04-19T22:10:50.837+0100][35.080s][info][gc,heap,exit]  Metaspace       used 328K, committed 576K, reserved 1114112K
[2026-04-19T22:10:50.837+0100][35.080s][info][gc,heap,exit]   class space    used 19K, committed 128K, reserved 1048576K
